{'loss': 1.4264, 'grad_norm': 22.293371200561523, 'learning_rate': 0.0001, 'epoch': 0.06}
{'loss': 0.5198, 'grad_norm': 7.002314567565918, 'learning_rate': 0.0001, 'epoch': 0.11}
{'loss': 0.2708, 'grad_norm': 4.404250621795654, 'learning_rate': 0.0001, 'epoch': 0.17}
{'loss': 0.1671, 'grad_norm': 3.661165952682495, 'learning_rate': 0.0001, 'epoch': 0.22}
{'loss': 0.1152, 'grad_norm': 1.7776366472244263, 'learning_rate': 0.0001, 'epoch': 0.28}
{'loss': 0.1175, 'grad_norm': 1.5391764640808105, 'learning_rate': 0.0001, 'epoch': 0.33}
{'loss': 0.0997, 'grad_norm': 1.1560474634170532, 'learning_rate': 0.0001, 'epoch': 0.39}
{'loss': 0.0864, 'grad_norm': 0.8737351894378662, 'learning_rate': 0.0001, 'epoch': 0.44}
{'loss': 0.0745, 'grad_norm': 0.6960577964782715, 'learning_rate': 0.0001, 'epoch': 0.5}
{'loss': 0.0931, 'grad_norm': 1.116416096687317, 'learning_rate': 0.0001, 'epoch': 0.56}
{'loss': 0.0806, 'grad_norm': 1.269473671913147, 'learning_rate': 0.0001, 'epoch': 0.61}
{'loss': 0.0708, 'grad_norm': 1.078603982925415, 'learning_rate': 0.0001, 'epoch': 0.67}
{'loss': 0.071, 'grad_norm': 0.9924242496490479, 'learning_rate': 0.0001, 'epoch': 0.72}
{'loss': 0.0496, 'grad_norm': 0.7044957876205444, 'learning_rate': 0.0001, 'epoch': 0.78}
{'loss': 0.0486, 'grad_norm': 0.7171143293380737, 'learning_rate': 0.0001, 'epoch': 0.83}
{'loss': 0.0483, 'grad_norm': 0.8601878881454468, 'learning_rate': 0.0001, 'epoch': 0.89}
{'loss': 0.0407, 'grad_norm': 0.5738061666488647, 'learning_rate': 0.0001, 'epoch': 0.94}
{'loss': 0.0346, 'grad_norm': 0.7301405072212219, 'learning_rate': 0.0001, 'epoch': 1.0}
{'loss': 0.0459, 'grad_norm': 0.9226248860359192, 'learning_rate': 0.0001, 'epoch': 1.06}
{'loss': 0.0359, 'grad_norm': 0.4954492449760437, 'learning_rate': 0.0001, 'epoch': 1.11}
{'loss': 0.04, 'grad_norm': 0.6359090209007263, 'learning_rate': 0.0001, 'epoch': 1.17}
{'loss': 0.0284, 'grad_norm': 0.3001325726509094, 'learning_rate': 0.0001, 'epoch': 1.22}
{'loss': 0.0345, 'grad_norm': 0.5732619762420654, 'learning_rate': 0.0001, 'epoch': 1.28}
{'loss': 0.0581, 'grad_norm': 1.2671006917953491, 'learning_rate': 0.0001, 'epoch': 1.33}
{'loss': 0.0634, 'grad_norm': 1.0911190509796143, 'learning_rate': 0.0001, 'epoch': 1.39}
{'loss': 0.0281, 'grad_norm': 0.31502532958984375, 'learning_rate': 0.0001, 'epoch': 1.44}
{'loss': 0.027, 'grad_norm': 0.20681416988372803, 'learning_rate': 0.0001, 'epoch': 1.5}
{'loss': 0.0337, 'grad_norm': 0.6319265365600586, 'learning_rate': 0.0001, 'epoch': 1.56}
{'loss': 0.0371, 'grad_norm': 0.3974986970424652, 'learning_rate': 0.0001, 'epoch': 1.61}
{'loss': 0.0411, 'grad_norm': 0.46579813957214355, 'learning_rate': 0.0001, 'epoch': 1.67}
{'loss': 0.033, 'grad_norm': 0.2620396316051483, 'learning_rate': 0.0001, 'epoch': 1.72}
{'loss': 0.0313, 'grad_norm': 0.3902250826358795, 'learning_rate': 0.0001, 'epoch': 1.78}
{'loss': 0.0285, 'grad_norm': 0.26276278495788574, 'learning_rate': 0.0001, 'epoch': 1.83}
{'loss': 0.0264, 'grad_norm': 0.19938887655735016, 'learning_rate': 0.0001, 'epoch': 1.89}
{'loss': 0.0322, 'grad_norm': 0.28478747606277466, 'learning_rate': 0.0001, 'epoch': 1.94}
{'loss': 0.0269, 'grad_norm': 0.30474913120269775, 'learning_rate': 0.0001, 'epoch': 2.0}
{'loss': 0.034, 'grad_norm': 0.41179680824279785, 'learning_rate': 0.0001, 'epoch': 2.06}
{'loss': 0.0241, 'grad_norm': 0.546334445476532, 'learning_rate': 0.0001, 'epoch': 2.11}
{'loss': 0.0233, 'grad_norm': 0.46524912118911743, 'learning_rate': 0.0001, 'epoch': 2.17}
{'loss': 0.0208, 'grad_norm': 0.33890500664711, 'learning_rate': 0.0001, 'epoch': 2.22}
{'loss': 0.044, 'grad_norm': 0.803115963935852, 'learning_rate': 0.0001, 'epoch': 2.28}
{'loss': 0.0287, 'grad_norm': 1.1960264444351196, 'learning_rate': 0.0001, 'epoch': 2.33}
{'loss': 0.0298, 'grad_norm': 0.5190343260765076, 'learning_rate': 0.0001, 'epoch': 2.39}
{'loss': 0.0278, 'grad_norm': 0.3793269097805023, 'learning_rate': 0.0001, 'epoch': 2.44}
{'loss': 0.0237, 'grad_norm': 0.2473651021718979, 'learning_rate': 0.0001, 'epoch': 2.5}
{'loss': 0.0257, 'grad_norm': 0.29619044065475464, 'learning_rate': 0.0001, 'epoch': 2.56}
{'loss': 0.0259, 'grad_norm': 0.2552650570869446, 'learning_rate': 0.0001, 'epoch': 2.61}
{'loss': 0.0264, 'grad_norm': 0.22936011850833893, 'learning_rate': 0.0001, 'epoch': 2.67}
{'loss': 0.0268, 'grad_norm': 0.25412505865097046, 'learning_rate': 0.0001, 'epoch': 2.72}
{'loss': 0.0218, 'grad_norm': 0.20084412395954132, 'learning_rate': 0.0001, 'epoch': 2.78}
{'loss': 0.0238, 'grad_norm': 0.35223227739334106, 'learning_rate': 0.0001, 'epoch': 2.83}
{'loss': 0.0167, 'grad_norm': 0.2915993332862854, 'learning_rate': 0.0001, 'epoch': 2.89}
{'loss': 0.0185, 'grad_norm': 0.29738926887512207, 'learning_rate': 0.0001, 'epoch': 2.94}
{'loss': 0.0201, 'grad_norm': 0.7416784167289734, 'learning_rate': 0.0001, 'epoch': 3.0}
{'loss': 0.0467, 'grad_norm': 1.2949702739715576, 'learning_rate': 0.0001, 'epoch': 3.06}
{'loss': 0.0092, 'grad_norm': 0.2026071846485138, 'learning_rate': 0.0001, 'epoch': 3.11}
{'loss': 0.0142, 'grad_norm': 0.3009251654148102, 'learning_rate': 0.0001, 'epoch': 3.17}
{'loss': 0.0211, 'grad_norm': 0.6860912442207336, 'learning_rate': 0.0001, 'epoch': 3.22}
{'loss': 0.0474, 'grad_norm': 1.2433019876480103, 'learning_rate': 0.0001, 'epoch': 3.28}
{'loss': 0.0197, 'grad_norm': 0.22366635501384735, 'learning_rate': 0.0001, 'epoch': 3.33}
{'loss': 0.031, 'grad_norm': 0.4889013171195984, 'learning_rate': 0.0001, 'epoch': 3.39}
{'loss': 0.0205, 'grad_norm': 0.19125299155712128, 'learning_rate': 0.0001, 'epoch': 3.44}
{'loss': 0.0192, 'grad_norm': 0.191849485039711, 'learning_rate': 0.0001, 'epoch': 3.5}
{'loss': 0.0247, 'grad_norm': 0.4588623344898224, 'learning_rate': 0.0001, 'epoch': 3.56}
{'loss': 0.0341, 'grad_norm': 0.62472003698349, 'learning_rate': 0.0001, 'epoch': 3.61}
{'loss': 0.0248, 'grad_norm': 0.21479317545890808, 'learning_rate': 0.0001, 'epoch': 3.67}
{'loss': 0.0251, 'grad_norm': 0.24546858668327332, 'learning_rate': 0.0001, 'epoch': 3.72}
{'loss': 0.0205, 'grad_norm': 0.1297973245382309, 'learning_rate': 0.0001, 'epoch': 3.78}
{'loss': 0.018, 'grad_norm': 0.1300903856754303, 'learning_rate': 0.0001, 'epoch': 3.83}
{'loss': 0.0189, 'grad_norm': 0.2166760265827179, 'learning_rate': 0.0001, 'epoch': 3.89}
{'loss': 0.0257, 'grad_norm': 0.3786585032939911, 'learning_rate': 0.0001, 'epoch': 3.94}
{'loss': 0.019, 'grad_norm': 0.25016385316848755, 'learning_rate': 0.0001, 'epoch': 4.0}
{'train_runtime': 690.7609, 'train_samples_per_second': 0.834, 'train_steps_per_second': 0.104, 'train_loss': 0.06900569502936883, 'epoch': 4.0}
{
  "adapter_files": {
    "README.md": {
      "bytes": 5380,
      "sha256": "b9264f0629a47970c39d6f80142bbaf6e5cb5ddb4e4e372105f879493d562b8a"
    },
    "adapter_config.json": {
      "bytes": 1297,
      "sha256": "1f6261cd6cd7c49bd98d24106b463e124355c9d2284cdc54187cb80850889021"
    },
    "adapter_model.safetensors": {
      "bytes": 83945296,
      "sha256": "239653ad13eb02d5eae9829074770e69ad1d5de8d061fe676444747873bd4fc6"
    }
  },
  "arm": "COMPOSE_IDENTIFYING_BASIS",
  "base_snapshot_manifest_sha256": "0d429d3f6e0fa276fa7bb24c3566ed7ce3856c22230bb58936527f1f15f2bc6d",
  "candidate_manifest_sha256": "b03b0eca0ecf39554491e787e64a5fae0102bcff7700c81630f66c3005bc1ca1",
  "contract_sha256": "a2136043b8fdefb9acf9100bb341458e823324216c384ffd91c4e75b8aefe58f",
  "determinism": {
    "cublas_workspace_config": ":4096:8",
    "cudnn_benchmark": false,
    "cudnn_deterministic": true,
    "deterministic_algorithms": true,
    "deterministic_debug_mode": 2,
    "matmul_allow_tf32": false,
    "numpy_seed": 2026082903,
    "seed": 2026082903
  },
  "expected_global_step": 72,
  "final_trainable_parameters": 20971520,
  "final_trainable_sha256": "fc8aab8e81a62da968f46d82d48e9ef6448a12dc582824d2c0dcb78c4081e6bb",
  "global_step": 72,
  "host_lock_sha256": "672f4884946d61a5175bcf6cd2f7d8d7f78d553427bcf73a0cc16f86ecd8155e",
  "initial_trainable_parameters": 20971520,
  "initial_trainable_sha256": "0b25c0aee74c8474a1cee42d8aa87fd05be6f5aac595fc274cdf7ebdc8a76c50",
  "input_lock_sha256": "f4cbcb189a23e41d169795f0e6e64f8eec79ea6eeef22a6d509ae01b5d6f5b6d",
  "log_history": [
    {
      "epoch": 0.05555555555555555,
      "grad_norm": 22.293371200561523,
      "learning_rate": 0.0001,
      "loss": 1.4264,
      "step": 1
    },
    {
      "epoch": 0.1111111111111111,
      "grad_norm": 7.002314567565918,
      "learning_rate": 0.0001,
      "loss": 0.5198,
      "step": 2
    },
    {
      "epoch": 0.16666666666666666,
      "grad_norm": 4.404250621795654,
      "learning_rate": 0.0001,
      "loss": 0.2708,
      "step": 3
    },
    {
      "epoch": 0.2222222222222222,
      "grad_norm": 3.661165952682495,
      "learning_rate": 0.0001,
      "loss": 0.1671,
      "step": 4
    },
    {
      "epoch": 0.2777777777777778,
      "grad_norm": 1.7776366472244263,
      "learning_rate": 0.0001,
      "loss": 0.1152,
      "step": 5
    },
    {
      "epoch": 0.3333333333333333,
      "grad_norm": 1.5391764640808105,
      "learning_rate": 0.0001,
      "loss": 0.1175,
      "step": 6
    },
    {
      "epoch": 0.3888888888888889,
      "grad_norm": 1.1560474634170532,
      "learning_rate": 0.0001,
      "loss": 0.0997,
      "step": 7
    },
    {
      "epoch": 0.4444444444444444,
      "grad_norm": 0.8737351894378662,
      "learning_rate": 0.0001,
      "loss": 0.0864,
      "step": 8
    },
    {
      "epoch": 0.5,
      "grad_norm": 0.6960577964782715,
      "learning_rate": 0.0001,
      "loss": 0.0745,
      "step": 9
    },
    {
      "epoch": 0.5555555555555556,
      "grad_norm": 1.116416096687317,
      "learning_rate": 0.0001,
      "loss": 0.0931,
      "step": 10
    },
    {
      "epoch": 0.6111111111111112,
      "grad_norm": 1.269473671913147,
      "learning_rate": 0.0001,
      "loss": 0.0806,
      "step": 11
    },
    {
      "epoch": 0.6666666666666666,
      "grad_norm": 1.078603982925415,
      "learning_rate": 0.0001,
      "loss": 0.0708,
      "step": 12
    },
    {
      "epoch": 0.7222222222222222,
      "grad_norm": 0.9924242496490479,
      "learning_rate": 0.0001,
      "loss": 0.071,
      "step": 13
    },
    {
      "epoch": 0.7777777777777778,
      "grad_norm": 0.7044957876205444,
      "learning_rate": 0.0001,
      "loss": 0.0496,
      "step": 14
    },
    {
      "epoch": 0.8333333333333334,
      "grad_norm": 0.7171143293380737,
      "learning_rate": 0.0001,
      "loss": 0.0486,
      "step": 15
    },
    {
      "epoch": 0.8888888888888888,
      "grad_norm": 0.8601878881454468,
      "learning_rate": 0.0001,
      "loss": 0.0483,
      "step": 16
    },
    {
      "epoch": 0.9444444444444444,
      "grad_norm": 0.5738061666488647,
      "learning_rate": 0.0001,
      "loss": 0.0407,
      "step": 17
    },
    {
      "epoch": 1.0,
      "grad_norm": 0.7301405072212219,
      "learning_rate": 0.0001,
      "loss": 0.0346,
      "step": 18
    },
    {
      "epoch": 1.0555555555555556,
      "grad_norm": 0.9226248860359192,
      "learning_rate": 0.0001,
      "loss": 0.0459,
      "step": 19
    },
    {
      "epoch": 1.1111111111111112,
      "grad_norm": 0.4954492449760437,
      "learning_rate": 0.0001,
      "loss": 0.0359,
      "step": 20
    },
    {
      "epoch": 1.1666666666666667,
      "grad_norm": 0.6359090209007263,
      "learning_rate": 0.0001,
      "loss": 0.04,
      "step": 21
    },
    {
      "epoch": 1.2222222222222223,
      "grad_norm": 0.3001325726509094,
      "learning_rate": 0.0001,
      "loss": 0.0284,
      "step": 22
    },
    {
      "epoch": 1.2777777777777777,
      "grad_norm": 0.5732619762420654,
      "learning_rate": 0.0001,
      "loss": 0.0345,
      "step": 23
    },
    {
      "epoch": 1.3333333333333333,
      "grad_norm": 1.2671006917953491,
      "learning_rate": 0.0001,
      "loss": 0.0581,
      "step": 24
    },
    {
      "epoch": 1.3888888888888888,
      "grad_norm": 1.0911190509796143,
      "learning_rate": 0.0001,
      "loss": 0.0634,
      "step": 25
    },
    {
      "epoch": 1.4444444444444444,
      "grad_norm": 0.31502532958984375,
      "learning_rate": 0.0001,
      "loss": 0.0281,
      "step": 26
    },
    {
      "epoch": 1.5,
      "grad_norm": 0.20681416988372803,
      "learning_rate": 0.0001,
      "loss": 0.027,
      "step": 27
    },
    {
      "epoch": 1.5555555555555556,
      "grad_norm": 0.6319265365600586,
      "learning_rate": 0.0001,
      "loss": 0.0337,
      "step": 28
    },
    {
      "epoch": 1.6111111111111112,
      "grad_norm": 0.3974986970424652,
      "learning_rate": 0.0001,
      "loss": 0.0371,
      "step": 29
    },
    {
      "epoch": 1.6666666666666665,
      "grad_norm": 0.46579813957214355,
      "learning_rate": 0.0001,
      "loss": 0.0411,
      "step": 30
    },
    {
      "epoch": 1.7222222222222223,
      "grad_norm": 0.2620396316051483,
      "learning_rate": 0.0001,
      "loss": 0.033,
      "step": 31
    },
    {
      "epoch": 1.7777777777777777,
      "grad_norm": 0.3902250826358795,
      "learning_rate": 0.0001,
      "loss": 0.0313,
      "step": 32
    },
    {
      "epoch": 1.8333333333333335,
      "grad_norm": 0.26276278495788574,
      "learning_rate": 0.0001,
      "loss": 0.0285,
      "step": 33
    },
    {
      "epoch": 1.8888888888888888,
      "grad_norm": 0.19938887655735016,
      "learning_rate": 0.0001,
      "loss": 0.0264,
      "step": 34
    },
    {
      "epoch": 1.9444444444444444,
      "grad_norm": 0.28478747606277466,
      "learning_rate": 0.0001,
      "loss": 0.0322,
      "step": 35
    },
    {
      "epoch": 2.0,
      "grad_norm": 0.30474913120269775,
      "learning_rate": 0.0001,
      "loss": 0.0269,
      "step": 36
    },
    {
      "epoch": 2.0555555555555554,
      "grad_norm": 0.41179680824279785,
      "learning_rate": 0.0001,
      "loss": 0.034,
      "step": 37
    },
    {
      "epoch": 2.111111111111111,
      "grad_norm": 0.546334445476532,
      "learning_rate": 0.0001,
      "loss": 0.0241,
      "step": 38
    },
    {
      "epoch": 2.1666666666666665,
      "grad_norm": 0.46524912118911743,
      "learning_rate": 0.0001,
      "loss": 0.0233,
      "step": 39
    },
    {
      "epoch": 2.2222222222222223,
      "grad_norm": 0.33890500664711,
      "learning_rate": 0.0001,
      "loss": 0.0208,
      "step": 40
    },
    {
      "epoch": 2.2777777777777777,
      "grad_norm": 0.803115963935852,
      "learning_rate": 0.0001,
      "loss": 0.044,
      "step": 41
    },
    {
      "epoch": 2.3333333333333335,
      "grad_norm": 1.1960264444351196,
      "learning_rate": 0.0001,
      "loss": 0.0287,
      "step": 42
    },
    {
      "epoch": 2.388888888888889,
      "grad_norm": 0.5190343260765076,
      "learning_rate": 0.0001,
      "loss": 0.0298,
      "step": 43
    },
    {
      "epoch": 2.4444444444444446,
      "grad_norm": 0.3793269097805023,
      "learning_rate": 0.0001,
      "loss": 0.0278,
      "step": 44
    },
    {
      "epoch": 2.5,
      "grad_norm": 0.2473651021718979,
      "learning_rate": 0.0001,
      "loss": 0.0237,
      "step": 45
    },
    {
      "epoch": 2.5555555555555554,
      "grad_norm": 0.29619044065475464,
      "learning_rate": 0.0001,
      "loss": 0.0257,
      "step": 46
    },
    {
      "epoch": 2.611111111111111,
      "grad_norm": 0.2552650570869446,
      "learning_rate": 0.0001,
      "loss": 0.0259,
      "step": 47
    },
    {
      "epoch": 2.6666666666666665,
      "grad_norm": 0.22936011850833893,
      "learning_rate": 0.0001,
      "loss": 0.0264,
      "step": 48
    },
    {
      "epoch": 2.7222222222222223,
      "grad_norm": 0.25412505865097046,
      "learning_rate": 0.0001,
      "loss": 0.0268,
      "step": 49
    },
    {
      "epoch": 2.7777777777777777,
      "grad_norm": 0.20084412395954132,
      "learning_rate": 0.0001,
      "loss": 0.0218,
      "step": 50
    },
    {
      "epoch": 2.8333333333333335,
      "grad_norm": 0.35223227739334106,
      "learning_rate": 0.0001,
      "loss": 0.0238,
      "step": 51
    },
    {
      "epoch": 2.888888888888889,
      "grad_norm": 0.2915993332862854,
      "learning_rate": 0.0001,
      "loss": 0.0167,
      "step": 52
    },
    {
      "epoch": 2.9444444444444446,
      "grad_norm": 0.29738926887512207,
      "learning_rate": 0.0001,
      "loss": 0.0185,
      "step": 53
    },
    {
      "epoch": 3.0,
      "grad_norm": 0.7416784167289734,
      "learning_rate": 0.0001,
      "loss": 0.0201,
      "step": 54
    },
    {
      "epoch": 3.0555555555555554,
      "grad_norm": 1.2949702739715576,
      "learning_rate": 0.0001,
      "loss": 0.0467,
      "step": 55
    },
    {
      "epoch": 3.111111111111111,
      "grad_norm": 0.2026071846485138,
      "learning_rate": 0.0001,
      "loss": 0.0092,
      "step": 56
    },
    {
      "epoch": 3.1666666666666665,
      "grad_norm": 0.3009251654148102,
      "learning_rate": 0.0001,
      "loss": 0.0142,
      "step": 57
    },
    {
      "epoch": 3.2222222222222223,
      "grad_norm": 0.6860912442207336,
      "learning_rate": 0.0001,
      "loss": 0.0211,
      "step": 58
    },
    {
      "epoch": 3.2777777777777777,
      "grad_norm": 1.2433019876480103,
      "learning_rate": 0.0001,
      "loss": 0.0474,
      "step": 59
    },
    {
      "epoch": 3.3333333333333335,
      "grad_norm": 0.22366635501384735,
      "learning_rate": 0.0001,
      "loss": 0.0197,
      "step": 60
    },
    {
      "epoch": 3.388888888888889,
      "grad_norm": 0.4889013171195984,
      "learning_rate": 0.0001,
      "loss": 0.031,
      "step": 61
    },
    {
      "epoch": 3.4444444444444446,
      "grad_norm": 0.19125299155712128,
      "learning_rate": 0.0001,
      "loss": 0.0205,
      "step": 62
    },
    {
      "epoch": 3.5,
      "grad_norm": 0.191849485039711,
      "learning_rate": 0.0001,
      "loss": 0.0192,
      "step": 63
    },
    {
      "epoch": 3.5555555555555554,
      "grad_norm": 0.4588623344898224,
      "learning_rate": 0.0001,
      "loss": 0.0247,
      "step": 64
    },
    {
      "epoch": 3.611111111111111,
      "grad_norm": 0.62472003698349,
      "learning_rate": 0.0001,
      "loss": 0.0341,
      "step": 65
    },
    {
      "epoch": 3.6666666666666665,
      "grad_norm": 0.21479317545890808,
      "learning_rate": 0.0001,
      "loss": 0.0248,
      "step": 66
    },
    {
      "epoch": 3.7222222222222223,
      "grad_norm": 0.24546858668327332,
      "learning_rate": 0.0001,
      "loss": 0.0251,
      "step": 67
    },
    {
      "epoch": 3.7777777777777777,
      "grad_norm": 0.1297973245382309,
      "learning_rate": 0.0001,
      "loss": 0.0205,
      "step": 68
    },
    {
      "epoch": 3.8333333333333335,
      "grad_norm": 0.1300903856754303,
      "learning_rate": 0.0001,
      "loss": 0.018,
      "step": 69
    },
    {
      "epoch": 3.888888888888889,
      "grad_norm": 0.2166760265827179,
      "learning_rate": 0.0001,
      "loss": 0.0189,
      "step": 70
    },
    {
      "epoch": 3.9444444444444446,
      "grad_norm": 0.3786585032939911,
      "learning_rate": 0.0001,
      "loss": 0.0257,
      "step": 71
    },
    {
      "epoch": 4.0,
      "grad_norm": 0.25016385316848755,
      "learning_rate": 0.0001,
      "loss": 0.019,
      "step": 72
    },
    {
      "epoch": 4.0,
      "step": 72,
      "total_flos": 5340171888230400.0,
      "train_loss": 0.06900569502936883,
      "train_runtime": 690.7609,
      "train_samples_per_second": 0.834,
      "train_steps_per_second": 0.104
    }
  ],
  "logical_schedule": [
    [
      "P",
      9
    ],
    [
      "Q",
      5
    ],
    [
      "P",
      37
    ],
    [
      "Q",
      7
    ],
    [
      "P",
      38
    ],
    [
      "P",
      18
    ],
    [
      "Q",
      8
    ],
    [
      "Q",
      3
    ],
    [
      "Q",
      47
    ],
    [
      "Q",
      30
    ],
    [
      "Q",
      22
    ],
    [
      "Q",
      54
    ],
    [
      "P",
      23
    ],
    [
      "P",
      28
    ],
    [
      "P",
      55
    ],
    [
      "P",
      69
    ],
    [
      "P",
      19
    ],
    [
      "Q",
      44
    ],
    [
      "Q",
      64
    ],
    [
      "P",
      29
    ],
    [
      "P",
      13
    ],
    [
      "P",
      47
    ],
    [
      "Q",
      15
    ],
    [
      "Q",
      28
    ],
    [
      "Q",
      71
    ],
    [
      "Q",
      45
    ],
    [
      "P",
      67
    ],
    [
      "Q",
      9
    ],
    [
      "P",
      25
    ],
    [
      "P",
      36
    ],
    [
      "Q",
      19
    ],
    [
      "P",
      68
    ],
    [
      "P",
      70
    ],
    [
      "P",
      0
    ],
    [
      "Q",
      55
    ],
    [
      "P",
      71
    ],
    [
      "Q",
      18
    ],
    [
      "Q",
      67
    ],
    [
      "Q",
      0
    ],
    [
      "P",
      8
    ],
    [
      "Q",
      24
    ],
    [
      "Q",
      43
    ],
    [
      "P",
      10
    ],
    [
      "Q",
      38
    ],
    [
      "P",
      32
    ],
    [
      "P",
      53
    ],
    [
      "P",
      52
    ],
    [
      "Q",
      57
    ],
    [
      "P",
      65
    ],
    [
      "Q",
      70
    ],
    [
      "Q",
      37
    ],
    [
      "Q",
      52
    ],
    [
      "P",
      39
    ],
    [
      "P",
      56
    ],
    [
      "P",
      6
    ],
    [
      "Q",
      20
    ],
    [
      "P",
      11
    ],
    [
      "Q",
      31
    ],
    [
      "Q",
      13
    ],
    [
      "P",
      42
    ],
    [
      "Q",
      51
    ],
    [
      "P",
      3
    ],
    [
      "P",
      17
    ],
    [
      "Q",
      68
    ],
    [
      "Q",
      36
    ],
    [
      "P",
      50
    ],
    [
      "Q",
      6
    ],
    [
      "P",
      34
    ],
    [
      "P",
      46
    ],
    [
      "P",
      5
    ],
    [
      "Q",
      62
    ],
    [
      "Q",
      60
    ],
    [
      "Q",
      14
    ],
    [
      "P",
      58
    ],
    [
      "P",
      16
    ],
    [
      "Q",
      1
    ],
    [
      "P",
      57
    ],
    [
      "Q",
      33
    ],
    [
      "P",
      45
    ],
    [
      "Q",
      56
    ],
    [
      "P",
      21
    ],
    [
      "P",
      60
    ],
    [
      "Q",
      27
    ],
    [
      "P",
      62
    ],
    [
      "Q",
      29
    ],
    [
      "P",
      48
    ],
    [
      "Q",
      25
    ],
    [
      "Q",
      66
    ],
    [
      "P",
      40
    ],
    [
      "Q",
      2
    ],
    [
      "P",
      33
    ],
    [
      "Q",
      39
    ],
    [
      "Q",
      23
    ],
    [
      "P",
      63
    ],
    [
      "P",
      35
    ],
    [
      "Q",
      69
    ],
    [
      "Q",
      16
    ],
    [
      "Q",
      26
    ],
    [
      "P",
      44
    ],
    [
      "P",
      30
    ],
    [
      "Q",
      12
    ],
    [
      "Q",
      10
    ],
    [
      "P",
      41
    ],
    [
      "P",
      31
    ],
    [
      "Q",
      59
    ],
    [
      "P",
      12
    ],
    [
      "P",
      2
    ],
    [
      "Q",
      49
    ],
    [
      "P",
      49
    ],
    [
      "P",
      4
    ],
    [
      "Q",
      58
    ],
    [
      "Q",
      42
    ],
    [
      "P",
      66
    ],
    [
      "Q",
      50
    ],
    [
      "P",
      14
    ],
    [
      "P",
      15
    ],
    [
      "Q",
      32
    ],
    [
      "Q",
      4
    ],
    [
      "Q",
      46
    ],
    [
      "P",
      1
    ],
    [
      "Q",
      65
    ],
    [
      "P",
      24
    ],
    [
      "Q",
      17
    ],
    [
      "Q",
      11
    ],
    [
      "P",
      22
    ],
    [
      "Q",
      21
    ],
    [
      "P",
      54
    ],
    [
      "P",
      59
    ],
    [
      "P",
      61
    ],
    [
      "P",
      51
    ],
    [
      "Q",
      34
    ],
    [
      "Q",
      48
    ],
    [
      "Q",
      41
    ],
    [
      "Q",
      61
    ],
    [
      "P",
      20
    ],
    [
      "P",
      27
    ],
    [
      "Q",
      40
    ],
    [
      "Q",
      63
    ],
    [
      "P",
      26
    ],
    [
      "Q",
      35
    ],
    [
      "P",
      64
    ],
    [
      "P",
      43
    ],
    [
      "Q",
      53
    ],
    [
      "P",
      7
    ]
  ],
  "logical_schedule_sha256": "b735196c9bc1028fb338aecda757dc34e869ed5ef095fe756628e51fc3bcfc12",
  "peak_allocated_bytes": 5403326464,
  "peak_reserved_bytes": 5565841408,
  "policy_dataset": "POLICY_Z_SHARED",
  "policy_token_reference_sha256": "f8c770be1ea66b712a451b0311c11f8f2e02e84e529920362c70ecde2023387f",
  "predicate_dataset": "PREDICATE_IDENTIFYING_V12",
  "predicate_token_reference_sha256": "48e57594b7e90031d7c46838270bc247e5ea9bf6b8c88afc9b6a73b491b383d7",
  "profile": {
    "alpha": 16,
    "dropout": 0.0,
    "name": "all_linear_r8",
    "priority": 0,
    "r": 8,
    "targets": [
      "q_proj",
      "k_proj",
      "v_proj",
      "o_proj",
      "gate_proj",
      "up_proj",
      "down_proj"
    ]
  },
  "profile_lock_sha256": "0f1c2a751eda72348dab8d7f037e86e03c8ce911189c29628ebbcc3a6067956e",
  "schema": "cfe.v12.factor-primitive-train-run.v1",
  "seed": 2026082903,
  "status": "TRAINING_EXECUTED__SCIENTIFIC_EFFECT_UNQUALIFIED",
  "train_result": {
    "epoch": 4.0,
    "total_flos": 5340171888230400.0,
    "train_loss": 0.06900569502936883,
    "train_runtime": 690.7609,
    "train_samples_per_second": 0.834,
    "train_steps_per_second": 0.104
  },
  "train_runtime_seconds": 691.0024888515472
}
