W0831 01:09:00.401000 33712 Lib\site-packages\torch\utils\flop_counter.py:29] triton not found; flop counting will not work for triton kernels

Loading checkpoint shards:   0%|          | 0/3 [00:00<?, ?it/s]
Loading checkpoint shards:  33%|███▎      | 1/3 [00:03<00:07,  3.73s/it]
Loading checkpoint shards:  67%|██████▋   | 2/3 [00:07<00:03,  3.84s/it]
Loading checkpoint shards: 100%|██████████| 3/3 [00:11<00:00,  3.69s/it]
Loading checkpoint shards: 100%|██████████| 3/3 [00:11<00:00,  3.72s/it]

  0%|          | 0/72 [00:00<?, ?it/s]
  1%|▏         | 1/72 [00:10<12:38, 10.68s/it]
                                              

  1%|▏         | 1/72 [00:10<12:38, 10.68s/it]
  3%|▎         | 2/72 [00:20<12:01, 10.31s/it]
                                              

  3%|▎         | 2/72 [00:20<12:01, 10.31s/it]
  4%|▍         | 3/72 [00:30<11:40, 10.16s/it]
                                              

  4%|▍         | 3/72 [00:30<11:40, 10.16s/it]
  6%|▌         | 4/72 [00:40<11:28, 10.13s/it]
                                              

  6%|▌         | 4/72 [00:40<11:28, 10.13s/it]
  7%|▋         | 5/72 [00:50<11:16, 10.09s/it]
                                              

  7%|▋         | 5/72 [00:50<11:16, 10.09s/it]
  8%|▊         | 6/72 [01:00<11:05, 10.08s/it]
                                              

  8%|▊         | 6/72 [01:00<11:05, 10.08s/it]
 10%|▉         | 7/72 [01:10<10:56, 10.09s/it]
                                              

 10%|▉         | 7/72 [01:10<10:56, 10.09s/it]
 11%|█         | 8/72 [01:21<10:45, 10.09s/it]
                                              

 11%|█         | 8/72 [01:21<10:45, 10.09s/it]
 12%|█▎        | 9/72 [01:31<10:33, 10.06s/it]
                                              

 12%|█▎        | 9/72 [01:31<10:33, 10.06s/it]
 14%|█▍        | 10/72 [01:41<10:24, 10.06s/it]
                                               

 14%|█▍        | 10/72 [01:41<10:24, 10.06s/it]
 15%|█▌        | 11/72 [01:51<10:15, 10.08s/it]
                                               

 15%|█▌        | 11/72 [01:51<10:15, 10.08s/it]
 17%|█▋        | 12/72 [02:01<10:03, 10.05s/it]
                                               

 17%|█▋        | 12/72 [02:01<10:03, 10.05s/it]
 18%|█▊        | 13/72 [02:11<09:52, 10.04s/it]
                                               

 18%|█▊        | 13/72 [02:11<09:52, 10.04s/it]
 19%|█▉        | 14/72 [02:21<09:41, 10.03s/it]
                                               

 19%|█▉        | 14/72 [02:21<09:41, 10.03s/it]
 21%|██        | 15/72 [02:31<09:31, 10.03s/it]
                                               

 21%|██        | 15/72 [02:31<09:31, 10.03s/it]
 22%|██▏       | 16/72 [02:41<09:22, 10.04s/it]
                                               

 22%|██▏       | 16/72 [02:41<09:22, 10.04s/it]
 24%|██▎       | 17/72 [02:51<09:11, 10.02s/it]
                                               

 24%|██▎       | 17/72 [02:51<09:11, 10.02s/it]
 25%|██▌       | 18/72 [03:01<09:00, 10.01s/it]
                                               

 25%|██▌       | 18/72 [03:01<09:00, 10.01s/it]
 26%|██▋       | 19/72 [03:11<08:50, 10.00s/it]
                                               

 26%|██▋       | 19/72 [03:11<08:50, 10.00s/it]
 28%|██▊       | 20/72 [03:21<08:40, 10.01s/it]
                                               

 28%|██▊       | 20/72 [03:21<08:40, 10.01s/it]
 29%|██▉       | 21/72 [03:31<08:30, 10.01s/it]
                                               

 29%|██▉       | 21/72 [03:31<08:30, 10.01s/it]
 31%|███       | 22/72 [03:41<08:21, 10.02s/it]
                                               

 31%|███       | 22/72 [03:41<08:21, 10.02s/it]
 32%|███▏      | 23/72 [03:51<08:10, 10.01s/it]
                                               

 32%|███▏      | 23/72 [03:51<08:10, 10.01s/it]
 33%|███▎      | 24/72 [04:01<08:01, 10.03s/it]
                                               

 33%|███▎      | 24/72 [04:01<08:01, 10.03s/it]
 35%|███▍      | 25/72 [04:11<07:52, 10.05s/it]
                                               

 35%|███▍      | 25/72 [04:11<07:52, 10.05s/it]
 36%|███▌      | 26/72 [04:21<07:42, 10.05s/it]
                                               

 36%|███▌      | 26/72 [04:21<07:42, 10.05s/it]
 38%|███▊      | 27/72 [04:31<07:31, 10.04s/it]
                                               

 38%|███▊      | 27/72 [04:31<07:31, 10.04s/it]
 39%|███▉      | 28/72 [04:41<07:22, 10.06s/it]
                                               

 39%|███▉      | 28/72 [04:41<07:22, 10.06s/it]
 40%|████      | 29/72 [04:51<07:13, 10.07s/it]
                                               

 40%|████      | 29/72 [04:51<07:13, 10.07s/it]
 42%|████▏     | 30/72 [05:01<07:02, 10.05s/it]
                                               

 42%|████▏     | 30/72 [05:01<07:02, 10.05s/it]
 43%|████▎     | 31/72 [05:11<06:51, 10.03s/it]
                                               

 43%|████▎     | 31/72 [05:11<06:51, 10.03s/it]
 44%|████▍     | 32/72 [05:21<06:41, 10.03s/it]
                                               

 44%|████▍     | 32/72 [05:21<06:41, 10.03s/it]
 46%|████▌     | 33/72 [05:31<06:31, 10.03s/it]
                                               

 46%|████▌     | 33/72 [05:31<06:31, 10.03s/it]
 47%|████▋     | 34/72 [05:41<06:21, 10.05s/it]
                                               

 47%|████▋     | 34/72 [05:41<06:21, 10.05s/it]
 49%|████▊     | 35/72 [05:51<06:11, 10.03s/it]
                                               

 49%|████▊     | 35/72 [05:51<06:11, 10.03s/it]
 50%|█████     | 36/72 [06:01<05:59, 10.00s/it]
                                               

 50%|█████     | 36/72 [06:01<05:59, 10.00s/it]
 51%|█████▏    | 37/72 [06:11<05:49,  9.98s/it]
                                               

 51%|█████▏    | 37/72 [06:11<05:49,  9.98s/it]
 53%|█████▎    | 38/72 [06:21<05:39,  9.98s/it]
                                               

 53%|█████▎    | 38/72 [06:21<05:39,  9.98s/it]
 54%|█████▍    | 39/72 [06:31<05:28,  9.96s/it]
                                               

 54%|█████▍    | 39/72 [06:31<05:28,  9.96s/it]
 56%|█████▌    | 40/72 [06:41<05:19,  9.98s/it]
                                               

 56%|█████▌    | 40/72 [06:41<05:19,  9.98s/it]
 57%|█████▋    | 41/72 [06:51<05:09,  9.99s/it]
                                               

 57%|█████▋    | 41/72 [06:51<05:09,  9.99s/it]
 58%|█████▊    | 42/72 [07:01<05:00, 10.01s/it]
                                               

 58%|█████▊    | 42/72 [07:01<05:00, 10.01s/it]
 60%|█████▉    | 43/72 [07:11<04:51, 10.04s/it]
                                               

 60%|█████▉    | 43/72 [07:11<04:51, 10.04s/it]
 61%|██████    | 44/72 [07:21<04:41, 10.04s/it]
                                               

 61%|██████    | 44/72 [07:21<04:41, 10.04s/it]
 62%|██████▎   | 45/72 [07:31<04:31, 10.04s/it]
                                               

 62%|██████▎   | 45/72 [07:31<04:31, 10.04s/it]
 64%|██████▍   | 46/72 [07:42<04:21, 10.05s/it]
                                               

 64%|██████▍   | 46/72 [07:42<04:21, 10.05s/it]
 65%|██████▌   | 47/72 [07:52<04:11, 10.07s/it]
                                               

 65%|██████▌   | 47/72 [07:52<04:11, 10.07s/it]
 67%|██████▋   | 48/72 [08:02<04:01, 10.05s/it]
                                               

 67%|██████▋   | 48/72 [08:02<04:01, 10.05s/it]
 68%|██████▊   | 49/72 [08:12<03:50, 10.04s/it]
                                               

 68%|██████▊   | 49/72 [08:12<03:50, 10.04s/it]
 69%|██████▉   | 50/72 [08:22<03:40, 10.02s/it]
                                               

 69%|██████▉   | 50/72 [08:22<03:40, 10.02s/it]
 71%|███████   | 51/72 [08:32<03:30, 10.02s/it]
                                               

 71%|███████   | 51/72 [08:32<03:30, 10.02s/it]
 72%|███████▏  | 52/72 [08:42<03:20, 10.04s/it]
                                               

 72%|███████▏  | 52/72 [08:42<03:20, 10.04s/it]
 74%|███████▎  | 53/72 [08:52<03:10, 10.03s/it]
                                               

 74%|███████▎  | 53/72 [08:52<03:10, 10.03s/it]
 75%|███████▌  | 54/72 [09:02<03:00, 10.02s/it]
                                               

 75%|███████▌  | 54/72 [09:02<03:00, 10.02s/it]
 76%|███████▋  | 55/72 [09:12<02:50, 10.01s/it]
                                               

 76%|███████▋  | 55/72 [09:12<02:50, 10.01s/it]
 78%|███████▊  | 56/72 [09:22<02:40, 10.00s/it]
                                               

 78%|███████▊  | 56/72 [09:22<02:40, 10.00s/it]
 79%|███████▉  | 57/72 [09:32<02:29,  9.98s/it]
                                               

 79%|███████▉  | 57/72 [09:32<02:29,  9.98s/it]
 81%|████████  | 58/72 [09:42<02:19, 10.00s/it]
                                               

 81%|████████  | 58/72 [09:42<02:19, 10.00s/it]
 82%|████████▏ | 59/72 [09:52<02:09, 10.00s/it]
                                               

 82%|████████▏ | 59/72 [09:52<02:09, 10.00s/it]
 83%|████████▎ | 60/72 [10:02<02:00, 10.03s/it]
                                               

 83%|████████▎ | 60/72 [10:02<02:00, 10.03s/it]
 85%|████████▍ | 61/72 [10:12<01:50, 10.06s/it]
                                               

 85%|████████▍ | 61/72 [10:12<01:50, 10.06s/it]
 86%|████████▌ | 62/72 [10:22<01:40, 10.07s/it]
                                               

 86%|████████▌ | 62/72 [10:22<01:40, 10.07s/it]
 88%|████████▊ | 63/72 [10:32<01:30, 10.04s/it]
                                               

 88%|████████▊ | 63/72 [10:32<01:30, 10.04s/it]
 89%|████████▉ | 64/72 [10:42<01:20, 10.05s/it]
                                               

 89%|████████▉ | 64/72 [10:42<01:20, 10.05s/it]
 90%|█████████ | 65/72 [10:52<01:10, 10.07s/it]
                                               

 90%|█████████ | 65/72 [10:52<01:10, 10.07s/it]
 92%|█████████▏| 66/72 [11:02<01:00, 10.06s/it]
                                               

 92%|█████████▏| 66/72 [11:02<01:00, 10.06s/it]
 93%|█████████▎| 67/72 [11:12<00:50, 10.06s/it]
                                               

 93%|█████████▎| 67/72 [11:12<00:50, 10.06s/it]
 94%|█████████▍| 68/72 [11:22<00:40, 10.06s/it]
                                               

 94%|█████████▍| 68/72 [11:22<00:40, 10.06s/it]
 96%|█████████▌| 69/72 [11:32<00:30, 10.05s/it]
                                               

 96%|█████████▌| 69/72 [11:32<00:30, 10.05s/it]
 97%|█████████▋| 70/72 [11:42<00:20, 10.05s/it]
                                               

 97%|█████████▋| 70/72 [11:42<00:20, 10.05s/it]
 99%|█████████▊| 71/72 [11:52<00:10, 10.04s/it]
                                               

 99%|█████████▊| 71/72 [11:52<00:10, 10.04s/it]
100%|██████████| 72/72 [12:02<00:00, 10.01s/it]
                                               

100%|██████████| 72/72 [12:02<00:00, 10.01s/it]
                                               

100%|██████████| 72/72 [12:02<00:00, 10.01s/it]
100%|██████████| 72/72 [12:02<00:00, 10.04s/it]
