
=== ATTEMPT 1 RC 0 ===
W0831 19:02:22.825000 24964 Lib\site-packages\torch\utils\flop_counter.py:29] triton not found; flop counting will not work for triton kernels

Loading checkpoint shards:   0%|          | 0/3 [00:00<?, ?it/s]
Loading checkpoint shards:  33%|███▎      | 1/3 [00:04<00:08,  4.27s/it]
Loading checkpoint shards:  67%|██████▋   | 2/3 [00:08<00:04,  4.41s/it]
Loading checkpoint shards: 100%|██████████| 3/3 [00:12<00:00,  4.25s/it]
Loading checkpoint shards: 100%|██████████| 3/3 [00:12<00:00,  4.28s/it]

  0%|          | 0/144 [00:00<?, ?it/s]
  1%|          | 1/144 [00:10<24:36, 10.32s/it]
                                               

  1%|          | 1/144 [00:10<24:36, 10.32s/it]
  1%|▏         | 2/144 [00:20<24:17, 10.26s/it]
                                               

  1%|▏         | 2/144 [00:20<24:17, 10.26s/it]
  2%|▏         | 3/144 [00:32<25:47, 10.97s/it]
                                               

  2%|▏         | 3/144 [00:32<25:47, 10.97s/it]
  3%|▎         | 4/144 [00:43<25:59, 11.14s/it]
                                               

  3%|▎         | 4/144 [00:43<25:59, 11.14s/it]
  3%|▎         | 5/144 [00:54<25:44, 11.11s/it]
                                               

  3%|▎         | 5/144 [00:54<25:44, 11.11s/it]
  4%|▍         | 6/144 [01:06<25:55, 11.27s/it]
                                               

  4%|▍         | 6/144 [01:06<25:55, 11.27s/it]
  5%|▍         | 7/144 [01:19<27:23, 12.00s/it]
                                               

  5%|▍         | 7/144 [01:19<27:23, 12.00s/it]
  6%|▌         | 8/144 [01:35<29:31, 13.02s/it]
                                               

  6%|▌         | 8/144 [01:35<29:31, 13.02s/it]
  6%|▋         | 9/144 [01:47<29:08, 12.95s/it]
                                               

  6%|▋         | 9/144 [01:47<29:08, 12.95s/it]
  7%|▋         | 10/144 [02:01<29:17, 13.11s/it]
                                                

  7%|▋         | 10/144 [02:01<29:17, 13.11s/it]
  8%|▊         | 11/144 [02:15<29:38, 13.38s/it]
                                                

  8%|▊         | 11/144 [02:15<29:38, 13.38s/it]
  8%|▊         | 12/144 [02:29<30:05, 13.68s/it]
                                                

  8%|▊         | 12/144 [02:29<30:05, 13.68s/it]
  9%|▉         | 13/144 [02:46<31:41, 14.52s/it]
                                                

  9%|▉         | 13/144 [02:46<31:41, 14.52s/it]
 10%|▉         | 14/144 [03:01<32:00, 14.77s/it]
                                                

 10%|▉         | 14/144 [03:01<32:00, 14.77s/it]
 10%|█         | 15/144 [03:17<32:17, 15.02s/it]
                                                

 10%|█         | 15/144 [03:17<32:17, 15.02s/it]
 11%|█         | 16/144 [03:31<31:41, 14.86s/it]
                                                

 11%|█         | 16/144 [03:31<31:41, 14.86s/it]
 12%|█▏        | 17/144 [03:45<30:33, 14.44s/it]
                                                

 12%|█▏        | 17/144 [03:45<30:33, 14.44s/it]
 12%|█▎        | 18/144 [03:59<30:14, 14.40s/it]
                                                

 12%|█▎        | 18/144 [03:59<30:14, 14.40s/it]
 13%|█▎        | 19/144 [04:16<31:28, 15.10s/it]
                                                

 13%|█▎        | 19/144 [04:16<31:28, 15.10s/it]
 14%|█▍        | 20/144 [04:33<32:18, 15.64s/it]
                                                

 14%|█▍        | 20/144 [04:33<32:18, 15.64s/it]
 15%|█▍        | 21/144 [04:48<31:43, 15.47s/it]
                                                

 15%|█▍        | 21/144 [04:48<31:43, 15.47s/it]
 15%|█▌        | 22/144 [05:03<31:32, 15.51s/it]
                                                

 15%|█▌        | 22/144 [05:03<31:32, 15.51s/it]
 16%|█▌        | 23/144 [05:17<30:10, 14.96s/it]
                                                

 16%|█▌        | 23/144 [05:17<30:10, 14.96s/it]
 17%|█▋        | 24/144 [05:31<29:37, 14.81s/it]
                                                

 17%|█▋        | 24/144 [05:31<29:37, 14.81s/it]
 17%|█▋        | 25/144 [05:46<29:11, 14.72s/it]
                                                

 17%|█▋        | 25/144 [05:46<29:11, 14.72s/it]
 18%|█▊        | 26/144 [06:01<29:07, 14.81s/it]
                                                

 18%|█▊        | 26/144 [06:01<29:07, 14.81s/it]
 19%|█▉        | 27/144 [06:16<29:10, 14.96s/it]
                                                

 19%|█▉        | 27/144 [06:16<29:10, 14.96s/it]
 19%|█▉        | 28/144 [06:33<30:03, 15.55s/it]
                                                

 19%|█▉        | 28/144 [06:33<30:03, 15.55s/it]
 20%|██        | 29/144 [06:50<30:32, 15.94s/it]
                                                

 20%|██        | 29/144 [06:50<30:32, 15.94s/it]
 21%|██        | 30/144 [07:01<27:19, 14.38s/it]
                                                

 21%|██        | 30/144 [07:01<27:19, 14.38s/it]
 22%|██▏       | 31/144 [07:14<26:40, 14.16s/it]
                                                

 22%|██▏       | 31/144 [07:14<26:40, 14.16s/it]
 22%|██▏       | 32/144 [07:26<24:50, 13.31s/it]
                                                

 22%|██▏       | 32/144 [07:26<24:50, 13.31s/it]
 23%|██▎       | 33/144 [07:40<25:25, 13.74s/it]
                                                

 23%|██▎       | 33/144 [07:40<25:25, 13.74s/it]
 24%|██▎       | 34/144 [07:53<24:36, 13.43s/it]
                                                

 24%|██▎       | 34/144 [07:53<24:36, 13.43s/it]
 24%|██▍       | 35/144 [08:09<25:47, 14.19s/it]
                                                

 24%|██▍       | 35/144 [08:09<25:47, 14.19s/it]
 25%|██▌       | 36/144 [08:25<26:31, 14.73s/it]
                                                

 25%|██▌       | 36/144 [08:25<26:31, 14.73s/it]
 26%|██▌       | 37/144 [08:38<25:03, 14.05s/it]
                                                

 26%|██▌       | 37/144 [08:38<25:03, 14.05s/it]
 26%|██▋       | 38/144 [08:50<24:12, 13.71s/it]
                                                

 26%|██▋       | 38/144 [08:50<24:12, 13.71s/it]
 27%|██▋       | 39/144 [09:04<23:40, 13.53s/it]
                                                

 27%|██▋       | 39/144 [09:04<23:40, 13.53s/it]
 28%|██▊       | 40/144 [09:16<22:48, 13.16s/it]
                                                

 28%|██▊       | 40/144 [09:16<22:48, 13.16s/it]
 28%|██▊       | 41/144 [09:28<22:16, 12.98s/it]
                                                

 28%|██▊       | 41/144 [09:28<22:16, 12.98s/it]
 29%|██▉       | 42/144 [09:40<21:32, 12.68s/it]
                                                

 29%|██▉       | 42/144 [09:40<21:32, 12.68s/it]
 30%|██▉       | 43/144 [09:53<21:15, 12.63s/it]
                                                

 30%|██▉       | 43/144 [09:53<21:15, 12.63s/it]
 31%|███       | 44/144 [10:06<21:07, 12.68s/it]
                                                

 31%|███       | 44/144 [10:06<21:07, 12.68s/it]
 31%|███▏      | 45/144 [10:20<21:30, 13.04s/it]
                                                

 31%|███▏      | 45/144 [10:20<21:30, 13.04s/it]
 32%|███▏      | 46/144 [10:33<21:18, 13.04s/it]
                                                

 32%|███▏      | 46/144 [10:33<21:18, 13.04s/it]
 33%|███▎      | 47/144 [10:49<22:30, 13.92s/it]
                                                

 33%|███▎      | 47/144 [10:49<22:30, 13.92s/it]
 33%|███▎      | 48/144 [11:03<22:28, 14.05s/it]
                                                

 33%|███▎      | 48/144 [11:03<22:28, 14.05s/it]
 34%|███▍      | 49/144 [11:19<22:57, 14.50s/it]
                                                

 34%|███▍      | 49/144 [11:19<22:57, 14.50s/it]
 35%|███▍      | 50/144 [11:31<21:55, 14.00s/it]
                                                

 35%|███▍      | 50/144 [11:31<21:55, 14.00s/it]
 35%|███▌      | 51/144 [11:46<22:02, 14.23s/it]
                                                

 35%|███▌      | 51/144 [11:46<22:02, 14.23s/it]
 36%|███▌      | 52/144 [11:58<20:42, 13.51s/it]
                                                

 36%|███▌      | 52/144 [11:58<20:42, 13.51s/it]
 37%|███▋      | 53/144 [12:10<20:00, 13.19s/it]
                                                

 37%|███▋      | 53/144 [12:10<20:00, 13.19s/it]
 38%|███▊      | 54/144 [12:22<19:10, 12.78s/it]
                                                

 38%|███▊      | 54/144 [12:22<19:10, 12.78s/it]
 38%|███▊      | 55/144 [12:34<18:43, 12.63s/it]
                                                

 38%|███▊      | 55/144 [12:34<18:43, 12.63s/it]
 39%|███▉      | 56/144 [12:51<20:21, 13.88s/it]
                                                

 39%|███▉      | 56/144 [12:51<20:21, 13.88s/it]
 40%|███▉      | 57/144 [13:05<20:12, 13.94s/it]
                                                

 40%|███▉      | 57/144 [13:05<20:12, 13.94s/it]
 40%|████      | 58/144 [13:18<19:30, 13.61s/it]
                                                

 40%|████      | 58/144 [13:18<19:30, 13.61s/it]
 41%|████      | 59/144 [13:30<18:40, 13.18s/it]
                                                

 41%|████      | 59/144 [13:30<18:40, 13.18s/it]
 42%|████▏     | 60/144 [13:42<17:44, 12.67s/it]
                                                

 42%|████▏     | 60/144 [13:42<17:44, 12.67s/it]
 42%|████▏     | 61/144 [13:53<17:04, 12.34s/it]
                                                

 42%|████▏     | 61/144 [13:53<17:04, 12.34s/it]
 43%|████▎     | 62/144 [14:06<17:07, 12.53s/it]
                                                

 43%|████▎     | 62/144 [14:06<17:07, 12.53s/it]
 44%|████▍     | 63/144 [14:20<17:11, 12.74s/it]
                                                

 44%|████▍     | 63/144 [14:20<17:11, 12.74s/it]
 44%|████▍     | 64/144 [14:33<17:09, 12.87s/it]
                                                

 44%|████▍     | 64/144 [14:33<17:09, 12.87s/it]
 45%|████▌     | 65/144 [14:48<18:00, 13.67s/it]
                                                

 45%|████▌     | 65/144 [14:48<18:00, 13.67s/it]
 46%|████▌     | 66/144 [15:03<18:18, 14.09s/it]
                                                

 46%|████▌     | 66/144 [15:03<18:18, 14.09s/it]
 47%|████▋     | 67/144 [15:19<18:49, 14.67s/it]
                                                

 47%|████▋     | 67/144 [15:19<18:49, 14.67s/it]
 47%|████▋     | 68/144 [15:36<19:28, 15.37s/it]
                                                

 47%|████▋     | 68/144 [15:36<19:28, 15.37s/it]
 48%|████▊     | 69/144 [15:52<19:26, 15.55s/it]
                                                

 48%|████▊     | 69/144 [15:52<19:26, 15.55s/it]
 49%|████▊     | 70/144 [16:08<19:19, 15.67s/it]
                                                

 49%|████▊     | 70/144 [16:08<19:19, 15.67s/it]
 49%|████▉     | 71/144 [16:24<18:59, 15.61s/it]
                                                

 49%|████▉     | 71/144 [16:24<18:59, 15.61s/it]
 50%|█████     | 72/144 [16:43<19:55, 16.60s/it]
                                                

 50%|█████     | 72/144 [16:43<19:55, 16.60s/it]
 51%|█████     | 73/144 [16:58<19:06, 16.15s/it]
                                                

 51%|█████     | 73/144 [16:58<19:06, 16.15s/it]
 51%|█████▏    | 74/144 [17:13<18:30, 15.86s/it]
                                                

 51%|█████▏    | 74/144 [17:13<18:30, 15.86s/it]
 52%|█████▏    | 75/144 [17:29<18:25, 16.02s/it]
                                                

 52%|█████▏    | 75/144 [17:29<18:25, 16.02s/it]
 53%|█████▎    | 76/144 [17:45<17:57, 15.85s/it]
                                                

 53%|█████▎    | 76/144 [17:45<17:57, 15.85s/it]
 53%|█████▎    | 77/144 [18:05<19:15, 17.24s/it]
                                                

 53%|█████▎    | 77/144 [18:05<19:15, 17.24s/it]
 54%|█████▍    | 78/144 [18:21<18:28, 16.80s/it]
                                                

 54%|█████▍    | 78/144 [18:21<18:28, 16.80s/it]
 55%|█████▍    | 79/144 [18:36<17:42, 16.34s/it]
                                                

 55%|█████▍    | 79/144 [18:36<17:42, 16.34s/it]
 56%|█████▌    | 80/144 [18:52<17:12, 16.13s/it]
                                                

 56%|█████▌    | 80/144 [18:52<17:12, 16.13s/it]
 56%|█████▋    | 81/144 [19:07<16:37, 15.84s/it]
                                                

 56%|█████▋    | 81/144 [19:07<16:37, 15.84s/it]
 57%|█████▋    | 82/144 [19:22<16:08, 15.62s/it]
                                                

 57%|█████▋    | 82/144 [19:22<16:08, 15.62s/it]
 58%|█████▊    | 83/144 [19:34<14:46, 14.53s/it]
                                                

 58%|█████▊    | 83/144 [19:34<14:46, 14.53s/it]
 58%|█████▊    | 84/144 [19:48<14:11, 14.19s/it]
                                                

 58%|█████▊    | 84/144 [19:48<14:11, 14.19s/it]
 59%|█████▉    | 85/144 [20:00<13:28, 13.70s/it]
                                                

 59%|█████▉    | 85/144 [20:00<13:28, 13.70s/it]
 60%|█████▉    | 86/144 [20:13<13:00, 13.45s/it]
                                                

 60%|█████▉    | 86/144 [20:13<13:00, 13.45s/it]
 60%|██████    | 87/144 [20:26<12:34, 13.24s/it]
                                                

 60%|██████    | 87/144 [20:26<12:34, 13.24s/it]
 61%|██████    | 88/144 [20:39<12:14, 13.12s/it]
                                                

 61%|██████    | 88/144 [20:39<12:14, 13.12s/it]
 62%|██████▏   | 89/144 [20:55<12:46, 13.93s/it]
                                                

 62%|██████▏   | 89/144 [20:55<12:46, 13.93s/it]
 62%|██████▎   | 90/144 [21:12<13:29, 14.99s/it]
                                                

 62%|██████▎   | 90/144 [21:12<13:29, 14.99s/it]
 63%|██████▎   | 91/144 [21:28<13:33, 15.34s/it]
                                                

 63%|██████▎   | 91/144 [21:28<13:33, 15.34s/it]
 64%|██████▍   | 92/144 [21:45<13:42, 15.81s/it]
                                                

 64%|██████▍   | 92/144 [21:45<13:42, 15.81s/it]
 65%|██████▍   | 93/144 [22:01<13:30, 15.89s/it]
                                                

 65%|██████▍   | 93/144 [22:01<13:30, 15.89s/it]
 65%|██████▌   | 94/144 [22:16<12:59, 15.60s/it]
                                                

 65%|██████▌   | 94/144 [22:16<12:59, 15.60s/it]
 66%|██████▌   | 95/144 [22:29<12:01, 14.73s/it]
                                                

 66%|██████▌   | 95/144 [22:29<12:01, 14.73s/it]
 67%|██████▋   | 96/144 [22:42<11:18, 14.13s/it]
                                                

 67%|██████▋   | 96/144 [22:42<11:18, 14.13s/it]
 67%|██████▋   | 97/144 [22:57<11:27, 14.63s/it]
                                                

 67%|██████▋   | 97/144 [22:57<11:27, 14.63s/it]
 68%|██████▊   | 98/144 [23:13<11:34, 15.09s/it]
                                                

 68%|██████▊   | 98/144 [23:13<11:34, 15.09s/it]
 69%|██████▉   | 99/144 [23:32<12:07, 16.17s/it]
                                                

 69%|██████▉   | 99/144 [23:32<12:07, 16.17s/it]
 69%|██████▉   | 100/144 [23:52<12:41, 17.31s/it]
                                                 

 69%|██████▉   | 100/144 [23:52<12:41, 17.31s/it]
 70%|███████   | 101/144 [24:08<11:59, 16.73s/it]
                                                 

 70%|███████   | 101/144 [24:08<11:59, 16.73s/it]
 71%|███████   | 102/144 [24:21<11:06, 15.86s/it]
                                                 

 71%|███████   | 102/144 [24:21<11:06, 15.86s/it]
 72%|███████▏  | 103/144 [24:34<10:06, 14.78s/it]
                                                 

 72%|███████▏  | 103/144 [24:34<10:06, 14.78s/it]
 72%|███████▏  | 104/144 [24:46<09:27, 14.19s/it]
                                                 

 72%|███████▏  | 104/144 [24:46<09:27, 14.19s/it]
 73%|███████▎  | 105/144 [25:00<09:01, 13.88s/it]
                                                 

 73%|███████▎  | 105/144 [25:00<09:01, 13.88s/it]
 74%|███████▎  | 106/144 [25:16<09:11, 14.50s/it]
                                                 

 74%|███████▎  | 106/144 [25:16<09:11, 14.50s/it]
 74%|███████▍  | 107/144 [25:32<09:17, 15.08s/it]
                                                 

 74%|███████▍  | 107/144 [25:32<09:17, 15.08s/it]
 75%|███████▌  | 108/144 [25:48<09:13, 15.36s/it]
                                                 

 75%|███████▌  | 108/144 [25:48<09:13, 15.36s/it]
 76%|███████▌  | 109/144 [26:03<08:52, 15.21s/it]
                                                 

 76%|███████▌  | 109/144 [26:03<08:52, 15.21s/it]
 76%|███████▋  | 110/144 [26:21<09:10, 16.19s/it]
                                                 

 76%|███████▋  | 110/144 [26:21<09:10, 16.19s/it]
 77%|███████▋  | 111/144 [26:37<08:49, 16.05s/it]
                                                 

 77%|███████▋  | 111/144 [26:37<08:49, 16.05s/it]
 78%|███████▊  | 112/144 [26:53<08:32, 16.00s/it]
                                                 

 78%|███████▊  | 112/144 [26:53<08:32, 16.00s/it]
 78%|███████▊  | 113/144 [27:10<08:21, 16.18s/it]
                                                 

 78%|███████▊  | 113/144 [27:10<08:21, 16.18s/it]
 79%|███████▉  | 114/144 [27:26<08:05, 16.18s/it]
                                                 

 79%|███████▉  | 114/144 [27:26<08:05, 16.18s/it]
 80%|███████▉  | 115/144 [27:41<07:44, 16.03s/it]
                                                 

 80%|███████▉  | 115/144 [27:41<07:44, 16.03s/it]
 81%|████████  | 116/144 [27:57<07:28, 16.03s/it]
                                                 

 81%|████████  | 116/144 [27:57<07:28, 16.03s/it]
 81%|████████▏ | 117/144 [28:13<07:06, 15.79s/it]
                                                 

 81%|████████▏ | 117/144 [28:13<07:06, 15.79s/it]
 82%|████████▏ | 118/144 [28:28<06:48, 15.69s/it]
                                                 

 82%|████████▏ | 118/144 [28:28<06:48, 15.69s/it]
 83%|████████▎ | 119/144 [28:44<06:32, 15.71s/it]
                                                 

 83%|████████▎ | 119/144 [28:44<06:32, 15.71s/it]
 83%|████████▎ | 120/144 [28:57<05:59, 14.96s/it]
                                                 

 83%|████████▎ | 120/144 [28:57<05:59, 14.96s/it]
 84%|████████▍ | 121/144 [29:10<05:27, 14.22s/it]
                                                 

 84%|████████▍ | 121/144 [29:10<05:27, 14.22s/it]
 85%|████████▍ | 122/144 [29:22<05:03, 13.78s/it]
                                                 

 85%|████████▍ | 122/144 [29:22<05:03, 13.78s/it]
 85%|████████▌ | 123/144 [29:35<04:42, 13.44s/it]
                                                 

 85%|████████▌ | 123/144 [29:35<04:42, 13.44s/it]
 86%|████████▌ | 124/144 [29:47<04:23, 13.16s/it]
                                                 

 86%|████████▌ | 124/144 [29:47<04:23, 13.16s/it]
 87%|████████▋ | 125/144 [30:00<04:06, 12.97s/it]
                                                 

 87%|████████▋ | 125/144 [30:00<04:06, 12.97s/it]
 88%|████████▊ | 126/144 [30:13<03:51, 12.86s/it]
                                                 

 88%|████████▊ | 126/144 [30:13<03:51, 12.86s/it]
 88%|████████▊ | 127/144 [30:25<03:36, 12.71s/it]
                                                 

 88%|████████▊ | 127/144 [30:25<03:36, 12.71s/it]
 89%|████████▉ | 128/144 [30:38<03:25, 12.87s/it]
                                                 

 89%|████████▉ | 128/144 [30:38<03:25, 12.87s/it]
 90%|████████▉ | 129/144 [30:53<03:23, 13.58s/it]
                                                 

 90%|████████▉ | 129/144 [30:53<03:23, 13.58s/it]
 90%|█████████ | 130/144 [31:06<03:05, 13.25s/it]
                                                 

 90%|█████████ | 130/144 [31:06<03:05, 13.25s/it]
 91%|█████████ | 131/144 [31:23<03:06, 14.35s/it]
                                                 

 91%|█████████ | 131/144 [31:23<03:06, 14.35s/it]
 92%|█████████▏| 132/144 [31:39<02:57, 14.81s/it]
                                                 

 92%|█████████▏| 132/144 [31:39<02:57, 14.81s/it]
 92%|█████████▏| 133/144 [31:55<02:46, 15.12s/it]
                                                 

 92%|█████████▏| 133/144 [31:55<02:46, 15.12s/it]
 93%|█████████▎| 134/144 [32:11<02:35, 15.50s/it]
                                                 

 93%|█████████▎| 134/144 [32:11<02:35, 15.50s/it]
 94%|█████████▍| 135/144 [32:26<02:18, 15.36s/it]
                                                 

 94%|█████████▍| 135/144 [32:26<02:18, 15.36s/it]
 94%|█████████▍| 136/144 [32:40<02:00, 15.07s/it]
                                                 

 94%|█████████▍| 136/144 [32:40<02:00, 15.07s/it]
 95%|█████████▌| 137/144 [32:54<01:42, 14.62s/it]
                                                 

 95%|█████████▌| 137/144 [32:54<01:42, 14.62s/it]
 96%|█████████▌| 138/144 [33:07<01:25, 14.19s/it]
                                                 

 96%|█████████▌| 138/144 [33:07<01:25, 14.19s/it]
 97%|█████████▋| 139/144 [33:20<01:09, 13.80s/it]
                                                 

 97%|█████████▋| 139/144 [33:20<01:09, 13.80s/it]
 97%|█████████▋| 140/144 [33:33<00:54, 13.62s/it]
                                                 

 97%|█████████▋| 140/144 [33:33<00:54, 13.62s/it]
 98%|█████████▊| 141/144 [33:46<00:40, 13.34s/it]
                                                 

 98%|█████████▊| 141/144 [33:46<00:40, 13.34s/it]
 99%|█████████▊| 142/144 [33:58<00:25, 12.96s/it]
                                                 

 99%|█████████▊| 142/144 [33:58<00:25, 12.96s/it]
 99%|█████████▉| 143/144 [34:10<00:12, 12.82s/it]
                                                 

 99%|█████████▉| 143/144 [34:10<00:12, 12.82s/it]
100%|██████████| 144/144 [34:24<00:00, 13.15s/it]
                                                 

100%|██████████| 144/144 [34:24<00:00, 13.15s/it]
                                                 

100%|██████████| 144/144 [34:24<00:00, 13.15s/it]
100%|██████████| 144/144 [34:24<00:00, 14.34s/it]
