W0831 14:10:14.394000 23540 Lib\site-packages\torch\utils\flop_counter.py:29] triton not found; flop counting will not work for triton kernels

Loading checkpoint shards:   0%|          | 0/3 [00:00<?, ?it/s]
Loading checkpoint shards:  33%|███▎      | 1/3 [00:03<00:07,  3.55s/it]
Loading checkpoint shards:  67%|██████▋   | 2/3 [00:07<00:03,  3.64s/it]
Loading checkpoint shards: 100%|██████████| 3/3 [00:10<00:00,  3.50s/it]
Loading checkpoint shards: 100%|██████████| 3/3 [00:10<00:00,  3.53s/it]

  0%|          | 0/144 [00:00<?, ?it/s]
  1%|          | 1/144 [00:12<30:08, 12.64s/it]
                                               

  1%|          | 1/144 [00:12<30:08, 12.64s/it]
  1%|▏         | 2/144 [00:23<27:26, 11.60s/it]
                                               

  1%|▏         | 2/144 [00:23<27:26, 11.60s/it]
  2%|▏         | 3/144 [00:34<26:15, 11.17s/it]
                                               

  2%|▏         | 3/144 [00:34<26:15, 11.17s/it]
  3%|▎         | 4/144 [00:47<28:04, 12.03s/it]
                                               

  3%|▎         | 4/144 [00:47<28:04, 12.03s/it]
  3%|▎         | 5/144 [00:58<26:50, 11.59s/it]
                                               

  3%|▎         | 5/144 [00:58<26:50, 11.59s/it]
  4%|▍         | 6/144 [01:11<27:50, 12.11s/it]
                                               

  4%|▍         | 6/144 [01:11<27:50, 12.11s/it]
  5%|▍         | 7/144 [01:22<26:40, 11.68s/it]
                                               

  5%|▍         | 7/144 [01:22<26:40, 11.68s/it]
  6%|▌         | 8/144 [01:35<27:38, 12.20s/it]
                                               

  6%|▌         | 8/144 [01:35<27:38, 12.20s/it]
  6%|▋         | 9/144 [01:48<27:50, 12.37s/it]
                                               

  6%|▋         | 9/144 [01:48<27:50, 12.37s/it]
  7%|▋         | 10/144 [02:01<28:06, 12.59s/it]
                                                

  7%|▋         | 10/144 [02:01<28:06, 12.59s/it]
  8%|▊         | 11/144 [02:14<28:12, 12.72s/it]
                                                

  8%|▊         | 11/144 [02:14<28:12, 12.72s/it]
  8%|▊         | 12/144 [02:27<28:12, 12.82s/it]
                                                

  8%|▊         | 12/144 [02:27<28:12, 12.82s/it]
  9%|▉         | 13/144 [02:40<28:15, 12.94s/it]
                                                

  9%|▉         | 13/144 [02:40<28:15, 12.94s/it]
 10%|▉         | 14/144 [02:53<28:15, 13.04s/it]
                                                

 10%|▉         | 14/144 [02:53<28:15, 13.04s/it]
 10%|█         | 15/144 [03:07<28:05, 13.06s/it]
                                                

 10%|█         | 15/144 [03:07<28:05, 13.06s/it]
 11%|█         | 16/144 [03:17<26:24, 12.38s/it]
                                                

 11%|█         | 16/144 [03:17<26:24, 12.38s/it]
 12%|█▏        | 17/144 [03:31<26:46, 12.65s/it]
                                                

 12%|█▏        | 17/144 [03:31<26:46, 12.65s/it]
 12%|█▎        | 18/144 [03:44<26:58, 12.84s/it]
                                                

 12%|█▎        | 18/144 [03:44<26:58, 12.84s/it]
 13%|█▎        | 19/144 [03:57<27:04, 12.99s/it]
                                                

 13%|█▎        | 19/144 [03:57<27:04, 12.99s/it]
 14%|█▍        | 20/144 [04:10<26:57, 13.04s/it]
                                                

 14%|█▍        | 20/144 [04:10<26:57, 13.04s/it]
 15%|█▍        | 21/144 [04:26<28:12, 13.76s/it]
                                                

 15%|█▍        | 21/144 [04:26<28:12, 13.76s/it]
 15%|█▌        | 22/144 [04:38<27:17, 13.42s/it]
                                                

 15%|█▌        | 22/144 [04:38<27:17, 13.42s/it]
 16%|█▌        | 23/144 [04:54<28:04, 13.92s/it]
                                                

 16%|█▌        | 23/144 [04:54<28:04, 13.92s/it]
 17%|█▋        | 24/144 [05:05<26:20, 13.17s/it]
                                                

 17%|█▋        | 24/144 [05:05<26:20, 13.17s/it]
 17%|█▋        | 25/144 [05:18<26:03, 13.14s/it]
                                                

 17%|█▋        | 25/144 [05:18<26:03, 13.14s/it]
 18%|█▊        | 26/144 [05:30<25:03, 12.74s/it]
                                                

 18%|█▊        | 26/144 [05:30<25:03, 12.74s/it]
 19%|█▉        | 27/144 [05:44<25:40, 13.17s/it]
                                                

 19%|█▉        | 27/144 [05:44<25:40, 13.17s/it]
 19%|█▉        | 28/144 [05:58<26:12, 13.56s/it]
                                                

 19%|█▉        | 28/144 [05:58<26:12, 13.56s/it]
 20%|██        | 29/144 [06:13<26:18, 13.73s/it]
                                                

 20%|██        | 29/144 [06:13<26:18, 13.73s/it]
 21%|██        | 30/144 [06:28<27:02, 14.24s/it]
                                                

 21%|██        | 30/144 [06:28<27:02, 14.24s/it]
 22%|██▏       | 31/144 [06:41<25:56, 13.77s/it]
                                                

 22%|██▏       | 31/144 [06:41<25:56, 13.77s/it]
 22%|██▏       | 32/144 [06:55<26:09, 14.01s/it]
                                                

 22%|██▏       | 32/144 [06:55<26:09, 14.01s/it]
 23%|██▎       | 33/144 [07:07<24:29, 13.24s/it]
                                                

 23%|██▎       | 33/144 [07:07<24:29, 13.24s/it]
 24%|██▎       | 34/144 [07:21<24:45, 13.51s/it]
                                                

 24%|██▎       | 34/144 [07:21<24:45, 13.51s/it]
 24%|██▍       | 35/144 [07:32<23:22, 12.87s/it]
                                                

 24%|██▍       | 35/144 [07:32<23:22, 12.87s/it]
 25%|██▌       | 36/144 [07:47<23:59, 13.33s/it]
                                                

 25%|██▌       | 36/144 [07:47<23:59, 13.33s/it]
 26%|██▌       | 37/144 [08:01<24:25, 13.70s/it]
                                                

 26%|██▌       | 37/144 [08:01<24:25, 13.70s/it]
 26%|██▋       | 38/144 [08:13<22:55, 12.98s/it]
                                                

 26%|██▋       | 38/144 [08:13<22:55, 12.98s/it]
 27%|██▋       | 39/144 [08:27<23:15, 13.29s/it]
                                                

 27%|██▋       | 39/144 [08:27<23:15, 13.29s/it]
 28%|██▊       | 40/144 [08:38<22:03, 12.73s/it]
                                                

 28%|██▊       | 40/144 [08:38<22:03, 12.73s/it]
 28%|██▊       | 41/144 [08:52<22:32, 13.13s/it]
                                                

 28%|██▊       | 41/144 [08:52<22:32, 13.13s/it]
 29%|██▉       | 42/144 [09:06<22:52, 13.46s/it]
                                                

 29%|██▉       | 42/144 [09:06<22:52, 13.46s/it]
 30%|██▉       | 43/144 [09:20<22:56, 13.63s/it]
                                                

 30%|██▉       | 43/144 [09:20<22:56, 13.63s/it]
 31%|███       | 44/144 [09:34<23:00, 13.80s/it]
                                                

 31%|███       | 44/144 [09:34<23:00, 13.80s/it]
 31%|███▏      | 45/144 [09:49<22:59, 13.93s/it]
                                                

 31%|███▏      | 45/144 [09:49<22:59, 13.93s/it]
 32%|███▏      | 46/144 [10:03<22:54, 14.02s/it]
                                                

 32%|███▏      | 46/144 [10:03<22:54, 14.02s/it]
 33%|███▎      | 47/144 [10:16<22:25, 13.87s/it]
                                                

 33%|███▎      | 47/144 [10:16<22:25, 13.87s/it]
 33%|███▎      | 48/144 [10:31<22:20, 13.96s/it]
                                                

 33%|███▎      | 48/144 [10:31<22:20, 13.96s/it]
 34%|███▍      | 49/144 [10:42<20:59, 13.26s/it]
                                                

 34%|███▍      | 49/144 [10:42<20:59, 13.26s/it]
 35%|███▍      | 50/144 [10:56<21:01, 13.42s/it]
                                                

 35%|███▍      | 50/144 [10:56<21:01, 13.42s/it]
 35%|███▌      | 51/144 [11:08<19:53, 12.84s/it]
                                                

 35%|███▌      | 51/144 [11:08<19:53, 12.84s/it]
 36%|███▌      | 52/144 [11:22<20:21, 13.28s/it]
                                                

 36%|███▌      | 52/144 [11:22<20:21, 13.28s/it]
 37%|███▋      | 53/144 [11:33<19:13, 12.68s/it]
                                                

 37%|███▋      | 53/144 [11:33<19:13, 12.68s/it]
 38%|███▊      | 54/144 [11:47<19:45, 13.17s/it]
                                                

 38%|███▊      | 54/144 [11:47<19:45, 13.17s/it]
 38%|███▊      | 55/144 [11:59<18:46, 12.66s/it]
                                                

 38%|███▊      | 55/144 [11:59<18:46, 12.66s/it]
 39%|███▉      | 56/144 [12:11<18:06, 12.35s/it]
                                                

 39%|███▉      | 56/144 [12:11<18:06, 12.35s/it]
 40%|███▉      | 57/144 [12:22<17:26, 12.03s/it]
                                                

 40%|███▉      | 57/144 [12:22<17:26, 12.03s/it]
 40%|████      | 58/144 [12:36<18:02, 12.58s/it]
                                                

 40%|████      | 58/144 [12:36<18:02, 12.58s/it]
 41%|████      | 59/144 [12:47<17:12, 12.15s/it]
                                                

 41%|████      | 59/144 [12:47<17:12, 12.15s/it]
 42%|████▏     | 60/144 [12:58<16:34, 11.84s/it]
                                                

 42%|████▏     | 60/144 [12:58<16:34, 11.84s/it]
 42%|████▏     | 61/144 [13:09<16:11, 11.71s/it]
                                                

 42%|████▏     | 61/144 [13:09<16:11, 11.71s/it]
 43%|████▎     | 62/144 [13:23<16:54, 12.37s/it]
                                                

 43%|████▎     | 62/144 [13:23<16:54, 12.37s/it]
 44%|████▍     | 63/144 [13:37<17:26, 12.92s/it]
                                                

 44%|████▍     | 63/144 [13:37<17:26, 12.92s/it]
 44%|████▍     | 64/144 [13:52<17:42, 13.28s/it]
                                                

 44%|████▍     | 64/144 [13:52<17:42, 13.28s/it]
 45%|████▌     | 65/144 [14:06<17:46, 13.50s/it]
                                                

 45%|████▌     | 65/144 [14:06<17:46, 13.50s/it]
 46%|████▌     | 66/144 [14:20<17:51, 13.73s/it]
                                                

 46%|████▌     | 66/144 [14:20<17:51, 13.73s/it]
 47%|████▋     | 67/144 [14:34<17:46, 13.85s/it]
                                                

 47%|████▋     | 67/144 [14:34<17:46, 13.85s/it]
 47%|████▋     | 68/144 [14:45<16:28, 13.01s/it]
                                                

 47%|████▋     | 68/144 [14:45<16:28, 13.01s/it]
 48%|████▊     | 69/144 [14:59<16:41, 13.36s/it]
                                                

 48%|████▊     | 69/144 [14:59<16:41, 13.36s/it]
 49%|████▊     | 70/144 [15:13<16:39, 13.51s/it]
                                                

 49%|████▊     | 70/144 [15:13<16:39, 13.51s/it]
 49%|████▉     | 71/144 [15:27<16:40, 13.70s/it]
                                                

 49%|████▉     | 71/144 [15:27<16:40, 13.70s/it]
 50%|█████     | 72/144 [15:44<17:30, 14.59s/it]
                                                

 50%|█████     | 72/144 [15:44<17:30, 14.59s/it]
 51%|█████     | 73/144 [15:58<17:03, 14.42s/it]
                                                

 51%|█████     | 73/144 [15:58<17:03, 14.42s/it]
 51%|█████▏    | 74/144 [16:09<15:49, 13.57s/it]
                                                

 51%|█████▏    | 74/144 [16:09<15:49, 13.57s/it]
 52%|█████▏    | 75/144 [16:24<15:46, 13.72s/it]
                                                

 52%|█████▏    | 75/144 [16:24<15:46, 13.72s/it]
 53%|█████▎    | 76/144 [16:38<15:37, 13.79s/it]
                                                

 53%|█████▎    | 76/144 [16:38<15:37, 13.79s/it]
 53%|█████▎    | 77/144 [16:51<15:27, 13.84s/it]
                                                

 53%|█████▎    | 77/144 [16:51<15:27, 13.84s/it]
 54%|█████▍    | 78/144 [17:05<15:15, 13.86s/it]
                                                

 54%|█████▍    | 78/144 [17:05<15:15, 13.86s/it]
 55%|█████▍    | 79/144 [17:19<15:05, 13.93s/it]
                                                

 55%|█████▍    | 79/144 [17:19<15:05, 13.93s/it]
 56%|█████▌    | 80/144 [17:34<14:54, 13.98s/it]
                                                

 56%|█████▌    | 80/144 [17:34<14:54, 13.98s/it]
 56%|█████▋    | 81/144 [17:48<14:43, 14.03s/it]
                                                

 56%|█████▋    | 81/144 [17:48<14:43, 14.03s/it]
 57%|█████▋    | 82/144 [18:02<14:31, 14.06s/it]
                                                

 57%|█████▋    | 82/144 [18:02<14:31, 14.06s/it]
 58%|█████▊    | 83/144 [18:16<14:13, 13.99s/it]
                                                

 58%|█████▊    | 83/144 [18:16<14:13, 13.99s/it]
 58%|█████▊    | 84/144 [18:27<13:14, 13.23s/it]
                                                

 58%|█████▊    | 84/144 [18:27<13:14, 13.23s/it]
 59%|█████▉    | 85/144 [18:41<13:15, 13.48s/it]
                                                

 59%|█████▉    | 85/144 [18:41<13:15, 13.48s/it]
 60%|█████▉    | 86/144 [18:52<12:19, 12.75s/it]
                                                

 60%|█████▉    | 86/144 [18:52<12:19, 12.75s/it]
 60%|██████    | 87/144 [19:06<12:27, 13.12s/it]
                                                

 60%|██████    | 87/144 [19:06<12:27, 13.12s/it]
 61%|██████    | 88/144 [19:20<12:30, 13.40s/it]
                                                

 61%|██████    | 88/144 [19:20<12:30, 13.40s/it]
 62%|██████▏   | 89/144 [19:34<12:29, 13.63s/it]
                                                

 62%|██████▏   | 89/144 [19:34<12:29, 13.63s/it]
 62%|██████▎   | 90/144 [19:48<12:22, 13.75s/it]
                                                

 62%|██████▎   | 90/144 [19:48<12:22, 13.75s/it]
 63%|██████▎   | 91/144 [20:03<12:13, 13.85s/it]
                                                

 63%|██████▎   | 91/144 [20:03<12:13, 13.85s/it]
 64%|██████▍   | 92/144 [20:17<12:04, 13.92s/it]
                                                

 64%|██████▍   | 92/144 [20:17<12:04, 13.92s/it]
 65%|██████▍   | 93/144 [20:31<11:51, 13.96s/it]
                                                

 65%|██████▍   | 93/144 [20:31<11:51, 13.96s/it]
 65%|██████▌   | 94/144 [20:45<11:37, 13.96s/it]
                                                

 65%|██████▌   | 94/144 [20:45<11:37, 13.96s/it]
 66%|██████▌   | 95/144 [20:59<11:23, 13.95s/it]
                                                

 66%|██████▌   | 95/144 [20:59<11:23, 13.95s/it]
 67%|██████▋   | 96/144 [21:13<11:10, 13.96s/it]
                                                

 67%|██████▋   | 96/144 [21:13<11:10, 13.96s/it]
 67%|██████▋   | 97/144 [21:27<10:58, 14.01s/it]
                                                

 67%|██████▋   | 97/144 [21:27<10:58, 14.01s/it]
 68%|██████▊   | 98/144 [21:41<10:45, 14.03s/it]
                                                

 68%|██████▊   | 98/144 [21:41<10:45, 14.03s/it]
 69%|██████▉   | 99/144 [21:55<10:33, 14.07s/it]
                                                

 69%|██████▉   | 99/144 [21:55<10:33, 14.07s/it]
 69%|██████▉   | 100/144 [22:09<10:19, 14.09s/it]
                                                 

 69%|██████▉   | 100/144 [22:09<10:19, 14.09s/it]
 70%|███████   | 101/144 [22:23<10:04, 14.06s/it]
                                                 

 70%|███████   | 101/144 [22:23<10:04, 14.06s/it]
 71%|███████   | 102/144 [22:37<09:49, 14.04s/it]
                                                 

 71%|███████   | 102/144 [22:37<09:49, 14.04s/it]
 72%|███████▏  | 103/144 [22:51<09:36, 14.07s/it]
                                                 

 72%|███████▏  | 103/144 [22:51<09:36, 14.07s/it]
 72%|███████▏  | 104/144 [23:03<08:52, 13.32s/it]
                                                 

 72%|███████▏  | 104/144 [23:03<08:52, 13.32s/it]
 73%|███████▎  | 105/144 [23:17<08:49, 13.57s/it]
                                                 

 73%|███████▎  | 105/144 [23:17<08:49, 13.57s/it]
 74%|███████▎  | 106/144 [23:31<08:39, 13.68s/it]
                                                 

 74%|███████▎  | 106/144 [23:31<08:39, 13.68s/it]
 74%|███████▍  | 107/144 [23:42<07:59, 12.97s/it]
                                                 

 74%|███████▍  | 107/144 [23:42<07:59, 12.97s/it]
 75%|███████▌  | 108/144 [23:54<07:29, 12.50s/it]
                                                 

 75%|███████▌  | 108/144 [23:54<07:29, 12.50s/it]
 76%|███████▌  | 109/144 [24:08<07:34, 12.99s/it]
                                                 

 76%|███████▌  | 109/144 [24:08<07:34, 12.99s/it]
 76%|███████▋  | 110/144 [24:22<07:34, 13.35s/it]
                                                 

 76%|███████▋  | 110/144 [24:22<07:34, 13.35s/it]
 77%|███████▋  | 111/144 [24:36<07:29, 13.61s/it]
                                                 

 77%|███████▋  | 111/144 [24:36<07:29, 13.61s/it]
 78%|███████▊  | 112/144 [24:50<07:17, 13.69s/it]
                                                 

 78%|███████▊  | 112/144 [24:50<07:17, 13.69s/it]
 78%|███████▊  | 113/144 [25:01<06:42, 12.99s/it]
                                                 

 78%|███████▊  | 113/144 [25:01<06:42, 12.99s/it]
 79%|███████▉  | 114/144 [25:15<06:39, 13.32s/it]
                                                 

 79%|███████▉  | 114/144 [25:15<06:39, 13.32s/it]
 80%|███████▉  | 115/144 [25:30<06:33, 13.56s/it]
                                                 

 80%|███████▉  | 115/144 [25:30<06:33, 13.56s/it]
 81%|████████  | 116/144 [25:44<06:23, 13.71s/it]
                                                 

 81%|████████  | 116/144 [25:44<06:23, 13.71s/it]
 81%|████████▏ | 117/144 [25:55<05:49, 12.93s/it]
                                                 

 81%|████████▏ | 117/144 [25:55<05:49, 12.93s/it]
 82%|████████▏ | 118/144 [26:09<05:46, 13.34s/it]
                                                 

 82%|████████▏ | 118/144 [26:09<05:46, 13.34s/it]
 83%|████████▎ | 119/144 [26:20<05:17, 12.70s/it]
                                                 

 83%|████████▎ | 119/144 [26:20<05:17, 12.70s/it]
 83%|████████▎ | 120/144 [26:34<05:15, 13.13s/it]
                                                 

 83%|████████▎ | 120/144 [26:34<05:15, 13.13s/it]
 84%|████████▍ | 121/144 [26:48<05:08, 13.41s/it]
                                                 

 84%|████████▍ | 121/144 [26:48<05:08, 13.41s/it]
 85%|████████▍ | 122/144 [27:03<04:59, 13.61s/it]
                                                 

 85%|████████▍ | 122/144 [27:03<04:59, 13.61s/it]
 85%|████████▌ | 123/144 [27:17<04:48, 13.71s/it]
                                                 

 85%|████████▌ | 123/144 [27:17<04:48, 13.71s/it]
 86%|████████▌ | 124/144 [27:30<04:35, 13.77s/it]
                                                 

 86%|████████▌ | 124/144 [27:30<04:35, 13.77s/it]
 87%|████████▋ | 125/144 [27:42<04:08, 13.05s/it]
                                                 

 87%|████████▋ | 125/144 [27:42<04:08, 13.05s/it]
 88%|████████▊ | 126/144 [27:56<04:00, 13.34s/it]
                                                 

 88%|████████▊ | 126/144 [27:56<04:00, 13.34s/it]
 88%|████████▊ | 127/144 [28:10<03:49, 13.52s/it]
                                                 

 88%|████████▊ | 127/144 [28:10<03:49, 13.52s/it]
 89%|████████▉ | 128/144 [28:23<03:35, 13.45s/it]
                                                 

 89%|████████▉ | 128/144 [28:23<03:35, 13.45s/it]
 90%|████████▉ | 129/144 [28:37<03:24, 13.63s/it]
                                                 

 90%|████████▉ | 129/144 [28:37<03:24, 13.63s/it]
 90%|█████████ | 130/144 [28:51<03:11, 13.68s/it]
                                                 

 90%|█████████ | 130/144 [28:51<03:11, 13.68s/it]
 91%|█████████ | 131/144 [29:02<02:49, 13.00s/it]
                                                 

 91%|█████████ | 131/144 [29:02<02:49, 13.00s/it]
 92%|█████████▏| 132/144 [29:16<02:39, 13.33s/it]
                                                 

 92%|█████████▏| 132/144 [29:16<02:39, 13.33s/it]
 92%|█████████▏| 133/144 [29:30<02:28, 13.53s/it]
                                                 

 92%|█████████▏| 133/144 [29:30<02:28, 13.53s/it]
 93%|█████████▎| 134/144 [29:44<02:16, 13.70s/it]
                                                 

 93%|█████████▎| 134/144 [29:44<02:16, 13.70s/it]
 94%|█████████▍| 135/144 [29:59<02:04, 13.80s/it]
                                                 

 94%|█████████▍| 135/144 [29:59<02:04, 13.80s/it]
 94%|█████████▍| 136/144 [30:12<01:49, 13.69s/it]
                                                 

 94%|█████████▍| 136/144 [30:12<01:49, 13.69s/it]
 95%|█████████▌| 137/144 [30:26<01:36, 13.74s/it]
                                                 

 95%|█████████▌| 137/144 [30:26<01:36, 13.74s/it]
 96%|█████████▌| 138/144 [30:40<01:23, 13.83s/it]
                                                 

 96%|█████████▌| 138/144 [30:40<01:23, 13.83s/it]
 97%|█████████▋| 139/144 [30:53<01:08, 13.75s/it]
                                                 

 97%|█████████▋| 139/144 [30:53<01:08, 13.75s/it]
 97%|█████████▋| 140/144 [31:07<00:55, 13.83s/it]
                                                 

 97%|█████████▋| 140/144 [31:07<00:55, 13.83s/it]
 98%|█████████▊| 141/144 [31:22<00:41, 13.95s/it]
                                                 

 98%|█████████▊| 141/144 [31:22<00:41, 13.95s/it]
 99%|█████████▊| 142/144 [31:35<00:27, 13.86s/it]
                                                 

 99%|█████████▊| 142/144 [31:35<00:27, 13.86s/it]
 99%|█████████▉| 143/144 [31:47<00:13, 13.11s/it]
                                                 

 99%|█████████▉| 143/144 [31:47<00:13, 13.11s/it]
100%|██████████| 144/144 [32:04<00:00, 14.30s/it]
                                                 

100%|██████████| 144/144 [32:04<00:00, 14.30s/it]
                                                 

100%|██████████| 144/144 [32:04<00:00, 14.30s/it]
100%|██████████| 144/144 [32:04<00:00, 13.36s/it]
