
=== ATTEMPT 1 RC 0 ===
{'loss': 1.2119, 'grad_norm': 38.30329895019531, 'learning_rate': 0.0001, 'epoch': 0.11}
{'loss': 0.2602, 'grad_norm': 8.270263671875, 'learning_rate': 0.0001, 'epoch': 0.22}
{'loss': 0.1422, 'grad_norm': 4.1496052742004395, 'learning_rate': 0.0001, 'epoch': 0.33}
{'loss': 0.0727, 'grad_norm': 1.2428752183914185, 'learning_rate': 0.0001, 'epoch': 0.44}
{'loss': 0.089, 'grad_norm': 1.8427398204803467, 'learning_rate': 0.0001, 'epoch': 0.56}
{'loss': 0.0628, 'grad_norm': 0.7440978288650513, 'learning_rate': 0.0001, 'epoch': 0.67}
{'loss': 0.0548, 'grad_norm': 0.5923603177070618, 'learning_rate': 0.0001, 'epoch': 0.78}
{'loss': 0.0621, 'grad_norm': 0.8130151033401489, 'learning_rate': 0.0001, 'epoch': 0.89}
{'loss': 0.0651, 'grad_norm': 0.9442145824432373, 'learning_rate': 0.0001, 'epoch': 1.0}
{'loss': 0.0615, 'grad_norm': 0.6602035760879517, 'learning_rate': 0.0001, 'epoch': 1.11}
{'loss': 0.0645, 'grad_norm': 0.7302472591400146, 'learning_rate': 0.0001, 'epoch': 1.22}
{'loss': 0.0661, 'grad_norm': 0.6872287392616272, 'learning_rate': 0.0001, 'epoch': 1.33}
{'loss': 0.0647, 'grad_norm': 0.5576964616775513, 'learning_rate': 0.0001, 'epoch': 1.44}
{'loss': 0.049, 'grad_norm': 0.28315526247024536, 'learning_rate': 0.0001, 'epoch': 1.56}
{'loss': 0.0541, 'grad_norm': 0.38322141766548157, 'learning_rate': 0.0001, 'epoch': 1.67}
{'loss': 0.0447, 'grad_norm': 0.33806636929512024, 'learning_rate': 0.0001, 'epoch': 1.78}
{'loss': 0.0513, 'grad_norm': 0.4345244765281677, 'learning_rate': 0.0001, 'epoch': 1.89}
{'loss': 0.0535, 'grad_norm': 0.717768132686615, 'learning_rate': 0.0001, 'epoch': 2.0}
{'loss': 0.0499, 'grad_norm': 1.2402572631835938, 'learning_rate': 0.0001, 'epoch': 2.11}
{'loss': 0.0698, 'grad_norm': 1.4649819135665894, 'learning_rate': 0.0001, 'epoch': 2.22}
{'loss': 0.0461, 'grad_norm': 1.4245375394821167, 'learning_rate': 0.0001, 'epoch': 2.33}
{'loss': 0.0398, 'grad_norm': 0.43765443563461304, 'learning_rate': 0.0001, 'epoch': 2.44}
{'loss': 0.0482, 'grad_norm': 0.6292489767074585, 'learning_rate': 0.0001, 'epoch': 2.56}
{'loss': 0.0422, 'grad_norm': 0.7678610682487488, 'learning_rate': 0.0001, 'epoch': 2.67}
{'loss': 0.0538, 'grad_norm': 0.6152713298797607, 'learning_rate': 0.0001, 'epoch': 2.78}
{'loss': 0.0477, 'grad_norm': 0.5681504607200623, 'learning_rate': 0.0001, 'epoch': 2.89}
{'loss': 0.0456, 'grad_norm': 0.5189331769943237, 'learning_rate': 0.0001, 'epoch': 3.0}
{'loss': 0.0464, 'grad_norm': 0.5544306039810181, 'learning_rate': 0.0001, 'epoch': 3.11}
{'loss': 0.0581, 'grad_norm': 0.8018074631690979, 'learning_rate': 0.0001, 'epoch': 3.22}
{'loss': 0.0407, 'grad_norm': 0.9415944814682007, 'learning_rate': 0.0001, 'epoch': 3.33}
{'loss': 0.0479, 'grad_norm': 1.5377180576324463, 'learning_rate': 0.0001, 'epoch': 3.44}
{'loss': 0.0551, 'grad_norm': 1.5981782674789429, 'learning_rate': 0.0001, 'epoch': 3.56}
{'loss': 0.029, 'grad_norm': 0.23724931478500366, 'learning_rate': 0.0001, 'epoch': 3.67}
{'loss': 0.0392, 'grad_norm': 0.8035974502563477, 'learning_rate': 0.0001, 'epoch': 3.78}
{'loss': 0.0332, 'grad_norm': 0.7010841369628906, 'learning_rate': 0.0001, 'epoch': 3.89}
{'loss': 0.0576, 'grad_norm': 1.4194309711456299, 'learning_rate': 0.0001, 'epoch': 4.0}
{'loss': 0.0347, 'grad_norm': 0.5413939952850342, 'learning_rate': 0.0001, 'epoch': 4.11}
{'loss': 0.0372, 'grad_norm': 0.5498480796813965, 'learning_rate': 0.0001, 'epoch': 4.22}
{'loss': 0.0297, 'grad_norm': 0.3401392102241516, 'learning_rate': 0.0001, 'epoch': 4.33}
{'loss': 0.0552, 'grad_norm': 1.7188509702682495, 'learning_rate': 0.0001, 'epoch': 4.44}
{'loss': 0.0248, 'grad_norm': 0.18818454444408417, 'learning_rate': 0.0001, 'epoch': 4.56}
{'loss': 0.0286, 'grad_norm': 0.4518947899341583, 'learning_rate': 0.0001, 'epoch': 4.67}
{'loss': 0.0247, 'grad_norm': 0.6742343902587891, 'learning_rate': 0.0001, 'epoch': 4.78}
{'loss': 0.0344, 'grad_norm': 1.6021591424942017, 'learning_rate': 0.0001, 'epoch': 4.89}
{'loss': 0.0446, 'grad_norm': 0.6555162072181702, 'learning_rate': 0.0001, 'epoch': 5.0}
{'loss': 0.0335, 'grad_norm': 1.1690316200256348, 'learning_rate': 0.0001, 'epoch': 5.11}
{'loss': 0.0379, 'grad_norm': 1.0218417644500732, 'learning_rate': 0.0001, 'epoch': 5.22}
{'loss': 0.0227, 'grad_norm': 0.3163445293903351, 'learning_rate': 0.0001, 'epoch': 5.33}
{'loss': 0.0418, 'grad_norm': 0.753757655620575, 'learning_rate': 0.0001, 'epoch': 5.44}
{'loss': 0.0247, 'grad_norm': 0.5101878643035889, 'learning_rate': 0.0001, 'epoch': 5.56}
{'loss': 0.031, 'grad_norm': 0.7342654466629028, 'learning_rate': 0.0001, 'epoch': 5.67}
{'loss': 0.0208, 'grad_norm': 0.5735262632369995, 'learning_rate': 0.0001, 'epoch': 5.78}
{'loss': 0.0124, 'grad_norm': 0.606137752532959, 'learning_rate': 0.0001, 'epoch': 5.89}
{'loss': 0.0354, 'grad_norm': 1.2558611631393433, 'learning_rate': 0.0001, 'epoch': 6.0}
{'loss': 0.0392, 'grad_norm': 1.6022415161132812, 'learning_rate': 0.0001, 'epoch': 6.11}
{'loss': 0.0275, 'grad_norm': 1.25515615940094, 'learning_rate': 0.0001, 'epoch': 6.22}
{'loss': 0.0714, 'grad_norm': 1.3809165954589844, 'learning_rate': 0.0001, 'epoch': 6.33}
{'loss': 0.0448, 'grad_norm': 0.937606155872345, 'learning_rate': 0.0001, 'epoch': 6.44}
{'loss': 0.0185, 'grad_norm': 0.28318366408348083, 'learning_rate': 0.0001, 'epoch': 6.56}
{'loss': 0.0304, 'grad_norm': 0.6384922862052917, 'learning_rate': 0.0001, 'epoch': 6.67}
{'loss': 0.0405, 'grad_norm': 1.0653870105743408, 'learning_rate': 0.0001, 'epoch': 6.78}
{'loss': 0.034, 'grad_norm': 0.8115877509117126, 'learning_rate': 0.0001, 'epoch': 6.89}
{'loss': 0.0252, 'grad_norm': 0.473506897687912, 'learning_rate': 0.0001, 'epoch': 7.0}
{'loss': 0.0249, 'grad_norm': 0.3222193419933319, 'learning_rate': 0.0001, 'epoch': 7.11}
{'loss': 0.0222, 'grad_norm': 0.3323829174041748, 'learning_rate': 0.0001, 'epoch': 7.22}
{'loss': 0.0258, 'grad_norm': 0.5495193600654602, 'learning_rate': 0.0001, 'epoch': 7.33}
{'loss': 0.0276, 'grad_norm': 0.49240192770957947, 'learning_rate': 0.0001, 'epoch': 7.44}
{'loss': 0.0244, 'grad_norm': 0.9852082133293152, 'learning_rate': 0.0001, 'epoch': 7.56}
{'loss': 0.0084, 'grad_norm': 0.30167755484580994, 'learning_rate': 0.0001, 'epoch': 7.67}
{'loss': 0.0061, 'grad_norm': 0.31009015440940857, 'learning_rate': 0.0001, 'epoch': 7.78}
{'loss': 0.0038, 'grad_norm': 0.17610763013362885, 'learning_rate': 0.0001, 'epoch': 7.89}
{'loss': 0.0381, 'grad_norm': nan, 'learning_rate': 0.0001, 'epoch': 8.0}
{'loss': 0.0239, 'grad_norm': 1.1667760610580444, 'learning_rate': 0.0001, 'epoch': 8.11}
{'loss': 0.0031, 'grad_norm': 0.6034480929374695, 'learning_rate': 0.0001, 'epoch': 8.22}
{'loss': 0.0211, 'grad_norm': 0.6538920402526855, 'learning_rate': 0.0001, 'epoch': 8.33}
{'loss': 0.0179, 'grad_norm': 0.40949803590774536, 'learning_rate': 0.0001, 'epoch': 8.44}
{'loss': 0.0229, 'grad_norm': nan, 'learning_rate': 0.0001, 'epoch': 8.56}
{'loss': 0.0007, 'grad_norm': 0.0334126316010952, 'learning_rate': 0.0001, 'epoch': 8.67}
{'loss': 0.0245, 'grad_norm': 7.543529033660889, 'learning_rate': 0.0001, 'epoch': 8.78}
{'loss': 0.0234, 'grad_norm': 2.612565517425537, 'learning_rate': 0.0001, 'epoch': 8.89}
{'loss': 0.0353, 'grad_norm': 7.872576713562012, 'learning_rate': 0.0001, 'epoch': 9.0}
{'loss': 0.0111, 'grad_norm': 2.825483798980713, 'learning_rate': 0.0001, 'epoch': 9.11}
{'loss': 0.0237, 'grad_norm': 2.973644495010376, 'learning_rate': 0.0001, 'epoch': 9.22}
{'loss': 0.0228, 'grad_norm': 0.35445576906204224, 'learning_rate': 0.0001, 'epoch': 9.33}
{'loss': 0.0061, 'grad_norm': 0.15238159894943237, 'learning_rate': 0.0001, 'epoch': 9.44}
{'loss': 0.0134, 'grad_norm': 0.9878584742546082, 'learning_rate': 0.0001, 'epoch': 9.56}
{'loss': 0.0071, 'grad_norm': 0.40319573879241943, 'learning_rate': 0.0001, 'epoch': 9.67}
{'loss': 0.0127, 'grad_norm': 3.362473726272583, 'learning_rate': 0.0001, 'epoch': 9.78}
{'loss': 0.0044, 'grad_norm': 0.10969328880310059, 'learning_rate': 0.0001, 'epoch': 9.89}
{'loss': 0.0266, 'grad_norm': 0.8589397668838501, 'learning_rate': 0.0001, 'epoch': 10.0}
{'loss': 0.0065, 'grad_norm': 0.28447726368904114, 'learning_rate': 0.0001, 'epoch': 10.11}
{'loss': 0.0057, 'grad_norm': 0.2233033925294876, 'learning_rate': 0.0001, 'epoch': 10.22}
{'loss': 0.0109, 'grad_norm': 0.9263904094696045, 'learning_rate': 0.0001, 'epoch': 10.33}
{'loss': 0.0017, 'grad_norm': 0.07902491092681885, 'learning_rate': 0.0001, 'epoch': 10.44}
{'loss': 0.026, 'grad_norm': 3.9211080074310303, 'learning_rate': 0.0001, 'epoch': 10.56}
{'loss': 0.0043, 'grad_norm': 1.0979915857315063, 'learning_rate': 0.0001, 'epoch': 10.67}
{'loss': 0.0168, 'grad_norm': 0.6243245005607605, 'learning_rate': 0.0001, 'epoch': 10.78}
{'loss': 0.0012, 'grad_norm': 0.04817822575569153, 'learning_rate': 0.0001, 'epoch': 10.89}
{'loss': 0.0184, 'grad_norm': 3.5289862155914307, 'learning_rate': 0.0001, 'epoch': 11.0}
{'loss': 0.0151, 'grad_norm': 0.5765453577041626, 'learning_rate': 0.0001, 'epoch': 11.11}
{'loss': 0.0241, 'grad_norm': 1.676308274269104, 'learning_rate': 0.0001, 'epoch': 11.22}
{'loss': 0.0235, 'grad_norm': 2.6832587718963623, 'learning_rate': 0.0001, 'epoch': 11.33}
{'loss': 0.0468, 'grad_norm': 2.2132859230041504, 'learning_rate': 0.0001, 'epoch': 11.44}
{'loss': 0.0151, 'grad_norm': 0.5357353687286377, 'learning_rate': 0.0001, 'epoch': 11.56}
{'loss': 0.0395, 'grad_norm': 2.745405673980713, 'learning_rate': 0.0001, 'epoch': 11.67}
{'loss': 0.0217, 'grad_norm': 3.534275770187378, 'learning_rate': 0.0001, 'epoch': 11.78}
{'loss': 0.0165, 'grad_norm': 1.5592386722564697, 'learning_rate': 0.0001, 'epoch': 11.89}
{'loss': 0.0339, 'grad_norm': 1.3614089488983154, 'learning_rate': 0.0001, 'epoch': 12.0}
{'loss': 0.0145, 'grad_norm': 0.8545607328414917, 'learning_rate': 0.0001, 'epoch': 12.11}
{'loss': 0.0107, 'grad_norm': 0.44599562883377075, 'learning_rate': 0.0001, 'epoch': 12.22}
{'loss': 0.0092, 'grad_norm': 0.5959903001785278, 'learning_rate': 0.0001, 'epoch': 12.33}
{'loss': 0.0117, 'grad_norm': 0.6203292012214661, 'learning_rate': 0.0001, 'epoch': 12.44}
{'loss': 0.0034, 'grad_norm': 0.17813143134117126, 'learning_rate': 0.0001, 'epoch': 12.56}
{'loss': 0.0032, 'grad_norm': 0.14067088067531586, 'learning_rate': 0.0001, 'epoch': 12.67}
{'loss': 0.0053, 'grad_norm': 0.7256709933280945, 'learning_rate': 0.0001, 'epoch': 12.78}
{'loss': 0.0017, 'grad_norm': 0.08270521461963654, 'learning_rate': 0.0001, 'epoch': 12.89}
{'loss': 0.0196, 'grad_norm': 0.5039014220237732, 'learning_rate': 0.0001, 'epoch': 13.0}
{'loss': 0.0088, 'grad_norm': 0.6399966478347778, 'learning_rate': 0.0001, 'epoch': 13.11}
{'loss': 0.001, 'grad_norm': 0.20947520434856415, 'learning_rate': 0.0001, 'epoch': 13.22}
{'loss': 0.0043, 'grad_norm': 0.4867098331451416, 'learning_rate': 0.0001, 'epoch': 13.33}
{'loss': 0.0222, 'grad_norm': 2.395167827606201, 'learning_rate': 0.0001, 'epoch': 13.44}
{'loss': 0.0022, 'grad_norm': 0.7550989985466003, 'learning_rate': 0.0001, 'epoch': 13.56}
{'loss': 0.001, 'grad_norm': 0.1403944343328476, 'learning_rate': 0.0001, 'epoch': 13.67}
{'loss': 0.0034, 'grad_norm': 0.4788171947002411, 'learning_rate': 0.0001, 'epoch': 13.78}
{'loss': 0.0058, 'grad_norm': 1.407551646232605, 'learning_rate': 0.0001, 'epoch': 13.89}
{'loss': 0.0221, 'grad_norm': 1.2307487726211548, 'learning_rate': 0.0001, 'epoch': 14.0}
{'loss': 0.0003, 'grad_norm': 0.02925090119242668, 'learning_rate': 0.0001, 'epoch': 14.11}
{'loss': 0.0002, 'grad_norm': 0.02008635923266411, 'learning_rate': 0.0001, 'epoch': 14.22}
{'loss': 0.0095, 'grad_norm': 0.44064587354660034, 'learning_rate': 0.0001, 'epoch': 14.33}
{'loss': 0.023, 'grad_norm': 3.510554313659668, 'learning_rate': 0.0001, 'epoch': 14.44}
{'loss': 0.0008, 'grad_norm': 0.5321878790855408, 'learning_rate': 0.0001, 'epoch': 14.56}
{'loss': 0.0066, 'grad_norm': 1.5200971364974976, 'learning_rate': 0.0001, 'epoch': 14.67}
{'loss': 0.0015, 'grad_norm': 0.19657041132450104, 'learning_rate': 0.0001, 'epoch': 14.78}
{'loss': 0.0259, 'grad_norm': 2.02675724029541, 'learning_rate': 0.0001, 'epoch': 14.89}
{'loss': 0.0328, 'grad_norm': 3.5097522735595703, 'learning_rate': 0.0001, 'epoch': 15.0}
{'loss': 0.0017, 'grad_norm': 0.18202883005142212, 'learning_rate': 0.0001, 'epoch': 15.11}
{'loss': 0.0062, 'grad_norm': 1.4240614175796509, 'learning_rate': 0.0001, 'epoch': 15.22}
{'loss': 0.0008, 'grad_norm': 0.07401303946971893, 'learning_rate': 0.0001, 'epoch': 15.33}
{'loss': 0.0134, 'grad_norm': 1.237800121307373, 'learning_rate': 0.0001, 'epoch': 15.44}
{'loss': 0.0081, 'grad_norm': 0.8347630500793457, 'learning_rate': 0.0001, 'epoch': 15.56}
{'loss': 0.0152, 'grad_norm': 2.0619044303894043, 'learning_rate': 0.0001, 'epoch': 15.67}
{'loss': 0.0023, 'grad_norm': 0.1513778269290924, 'learning_rate': 0.0001, 'epoch': 15.78}
{'loss': 0.0043, 'grad_norm': 0.22929082810878754, 'learning_rate': 0.0001, 'epoch': 15.89}
{'loss': 0.0081, 'grad_norm': 0.33269327878952026, 'learning_rate': 0.0001, 'epoch': 16.0}
{'train_runtime': 1399.6012, 'train_samples_per_second': 0.823, 'train_steps_per_second': 0.103, 'train_loss': 0.037547047803754036, 'epoch': 16.0}
{
  "adapter_files": {
    "README.md": {
      "bytes": 5380,
      "sha256": "b9264f0629a47970c39d6f80142bbaf6e5cb5ddb4e4e372105f879493d562b8a"
    },
    "adapter_config.json": {
      "bytes": 1297,
      "sha256": "8398c75a555e39267fb358da262129d22e0a6e808263632595eba4ac4c431ec1"
    },
    "adapter_model.safetensors": {
      "bytes": 83945296,
      "sha256": "be22ef41ceee09eff0c7a8e41c69eed3a22987848c0efcec9b45ce3523c69f69"
    }
  },
  "arm": "IDENTIFYING_COVISIBLE",
  "candidate_manifest_sha256": "580a9d7d79b912737e6bb833eb6497ab3edb7e192c4d80ea52c01836415eef76",
  "contract_sha256": "0923c3c84c5070f354ec799fb4e64abc5a0ac1b717e1814b30648b984aa1194a",
  "determinism": {
    "cublas_workspace_config": ":4096:8",
    "deterministic_algorithms": true,
    "seed": 2026083124
  },
  "final_trainable_parameters": 20971520,
  "final_trainable_sha256": "d078e845da3956d00fdd832a9578267299a8c58568e51e93f6b8a3801ea3cd0b",
  "global_step": 144,
  "initial_trainable_sha256": "0540ef5d575a3479484128ad56f75d7b343b2ea9a17550aac8686faf216a6b5d",
  "input_lock_sha256": "5da18b7cd09dd98f537d389c6766fec9f65df9377cae1da2a38e7722424c6040",
  "peak_allocated_bytes": 5402317312,
  "peak_reserved_bytes": 5565841408,
  "row_order_sha256": "a997f38b08023dbd721cc74b67bdbc23d0038c81569eabca911a13f13820ac8f",
  "runtime_seconds": 1399.9116704463959,
  "schema": "cfe.dd1.train-run.v1",
  "seed": 2026083124,
  "status": "TRAINING_COMPLETE__EFFECT_UNQUALIFIED",
  "token_reference_sha256": "72e249686431c6ab66f367bf33a2427924662712dac7d9dc2eb7c69c9e95b47e",
  "train_result": {
    "epoch": 16.0,
    "total_flos": 1.0565324689637376e+16,
    "train_loss": 0.037547047803754036,
    "train_runtime": 1399.6012,
    "train_samples_per_second": 0.823,
    "train_steps_per_second": 0.103
  },
  "trainable_parameters": 20971520
}
