W0831 00:52:51.703000 29076 Lib\site-packages\torch\utils\flop_counter.py:29] triton not found; flop counting will not work for triton kernels

Loading checkpoint shards:   0%|          | 0/3 [00:00<?, ?it/s]
Loading checkpoint shards:  33%|███▎      | 1/3 [00:04<00:08,  4.33s/it]
Loading checkpoint shards:  67%|██████▋   | 2/3 [00:08<00:04,  4.07s/it]
Loading checkpoint shards: 100%|██████████| 3/3 [00:11<00:00,  3.86s/it]
Loading checkpoint shards: 100%|██████████| 3/3 [00:11<00:00,  3.94s/it]

  0%|          | 0/72 [00:00<?, ?it/s]
  1%|▏         | 1/72 [00:10<12:56, 10.94s/it]
                                              

  1%|▏         | 1/72 [00:10<12:56, 10.94s/it]
  3%|▎         | 2/72 [00:21<12:24, 10.63s/it]
                                              

  3%|▎         | 2/72 [00:21<12:24, 10.63s/it]
  4%|▍         | 3/72 [00:31<12:04, 10.50s/it]
                                              

  4%|▍         | 3/72 [00:31<12:04, 10.50s/it]
  6%|▌         | 4/72 [00:42<11:52, 10.48s/it]
                                              

  6%|▌         | 4/72 [00:42<11:52, 10.48s/it]
  7%|▋         | 5/72 [00:52<11:38, 10.43s/it]
                                              

  7%|▋         | 5/72 [00:52<11:38, 10.43s/it]
  8%|▊         | 6/72 [01:02<11:28, 10.43s/it]
                                              

  8%|▊         | 6/72 [01:02<11:28, 10.43s/it]
 10%|▉         | 7/72 [01:13<11:19, 10.45s/it]
                                              

 10%|▉         | 7/72 [01:13<11:19, 10.45s/it]
 11%|█         | 8/72 [01:23<11:07, 10.42s/it]
                                              

 11%|█         | 8/72 [01:23<11:07, 10.42s/it]
 12%|█▎        | 9/72 [01:34<10:55, 10.40s/it]
                                              

 12%|█▎        | 9/72 [01:34<10:55, 10.40s/it]
 14%|█▍        | 10/72 [01:44<10:44, 10.40s/it]
                                               

 14%|█▍        | 10/72 [01:44<10:44, 10.40s/it]
 15%|█▌        | 11/72 [01:55<10:36, 10.43s/it]
                                               

 15%|█▌        | 11/72 [01:55<10:36, 10.43s/it]
 17%|█▋        | 12/72 [02:05<10:25, 10.43s/it]
                                               

 17%|█▋        | 12/72 [02:05<10:25, 10.43s/it]
 18%|█▊        | 13/72 [02:15<10:17, 10.46s/it]
                                               

 18%|█▊        | 13/72 [02:15<10:17, 10.46s/it]
 19%|█▉        | 14/72 [02:26<10:07, 10.48s/it]
                                               

 19%|█▉        | 14/72 [02:26<10:07, 10.48s/it]
 21%|██        | 15/72 [02:37<09:58, 10.49s/it]
                                               

 21%|██        | 15/72 [02:37<09:58, 10.49s/it]
 22%|██▏       | 16/72 [02:47<09:49, 10.53s/it]
                                               

 22%|██▏       | 16/72 [02:47<09:49, 10.53s/it]
 24%|██▎       | 17/72 [02:58<09:40, 10.55s/it]
                                               

 24%|██▎       | 17/72 [02:58<09:40, 10.55s/it]
 25%|██▌       | 18/72 [03:08<09:29, 10.54s/it]
                                               

 25%|██▌       | 18/72 [03:08<09:29, 10.54s/it]
 26%|██▋       | 19/72 [03:19<09:17, 10.52s/it]
                                               

 26%|██▋       | 19/72 [03:19<09:17, 10.52s/it]
 28%|██▊       | 20/72 [03:29<09:07, 10.54s/it]
                                               

 28%|██▊       | 20/72 [03:29<09:07, 10.54s/it]
 29%|██▉       | 21/72 [03:40<08:56, 10.53s/it]
                                               

 29%|██▉       | 21/72 [03:40<08:56, 10.53s/it]
 31%|███       | 22/72 [03:50<08:47, 10.55s/it]
                                               

 31%|███       | 22/72 [03:50<08:47, 10.55s/it]
 32%|███▏      | 23/72 [04:01<08:36, 10.55s/it]
                                               

 32%|███▏      | 23/72 [04:01<08:36, 10.55s/it]
 33%|███▎      | 24/72 [04:12<08:26, 10.56s/it]
                                               

 33%|███▎      | 24/72 [04:12<08:26, 10.56s/it]
 35%|███▍      | 25/72 [04:22<08:17, 10.59s/it]
                                               

 35%|███▍      | 25/72 [04:22<08:17, 10.59s/it]
 36%|███▌      | 26/72 [04:33<08:07, 10.60s/it]
                                               

 36%|███▌      | 26/72 [04:33<08:07, 10.60s/it]
 38%|███▊      | 27/72 [04:43<07:56, 10.58s/it]
                                               

 38%|███▊      | 27/72 [04:43<07:56, 10.58s/it]
 39%|███▉      | 28/72 [04:54<07:46, 10.60s/it]
                                               

 39%|███▉      | 28/72 [04:54<07:46, 10.60s/it]
 40%|████      | 29/72 [05:05<07:36, 10.62s/it]
                                               

 40%|████      | 29/72 [05:05<07:36, 10.62s/it]
 42%|████▏     | 30/72 [05:15<07:25, 10.60s/it]
                                               

 42%|████▏     | 30/72 [05:15<07:25, 10.60s/it]
 43%|████▎     | 31/72 [05:26<07:13, 10.57s/it]
                                               

 43%|████▎     | 31/72 [05:26<07:13, 10.57s/it]
 44%|████▍     | 32/72 [05:36<07:02, 10.57s/it]
                                               

 44%|████▍     | 32/72 [05:36<07:02, 10.57s/it]
 46%|████▌     | 33/72 [05:47<06:51, 10.56s/it]
                                               

 46%|████▌     | 33/72 [05:47<06:51, 10.56s/it]
 47%|████▋     | 34/72 [05:57<06:40, 10.55s/it]
                                               

 47%|████▋     | 34/72 [05:57<06:40, 10.55s/it]
 49%|████▊     | 35/72 [06:08<06:28, 10.50s/it]
                                               

 49%|████▊     | 35/72 [06:08<06:28, 10.50s/it]
 50%|█████     | 36/72 [06:18<06:15, 10.43s/it]
                                               

 50%|█████     | 36/72 [06:18<06:15, 10.43s/it]
 51%|█████▏    | 37/72 [06:28<06:04, 10.41s/it]
                                               

 51%|█████▏    | 37/72 [06:28<06:04, 10.41s/it]
 53%|█████▎    | 38/72 [06:39<05:54, 10.41s/it]
                                               

 53%|█████▎    | 38/72 [06:39<05:54, 10.41s/it]
 54%|█████▍    | 39/72 [06:49<05:43, 10.40s/it]
                                               

 54%|█████▍    | 39/72 [06:49<05:43, 10.40s/it]
 56%|█████▌    | 40/72 [07:00<05:33, 10.41s/it]
                                               

 56%|█████▌    | 40/72 [07:00<05:33, 10.41s/it]
 57%|█████▋    | 41/72 [07:10<05:22, 10.39s/it]
                                               

 57%|█████▋    | 41/72 [07:10<05:22, 10.39s/it]
 58%|█████▊    | 42/72 [07:20<05:12, 10.41s/it]
                                               

 58%|█████▊    | 42/72 [07:20<05:12, 10.41s/it]
 60%|█████▉    | 43/72 [07:31<05:02, 10.45s/it]
                                               

 60%|█████▉    | 43/72 [07:31<05:02, 10.45s/it]
 61%|██████    | 44/72 [07:41<04:53, 10.47s/it]
                                               

 61%|██████    | 44/72 [07:41<04:53, 10.47s/it]
 62%|██████▎   | 45/72 [07:52<04:43, 10.49s/it]
                                               

 62%|██████▎   | 45/72 [07:52<04:43, 10.49s/it]
 64%|██████▍   | 46/72 [08:03<04:33, 10.52s/it]
                                               

 64%|██████▍   | 46/72 [08:03<04:33, 10.52s/it]
 65%|██████▌   | 47/72 [08:13<04:23, 10.53s/it]
                                               

 65%|██████▌   | 47/72 [08:13<04:23, 10.53s/it]
 67%|██████▋   | 48/72 [08:24<04:11, 10.50s/it]
                                               

 67%|██████▋   | 48/72 [08:24<04:11, 10.50s/it]
 68%|██████▊   | 49/72 [08:34<04:00, 10.45s/it]
                                               

 68%|██████▊   | 49/72 [08:34<04:00, 10.45s/it]
 69%|██████▉   | 50/72 [08:44<03:48, 10.41s/it]
                                               

 69%|██████▉   | 50/72 [08:44<03:48, 10.41s/it]
 71%|███████   | 51/72 [08:55<03:38, 10.40s/it]
                                               

 71%|███████   | 51/72 [08:55<03:38, 10.40s/it]
 72%|███████▏  | 52/72 [09:05<03:28, 10.40s/it]
                                               

 72%|███████▏  | 52/72 [09:05<03:28, 10.40s/it]
 74%|███████▎  | 53/72 [09:15<03:17, 10.39s/it]
                                               

 74%|███████▎  | 53/72 [09:15<03:17, 10.39s/it]
 75%|███████▌  | 54/72 [09:26<03:06, 10.36s/it]
                                               

 75%|███████▌  | 54/72 [09:26<03:06, 10.36s/it]
 76%|███████▋  | 55/72 [09:36<02:55, 10.34s/it]
                                               

 76%|███████▋  | 55/72 [09:36<02:55, 10.34s/it]
 78%|███████▊  | 56/72 [09:46<02:45, 10.33s/it]
                                               

 78%|███████▊  | 56/72 [09:46<02:45, 10.33s/it]
 79%|███████▉  | 57/72 [09:57<02:34, 10.31s/it]
                                               

 79%|███████▉  | 57/72 [09:57<02:34, 10.31s/it]
 81%|████████  | 58/72 [10:07<02:24, 10.34s/it]
                                               

 81%|████████  | 58/72 [10:07<02:24, 10.34s/it]
 82%|████████▏ | 59/72 [10:17<02:14, 10.36s/it]
                                               

 82%|████████▏ | 59/72 [10:17<02:14, 10.36s/it]
 83%|████████▎ | 60/72 [10:28<02:04, 10.36s/it]
                                               

 83%|████████▎ | 60/72 [10:28<02:04, 10.36s/it]
 85%|████████▍ | 61/72 [10:38<01:54, 10.38s/it]
                                               

 85%|████████▍ | 61/72 [10:38<01:54, 10.38s/it]
 86%|████████▌ | 62/72 [10:48<01:43, 10.37s/it]
                                               

 86%|████████▌ | 62/72 [10:48<01:43, 10.37s/it]
 88%|████████▊ | 63/72 [10:59<01:33, 10.34s/it]
                                               

 88%|████████▊ | 63/72 [10:59<01:33, 10.34s/it]
 89%|████████▉ | 64/72 [11:09<01:23, 10.41s/it]
                                               

 89%|████████▉ | 64/72 [11:09<01:23, 10.41s/it]
 90%|█████████ | 65/72 [11:20<01:12, 10.43s/it]
                                               

 90%|█████████ | 65/72 [11:20<01:12, 10.43s/it]
 92%|█████████▏| 66/72 [11:30<01:02, 10.40s/it]
                                               

 92%|█████████▏| 66/72 [11:30<01:02, 10.40s/it]
 93%|█████████▎| 67/72 [11:40<00:51, 10.36s/it]
                                               

 93%|█████████▎| 67/72 [11:40<00:51, 10.36s/it]
 94%|█████████▍| 68/72 [11:51<00:41, 10.35s/it]
                                               

 94%|█████████▍| 68/72 [11:51<00:41, 10.35s/it]
 96%|█████████▌| 69/72 [12:01<00:31, 10.34s/it]
                                               

 96%|█████████▌| 69/72 [12:01<00:31, 10.34s/it]
 97%|█████████▋| 70/72 [12:11<00:20, 10.34s/it]
                                               

 97%|█████████▋| 70/72 [12:11<00:20, 10.34s/it]
 99%|█████████▊| 71/72 [12:22<00:10, 10.36s/it]
                                               

 99%|█████████▊| 71/72 [12:22<00:10, 10.36s/it]
100%|██████████| 72/72 [12:32<00:00, 10.25s/it]
                                               

100%|██████████| 72/72 [12:32<00:00, 10.25s/it]
                                               

100%|██████████| 72/72 [12:32<00:00, 10.25s/it]
100%|██████████| 72/72 [12:32<00:00, 10.45s/it]
