{'loss': 0.5919, 'grad_norm': 34.75968551635742, 'learning_rate': 0.0001, 'epoch': 0.11}
{'loss': 0.1498, 'grad_norm': 5.303934097290039, 'learning_rate': 0.0001, 'epoch': 0.22}
{'loss': 0.1139, 'grad_norm': 2.026923418045044, 'learning_rate': 0.0001, 'epoch': 0.33}
{'loss': 0.0854, 'grad_norm': 0.7013816237449646, 'learning_rate': 0.0001, 'epoch': 0.44}
{'loss': 0.0776, 'grad_norm': 0.4048195779323578, 'learning_rate': 0.0001, 'epoch': 0.56}
{'loss': 0.0838, 'grad_norm': 0.5881544351577759, 'learning_rate': 0.0001, 'epoch': 0.67}
{'loss': 0.0594, 'grad_norm': 0.5028236508369446, 'learning_rate': 0.0001, 'epoch': 0.78}
{'loss': 0.0526, 'grad_norm': 0.6329135894775391, 'learning_rate': 0.0001, 'epoch': 0.89}
{'loss': 0.0477, 'grad_norm': 1.2533767223358154, 'learning_rate': 0.0001, 'epoch': 1.0}
{'loss': 0.0883, 'grad_norm': 3.5203592777252197, 'learning_rate': 0.0001, 'epoch': 1.11}
{'loss': 0.0605, 'grad_norm': 0.6445271968841553, 'learning_rate': 0.0001, 'epoch': 1.22}
{'loss': 0.1238, 'grad_norm': 3.141787528991699, 'learning_rate': 0.0001, 'epoch': 1.33}
{'loss': 0.0598, 'grad_norm': 0.7804839611053467, 'learning_rate': 0.0001, 'epoch': 1.44}
{'loss': 0.0471, 'grad_norm': 0.33374345302581787, 'learning_rate': 0.0001, 'epoch': 1.56}
{'loss': 0.0595, 'grad_norm': 0.24513404071331024, 'learning_rate': 0.0001, 'epoch': 1.67}
{'loss': 0.0594, 'grad_norm': 0.26973316073417664, 'learning_rate': 0.0001, 'epoch': 1.78}
{'loss': 0.0532, 'grad_norm': 0.3877525329589844, 'learning_rate': 0.0001, 'epoch': 1.89}
{'loss': 0.0626, 'grad_norm': 1.5992637872695923, 'learning_rate': 0.0001, 'epoch': 2.0}
{'loss': 0.0602, 'grad_norm': 0.3246030807495117, 'learning_rate': 0.0001, 'epoch': 2.11}
{'loss': 0.0588, 'grad_norm': 0.24770645797252655, 'learning_rate': 0.0001, 'epoch': 2.22}
{'loss': 0.0589, 'grad_norm': 0.3510168790817261, 'learning_rate': 0.0001, 'epoch': 2.33}
{'loss': 0.0483, 'grad_norm': 0.17049136757850647, 'learning_rate': 0.0001, 'epoch': 2.44}
{'loss': 0.0513, 'grad_norm': 0.38079720735549927, 'learning_rate': 0.0001, 'epoch': 2.56}
{'loss': 0.0566, 'grad_norm': 0.21891826391220093, 'learning_rate': 0.0001, 'epoch': 2.67}
{'loss': 0.0566, 'grad_norm': 0.2735295593738556, 'learning_rate': 0.0001, 'epoch': 2.78}
{'loss': 0.0538, 'grad_norm': 0.24807624518871307, 'learning_rate': 0.0001, 'epoch': 2.89}
{'loss': 0.0426, 'grad_norm': 0.285642147064209, 'learning_rate': 0.0001, 'epoch': 3.0}
{'loss': 0.0522, 'grad_norm': 0.3239227831363678, 'learning_rate': 0.0001, 'epoch': 3.11}
{'loss': 0.056, 'grad_norm': 0.3352988362312317, 'learning_rate': 0.0001, 'epoch': 3.22}
{'loss': 0.0517, 'grad_norm': 0.42439523339271545, 'learning_rate': 0.0001, 'epoch': 3.33}
{'loss': 0.0413, 'grad_norm': 0.2759689688682556, 'learning_rate': 0.0001, 'epoch': 3.44}
{'loss': 0.0486, 'grad_norm': 0.6823902130126953, 'learning_rate': 0.0001, 'epoch': 3.56}
{'loss': 0.0552, 'grad_norm': 0.5079963207244873, 'learning_rate': 0.0001, 'epoch': 3.67}
{'loss': 0.0517, 'grad_norm': 0.5904137492179871, 'learning_rate': 0.0001, 'epoch': 3.78}
{'loss': 0.0497, 'grad_norm': 0.4120997190475464, 'learning_rate': 0.0001, 'epoch': 3.89}
{'loss': 0.0379, 'grad_norm': 0.5022146701812744, 'learning_rate': 0.0001, 'epoch': 4.0}
{'train_runtime': 352.131, 'train_samples_per_second': 0.818, 'train_steps_per_second': 0.102, 'train_loss': 0.07799467641032404, 'epoch': 4.0}
{
  "adapter_files": {
    "README.md": {
      "bytes": 5380,
      "sha256": "b9264f0629a47970c39d6f80142bbaf6e5cb5ddb4e4e372105f879493d562b8a"
    },
    "adapter_config.json": {
      "bytes": 1297,
      "sha256": "2aa4055f7909fd46b960e92f2ea9c1c6b97731a54b3cd90fdd119f9ac7066f60"
    },
    "adapter_model.safetensors": {
      "bytes": 83945296,
      "sha256": "3c37e51a0025325e050c5e5b7bb945bd810ed085c16928b28a9ffe1bd774ca42"
    }
  },
  "base_snapshot_manifest_sha256": "0d429d3f6e0fa276fa7bb24c3566ed7ce3856c22230bb58936527f1f15f2bc6d",
  "candidate_manifest_sha256": "18a846937cce18cef89d48926ebc271817b4ebb3114c45cf13077ab326d4f352",
  "contract_sha256": "9945f8369f195a2a7796d96c687f5830ee7ff8d85ab1af7bc517d2ac6800ea6f",
  "dataset": "PREDICATE_NARROW_SLICE",
  "dataset_order": [
    48,
    71,
    15,
    30,
    11,
    50,
    22,
    38,
    63,
    35,
    3,
    55,
    16,
    5,
    2,
    20,
    34,
    57,
    39,
    70,
    6,
    53,
    24,
    27,
    62,
    32,
    69,
    64,
    8,
    29,
    12,
    65,
    7,
    31,
    10,
    45,
    42,
    14,
    19,
    37,
    43,
    36,
    46,
    33,
    23,
    49,
    13,
    54,
    68,
    28,
    21,
    17,
    40,
    56,
    41,
    66,
    44,
    26,
    60,
    1,
    0,
    18,
    51,
    52,
    9,
    59,
    47,
    25,
    4,
    67,
    61,
    58
  ],
  "dataset_order_sha256": "6689585f074750502e3204bd877e950bf5d6454088bdb2f8f20fe7427dc71549",
  "determinism": {
    "cublas_workspace_config": ":4096:8",
    "cudnn_benchmark": false,
    "cudnn_deterministic": true,
    "deterministic_algorithms": true,
    "deterministic_debug_mode": 2,
    "matmul_allow_tf32": false,
    "numpy_seed": 2026082801,
    "seed": 2026082801
  },
  "expected_global_step": 36,
  "final_trainable_parameters": 20971520,
  "final_trainable_sha256": "b183f52b3a2446e77a2e3e4965f6750a8f7dafa0ce296b4797a4d11db181a017",
  "global_step": 36,
  "host_lock_sha256": "13379f2d678bdfd8b266f6985808d193c57519924a6c40cd85892ce30900418e",
  "initial_trainable_parameters": 20971520,
  "initial_trainable_sha256": "16a3437e07588ed3288655032036bdb30317a81cd8845a30715fa8eecfa496d1",
  "input_lock_sha256": "f096dc597a1f1a9b74f8f46e05dbb6feb74129f76b7e2cd74b6be9d54a42af1a",
  "log_history": [
    {
      "epoch": 0.1111111111111111,
      "grad_norm": 34.75968551635742,
      "learning_rate": 0.0001,
      "loss": 0.5919,
      "step": 1
    },
    {
      "epoch": 0.2222222222222222,
      "grad_norm": 5.303934097290039,
      "learning_rate": 0.0001,
      "loss": 0.1498,
      "step": 2
    },
    {
      "epoch": 0.3333333333333333,
      "grad_norm": 2.026923418045044,
      "learning_rate": 0.0001,
      "loss": 0.1139,
      "step": 3
    },
    {
      "epoch": 0.4444444444444444,
      "grad_norm": 0.7013816237449646,
      "learning_rate": 0.0001,
      "loss": 0.0854,
      "step": 4
    },
    {
      "epoch": 0.5555555555555556,
      "grad_norm": 0.4048195779323578,
      "learning_rate": 0.0001,
      "loss": 0.0776,
      "step": 5
    },
    {
      "epoch": 0.6666666666666666,
      "grad_norm": 0.5881544351577759,
      "learning_rate": 0.0001,
      "loss": 0.0838,
      "step": 6
    },
    {
      "epoch": 0.7777777777777778,
      "grad_norm": 0.5028236508369446,
      "learning_rate": 0.0001,
      "loss": 0.0594,
      "step": 7
    },
    {
      "epoch": 0.8888888888888888,
      "grad_norm": 0.6329135894775391,
      "learning_rate": 0.0001,
      "loss": 0.0526,
      "step": 8
    },
    {
      "epoch": 1.0,
      "grad_norm": 1.2533767223358154,
      "learning_rate": 0.0001,
      "loss": 0.0477,
      "step": 9
    },
    {
      "epoch": 1.1111111111111112,
      "grad_norm": 3.5203592777252197,
      "learning_rate": 0.0001,
      "loss": 0.0883,
      "step": 10
    },
    {
      "epoch": 1.2222222222222223,
      "grad_norm": 0.6445271968841553,
      "learning_rate": 0.0001,
      "loss": 0.0605,
      "step": 11
    },
    {
      "epoch": 1.3333333333333333,
      "grad_norm": 3.141787528991699,
      "learning_rate": 0.0001,
      "loss": 0.1238,
      "step": 12
    },
    {
      "epoch": 1.4444444444444444,
      "grad_norm": 0.7804839611053467,
      "learning_rate": 0.0001,
      "loss": 0.0598,
      "step": 13
    },
    {
      "epoch": 1.5555555555555556,
      "grad_norm": 0.33374345302581787,
      "learning_rate": 0.0001,
      "loss": 0.0471,
      "step": 14
    },
    {
      "epoch": 1.6666666666666665,
      "grad_norm": 0.24513404071331024,
      "learning_rate": 0.0001,
      "loss": 0.0595,
      "step": 15
    },
    {
      "epoch": 1.7777777777777777,
      "grad_norm": 0.26973316073417664,
      "learning_rate": 0.0001,
      "loss": 0.0594,
      "step": 16
    },
    {
      "epoch": 1.8888888888888888,
      "grad_norm": 0.3877525329589844,
      "learning_rate": 0.0001,
      "loss": 0.0532,
      "step": 17
    },
    {
      "epoch": 2.0,
      "grad_norm": 1.5992637872695923,
      "learning_rate": 0.0001,
      "loss": 0.0626,
      "step": 18
    },
    {
      "epoch": 2.111111111111111,
      "grad_norm": 0.3246030807495117,
      "learning_rate": 0.0001,
      "loss": 0.0602,
      "step": 19
    },
    {
      "epoch": 2.2222222222222223,
      "grad_norm": 0.24770645797252655,
      "learning_rate": 0.0001,
      "loss": 0.0588,
      "step": 20
    },
    {
      "epoch": 2.3333333333333335,
      "grad_norm": 0.3510168790817261,
      "learning_rate": 0.0001,
      "loss": 0.0589,
      "step": 21
    },
    {
      "epoch": 2.4444444444444446,
      "grad_norm": 0.17049136757850647,
      "learning_rate": 0.0001,
      "loss": 0.0483,
      "step": 22
    },
    {
      "epoch": 2.5555555555555554,
      "grad_norm": 0.38079720735549927,
      "learning_rate": 0.0001,
      "loss": 0.0513,
      "step": 23
    },
    {
      "epoch": 2.6666666666666665,
      "grad_norm": 0.21891826391220093,
      "learning_rate": 0.0001,
      "loss": 0.0566,
      "step": 24
    },
    {
      "epoch": 2.7777777777777777,
      "grad_norm": 0.2735295593738556,
      "learning_rate": 0.0001,
      "loss": 0.0566,
      "step": 25
    },
    {
      "epoch": 2.888888888888889,
      "grad_norm": 0.24807624518871307,
      "learning_rate": 0.0001,
      "loss": 0.0538,
      "step": 26
    },
    {
      "epoch": 3.0,
      "grad_norm": 0.285642147064209,
      "learning_rate": 0.0001,
      "loss": 0.0426,
      "step": 27
    },
    {
      "epoch": 3.111111111111111,
      "grad_norm": 0.3239227831363678,
      "learning_rate": 0.0001,
      "loss": 0.0522,
      "step": 28
    },
    {
      "epoch": 3.2222222222222223,
      "grad_norm": 0.3352988362312317,
      "learning_rate": 0.0001,
      "loss": 0.056,
      "step": 29
    },
    {
      "epoch": 3.3333333333333335,
      "grad_norm": 0.42439523339271545,
      "learning_rate": 0.0001,
      "loss": 0.0517,
      "step": 30
    },
    {
      "epoch": 3.4444444444444446,
      "grad_norm": 0.2759689688682556,
      "learning_rate": 0.0001,
      "loss": 0.0413,
      "step": 31
    },
    {
      "epoch": 3.5555555555555554,
      "grad_norm": 0.6823902130126953,
      "learning_rate": 0.0001,
      "loss": 0.0486,
      "step": 32
    },
    {
      "epoch": 3.6666666666666665,
      "grad_norm": 0.5079963207244873,
      "learning_rate": 0.0001,
      "loss": 0.0552,
      "step": 33
    },
    {
      "epoch": 3.7777777777777777,
      "grad_norm": 0.5904137492179871,
      "learning_rate": 0.0001,
      "loss": 0.0517,
      "step": 34
    },
    {
      "epoch": 3.888888888888889,
      "grad_norm": 0.4120997190475464,
      "learning_rate": 0.0001,
      "loss": 0.0497,
      "step": 35
    },
    {
      "epoch": 4.0,
      "grad_norm": 0.5022146701812744,
      "learning_rate": 0.0001,
      "loss": 0.0379,
      "step": 36
    },
    {
      "epoch": 4.0,
      "step": 36,
      "total_flos": 3101407519703040.0,
      "train_loss": 0.07799467641032404,
      "train_runtime": 352.131,
      "train_samples_per_second": 0.818,
      "train_steps_per_second": 0.102
    }
  ],
  "peak_allocated_bytes": 5433245696,
  "peak_reserved_bytes": 5567938560,
  "profile": {
    "alpha": 16,
    "dropout": 0.0,
    "name": "all_linear_r8",
    "priority": 0,
    "r": 8,
    "targets": [
      "q_proj",
      "k_proj",
      "v_proj",
      "o_proj",
      "gate_proj",
      "up_proj",
      "down_proj"
    ]
  },
  "profile_lock_sha256": "8de85251eafb8cd05887c11935c0cdef44a5297618b7736d841db4f3ea1d30f4",
  "schema": "cfe.v11.predicate-policy-train-run.v1",
  "seed": 2026082801,
  "status": "TRAINING_EXECUTED__SCIENTIFIC_EFFECT_UNQUALIFIED",
  "token_reference_sha256": "3ad319c4c27f5fce57ef91a0295948505e378fdd0c4c7c4fec0cc8d9c2061ed9",
  "train_result": {
    "epoch": 4.0,
    "total_flos": 3101407519703040.0,
    "train_loss": 0.07799467641032404,
    "train_runtime": 352.131,
    "train_samples_per_second": 0.818,
    "train_steps_per_second": 0.102
  },
  "train_runtime_seconds": 352.37189531326294
}
