
=== ATTEMPT 1 RC 0 ===
{'loss': 1.0253, 'grad_norm': nan, 'learning_rate': 0.0001, 'epoch': 0.11}
{'loss': 1.1411, 'grad_norm': 37.538597106933594, 'learning_rate': 0.0001, 'epoch': 0.22}
{'loss': 0.2076, 'grad_norm': 6.38583517074585, 'learning_rate': 0.0001, 'epoch': 0.33}
{'loss': 0.0291, 'grad_norm': 1.6869151592254639, 'learning_rate': 0.0001, 'epoch': 0.44}
{'loss': 0.0898, 'grad_norm': 2.2579636573791504, 'learning_rate': 0.0001, 'epoch': 0.56}
{'loss': 0.0235, 'grad_norm': 0.9968124628067017, 'learning_rate': 0.0001, 'epoch': 0.67}
{'loss': 0.0249, 'grad_norm': 0.3002115488052368, 'learning_rate': 0.0001, 'epoch': 0.78}
{'loss': 0.0249, 'grad_norm': 0.21600699424743652, 'learning_rate': 0.0001, 'epoch': 0.89}
{'loss': 0.0218, 'grad_norm': 0.0951276496052742, 'learning_rate': 0.0001, 'epoch': 1.0}
{'loss': 0.0189, 'grad_norm': 0.1270565539598465, 'learning_rate': 0.0001, 'epoch': 1.11}
{'loss': 0.0265, 'grad_norm': 0.2678821384906769, 'learning_rate': 0.0001, 'epoch': 1.22}
{'loss': 0.0217, 'grad_norm': 0.052392687648534775, 'learning_rate': 0.0001, 'epoch': 1.33}
{'loss': 0.021, 'grad_norm': 0.05982446298003197, 'learning_rate': 0.0001, 'epoch': 1.44}
{'loss': 0.0244, 'grad_norm': 0.17526930570602417, 'learning_rate': 0.0001, 'epoch': 1.56}
{'loss': 0.0179, 'grad_norm': 0.056979235261678696, 'learning_rate': 0.0001, 'epoch': 1.67}
{'loss': 0.0283, 'grad_norm': 0.29709604382514954, 'learning_rate': 0.0001, 'epoch': 1.78}
{'loss': 0.0225, 'grad_norm': 0.08986395597457886, 'learning_rate': 0.0001, 'epoch': 1.89}
{'loss': 0.0217, 'grad_norm': 0.08258215337991714, 'learning_rate': 0.0001, 'epoch': 2.0}
{'loss': 0.0184, 'grad_norm': 0.08761652559041977, 'learning_rate': 0.0001, 'epoch': 2.11}
{'loss': 0.0312, 'grad_norm': 0.2997131943702698, 'learning_rate': 0.0001, 'epoch': 2.22}
{'loss': 0.0258, 'grad_norm': 0.17928165197372437, 'learning_rate': 0.0001, 'epoch': 2.33}
{'loss': 0.0264, 'grad_norm': 0.17819103598594666, 'learning_rate': 0.0001, 'epoch': 2.44}
{'loss': 0.0221, 'grad_norm': 0.04896105080842972, 'learning_rate': 0.0001, 'epoch': 2.56}
{'loss': 0.0215, 'grad_norm': 0.13032178580760956, 'learning_rate': 0.0001, 'epoch': 2.67}
{'loss': 0.0247, 'grad_norm': 0.14311303198337555, 'learning_rate': 0.0001, 'epoch': 2.78}
{'loss': 0.0236, 'grad_norm': 0.09838345646858215, 'learning_rate': 0.0001, 'epoch': 2.89}
{'loss': 0.0263, 'grad_norm': 0.16619151830673218, 'learning_rate': 0.0001, 'epoch': 3.0}
{'loss': 0.0254, 'grad_norm': 0.18809175491333008, 'learning_rate': 0.0001, 'epoch': 3.11}
{'loss': 0.0224, 'grad_norm': 0.0952431857585907, 'learning_rate': 0.0001, 'epoch': 3.22}
{'loss': 0.0224, 'grad_norm': 0.07120106369256973, 'learning_rate': 0.0001, 'epoch': 3.33}
{'loss': 0.025, 'grad_norm': 0.1434798538684845, 'learning_rate': 0.0001, 'epoch': 3.44}
{'loss': 0.0223, 'grad_norm': 0.05988037958741188, 'learning_rate': 0.0001, 'epoch': 3.56}
{'loss': 0.0243, 'grad_norm': 0.15376326441764832, 'learning_rate': 0.0001, 'epoch': 3.67}
{'loss': 0.0214, 'grad_norm': 0.05757686123251915, 'learning_rate': 0.0001, 'epoch': 3.78}
{'loss': 0.0217, 'grad_norm': 0.023837201297283173, 'learning_rate': 0.0001, 'epoch': 3.89}
{'loss': 0.0233, 'grad_norm': 0.08035573363304138, 'learning_rate': 0.0001, 'epoch': 4.0}
{'loss': 0.0241, 'grad_norm': 0.1298627257347107, 'learning_rate': 0.0001, 'epoch': 4.11}
{'loss': 0.021, 'grad_norm': 0.03660540282726288, 'learning_rate': 0.0001, 'epoch': 4.22}
{'loss': 0.0212, 'grad_norm': 0.019405674189329147, 'learning_rate': 0.0001, 'epoch': 4.33}
{'loss': 0.0217, 'grad_norm': 0.060943346470594406, 'learning_rate': 0.0001, 'epoch': 4.44}
{'loss': 0.0215, 'grad_norm': 0.01781381666660309, 'learning_rate': 0.0001, 'epoch': 4.56}
{'loss': 0.0225, 'grad_norm': 0.11360467970371246, 'learning_rate': 0.0001, 'epoch': 4.67}
{'loss': 0.0208, 'grad_norm': 0.05976036563515663, 'learning_rate': 0.0001, 'epoch': 4.78}
{'loss': 0.0216, 'grad_norm': 0.02299259603023529, 'learning_rate': 0.0001, 'epoch': 4.89}
{'loss': 0.0223, 'grad_norm': 0.06162142753601074, 'learning_rate': 0.0001, 'epoch': 5.0}
{'loss': 0.0218, 'grad_norm': 0.10737190395593643, 'learning_rate': 0.0001, 'epoch': 5.11}
{'loss': 0.0213, 'grad_norm': 0.05834704264998436, 'learning_rate': 0.0001, 'epoch': 5.22}
{'loss': 0.0205, 'grad_norm': 0.03325849771499634, 'learning_rate': 0.0001, 'epoch': 5.33}
{'loss': 0.0212, 'grad_norm': 0.07906357944011688, 'learning_rate': 0.0001, 'epoch': 5.44}
{'loss': 0.0211, 'grad_norm': 0.03626023232936859, 'learning_rate': 0.0001, 'epoch': 5.56}
{'loss': 0.0226, 'grad_norm': 0.12883977591991425, 'learning_rate': 0.0001, 'epoch': 5.67}
{'loss': 0.0188, 'grad_norm': 0.09579162299633026, 'learning_rate': 0.0001, 'epoch': 5.78}
{'loss': 0.0214, 'grad_norm': 0.050820864737033844, 'learning_rate': 0.0001, 'epoch': 5.89}
{'loss': 0.0219, 'grad_norm': 0.14087830483913422, 'learning_rate': 0.0001, 'epoch': 6.0}
{'loss': 0.0192, 'grad_norm': 0.2145320177078247, 'learning_rate': 0.0001, 'epoch': 6.11}
{'loss': 0.0285, 'grad_norm': 0.5963598489761353, 'learning_rate': 0.0001, 'epoch': 6.22}
{'loss': 0.0189, 'grad_norm': 0.1589987576007843, 'learning_rate': 0.0001, 'epoch': 6.33}
{'loss': 0.0179, 'grad_norm': 0.09469138830900192, 'learning_rate': 0.0001, 'epoch': 6.44}
{'loss': 0.0202, 'grad_norm': 0.0807027742266655, 'learning_rate': 0.0001, 'epoch': 6.56}
{'loss': 0.0182, 'grad_norm': 0.0787649154663086, 'learning_rate': 0.0001, 'epoch': 6.67}
{'loss': 0.0195, 'grad_norm': 0.15966936945915222, 'learning_rate': 0.0001, 'epoch': 6.78}
{'loss': 0.0214, 'grad_norm': 0.08818096667528152, 'learning_rate': 0.0001, 'epoch': 6.89}
{'loss': 0.0207, 'grad_norm': 0.1260833740234375, 'learning_rate': 0.0001, 'epoch': 7.0}
{'loss': 0.0168, 'grad_norm': 0.1362462192773819, 'learning_rate': 0.0001, 'epoch': 7.11}
{'loss': 0.0199, 'grad_norm': 0.15847009420394897, 'learning_rate': 0.0001, 'epoch': 7.22}
{'loss': 0.0182, 'grad_norm': 0.14966021478176117, 'learning_rate': 0.0001, 'epoch': 7.33}
{'loss': 0.0161, 'grad_norm': 0.2060428112745285, 'learning_rate': 0.0001, 'epoch': 7.44}
{'loss': 0.0131, 'grad_norm': 0.13699065148830414, 'learning_rate': 0.0001, 'epoch': 7.56}
{'loss': 0.019, 'grad_norm': 0.3402787148952484, 'learning_rate': 0.0001, 'epoch': 7.67}
{'loss': 0.0137, 'grad_norm': 0.6018984317779541, 'learning_rate': 0.0001, 'epoch': 7.78}
{'loss': 0.0185, 'grad_norm': 0.5078281164169312, 'learning_rate': 0.0001, 'epoch': 7.89}
{'loss': 0.0085, 'grad_norm': 0.3262559473514557, 'learning_rate': 0.0001, 'epoch': 8.0}
{'loss': 0.0086, 'grad_norm': 0.41066718101501465, 'learning_rate': 0.0001, 'epoch': 8.11}
{'loss': 0.0067, 'grad_norm': 0.20695286989212036, 'learning_rate': 0.0001, 'epoch': 8.22}
{'loss': 0.0119, 'grad_norm': 0.3755542039871216, 'learning_rate': 0.0001, 'epoch': 8.33}
{'loss': 0.0035, 'grad_norm': 0.16136692464351654, 'learning_rate': 0.0001, 'epoch': 8.44}
{'loss': 0.0103, 'grad_norm': 0.4607396721839905, 'learning_rate': 0.0001, 'epoch': 8.56}
{'loss': 0.0043, 'grad_norm': 0.1342318207025528, 'learning_rate': 0.0001, 'epoch': 8.67}
{'loss': 0.002, 'grad_norm': 0.1931833028793335, 'learning_rate': 0.0001, 'epoch': 8.78}
{'loss': 0.0066, 'grad_norm': 0.5864574313163757, 'learning_rate': 0.0001, 'epoch': 8.89}
{'loss': 0.0005, 'grad_norm': 0.0811474546790123, 'learning_rate': 0.0001, 'epoch': 9.0}
{'loss': 0.0179, 'grad_norm': 3.641613483428955, 'learning_rate': 0.0001, 'epoch': 9.11}
{'loss': 0.0008, 'grad_norm': 0.24051843583583832, 'learning_rate': 0.0001, 'epoch': 9.22}
{'loss': 0.0025, 'grad_norm': 0.5062127709388733, 'learning_rate': 0.0001, 'epoch': 9.33}
{'loss': 0.0001, 'grad_norm': 0.01528988964855671, 'learning_rate': 0.0001, 'epoch': 9.44}
{'loss': 0.0006, 'grad_norm': 0.0941203385591507, 'learning_rate': 0.0001, 'epoch': 9.56}
{'loss': 0.0194, 'grad_norm': 1.7686766386032104, 'learning_rate': 0.0001, 'epoch': 9.67}
{'loss': 0.0124, 'grad_norm': 0.9990026354789734, 'learning_rate': 0.0001, 'epoch': 9.78}
{'loss': 0.0428, 'grad_norm': 1.6552668809890747, 'learning_rate': 0.0001, 'epoch': 9.89}
{'loss': 0.0038, 'grad_norm': 0.26757511496543884, 'learning_rate': 0.0001, 'epoch': 10.0}
{'loss': 0.0041, 'grad_norm': 0.23800499737262726, 'learning_rate': 0.0001, 'epoch': 10.11}
{'loss': 0.0048, 'grad_norm': 0.2407549023628235, 'learning_rate': 0.0001, 'epoch': 10.22}
{'loss': 0.0079, 'grad_norm': 0.26246437430381775, 'learning_rate': 0.0001, 'epoch': 10.33}
{'loss': 0.0118, 'grad_norm': 0.7718077301979065, 'learning_rate': 0.0001, 'epoch': 10.44}
{'loss': 0.0129, 'grad_norm': 0.6525807976722717, 'learning_rate': 0.0001, 'epoch': 10.56}
{'loss': 0.0014, 'grad_norm': 0.06203557923436165, 'learning_rate': 0.0001, 'epoch': 10.67}
{'loss': 0.0133, 'grad_norm': 0.5301132798194885, 'learning_rate': 0.0001, 'epoch': 10.78}
{'loss': 0.006, 'grad_norm': 0.21970656514167786, 'learning_rate': 0.0001, 'epoch': 10.89}
{'loss': 0.0065, 'grad_norm': 0.30209168791770935, 'learning_rate': 0.0001, 'epoch': 11.0}
{'loss': 0.0274, 'grad_norm': 0.42809194326400757, 'learning_rate': 0.0001, 'epoch': 11.11}
{'loss': 0.0027, 'grad_norm': 0.1547718346118927, 'learning_rate': 0.0001, 'epoch': 11.22}
{'loss': 0.0136, 'grad_norm': 0.34449782967567444, 'learning_rate': 0.0001, 'epoch': 11.33}
{'loss': 0.0056, 'grad_norm': 0.26131919026374817, 'learning_rate': 0.0001, 'epoch': 11.44}
{'loss': 0.0074, 'grad_norm': 0.2928934395313263, 'learning_rate': 0.0001, 'epoch': 11.56}
{'loss': 0.0105, 'grad_norm': 0.46982261538505554, 'learning_rate': 0.0001, 'epoch': 11.67}
{'loss': 0.0002, 'grad_norm': 0.011581335216760635, 'learning_rate': 0.0001, 'epoch': 11.78}
{'loss': 0.0019, 'grad_norm': 0.14154969155788422, 'learning_rate': 0.0001, 'epoch': 11.89}
{'loss': 0.0017, 'grad_norm': 0.15866723656654358, 'learning_rate': 0.0001, 'epoch': 12.0}
{'loss': 0.0005, 'grad_norm': 0.06648251414299011, 'learning_rate': 0.0001, 'epoch': 12.11}
{'loss': 0.0007, 'grad_norm': 0.1352205127477646, 'learning_rate': 0.0001, 'epoch': 12.22}
{'loss': 0.0, 'grad_norm': 0.0016817081486806273, 'learning_rate': 0.0001, 'epoch': 12.33}
{'loss': 0.0, 'grad_norm': 0.0018951104721054435, 'learning_rate': 0.0001, 'epoch': 12.44}
{'loss': 0.0, 'grad_norm': 0.002232948085293174, 'learning_rate': 0.0001, 'epoch': 12.56}
{'loss': 0.0001, 'grad_norm': 0.021156562492251396, 'learning_rate': 0.0001, 'epoch': 12.67}
{'loss': 0.0001, 'grad_norm': 0.021824399009346962, 'learning_rate': 0.0001, 'epoch': 12.78}
{'loss': 0.0294, 'grad_norm': 0.9484148621559143, 'learning_rate': 0.0001, 'epoch': 12.89}
{'loss': 0.0, 'grad_norm': 0.0016689643962308764, 'learning_rate': 0.0001, 'epoch': 13.0}
{'loss': 0.0, 'grad_norm': 0.002227570628747344, 'learning_rate': 0.0001, 'epoch': 13.11}
{'loss': 0.0001, 'grad_norm': 0.006044433917850256, 'learning_rate': 0.0001, 'epoch': 13.22}
{'loss': 0.0004, 'grad_norm': 0.023705409839749336, 'learning_rate': 0.0001, 'epoch': 13.33}
{'loss': 0.0002, 'grad_norm': 0.016193130984902382, 'learning_rate': 0.0001, 'epoch': 13.44}
{'loss': 0.0003, 'grad_norm': 0.018271291628479958, 'learning_rate': 0.0001, 'epoch': 13.56}
{'loss': 0.0011, 'grad_norm': 0.10373860597610474, 'learning_rate': 0.0001, 'epoch': 13.67}
{'loss': 0.0002, 'grad_norm': 0.02620449662208557, 'learning_rate': 0.0001, 'epoch': 13.78}
{'loss': 0.003, 'grad_norm': 0.41846945881843567, 'learning_rate': 0.0001, 'epoch': 13.89}
{'loss': 0.0017, 'grad_norm': 0.16266416013240814, 'learning_rate': 0.0001, 'epoch': 14.0}
{'loss': 0.0001, 'grad_norm': 0.005611632019281387, 'learning_rate': 0.0001, 'epoch': 14.11}
{'loss': 0.0001, 'grad_norm': 0.007313088048249483, 'learning_rate': 0.0001, 'epoch': 14.22}
{'loss': 0.0005, 'grad_norm': 0.05202143266797066, 'learning_rate': 0.0001, 'epoch': 14.33}
{'loss': 0.0001, 'grad_norm': 0.0123042743653059, 'learning_rate': 0.0001, 'epoch': 14.44}
{'loss': 0.0003, 'grad_norm': 0.03255288302898407, 'learning_rate': 0.0001, 'epoch': 14.56}
{'loss': 0.0001, 'grad_norm': 0.003575142938643694, 'learning_rate': 0.0001, 'epoch': 14.67}
{'loss': 0.0, 'grad_norm': 0.0029846318066120148, 'learning_rate': 0.0001, 'epoch': 14.78}
{'loss': 0.0001, 'grad_norm': 0.005062497686594725, 'learning_rate': 0.0001, 'epoch': 14.89}
{'loss': 0.0003, 'grad_norm': 0.06999792903661728, 'learning_rate': 0.0001, 'epoch': 15.0}
{'loss': 0.0004, 'grad_norm': 0.06379708647727966, 'learning_rate': 0.0001, 'epoch': 15.11}
{'loss': 0.0, 'grad_norm': 0.0027463657315820456, 'learning_rate': 0.0001, 'epoch': 15.22}
{'loss': 0.0001, 'grad_norm': 0.006534531246870756, 'learning_rate': 0.0001, 'epoch': 15.33}
{'loss': 0.0, 'grad_norm': 0.0017791030695661902, 'learning_rate': 0.0001, 'epoch': 15.44}
{'loss': 0.0, 'grad_norm': 0.0020157299004495144, 'learning_rate': 0.0001, 'epoch': 15.56}
{'loss': 0.0, 'grad_norm': 0.0013400813331827521, 'learning_rate': 0.0001, 'epoch': 15.67}
{'loss': 0.0, 'grad_norm': 0.0005999832646921277, 'learning_rate': 0.0001, 'epoch': 15.78}
{'loss': 0.0, 'grad_norm': 0.0009628440602682531, 'learning_rate': 0.0001, 'epoch': 15.89}
{'loss': 0.0, 'grad_norm': 0.0009581238846294582, 'learning_rate': 0.0001, 'epoch': 16.0}
{'train_runtime': 1402.7613, 'train_samples_per_second': 0.821, 'train_steps_per_second': 0.103, 'train_loss': 0.029645334603578197, 'epoch': 16.0}
{
  "adapter_files": {
    "README.md": {
      "bytes": 5380,
      "sha256": "b9264f0629a47970c39d6f80142bbaf6e5cb5ddb4e4e372105f879493d562b8a"
    },
    "adapter_config.json": {
      "bytes": 1297,
      "sha256": "c16f725f26abcbe93bbac98cdf9bb182f98b84e81445f8ed4227220e20208158"
    },
    "adapter_model.safetensors": {
      "bytes": 83945296,
      "sha256": "b38fa78b949d75e31275d3c9c071a4ae970a5da12d9e353f21592c4e2549f4eb"
    }
  },
  "arm": "MARGIN_HOMOGENEOUS_DISPERSED",
  "candidate_manifest_sha256": "580a9d7d79b912737e6bb833eb6497ab3edb7e192c4d80ea52c01836415eef76",
  "contract_sha256": "0923c3c84c5070f354ec799fb4e64abc5a0ac1b717e1814b30648b984aa1194a",
  "determinism": {
    "cublas_workspace_config": ":4096:8",
    "deterministic_algorithms": true,
    "seed": 2026083126
  },
  "final_trainable_parameters": 20971520,
  "final_trainable_sha256": "29732101682eef658a9dd7bbf5172a492102f4d1779f92791ca8569d82b986a8",
  "global_step": 144,
  "initial_trainable_sha256": "910fa7603c0ce4f5d135202e8347e4323f308af0a754c7d9911d5d79946ac257",
  "input_lock_sha256": "5da18b7cd09dd98f537d389c6766fec9f65df9377cae1da2a38e7722424c6040",
  "peak_allocated_bytes": 5401586688,
  "peak_reserved_bytes": 5565841408,
  "row_order_sha256": "2dfc41ec20bf4879e614d9bf90c97517ce5ca75534efa1cac105d9af26ed31eb",
  "runtime_seconds": 1403.0099468231201,
  "schema": "cfe.dd1.train-run.v1",
  "seed": 2026083126,
  "status": "TRAINING_COMPLETE__EFFECT_UNQUALIFIED",
  "token_reference_sha256": "67772ae4c9e3c859a076730ce42eaa704ceb81aac13e4dc44f4f7840fe2b4560",
  "train_result": {
    "epoch": 16.0,
    "total_flos": 1.0565324689637376e+16,
    "train_loss": 0.029645334603578197,
    "train_runtime": 1402.7613,
    "train_samples_per_second": 0.821,
    "train_steps_per_second": 0.103
  },
  "trainable_parameters": 20971520
}
