W0831 00:20:13.964000 31308 Lib\site-packages\torch\utils\flop_counter.py:29] triton not found; flop counting will not work for triton kernels

Loading checkpoint shards:   0%|          | 0/3 [00:00<?, ?it/s]
Loading checkpoint shards:  33%|███▎      | 1/3 [00:06<00:12,  6.04s/it]
Loading checkpoint shards:  67%|██████▋   | 2/3 [00:12<00:06,  6.07s/it]
Loading checkpoint shards: 100%|██████████| 3/3 [00:17<00:00,  5.89s/it]
Loading checkpoint shards: 100%|██████████| 3/3 [00:17<00:00,  5.93s/it]

  0%|          | 0/72 [00:00<?, ?it/s]
  1%|▏         | 1/72 [00:10<12:43, 10.75s/it]
                                              

  1%|▏         | 1/72 [00:10<12:43, 10.75s/it]
  3%|▎         | 2/72 [00:20<11:56, 10.23s/it]
                                              

  3%|▎         | 2/72 [00:20<11:56, 10.23s/it]
  4%|▍         | 3/72 [00:30<11:31, 10.02s/it]
                                              

  4%|▍         | 3/72 [00:30<11:31, 10.02s/it]
  6%|▌         | 4/72 [00:43<12:47, 11.28s/it]
                                              

  6%|▌         | 4/72 [00:43<12:47, 11.28s/it]
  7%|▋         | 5/72 [00:53<12:02, 10.78s/it]
                                              

  7%|▋         | 5/72 [00:53<12:02, 10.78s/it]
  8%|▊         | 6/72 [01:06<12:36, 11.46s/it]
                                              

  8%|▊         | 6/72 [01:06<12:36, 11.46s/it]
 10%|▉         | 7/72 [01:16<11:50, 10.93s/it]
                                              

 10%|▉         | 7/72 [01:16<11:50, 10.93s/it]
 11%|█         | 8/72 [01:26<11:18, 10.60s/it]
                                              

 11%|█         | 8/72 [01:26<11:18, 10.60s/it]
 12%|█▎        | 9/72 [01:36<10:56, 10.41s/it]
                                              

 12%|█▎        | 9/72 [01:36<10:56, 10.41s/it]
 14%|█▍        | 10/72 [01:45<10:34, 10.24s/it]
                                               

 14%|█▍        | 10/72 [01:45<10:34, 10.24s/it]
 15%|█▌        | 11/72 [01:55<10:17, 10.12s/it]
                                               

 15%|█▌        | 11/72 [01:55<10:17, 10.12s/it]
 17%|█▋        | 12/72 [02:05<10:04, 10.07s/it]
                                               

 17%|█▋        | 12/72 [02:05<10:04, 10.07s/it]
 18%|█▊        | 13/72 [02:15<09:50, 10.01s/it]
                                               

 18%|█▊        | 13/72 [02:15<09:50, 10.01s/it]
 19%|█▉        | 14/72 [02:26<09:59, 10.33s/it]
                                               

 19%|█▉        | 14/72 [02:26<09:59, 10.33s/it]
 21%|██        | 15/72 [02:38<10:12, 10.75s/it]
                                               

 21%|██        | 15/72 [02:38<10:12, 10.75s/it]
 22%|██▏       | 16/72 [02:49<10:05, 10.81s/it]
                                               

 22%|██▏       | 16/72 [02:49<10:05, 10.81s/it]
 24%|██▎       | 17/72 [03:00<09:57, 10.87s/it]
                                               

 24%|██▎       | 17/72 [03:00<09:57, 10.87s/it]
 25%|██▌       | 18/72 [03:14<10:42, 11.90s/it]
                                               

 25%|██▌       | 18/72 [03:14<10:42, 11.90s/it]
 26%|██▋       | 19/72 [03:25<10:16, 11.64s/it]
                                               

 26%|██▋       | 19/72 [03:25<10:16, 11.64s/it]
 28%|██▊       | 20/72 [03:36<10:00, 11.55s/it]
                                               

 28%|██▊       | 20/72 [03:36<10:00, 11.55s/it]
 29%|██▉       | 21/72 [03:50<10:24, 12.25s/it]
                                               

 29%|██▉       | 21/72 [03:50<10:24, 12.25s/it]
 31%|███       | 22/72 [04:01<09:53, 11.86s/it]
                                               

 31%|███       | 22/72 [04:01<09:53, 11.86s/it]
 32%|███▏      | 23/72 [04:15<10:14, 12.55s/it]
                                               

 32%|███▏      | 23/72 [04:15<10:14, 12.55s/it]
 33%|███▎      | 24/72 [04:26<09:40, 12.09s/it]
                                               

 33%|███▎      | 24/72 [04:26<09:40, 12.09s/it]
 35%|███▍      | 25/72 [04:40<09:49, 12.55s/it]
                                               

 35%|███▍      | 25/72 [04:40<09:49, 12.55s/it]
 36%|███▌      | 26/72 [04:51<09:15, 12.07s/it]
                                               

 36%|███▌      | 26/72 [04:51<09:15, 12.07s/it]
 38%|███▊      | 27/72 [05:03<08:57, 11.95s/it]
                                               

 38%|███▊      | 27/72 [05:03<08:57, 11.95s/it]
 39%|███▉      | 28/72 [05:15<08:47, 12.00s/it]
                                               

 39%|███▉      | 28/72 [05:15<08:47, 12.00s/it]
 40%|████      | 29/72 [05:30<09:14, 12.89s/it]
                                               

 40%|████      | 29/72 [05:30<09:14, 12.89s/it]
 42%|████▏     | 30/72 [05:41<08:43, 12.46s/it]
                                               

 42%|████▏     | 30/72 [05:41<08:43, 12.46s/it]
 43%|████▎     | 31/72 [05:52<08:13, 12.04s/it]
                                               

 43%|████▎     | 31/72 [05:52<08:13, 12.04s/it]
 44%|████▍     | 32/72 [06:03<07:51, 11.78s/it]
                                               

 44%|████▍     | 32/72 [06:03<07:51, 11.78s/it]
 46%|████▌     | 33/72 [06:18<08:06, 12.46s/it]
                                               

 46%|████▌     | 33/72 [06:18<08:06, 12.46s/it]
 47%|████▋     | 34/72 [06:28<07:35, 11.99s/it]
                                               

 47%|████▋     | 34/72 [06:28<07:35, 11.99s/it]
 49%|████▊     | 35/72 [06:42<07:44, 12.55s/it]
                                               

 49%|████▊     | 35/72 [06:42<07:44, 12.55s/it]
 50%|█████     | 36/72 [06:53<07:13, 12.05s/it]
                                               

 50%|█████     | 36/72 [06:53<07:13, 12.05s/it]
 51%|█████▏    | 37/72 [07:03<06:42, 11.50s/it]
                                               

 51%|█████▏    | 37/72 [07:03<06:42, 11.50s/it]
 53%|█████▎    | 38/72 [07:14<06:23, 11.28s/it]
                                               

 53%|█████▎    | 38/72 [07:14<06:23, 11.28s/it]
 54%|█████▍    | 39/72 [07:24<06:01, 10.97s/it]
                                               

 54%|█████▍    | 39/72 [07:24<06:01, 10.97s/it]
 56%|█████▌    | 40/72 [07:35<05:43, 10.75s/it]
                                               

 56%|█████▌    | 40/72 [07:35<05:43, 10.75s/it]
 57%|█████▋    | 41/72 [07:45<05:26, 10.55s/it]
                                               

 57%|█████▋    | 41/72 [07:45<05:26, 10.55s/it]
 58%|█████▊    | 42/72 [07:55<05:13, 10.46s/it]
                                               

 58%|█████▊    | 42/72 [07:55<05:13, 10.46s/it]
 60%|█████▉    | 43/72 [08:05<05:02, 10.42s/it]
                                               

 60%|█████▉    | 43/72 [08:05<05:02, 10.42s/it]
 61%|██████    | 44/72 [08:16<04:50, 10.36s/it]
                                               

 61%|██████    | 44/72 [08:16<04:50, 10.36s/it]
 62%|██████▎   | 45/72 [08:26<04:40, 10.38s/it]
                                               

 62%|██████▎   | 45/72 [08:26<04:40, 10.38s/it]
 64%|██████▍   | 46/72 [08:36<04:30, 10.39s/it]
                                               

 64%|██████▍   | 46/72 [08:36<04:30, 10.39s/it]
 65%|██████▌   | 47/72 [08:47<04:18, 10.36s/it]
                                               

 65%|██████▌   | 47/72 [08:47<04:18, 10.36s/it]
 67%|██████▋   | 48/72 [08:58<04:13, 10.56s/it]
                                               

 67%|██████▋   | 48/72 [08:58<04:13, 10.56s/it]
 68%|██████▊   | 49/72 [09:08<03:59, 10.42s/it]
                                               

 68%|██████▊   | 49/72 [09:08<03:59, 10.42s/it]
 69%|██████▉   | 50/72 [09:18<03:47, 10.36s/it]
                                               

 69%|██████▉   | 50/72 [09:18<03:47, 10.36s/it]
 71%|███████   | 51/72 [09:28<03:36, 10.32s/it]
                                               

 71%|███████   | 51/72 [09:28<03:36, 10.32s/it]
 72%|███████▏  | 52/72 [09:41<03:42, 11.14s/it]
                                               

 72%|███████▏  | 52/72 [09:41<03:42, 11.14s/it]
 74%|███████▎  | 53/72 [09:52<03:30, 11.07s/it]
                                               

 74%|███████▎  | 53/72 [09:52<03:30, 11.07s/it]
 75%|███████▌  | 54/72 [10:05<03:28, 11.61s/it]
                                               

 75%|███████▌  | 54/72 [10:05<03:28, 11.61s/it]
 76%|███████▋  | 55/72 [10:16<03:12, 11.31s/it]
                                               

 76%|███████▋  | 55/72 [10:16<03:12, 11.31s/it]
 78%|███████▊  | 56/72 [10:26<02:55, 10.94s/it]
                                               

 78%|███████▊  | 56/72 [10:26<02:55, 10.94s/it]
 79%|███████▉  | 57/72 [10:37<02:44, 10.94s/it]
                                               

 79%|███████▉  | 57/72 [10:37<02:44, 10.94s/it]
 81%|████████  | 58/72 [10:48<02:36, 11.21s/it]
                                               

 81%|████████  | 58/72 [10:48<02:36, 11.21s/it]
 82%|████████▏ | 59/72 [11:00<02:24, 11.15s/it]
                                               

 82%|████████▏ | 59/72 [11:00<02:24, 11.15s/it]
 83%|████████▎ | 60/72 [11:11<02:15, 11.26s/it]
                                               

 83%|████████▎ | 60/72 [11:11<02:15, 11.26s/it]
 85%|████████▍ | 61/72 [11:22<02:04, 11.32s/it]
                                               

 85%|████████▍ | 61/72 [11:22<02:04, 11.32s/it]
 86%|████████▌ | 62/72 [11:33<01:52, 11.22s/it]
                                               

 86%|████████▌ | 62/72 [11:33<01:52, 11.22s/it]
 88%|████████▊ | 63/72 [11:45<01:40, 11.21s/it]
                                               

 88%|████████▊ | 63/72 [11:45<01:40, 11.21s/it]
 89%|████████▉ | 64/72 [11:56<01:29, 11.16s/it]
                                               

 89%|████████▉ | 64/72 [11:56<01:29, 11.16s/it]
 90%|█████████ | 65/72 [12:07<01:18, 11.17s/it]
                                               

 90%|█████████ | 65/72 [12:07<01:18, 11.17s/it]
 92%|█████████▏| 66/72 [12:18<01:06, 11.15s/it]
                                               

 92%|█████████▏| 66/72 [12:18<01:06, 11.15s/it]
 93%|█████████▎| 67/72 [12:29<00:55, 11.19s/it]
                                               

 93%|█████████▎| 67/72 [12:29<00:55, 11.19s/it]
 94%|█████████▍| 68/72 [12:40<00:44, 11.19s/it]
                                               

 94%|█████████▍| 68/72 [12:40<00:44, 11.19s/it]
 96%|█████████▌| 69/72 [12:51<00:33, 11.12s/it]
                                               

 96%|█████████▌| 69/72 [12:51<00:33, 11.12s/it]
 97%|█████████▋| 70/72 [13:02<00:22, 11.06s/it]
                                               

 97%|█████████▋| 70/72 [13:02<00:22, 11.06s/it]
 99%|█████████▊| 71/72 [13:13<00:11, 11.05s/it]
                                               

 99%|█████████▊| 71/72 [13:13<00:11, 11.05s/it]
100%|██████████| 72/72 [13:28<00:00, 11.99s/it]
                                               

100%|██████████| 72/72 [13:28<00:00, 11.99s/it]
                                               

100%|██████████| 72/72 [13:28<00:00, 11.99s/it]
100%|██████████| 72/72 [13:28<00:00, 11.22s/it]
