
=== ATTEMPT 1 RC 0 ===
{'loss': 1.0534, 'grad_norm': 33.36365509033203, 'learning_rate': 0.0001, 'epoch': 0.11}
{'loss': 0.242, 'grad_norm': 6.304940223693848, 'learning_rate': 0.0001, 'epoch': 0.22}
{'loss': 0.028, 'grad_norm': 1.2913583517074585, 'learning_rate': 0.0001, 'epoch': 0.33}
{'loss': 0.0742, 'grad_norm': 1.9830453395843506, 'learning_rate': 0.0001, 'epoch': 0.44}
{'loss': 0.0339, 'grad_norm': 1.3006281852722168, 'learning_rate': 0.0001, 'epoch': 0.56}
{'loss': 0.0258, 'grad_norm': 0.3477846682071686, 'learning_rate': 0.0001, 'epoch': 0.67}
{'loss': 0.0218, 'grad_norm': 0.10342589765787125, 'learning_rate': 0.0001, 'epoch': 0.78}
{'loss': 0.0351, 'grad_norm': 0.47039663791656494, 'learning_rate': 0.0001, 'epoch': 0.89}
{'loss': 0.0186, 'grad_norm': 0.09187108278274536, 'learning_rate': 0.0001, 'epoch': 1.0}
{'loss': 0.0211, 'grad_norm': 0.05354965478181839, 'learning_rate': 0.0001, 'epoch': 1.11}
{'loss': 0.023, 'grad_norm': 0.1339983493089676, 'learning_rate': 0.0001, 'epoch': 1.22}
{'loss': 0.0211, 'grad_norm': 0.08387965708971024, 'learning_rate': 0.0001, 'epoch': 1.33}
{'loss': 0.0209, 'grad_norm': 0.046672895550727844, 'learning_rate': 0.0001, 'epoch': 1.44}
{'loss': 0.0211, 'grad_norm': 0.10211003571748734, 'learning_rate': 0.0001, 'epoch': 1.56}
{'loss': 0.0303, 'grad_norm': 0.3323118984699249, 'learning_rate': 0.0001, 'epoch': 1.67}
{'loss': 0.0254, 'grad_norm': 0.22035056352615356, 'learning_rate': 0.0001, 'epoch': 1.78}
{'loss': 0.0217, 'grad_norm': 0.09163103252649307, 'learning_rate': 0.0001, 'epoch': 1.89}
{'loss': 0.0188, 'grad_norm': 0.11801375448703766, 'learning_rate': 0.0001, 'epoch': 2.0}
{'loss': 0.0209, 'grad_norm': 0.07075878232717514, 'learning_rate': 0.0001, 'epoch': 2.11}
{'loss': 0.0303, 'grad_norm': 0.28229352831840515, 'learning_rate': 0.0001, 'epoch': 2.22}
{'loss': 0.0277, 'grad_norm': 0.20730338990688324, 'learning_rate': 0.0001, 'epoch': 2.33}
{'loss': 0.0244, 'grad_norm': 0.14122864603996277, 'learning_rate': 0.0001, 'epoch': 2.44}
{'loss': 0.0213, 'grad_norm': 0.08164715021848679, 'learning_rate': 0.0001, 'epoch': 2.56}
{'loss': 0.0235, 'grad_norm': 0.15433600544929504, 'learning_rate': 0.0001, 'epoch': 2.67}
{'loss': 0.0258, 'grad_norm': 0.19075928628444672, 'learning_rate': 0.0001, 'epoch': 2.78}
{'loss': 0.0208, 'grad_norm': 0.057390935719013214, 'learning_rate': 0.0001, 'epoch': 2.89}
{'loss': 0.025, 'grad_norm': 0.19890421628952026, 'learning_rate': 0.0001, 'epoch': 3.0}
{'loss': 0.0219, 'grad_norm': 0.07803761214017868, 'learning_rate': 0.0001, 'epoch': 3.11}
{'loss': 0.0226, 'grad_norm': 0.11279469728469849, 'learning_rate': 0.0001, 'epoch': 3.22}
{'loss': 0.0234, 'grad_norm': 0.13051854074001312, 'learning_rate': 0.0001, 'epoch': 3.33}
{'loss': 0.0229, 'grad_norm': 0.11761890351772308, 'learning_rate': 0.0001, 'epoch': 3.44}
{'loss': 0.0219, 'grad_norm': 0.09608778357505798, 'learning_rate': 0.0001, 'epoch': 3.56}
{'loss': 0.0206, 'grad_norm': 0.0931866243481636, 'learning_rate': 0.0001, 'epoch': 3.67}
{'loss': 0.0213, 'grad_norm': 0.1039980873465538, 'learning_rate': 0.0001, 'epoch': 3.78}
{'loss': 0.0203, 'grad_norm': 0.06076371669769287, 'learning_rate': 0.0001, 'epoch': 3.89}
{'loss': 0.0211, 'grad_norm': 0.19916732609272003, 'learning_rate': 0.0001, 'epoch': 4.0}
{'loss': 0.0189, 'grad_norm': 0.08426931500434875, 'learning_rate': 0.0001, 'epoch': 4.11}
{'loss': 0.0263, 'grad_norm': 0.5748550295829773, 'learning_rate': 0.0001, 'epoch': 4.22}
{'loss': 0.0192, 'grad_norm': 0.13296161592006683, 'learning_rate': 0.0001, 'epoch': 4.33}
{'loss': 0.0182, 'grad_norm': 0.0767064169049263, 'learning_rate': 0.0001, 'epoch': 4.44}
{'loss': 0.0185, 'grad_norm': 0.10035206377506256, 'learning_rate': 0.0001, 'epoch': 4.56}
{'loss': 0.0242, 'grad_norm': 0.2719562351703644, 'learning_rate': 0.0001, 'epoch': 4.67}
{'loss': 0.021, 'grad_norm': 0.2085300236940384, 'learning_rate': 0.0001, 'epoch': 4.78}
{'loss': 0.0182, 'grad_norm': 0.09074684232473373, 'learning_rate': 0.0001, 'epoch': 4.89}
{'loss': 0.0152, 'grad_norm': 0.1611345410346985, 'learning_rate': 0.0001, 'epoch': 5.0}
{'loss': 0.0161, 'grad_norm': 0.11558026820421219, 'learning_rate': 0.0001, 'epoch': 5.11}
{'loss': 0.0209, 'grad_norm': 0.2451409548521042, 'learning_rate': 0.0001, 'epoch': 5.22}
{'loss': 0.0236, 'grad_norm': 0.29283013939857483, 'learning_rate': 0.0001, 'epoch': 5.33}
{'loss': 0.0161, 'grad_norm': 0.284149169921875, 'learning_rate': 0.0001, 'epoch': 5.44}
{'loss': 0.019, 'grad_norm': 0.43087172508239746, 'learning_rate': 0.0001, 'epoch': 5.56}
{'loss': 0.0212, 'grad_norm': 0.5686076283454895, 'learning_rate': 0.0001, 'epoch': 5.67}
{'loss': 0.012, 'grad_norm': 0.22490406036376953, 'learning_rate': 0.0001, 'epoch': 5.78}
{'loss': 0.0149, 'grad_norm': 0.25166943669319153, 'learning_rate': 0.0001, 'epoch': 5.89}
{'loss': 0.0103, 'grad_norm': 0.19913476705551147, 'learning_rate': 0.0001, 'epoch': 6.0}
{'loss': 0.0148, 'grad_norm': 0.397839218378067, 'learning_rate': 0.0001, 'epoch': 6.11}
{'loss': 0.0074, 'grad_norm': 0.42005032300949097, 'learning_rate': 0.0001, 'epoch': 6.22}
{'loss': 0.0052, 'grad_norm': 0.5335870981216431, 'learning_rate': 0.0001, 'epoch': 6.33}
{'loss': 0.0095, 'grad_norm': 0.7469713091850281, 'learning_rate': 0.0001, 'epoch': 6.44}
{'loss': 0.0193, 'grad_norm': 1.4046227931976318, 'learning_rate': 0.0001, 'epoch': 6.56}
{'loss': 0.0051, 'grad_norm': 0.3133002817630768, 'learning_rate': 0.0001, 'epoch': 6.67}
{'loss': 0.0105, 'grad_norm': 1.750857949256897, 'learning_rate': 0.0001, 'epoch': 6.78}
{'loss': 0.0058, 'grad_norm': 0.3055136501789093, 'learning_rate': 0.0001, 'epoch': 6.89}
{'loss': 0.0092, 'grad_norm': 0.19040586054325104, 'learning_rate': 0.0001, 'epoch': 7.0}
{'loss': 0.005, 'grad_norm': 0.16466015577316284, 'learning_rate': 0.0001, 'epoch': 7.11}
{'loss': 0.0107, 'grad_norm': 0.3978448510169983, 'learning_rate': 0.0001, 'epoch': 7.22}
{'loss': 0.0127, 'grad_norm': 0.5215688943862915, 'learning_rate': 0.0001, 'epoch': 7.33}
{'loss': 0.011, 'grad_norm': 0.5091996192932129, 'learning_rate': 0.0001, 'epoch': 7.44}
{'loss': 0.0145, 'grad_norm': 0.6422120332717896, 'learning_rate': 0.0001, 'epoch': 7.56}
{'loss': 0.0296, 'grad_norm': 0.8606087565422058, 'learning_rate': 0.0001, 'epoch': 7.67}
{'loss': 0.0121, 'grad_norm': 0.23121514916419983, 'learning_rate': 0.0001, 'epoch': 7.78}
{'loss': 0.0098, 'grad_norm': 0.16313765943050385, 'learning_rate': 0.0001, 'epoch': 7.89}
{'loss': 0.0099, 'grad_norm': 0.1565481424331665, 'learning_rate': 0.0001, 'epoch': 8.0}
{'loss': 0.0105, 'grad_norm': 0.1379205286502838, 'learning_rate': 0.0001, 'epoch': 8.11}
{'loss': 0.0135, 'grad_norm': 0.2769101560115814, 'learning_rate': 0.0001, 'epoch': 8.22}
{'loss': 0.0206, 'grad_norm': 0.2744503617286682, 'learning_rate': 0.0001, 'epoch': 8.33}
{'loss': 0.0138, 'grad_norm': 0.36365458369255066, 'learning_rate': 0.0001, 'epoch': 8.44}
{'loss': 0.0068, 'grad_norm': 0.2271207869052887, 'learning_rate': 0.0001, 'epoch': 8.56}
{'loss': 0.0044, 'grad_norm': 0.1510462462902069, 'learning_rate': 0.0001, 'epoch': 8.67}
{'loss': 0.0026, 'grad_norm': 0.17086055874824524, 'learning_rate': 0.0001, 'epoch': 8.78}
{'loss': 0.0006, 'grad_norm': 0.04984274506568909, 'learning_rate': 0.0001, 'epoch': 8.89}
{'loss': 0.0029, 'grad_norm': 0.3152465224266052, 'learning_rate': 0.0001, 'epoch': 9.0}
{'loss': 0.0296, 'grad_norm': 1.5060408115386963, 'learning_rate': 0.0001, 'epoch': 9.11}
{'loss': 0.0165, 'grad_norm': 1.1722488403320312, 'learning_rate': 0.0001, 'epoch': 9.22}
{'loss': 0.0234, 'grad_norm': 0.6372827291488647, 'learning_rate': 0.0001, 'epoch': 9.33}
{'loss': 0.0038, 'grad_norm': 0.9072954654693604, 'learning_rate': 0.0001, 'epoch': 9.44}
{'loss': 0.0209, 'grad_norm': 0.9356715083122253, 'learning_rate': 0.0001, 'epoch': 9.56}
{'loss': 0.0042, 'grad_norm': 0.15330831706523895, 'learning_rate': 0.0001, 'epoch': 9.67}
{'loss': 0.0043, 'grad_norm': 0.20174823701381683, 'learning_rate': 0.0001, 'epoch': 9.78}
{'loss': 0.0033, 'grad_norm': 0.12697826325893402, 'learning_rate': 0.0001, 'epoch': 9.89}
{'loss': 0.0072, 'grad_norm': 0.26959824562072754, 'learning_rate': 0.0001, 'epoch': 10.0}
{'loss': 0.0048, 'grad_norm': 0.12984754145145416, 'learning_rate': 0.0001, 'epoch': 10.11}
{'loss': 0.0019, 'grad_norm': 0.07134079188108444, 'learning_rate': 0.0001, 'epoch': 10.22}
{'loss': 0.0031, 'grad_norm': 0.13415545225143433, 'learning_rate': 0.0001, 'epoch': 10.33}
{'loss': 0.0022, 'grad_norm': 0.1263464391231537, 'learning_rate': 0.0001, 'epoch': 10.44}
{'loss': 0.0012, 'grad_norm': 0.05992729961872101, 'learning_rate': 0.0001, 'epoch': 10.56}
{'loss': 0.0006, 'grad_norm': 0.058496538549661636, 'learning_rate': 0.0001, 'epoch': 10.67}
{'loss': 0.0003, 'grad_norm': 0.013956993818283081, 'learning_rate': 0.0001, 'epoch': 10.78}
{'loss': 0.0002, 'grad_norm': 0.012259251438081264, 'learning_rate': 0.0001, 'epoch': 10.89}
{'loss': 0.0111, 'grad_norm': 0.44898322224617004, 'learning_rate': 0.0001, 'epoch': 11.0}
{'loss': 0.0002, 'grad_norm': 0.012735447846353054, 'learning_rate': 0.0001, 'epoch': 11.11}
{'loss': 0.0001, 'grad_norm': 0.003155536949634552, 'learning_rate': 0.0001, 'epoch': 11.22}
{'loss': 0.0002, 'grad_norm': 0.012653911486268044, 'learning_rate': 0.0001, 'epoch': 11.33}
{'loss': 0.0025, 'grad_norm': 0.2901255786418915, 'learning_rate': 0.0001, 'epoch': 11.44}
{'loss': 0.0005, 'grad_norm': 0.14505186676979065, 'learning_rate': 0.0001, 'epoch': 11.56}
{'loss': 0.0002, 'grad_norm': 0.014078800566494465, 'learning_rate': 0.0001, 'epoch': 11.67}
{'loss': 0.0001, 'grad_norm': 0.0029409376438707113, 'learning_rate': 0.0001, 'epoch': 11.78}
{'loss': 0.0, 'grad_norm': 0.0017599576385691762, 'learning_rate': 0.0001, 'epoch': 11.89}
{'loss': 0.0001, 'grad_norm': 0.0043900818563997746, 'learning_rate': 0.0001, 'epoch': 12.0}
{'loss': 0.0001, 'grad_norm': 0.005261593498289585, 'learning_rate': 0.0001, 'epoch': 12.11}
{'loss': 0.0001, 'grad_norm': 0.003164374502375722, 'learning_rate': 0.0001, 'epoch': 12.22}
{'loss': 0.0001, 'grad_norm': 0.002511062892153859, 'learning_rate': 0.0001, 'epoch': 12.33}
{'loss': 0.0001, 'grad_norm': 0.003172359662130475, 'learning_rate': 0.0001, 'epoch': 12.44}
{'loss': 0.0001, 'grad_norm': 0.002051185118034482, 'learning_rate': 0.0001, 'epoch': 12.56}
{'loss': 0.0001, 'grad_norm': 0.002928710775449872, 'learning_rate': 0.0001, 'epoch': 12.67}
{'loss': 0.0, 'grad_norm': 0.0019448210950940847, 'learning_rate': 0.0001, 'epoch': 12.78}
{'loss': 0.0, 'grad_norm': 0.0013537073973566294, 'learning_rate': 0.0001, 'epoch': 12.89}
{'loss': 0.0, 'grad_norm': 0.002478565089404583, 'learning_rate': 0.0001, 'epoch': 13.0}
{'loss': 0.0001, 'grad_norm': 0.002416694536805153, 'learning_rate': 0.0001, 'epoch': 13.11}
{'loss': 0.0001, 'grad_norm': 0.0047420538030564785, 'learning_rate': 0.0001, 'epoch': 13.22}
{'loss': 0.0, 'grad_norm': 0.0014357671607285738, 'learning_rate': 0.0001, 'epoch': 13.33}
{'loss': 0.0, 'grad_norm': 0.001525281579233706, 'learning_rate': 0.0001, 'epoch': 13.44}
{'loss': 0.0, 'grad_norm': 0.0011894451454281807, 'learning_rate': 0.0001, 'epoch': 13.56}
{'loss': 0.0, 'grad_norm': 0.001429920899681747, 'learning_rate': 0.0001, 'epoch': 13.67}
{'loss': 0.0, 'grad_norm': 0.0008682154002599418, 'learning_rate': 0.0001, 'epoch': 13.78}
{'loss': 0.0, 'grad_norm': 0.001650889520533383, 'learning_rate': 0.0001, 'epoch': 13.89}
{'loss': 0.0, 'grad_norm': 0.0008663717308081686, 'learning_rate': 0.0001, 'epoch': 14.0}
{'loss': 0.0, 'grad_norm': 0.001064993441104889, 'learning_rate': 0.0001, 'epoch': 14.11}
{'loss': 0.0, 'grad_norm': 0.0023231254890561104, 'learning_rate': 0.0001, 'epoch': 14.22}
{'loss': 0.0, 'grad_norm': 0.0009200642234645784, 'learning_rate': 0.0001, 'epoch': 14.33}
{'loss': 0.0, 'grad_norm': 0.001133711077272892, 'learning_rate': 0.0001, 'epoch': 14.44}
{'loss': 0.0, 'grad_norm': 0.0007388405501842499, 'learning_rate': 0.0001, 'epoch': 14.56}
{'loss': 0.0, 'grad_norm': 0.0007630656473338604, 'learning_rate': 0.0001, 'epoch': 14.67}
{'loss': 0.0, 'grad_norm': 0.0004628701717592776, 'learning_rate': 0.0001, 'epoch': 14.78}
{'loss': 0.0, 'grad_norm': 0.001002144766971469, 'learning_rate': 0.0001, 'epoch': 14.89}
{'loss': 0.0, 'grad_norm': 0.0004300112777855247, 'learning_rate': 0.0001, 'epoch': 15.0}
{'loss': 0.0, 'grad_norm': 0.0006308678421191871, 'learning_rate': 0.0001, 'epoch': 15.11}
{'loss': 0.0, 'grad_norm': 0.0010231920750811696, 'learning_rate': 0.0001, 'epoch': 15.22}
{'loss': 0.0, 'grad_norm': 0.00060630141524598, 'learning_rate': 0.0001, 'epoch': 15.33}
{'loss': 0.0, 'grad_norm': 0.0006445085164159536, 'learning_rate': 0.0001, 'epoch': 15.44}
{'loss': 0.0, 'grad_norm': 0.0005147081101313233, 'learning_rate': 0.0001, 'epoch': 15.56}
{'loss': 0.0, 'grad_norm': 0.0004928815760649741, 'learning_rate': 0.0001, 'epoch': 15.67}
{'loss': 0.0, 'grad_norm': 0.0003077886067330837, 'learning_rate': 0.0001, 'epoch': 15.78}
{'loss': 0.0, 'grad_norm': 0.0010505635291337967, 'learning_rate': 0.0001, 'epoch': 15.89}
{'loss': 0.0, 'grad_norm': 0.00028303966973908246, 'learning_rate': 0.0001, 'epoch': 16.0}
{'train_runtime': 1382.4316, 'train_samples_per_second': 0.833, 'train_steps_per_second': 0.104, 'train_loss': 0.020190327349515275, 'epoch': 16.0}
{
  "adapter_files": {
    "README.md": {
      "bytes": 5380,
      "sha256": "b9264f0629a47970c39d6f80142bbaf6e5cb5ddb4e4e372105f879493d562b8a"
    },
    "adapter_config.json": {
      "bytes": 1297,
      "sha256": "82ed291eb4d1762da18c1950b8f58234886f8a02b2e7db3aec853512e7627f7b"
    },
    "adapter_model.safetensors": {
      "bytes": 83945296,
      "sha256": "6abeaace725335c6cdea1afc80cc8fe576181e042b34ee9561294cf3c471350b"
    }
  },
  "arm": "MARGIN_HOMOGENEOUS_DISPERSED",
  "candidate_manifest_sha256": "580a9d7d79b912737e6bb833eb6497ab3edb7e192c4d80ea52c01836415eef76",
  "contract_sha256": "0923c3c84c5070f354ec799fb4e64abc5a0ac1b717e1814b30648b984aa1194a",
  "determinism": {
    "cublas_workspace_config": ":4096:8",
    "deterministic_algorithms": true,
    "seed": 2026083124
  },
  "final_trainable_parameters": 20971520,
  "final_trainable_sha256": "9bc9e8493eeca076fe3c2126d113309546971feb2c56281744638bb506d2b4ee",
  "global_step": 144,
  "initial_trainable_sha256": "0540ef5d575a3479484128ad56f75d7b343b2ea9a17550aac8686faf216a6b5d",
  "input_lock_sha256": "5da18b7cd09dd98f537d389c6766fec9f65df9377cae1da2a38e7722424c6040",
  "peak_allocated_bytes": 5401586688,
  "peak_reserved_bytes": 5565841408,
  "row_order_sha256": "a997f38b08023dbd721cc74b67bdbc23d0038c81569eabca911a13f13820ac8f",
  "runtime_seconds": 1382.703054189682,
  "schema": "cfe.dd1.train-run.v1",
  "seed": 2026083124,
  "status": "TRAINING_COMPLETE__EFFECT_UNQUALIFIED",
  "token_reference_sha256": "67772ae4c9e3c859a076730ce42eaa704ceb81aac13e4dc44f4f7840fe2b4560",
  "train_result": {
    "epoch": 16.0,
    "total_flos": 1.0565324689637376e+16,
    "train_loss": 0.020190327349515275,
    "train_runtime": 1382.4316,
    "train_samples_per_second": 0.833,
    "train_steps_per_second": 0.104
  },
  "trainable_parameters": 20971520
}
