W0831 13:33:48.434000 7412 Lib\site-packages\torch\utils\flop_counter.py:29] triton not found; flop counting will not work for triton kernels

Loading checkpoint shards:   0%|          | 0/3 [00:00<?, ?it/s]
Loading checkpoint shards:  33%|███▎      | 1/3 [00:06<00:13,  6.97s/it]
Loading checkpoint shards:  67%|██████▋   | 2/3 [00:14<00:07,  7.28s/it]
Loading checkpoint shards: 100%|██████████| 3/3 [00:21<00:00,  7.28s/it]
Loading checkpoint shards: 100%|██████████| 3/3 [00:21<00:00,  7.25s/it]

  0%|          | 0/144 [00:00<?, ?it/s]
  1%|          | 1/144 [00:12<30:32, 12.81s/it]
                                               

  1%|          | 1/144 [00:12<30:32, 12.81s/it]
  1%|▏         | 2/144 [00:23<27:25, 11.58s/it]
                                               

  1%|▏         | 2/144 [00:23<27:25, 11.58s/it]
  2%|▏         | 3/144 [00:35<27:44, 11.81s/it]
                                               

  2%|▏         | 3/144 [00:35<27:44, 11.81s/it]
  3%|▎         | 4/144 [00:47<28:05, 12.04s/it]
                                               

  3%|▎         | 4/144 [00:47<28:05, 12.04s/it]
  3%|▎         | 5/144 [01:00<28:40, 12.38s/it]
                                               

  3%|▎         | 5/144 [01:00<28:40, 12.38s/it]
  4%|▍         | 6/144 [01:16<31:07, 13.53s/it]
                                               

  4%|▍         | 6/144 [01:16<31:07, 13.53s/it]
  5%|▍         | 7/144 [01:32<32:37, 14.29s/it]
                                               

  5%|▍         | 7/144 [01:32<32:37, 14.29s/it]
  6%|▌         | 8/144 [01:48<33:29, 14.78s/it]
                                               

  6%|▌         | 8/144 [01:48<33:29, 14.78s/it]
  6%|▋         | 9/144 [02:01<32:02, 14.24s/it]
                                               

  6%|▋         | 9/144 [02:01<32:02, 14.24s/it]
  7%|▋         | 10/144 [02:13<30:29, 13.66s/it]
                                                

  7%|▋         | 10/144 [02:13<30:29, 13.66s/it]
  8%|▊         | 11/144 [02:28<31:09, 14.06s/it]
                                                

  8%|▊         | 11/144 [02:28<31:09, 14.06s/it]
  8%|▊         | 12/144 [02:44<32:04, 14.58s/it]
                                                

  8%|▊         | 12/144 [02:44<32:04, 14.58s/it]
  9%|▉         | 13/144 [02:59<32:14, 14.77s/it]
                                                

  9%|▉         | 13/144 [02:59<32:14, 14.77s/it]
 10%|▉         | 14/144 [03:12<30:40, 14.16s/it]
                                                

 10%|▉         | 14/144 [03:12<30:40, 14.16s/it]
 10%|█         | 15/144 [03:27<31:15, 14.54s/it]
                                                

 10%|█         | 15/144 [03:27<31:15, 14.54s/it]
 11%|█         | 16/144 [03:40<29:50, 13.99s/it]
                                                

 11%|█         | 16/144 [03:40<29:50, 13.99s/it]
 12%|█▏        | 17/144 [03:54<29:13, 13.81s/it]
                                                

 12%|█▏        | 17/144 [03:54<29:13, 13.81s/it]
 12%|█▎        | 18/144 [04:06<28:05, 13.37s/it]
                                                

 12%|█▎        | 18/144 [04:06<28:05, 13.37s/it]
 13%|█▎        | 19/144 [04:22<29:29, 14.16s/it]
                                                

 13%|█▎        | 19/144 [04:22<29:29, 14.16s/it]
 14%|█▍        | 20/144 [04:34<28:12, 13.65s/it]
                                                

 14%|█▍        | 20/144 [04:34<28:12, 13.65s/it]
 15%|█▍        | 21/144 [04:50<29:17, 14.29s/it]
                                                

 15%|█▍        | 21/144 [04:50<29:17, 14.29s/it]
 15%|█▌        | 22/144 [05:03<28:08, 13.84s/it]
                                                

 15%|█▌        | 22/144 [05:03<28:08, 13.84s/it]
 16%|█▌        | 23/144 [05:18<28:47, 14.28s/it]
                                                

 16%|█▌        | 23/144 [05:18<28:47, 14.28s/it]
 17%|█▋        | 24/144 [05:31<27:39, 13.83s/it]
                                                

 17%|█▋        | 24/144 [05:31<27:39, 13.83s/it]
 17%|█▋        | 25/144 [05:43<26:36, 13.41s/it]
                                                

 17%|█▋        | 25/144 [05:43<26:36, 13.41s/it]
 18%|█▊        | 26/144 [05:56<25:47, 13.12s/it]
                                                

 18%|█▊        | 26/144 [05:56<25:47, 13.12s/it]
 19%|█▉        | 27/144 [06:12<27:03, 13.88s/it]
                                                

 19%|█▉        | 27/144 [06:12<27:03, 13.88s/it]
 19%|█▉        | 28/144 [06:27<27:38, 14.30s/it]
                                                

 19%|█▉        | 28/144 [06:27<27:38, 14.30s/it]
 20%|██        | 29/144 [06:43<28:20, 14.78s/it]
                                                

 20%|██        | 29/144 [06:43<28:20, 14.78s/it]
 21%|██        | 30/144 [06:56<26:59, 14.21s/it]
                                                

 21%|██        | 30/144 [06:56<26:59, 14.21s/it]
 22%|██▏       | 31/144 [07:11<27:42, 14.71s/it]
                                                

 22%|██▏       | 31/144 [07:11<27:42, 14.71s/it]
 22%|██▏       | 32/144 [07:27<28:04, 15.04s/it]
                                                

 22%|██▏       | 32/144 [07:27<28:04, 15.04s/it]
 23%|██▎       | 33/144 [07:44<28:31, 15.42s/it]
                                                

 23%|██▎       | 33/144 [07:44<28:31, 15.42s/it]
 24%|██▎       | 34/144 [07:56<26:43, 14.58s/it]
                                                

 24%|██▎       | 34/144 [07:56<26:43, 14.58s/it]
 24%|██▍       | 35/144 [08:11<26:37, 14.65s/it]
                                                

 24%|██▍       | 35/144 [08:11<26:37, 14.65s/it]
 25%|██▌       | 36/144 [08:26<26:41, 14.83s/it]
                                                

 25%|██▌       | 36/144 [08:26<26:41, 14.83s/it]
 26%|██▌       | 37/144 [08:39<25:27, 14.28s/it]
                                                

 26%|██▌       | 37/144 [08:39<25:27, 14.28s/it]
 26%|██▋       | 38/144 [08:52<24:37, 13.94s/it]
                                                

 26%|██▋       | 38/144 [08:52<24:37, 13.94s/it]
 27%|██▋       | 39/144 [09:05<23:33, 13.46s/it]
                                                

 27%|██▋       | 39/144 [09:05<23:33, 13.46s/it]
 28%|██▊       | 40/144 [09:17<22:53, 13.21s/it]
                                                

 28%|██▊       | 40/144 [09:17<22:53, 13.21s/it]
 28%|██▊       | 41/144 [09:31<22:50, 13.31s/it]
                                                

 28%|██▊       | 41/144 [09:31<22:50, 13.31s/it]
 29%|██▉       | 42/144 [09:47<23:54, 14.06s/it]
                                                

 29%|██▉       | 42/144 [09:47<23:54, 14.06s/it]
 30%|██▉       | 43/144 [10:03<24:37, 14.63s/it]
                                                

 30%|██▉       | 43/144 [10:03<24:37, 14.63s/it]
 31%|███       | 44/144 [10:17<24:23, 14.64s/it]
                                                

 31%|███       | 44/144 [10:17<24:23, 14.64s/it]
 31%|███▏      | 45/144 [10:29<22:45, 13.79s/it]
                                                

 31%|███▏      | 45/144 [10:29<22:45, 13.79s/it]
 32%|███▏      | 46/144 [10:42<21:49, 13.36s/it]
                                                

 32%|███▏      | 46/144 [10:42<21:49, 13.36s/it]
 33%|███▎      | 47/144 [10:54<21:08, 13.08s/it]
                                                

 33%|███▎      | 47/144 [10:54<21:08, 13.08s/it]
 33%|███▎      | 48/144 [11:10<22:12, 13.88s/it]
                                                

 33%|███▎      | 48/144 [11:10<22:12, 13.88s/it]
 34%|███▍      | 49/144 [11:22<21:25, 13.53s/it]
                                                

 34%|███▍      | 49/144 [11:22<21:25, 13.53s/it]
 35%|███▍      | 50/144 [11:38<22:11, 14.16s/it]
                                                

 35%|███▍      | 50/144 [11:38<22:11, 14.16s/it]
 35%|███▌      | 51/144 [11:50<21:01, 13.57s/it]
                                                

 35%|███▌      | 51/144 [11:50<21:01, 13.57s/it]
 36%|███▌      | 52/144 [12:03<20:17, 13.23s/it]
                                                

 36%|███▌      | 52/144 [12:03<20:17, 13.23s/it]
 37%|███▋      | 53/144 [12:16<20:04, 13.23s/it]
                                                

 37%|███▋      | 53/144 [12:16<20:04, 13.23s/it]
 38%|███▊      | 54/144 [12:29<19:37, 13.08s/it]
                                                

 38%|███▊      | 54/144 [12:29<19:37, 13.08s/it]
 38%|███▊      | 55/144 [12:44<20:27, 13.79s/it]
                                                

 38%|███▊      | 55/144 [12:44<20:27, 13.79s/it]
 39%|███▉      | 56/144 [12:57<19:46, 13.48s/it]
                                                

 39%|███▉      | 56/144 [12:57<19:46, 13.48s/it]
 40%|███▉      | 57/144 [13:13<20:30, 14.15s/it]
                                                

 40%|███▉      | 57/144 [13:13<20:30, 14.15s/it]
 40%|████      | 58/144 [13:25<19:23, 13.53s/it]
                                                

 40%|████      | 58/144 [13:25<19:23, 13.53s/it]
 41%|████      | 59/144 [13:36<18:19, 12.94s/it]
                                                

 41%|████      | 59/144 [13:36<18:19, 12.94s/it]
 42%|████▏     | 60/144 [13:48<17:35, 12.57s/it]
                                                

 42%|████▏     | 60/144 [13:48<17:35, 12.57s/it]
 42%|████▏     | 61/144 [13:59<16:47, 12.14s/it]
                                                

 42%|████▏     | 61/144 [13:59<16:47, 12.14s/it]
 43%|████▎     | 62/144 [14:10<16:15, 11.90s/it]
                                                

 43%|████▎     | 62/144 [14:10<16:15, 11.90s/it]
 44%|████▍     | 63/144 [14:25<17:00, 12.60s/it]
                                                

 44%|████▍     | 63/144 [14:25<17:00, 12.60s/it]
 44%|████▍     | 64/144 [14:38<17:15, 12.94s/it]
                                                

 44%|████▍     | 64/144 [14:38<17:15, 12.94s/it]
 45%|████▌     | 65/144 [14:53<17:34, 13.34s/it]
                                                

 45%|████▌     | 65/144 [14:53<17:34, 13.34s/it]
 46%|████▌     | 66/144 [15:05<16:59, 13.07s/it]
                                                

 46%|████▌     | 66/144 [15:05<16:59, 13.07s/it]
 47%|████▋     | 67/144 [15:20<17:26, 13.59s/it]
                                                

 47%|████▋     | 67/144 [15:20<17:26, 13.59s/it]
 47%|████▋     | 68/144 [15:35<17:53, 14.13s/it]
                                                

 47%|████▋     | 68/144 [15:35<17:53, 14.13s/it]
 48%|████▊     | 69/144 [15:50<18:02, 14.44s/it]
                                                

 48%|████▊     | 69/144 [15:50<18:02, 14.44s/it]
 49%|████▊     | 70/144 [16:02<16:52, 13.68s/it]
                                                

 49%|████▊     | 70/144 [16:02<16:52, 13.68s/it]
 49%|████▉     | 71/144 [16:17<17:00, 13.98s/it]
                                                

 49%|████▉     | 71/144 [16:17<17:00, 13.98s/it]
 50%|█████     | 72/144 [16:31<16:50, 14.03s/it]
                                                

 50%|█████     | 72/144 [16:31<16:50, 14.03s/it]
 51%|█████     | 73/144 [16:43<15:51, 13.39s/it]
                                                

 51%|█████     | 73/144 [16:43<15:51, 13.39s/it]
 51%|█████▏    | 74/144 [16:55<15:02, 12.90s/it]
                                                

 51%|█████▏    | 74/144 [16:55<15:02, 12.90s/it]
 52%|█████▏    | 75/144 [17:07<14:32, 12.64s/it]
                                                

 52%|█████▏    | 75/144 [17:07<14:32, 12.64s/it]
 53%|█████▎    | 76/144 [17:19<14:06, 12.45s/it]
                                                

 53%|█████▎    | 76/144 [17:19<14:06, 12.45s/it]
 53%|█████▎    | 77/144 [17:33<14:31, 13.01s/it]
                                                

 53%|█████▎    | 77/144 [17:33<14:31, 13.01s/it]
 54%|█████▍    | 78/144 [17:47<14:42, 13.37s/it]
                                                

 54%|█████▍    | 78/144 [17:47<14:42, 13.37s/it]
 55%|█████▍    | 79/144 [18:02<14:55, 13.78s/it]
                                                

 55%|█████▍    | 79/144 [18:02<14:55, 13.78s/it]
 56%|█████▌    | 80/144 [18:17<15:04, 14.13s/it]
                                                

 56%|█████▌    | 80/144 [18:17<15:04, 14.13s/it]
 56%|█████▋    | 81/144 [18:30<14:26, 13.76s/it]
                                                

 56%|█████▋    | 81/144 [18:30<14:26, 13.76s/it]
 57%|█████▋    | 82/144 [18:42<13:47, 13.35s/it]
                                                

 57%|█████▋    | 82/144 [18:42<13:47, 13.35s/it]
 58%|█████▊    | 83/144 [18:58<14:16, 14.03s/it]
                                                

 58%|█████▊    | 83/144 [18:58<14:16, 14.03s/it]
 58%|█████▊    | 84/144 [19:14<14:33, 14.56s/it]
                                                

 58%|█████▊    | 84/144 [19:14<14:33, 14.56s/it]
 59%|█████▉    | 85/144 [19:29<14:31, 14.77s/it]
                                                

 59%|█████▉    | 85/144 [19:29<14:31, 14.77s/it]
 60%|█████▉    | 86/144 [19:42<13:37, 14.09s/it]
                                                

 60%|█████▉    | 86/144 [19:42<13:37, 14.09s/it]
 60%|██████    | 87/144 [19:56<13:38, 14.36s/it]
                                                

 60%|██████    | 87/144 [19:56<13:38, 14.36s/it]
 61%|██████    | 88/144 [20:09<12:59, 13.93s/it]
                                                

 61%|██████    | 88/144 [20:09<12:59, 13.93s/it]
 62%|██████▏   | 89/144 [20:23<12:45, 13.92s/it]
                                                

 62%|██████▏   | 89/144 [20:23<12:45, 13.92s/it]
 62%|██████▎   | 90/144 [20:35<11:48, 13.11s/it]
                                                

 62%|██████▎   | 90/144 [20:35<11:48, 13.11s/it]
 63%|██████▎   | 91/144 [20:48<11:45, 13.30s/it]
                                                

 63%|██████▎   | 91/144 [20:48<11:45, 13.30s/it]
 64%|██████▍   | 92/144 [21:00<11:01, 12.72s/it]
                                                

 64%|██████▍   | 92/144 [21:00<11:01, 12.72s/it]
 65%|██████▍   | 93/144 [21:14<11:06, 13.06s/it]
                                                

 65%|██████▍   | 93/144 [21:14<11:06, 13.06s/it]
 65%|██████▌   | 94/144 [21:25<10:27, 12.54s/it]
                                                

 65%|██████▌   | 94/144 [21:25<10:27, 12.54s/it]
 66%|██████▌   | 95/144 [21:36<09:57, 12.20s/it]
                                                

 66%|██████▌   | 95/144 [21:36<09:57, 12.20s/it]
 67%|██████▋   | 96/144 [21:50<10:13, 12.79s/it]
                                                

 67%|██████▋   | 96/144 [21:50<10:13, 12.79s/it]
 67%|██████▋   | 97/144 [22:03<09:55, 12.66s/it]
                                                

 67%|██████▋   | 97/144 [22:03<09:55, 12.66s/it]
 68%|██████▊   | 98/144 [22:15<09:40, 12.62s/it]
                                                

 68%|██████▊   | 98/144 [22:15<09:40, 12.62s/it]
 69%|██████▉   | 99/144 [22:31<10:10, 13.56s/it]
                                                

 69%|██████▉   | 99/144 [22:31<10:10, 13.56s/it]
 69%|██████▉   | 100/144 [22:46<10:15, 13.99s/it]
                                                 

 69%|██████▉   | 100/144 [22:46<10:15, 13.99s/it]
 70%|███████   | 101/144 [23:01<10:19, 14.42s/it]
                                                 

 70%|███████   | 101/144 [23:01<10:19, 14.42s/it]
 71%|███████   | 102/144 [23:14<09:44, 13.92s/it]
                                                 

 71%|███████   | 102/144 [23:14<09:44, 13.92s/it]
 72%|███████▏  | 103/144 [23:29<09:35, 14.05s/it]
                                                 

 72%|███████▏  | 103/144 [23:29<09:35, 14.05s/it]
 72%|███████▏  | 104/144 [23:43<09:30, 14.26s/it]
                                                 

 72%|███████▏  | 104/144 [23:43<09:30, 14.26s/it]
 73%|███████▎  | 105/144 [23:58<09:15, 14.25s/it]
                                                 

 73%|███████▎  | 105/144 [23:58<09:15, 14.25s/it]
 74%|███████▎  | 106/144 [24:09<08:27, 13.37s/it]
                                                 

 74%|███████▎  | 106/144 [24:09<08:27, 13.37s/it]
 74%|███████▍  | 107/144 [24:22<08:14, 13.37s/it]
                                                 

 74%|███████▍  | 107/144 [24:22<08:14, 13.37s/it]
 75%|███████▌  | 108/144 [24:34<07:39, 12.76s/it]
                                                 

 75%|███████▌  | 108/144 [24:34<07:39, 12.76s/it]
 76%|███████▌  | 109/144 [24:45<07:15, 12.44s/it]
                                                 

 76%|███████▌  | 109/144 [24:45<07:15, 12.44s/it]
 76%|███████▋  | 110/144 [24:57<06:52, 12.14s/it]
                                                 

 76%|███████▋  | 110/144 [24:57<06:52, 12.14s/it]
 77%|███████▋  | 111/144 [25:08<06:37, 12.04s/it]
                                                 

 77%|███████▋  | 111/144 [25:08<06:37, 12.04s/it]
 78%|███████▊  | 112/144 [25:20<06:17, 11.78s/it]
                                                 

 78%|███████▊  | 112/144 [25:20<06:17, 11.78s/it]
 78%|███████▊  | 113/144 [25:34<06:27, 12.50s/it]
                                                 

 78%|███████▊  | 113/144 [25:34<06:27, 12.50s/it]
 79%|███████▉  | 114/144 [25:48<06:29, 12.97s/it]
                                                 

 79%|███████▉  | 114/144 [25:48<06:29, 12.97s/it]
 80%|███████▉  | 115/144 [26:02<06:22, 13.20s/it]
                                                 

 80%|███████▉  | 115/144 [26:02<06:22, 13.20s/it]
 81%|████████  | 116/144 [26:16<06:15, 13.41s/it]
                                                 

 81%|████████  | 116/144 [26:16<06:15, 13.41s/it]
 81%|████████▏ | 117/144 [26:27<05:48, 12.91s/it]
                                                 

 81%|████████▏ | 117/144 [26:27<05:48, 12.91s/it]
 82%|████████▏ | 118/144 [26:38<05:21, 12.37s/it]
                                                 

 82%|████████▏ | 118/144 [26:38<05:21, 12.37s/it]
 83%|████████▎ | 119/144 [26:50<05:05, 12.20s/it]
                                                 

 83%|████████▎ | 119/144 [26:50<05:05, 12.20s/it]
 83%|████████▎ | 120/144 [27:04<05:07, 12.82s/it]
                                                 

 83%|████████▎ | 120/144 [27:04<05:07, 12.82s/it]
 84%|████████▍ | 121/144 [27:16<04:45, 12.41s/it]
                                                 

 84%|████████▍ | 121/144 [27:16<04:45, 12.41s/it]
 85%|████████▍ | 122/144 [27:30<04:44, 12.93s/it]
                                                 

 85%|████████▍ | 122/144 [27:30<04:44, 12.93s/it]
 85%|████████▌ | 123/144 [27:41<04:19, 12.38s/it]
                                                 

 85%|████████▌ | 123/144 [27:41<04:19, 12.38s/it]
 86%|████████▌ | 124/144 [27:53<04:03, 12.16s/it]
                                                 

 86%|████████▌ | 124/144 [27:53<04:03, 12.16s/it]
 87%|████████▋ | 125/144 [28:05<03:49, 12.05s/it]
                                                 

 87%|████████▋ | 125/144 [28:05<03:49, 12.05s/it]
 88%|████████▊ | 126/144 [28:17<03:37, 12.10s/it]
                                                 

 88%|████████▊ | 126/144 [28:17<03:37, 12.10s/it]
 88%|████████▊ | 127/144 [28:32<03:42, 13.07s/it]
                                                 

 88%|████████▊ | 127/144 [28:32<03:42, 13.07s/it]
 89%|████████▉ | 128/144 [28:45<03:26, 12.92s/it]
                                                 

 89%|████████▉ | 128/144 [28:45<03:26, 12.92s/it]
 90%|████████▉ | 129/144 [28:58<03:17, 13.17s/it]
                                                 

 90%|████████▉ | 129/144 [28:58<03:17, 13.17s/it]
 90%|█████████ | 130/144 [29:10<02:58, 12.73s/it]
                                                 

 90%|█████████ | 130/144 [29:10<02:58, 12.73s/it]
 91%|█████████ | 131/144 [29:22<02:40, 12.36s/it]
                                                 

 91%|█████████ | 131/144 [29:22<02:40, 12.36s/it]
 92%|█████████▏| 132/144 [29:34<02:26, 12.20s/it]
                                                 

 92%|█████████▏| 132/144 [29:34<02:26, 12.20s/it]
 92%|█████████▏| 133/144 [29:46<02:15, 12.32s/it]
                                                 

 92%|█████████▏| 133/144 [29:46<02:15, 12.32s/it]
 93%|█████████▎| 134/144 [29:59<02:04, 12.49s/it]
                                                 

 93%|█████████▎| 134/144 [29:59<02:04, 12.49s/it]
 94%|█████████▍| 135/144 [30:15<02:02, 13.62s/it]
                                                 

 94%|█████████▍| 135/144 [30:15<02:02, 13.62s/it]
 94%|█████████▍| 136/144 [30:30<01:52, 14.00s/it]
                                                 

 94%|█████████▍| 136/144 [30:30<01:52, 14.00s/it]
 95%|█████████▌| 137/144 [30:45<01:40, 14.30s/it]
                                                 

 95%|█████████▌| 137/144 [30:45<01:40, 14.30s/it]
 96%|█████████▌| 138/144 [30:58<01:23, 13.97s/it]
                                                 

 96%|█████████▌| 138/144 [30:58<01:23, 13.97s/it]
 97%|█████████▋| 139/144 [31:15<01:13, 14.63s/it]
                                                 

 97%|█████████▋| 139/144 [31:15<01:13, 14.63s/it]
 97%|█████████▋| 140/144 [31:30<00:59, 14.88s/it]
                                                 

 97%|█████████▋| 140/144 [31:30<00:59, 14.88s/it]
 98%|█████████▊| 141/144 [31:46<00:45, 15.16s/it]
                                                 

 98%|█████████▊| 141/144 [31:46<00:45, 15.16s/it]
 99%|█████████▊| 142/144 [31:58<00:28, 14.25s/it]
                                                 

 99%|█████████▊| 142/144 [31:58<00:28, 14.25s/it]
 99%|█████████▉| 143/144 [32:14<00:14, 14.72s/it]
                                                 

 99%|█████████▉| 143/144 [32:14<00:14, 14.72s/it]
100%|██████████| 144/144 [32:29<00:00, 14.88s/it]
                                                 

100%|██████████| 144/144 [32:29<00:00, 14.88s/it]
                                                 

100%|██████████| 144/144 [32:29<00:00, 14.88s/it]
100%|██████████| 144/144 [32:29<00:00, 13.54s/it]
