TRAIN 1 12 2026083101 LOCAL_MIXED
EVAL 2026083101 LOCAL_MIXED
TRAIN 2 12 2026083101 WINDOW_SEPARATED
EVAL 2026083101 WINDOW_SEPARATED
TRAIN 3 12 2026083102 WINDOW_SEPARATED
EVAL 2026083102 WINDOW_SEPARATED
TRAIN 4 12 2026083102 LOCAL_MIXED
EVAL 2026083102 LOCAL_MIXED
TRAIN 5 12 2026083103 LOCAL_MIXED
EVAL 2026083103 LOCAL_MIXED
TRAIN 6 12 2026083103 WINDOW_SEPARATED
EVAL 2026083103 WINDOW_SEPARATED
TRAIN 7 12 2026083104 WINDOW_SEPARATED
EVAL 2026083104 WINDOW_SEPARATED
TRAIN 8 12 2026083104 LOCAL_MIXED
EVAL 2026083104 LOCAL_MIXED
TRAIN 9 12 2026083105 LOCAL_MIXED
EVAL 2026083105 LOCAL_MIXED
TRAIN 10 12 2026083105 WINDOW_SEPARATED
EVAL 2026083105 WINDOW_SEPARATED
