{'loss': 1.1607, 'grad_norm': 32.58012771606445, 'learning_rate': 0.0001, 'epoch': 0.11}
{'loss': 0.326, 'grad_norm': 7.909895896911621, 'learning_rate': 0.0001, 'epoch': 0.22}
{'loss': 0.1184, 'grad_norm': 3.3212618827819824, 'learning_rate': 0.0001, 'epoch': 0.33}
{'loss': 0.0793, 'grad_norm': 1.1578848361968994, 'learning_rate': 0.0001, 'epoch': 0.44}
{'loss': 0.0956, 'grad_norm': 1.5051909685134888, 'learning_rate': 0.0001, 'epoch': 0.56}
{'loss': 0.0785, 'grad_norm': 0.5507640242576599, 'learning_rate': 0.0001, 'epoch': 0.67}
{'loss': 0.075, 'grad_norm': 0.4719056189060211, 'learning_rate': 0.0001, 'epoch': 0.78}
{'loss': 0.0701, 'grad_norm': 0.4564203917980194, 'learning_rate': 0.0001, 'epoch': 0.89}
{'loss': 0.0793, 'grad_norm': 0.642538845539093, 'learning_rate': 0.0001, 'epoch': 1.0}
{'loss': 0.0607, 'grad_norm': 0.6602694392204285, 'learning_rate': 0.0001, 'epoch': 1.11}
{'loss': 0.055, 'grad_norm': 0.5986648201942444, 'learning_rate': 0.0001, 'epoch': 1.22}
{'loss': 0.089, 'grad_norm': 2.1174089908599854, 'learning_rate': 0.0001, 'epoch': 1.33}
{'loss': 0.0496, 'grad_norm': 0.5310693383216858, 'learning_rate': 0.0001, 'epoch': 1.44}
{'loss': 0.0698, 'grad_norm': 0.9759377837181091, 'learning_rate': 0.0001, 'epoch': 1.56}
{'loss': 0.0594, 'grad_norm': 0.4849286377429962, 'learning_rate': 0.0001, 'epoch': 1.67}
{'loss': 0.0585, 'grad_norm': 0.5859435796737671, 'learning_rate': 0.0001, 'epoch': 1.78}
{'loss': 0.0529, 'grad_norm': 0.4058707058429718, 'learning_rate': 0.0001, 'epoch': 1.89}
{'loss': 0.0467, 'grad_norm': 0.2990334630012512, 'learning_rate': 0.0001, 'epoch': 2.0}
{'loss': 0.0793, 'grad_norm': 1.5104756355285645, 'learning_rate': 0.0001, 'epoch': 2.11}
{'loss': 0.0527, 'grad_norm': 0.5321871042251587, 'learning_rate': 0.0001, 'epoch': 2.22}
{'loss': 0.0522, 'grad_norm': 0.9161966443061829, 'learning_rate': 0.0001, 'epoch': 2.33}
{'loss': 0.0451, 'grad_norm': 0.57724928855896, 'learning_rate': 0.0001, 'epoch': 2.44}
{'loss': 0.0423, 'grad_norm': 0.48542213439941406, 'learning_rate': 0.0001, 'epoch': 2.56}
{'loss': 0.0488, 'grad_norm': 0.5762956142425537, 'learning_rate': 0.0001, 'epoch': 2.67}
{'loss': 0.0606, 'grad_norm': 0.8197335004806519, 'learning_rate': 0.0001, 'epoch': 2.78}
{'loss': 0.049, 'grad_norm': 0.6584681272506714, 'learning_rate': 0.0001, 'epoch': 2.89}
{'loss': 0.0381, 'grad_norm': 0.6611648201942444, 'learning_rate': 0.0001, 'epoch': 3.0}
{'loss': 0.0569, 'grad_norm': 0.9219080209732056, 'learning_rate': 0.0001, 'epoch': 3.11}
{'loss': 0.0423, 'grad_norm': 0.5183019042015076, 'learning_rate': 0.0001, 'epoch': 3.22}
{'loss': 0.0378, 'grad_norm': 0.5519387125968933, 'learning_rate': 0.0001, 'epoch': 3.33}
{'loss': 0.0501, 'grad_norm': 1.4707632064819336, 'learning_rate': 0.0001, 'epoch': 3.44}
{'loss': 0.0415, 'grad_norm': 0.6225507855415344, 'learning_rate': 0.0001, 'epoch': 3.56}
{'loss': 0.0306, 'grad_norm': 0.6091622114181519, 'learning_rate': 0.0001, 'epoch': 3.67}
{'loss': 0.036, 'grad_norm': 0.36578285694122314, 'learning_rate': 0.0001, 'epoch': 3.78}
{'loss': 0.0254, 'grad_norm': 0.4082722067832947, 'learning_rate': 0.0001, 'epoch': 3.89}
{'loss': 0.0361, 'grad_norm': 0.7813063263893127, 'learning_rate': 0.0001, 'epoch': 4.0}
{'loss': 0.0315, 'grad_norm': 0.7643946409225464, 'learning_rate': 0.0001, 'epoch': 4.11}
{'loss': 0.0344, 'grad_norm': 0.9550974369049072, 'learning_rate': 0.0001, 'epoch': 4.22}
{'loss': 0.0476, 'grad_norm': 1.4356513023376465, 'learning_rate': 0.0001, 'epoch': 4.33}
{'loss': 0.0275, 'grad_norm': 0.7342574000358582, 'learning_rate': 0.0001, 'epoch': 4.44}
{'loss': 0.0306, 'grad_norm': 0.48065081238746643, 'learning_rate': 0.0001, 'epoch': 4.56}
{'loss': 0.0341, 'grad_norm': 0.765984833240509, 'learning_rate': 0.0001, 'epoch': 4.67}
{'loss': 0.0447, 'grad_norm': 1.0937551259994507, 'learning_rate': 0.0001, 'epoch': 4.78}
{'loss': 0.0267, 'grad_norm': 0.562073826789856, 'learning_rate': 0.0001, 'epoch': 4.89}
{'loss': 0.0184, 'grad_norm': 0.3308911919593811, 'learning_rate': 0.0001, 'epoch': 5.0}
{'loss': 0.0487, 'grad_norm': 1.1411371231079102, 'learning_rate': 0.0001, 'epoch': 5.11}
{'loss': 0.0424, 'grad_norm': 1.2720383405685425, 'learning_rate': 0.0001, 'epoch': 5.22}
{'loss': 0.0276, 'grad_norm': 0.37746497988700867, 'learning_rate': 0.0001, 'epoch': 5.33}
{'loss': 0.0356, 'grad_norm': 0.6044962406158447, 'learning_rate': 0.0001, 'epoch': 5.44}
{'loss': 0.0361, 'grad_norm': 0.45529797673225403, 'learning_rate': 0.0001, 'epoch': 5.56}
{'loss': 0.0205, 'grad_norm': 0.35481569170951843, 'learning_rate': 0.0001, 'epoch': 5.67}
{'loss': 0.0244, 'grad_norm': 0.511635959148407, 'learning_rate': 0.0001, 'epoch': 5.78}
{'loss': 0.0176, 'grad_norm': 0.487623393535614, 'learning_rate': 0.0001, 'epoch': 5.89}
{'loss': 0.021, 'grad_norm': nan, 'learning_rate': 0.0001, 'epoch': 6.0}
{'loss': 0.0132, 'grad_norm': 0.6432221531867981, 'learning_rate': 0.0001, 'epoch': 6.11}
{'loss': 0.0128, 'grad_norm': 0.7793631553649902, 'learning_rate': 0.0001, 'epoch': 6.22}
{'loss': 0.0107, 'grad_norm': 2.9771323204040527, 'learning_rate': 0.0001, 'epoch': 6.33}
{'loss': 0.0015, 'grad_norm': 0.13932088017463684, 'learning_rate': 0.0001, 'epoch': 6.44}
{'loss': 0.0153, 'grad_norm': 1.0448417663574219, 'learning_rate': 0.0001, 'epoch': 6.56}
{'loss': 0.0095, 'grad_norm': 3.3535513877868652, 'learning_rate': 0.0001, 'epoch': 6.67}
{'loss': 0.0172, 'grad_norm': 2.263580799102783, 'learning_rate': 0.0001, 'epoch': 6.78}
{'loss': 0.0123, 'grad_norm': 0.8635108470916748, 'learning_rate': 0.0001, 'epoch': 6.89}
{'loss': 0.0442, 'grad_norm': 10.211573600769043, 'learning_rate': 0.0001, 'epoch': 7.0}
{'loss': 0.0335, 'grad_norm': 2.5305676460266113, 'learning_rate': 0.0001, 'epoch': 7.11}
{'loss': 0.062, 'grad_norm': 5.519139766693115, 'learning_rate': 0.0001, 'epoch': 7.22}
{'loss': 0.0278, 'grad_norm': 2.2459306716918945, 'learning_rate': 0.0001, 'epoch': 7.33}
{'loss': 0.0076, 'grad_norm': 0.3969307243824005, 'learning_rate': 0.0001, 'epoch': 7.44}
{'loss': 0.0103, 'grad_norm': 0.38577157258987427, 'learning_rate': 0.0001, 'epoch': 7.56}
{'loss': 0.0168, 'grad_norm': 1.343694806098938, 'learning_rate': 0.0001, 'epoch': 7.67}
{'loss': 0.0264, 'grad_norm': 0.6761232018470764, 'learning_rate': 0.0001, 'epoch': 7.78}
{'loss': 0.0153, 'grad_norm': 0.49938055872917175, 'learning_rate': 0.0001, 'epoch': 7.89}
{'loss': 0.0182, 'grad_norm': 0.8430694341659546, 'learning_rate': 0.0001, 'epoch': 8.0}
{'loss': 0.0319, 'grad_norm': 2.4581568241119385, 'learning_rate': 0.0001, 'epoch': 8.11}
{'loss': 0.0349, 'grad_norm': 3.4578118324279785, 'learning_rate': 0.0001, 'epoch': 8.22}
{'loss': 0.0116, 'grad_norm': 0.3030478358268738, 'learning_rate': 0.0001, 'epoch': 8.33}
{'loss': 0.008, 'grad_norm': 0.34060314297676086, 'learning_rate': 0.0001, 'epoch': 8.44}
{'loss': 0.0087, 'grad_norm': 0.5169411897659302, 'learning_rate': 0.0001, 'epoch': 8.56}
{'loss': 0.0122, 'grad_norm': 0.4951489567756653, 'learning_rate': 0.0001, 'epoch': 8.67}
{'loss': 0.029, 'grad_norm': 0.9245105385780334, 'learning_rate': 0.0001, 'epoch': 8.78}
{'loss': 0.0125, 'grad_norm': 0.608517050743103, 'learning_rate': 0.0001, 'epoch': 8.89}
{'loss': 0.0055, 'grad_norm': 0.3731991648674011, 'learning_rate': 0.0001, 'epoch': 9.0}
{'loss': 0.0129, 'grad_norm': 0.7625488638877869, 'learning_rate': 0.0001, 'epoch': 9.11}
{'loss': 0.0094, 'grad_norm': 0.2981140613555908, 'learning_rate': 0.0001, 'epoch': 9.22}
{'loss': 0.0053, 'grad_norm': 0.16866900026798248, 'learning_rate': 0.0001, 'epoch': 9.33}
{'loss': 0.0231, 'grad_norm': 2.014275550842285, 'learning_rate': 0.0001, 'epoch': 9.44}
{'loss': 0.0087, 'grad_norm': 0.3828867971897125, 'learning_rate': 0.0001, 'epoch': 9.56}
{'loss': 0.0077, 'grad_norm': 0.09747632592916489, 'learning_rate': 0.0001, 'epoch': 9.67}
{'loss': 0.0127, 'grad_norm': 0.2967222332954407, 'learning_rate': 0.0001, 'epoch': 9.78}
{'loss': 0.0063, 'grad_norm': 0.099326491355896, 'learning_rate': 0.0001, 'epoch': 9.89}
{'loss': 0.0044, 'grad_norm': 1.0344507694244385, 'learning_rate': 0.0001, 'epoch': 10.0}
{'loss': 0.0001, 'grad_norm': 0.009941787458956242, 'learning_rate': 0.0001, 'epoch': 10.11}
{'loss': 0.0042, 'grad_norm': 0.476033478975296, 'learning_rate': 0.0001, 'epoch': 10.22}
{'loss': 0.0007, 'grad_norm': 0.06989218294620514, 'learning_rate': 0.0001, 'epoch': 10.33}
{'loss': 0.0764, 'grad_norm': 4.463659286499023, 'learning_rate': 0.0001, 'epoch': 10.44}
{'loss': 0.0066, 'grad_norm': 1.4083555936813354, 'learning_rate': 0.0001, 'epoch': 10.56}
{'loss': 0.0221, 'grad_norm': 3.688230037689209, 'learning_rate': 0.0001, 'epoch': 10.67}
{'loss': 0.0032, 'grad_norm': 0.8816195726394653, 'learning_rate': 0.0001, 'epoch': 10.78}
{'loss': 0.0018, 'grad_norm': 0.10441119223833084, 'learning_rate': 0.0001, 'epoch': 10.89}
{'loss': 0.0212, 'grad_norm': 2.2486605644226074, 'learning_rate': 0.0001, 'epoch': 11.0}
{'loss': 0.0579, 'grad_norm': 3.1145758628845215, 'learning_rate': 0.0001, 'epoch': 11.11}
{'loss': 0.004, 'grad_norm': 0.3356577157974243, 'learning_rate': 0.0001, 'epoch': 11.22}
{'loss': 0.0032, 'grad_norm': 0.48222848773002625, 'learning_rate': 0.0001, 'epoch': 11.33}
{'loss': 0.0031, 'grad_norm': 0.19198788702487946, 'learning_rate': 0.0001, 'epoch': 11.44}
{'loss': 0.0075, 'grad_norm': 0.48308753967285156, 'learning_rate': 0.0001, 'epoch': 11.56}
{'loss': 0.0168, 'grad_norm': 1.9374858140945435, 'learning_rate': 0.0001, 'epoch': 11.67}
{'loss': 0.0026, 'grad_norm': 0.2560022175312042, 'learning_rate': 0.0001, 'epoch': 11.78}
{'loss': 0.0233, 'grad_norm': 2.4384913444519043, 'learning_rate': 0.0001, 'epoch': 11.89}
{'loss': 0.0044, 'grad_norm': 0.3758109509944916, 'learning_rate': 0.0001, 'epoch': 12.0}
{'loss': 0.009, 'grad_norm': 0.3427462875843048, 'learning_rate': 0.0001, 'epoch': 12.11}
{'loss': 0.0007, 'grad_norm': 0.051067374646663666, 'learning_rate': 0.0001, 'epoch': 12.22}
{'loss': 0.0012, 'grad_norm': 0.14427560567855835, 'learning_rate': 0.0001, 'epoch': 12.33}
{'loss': 0.0005, 'grad_norm': 0.04240953549742699, 'learning_rate': 0.0001, 'epoch': 12.44}
{'loss': 0.001, 'grad_norm': 0.104621022939682, 'learning_rate': 0.0001, 'epoch': 12.56}
{'loss': 0.0071, 'grad_norm': 2.579780340194702, 'learning_rate': 0.0001, 'epoch': 12.67}
{'loss': 0.0144, 'grad_norm': 0.7023558020591736, 'learning_rate': 0.0001, 'epoch': 12.78}
{'loss': 0.0008, 'grad_norm': 0.05572618544101715, 'learning_rate': 0.0001, 'epoch': 12.89}
{'loss': 0.0056, 'grad_norm': 0.9308677315711975, 'learning_rate': 0.0001, 'epoch': 13.0}
{'loss': 0.0018, 'grad_norm': 0.159555584192276, 'learning_rate': 0.0001, 'epoch': 13.11}
{'loss': 0.041, 'grad_norm': 1.8768476247787476, 'learning_rate': 0.0001, 'epoch': 13.22}
{'loss': 0.0017, 'grad_norm': 0.13035012781620026, 'learning_rate': 0.0001, 'epoch': 13.33}
{'loss': 0.0041, 'grad_norm': 0.3309948444366455, 'learning_rate': 0.0001, 'epoch': 13.44}
{'loss': 0.0029, 'grad_norm': 0.12334176152944565, 'learning_rate': 0.0001, 'epoch': 13.56}
{'loss': 0.0024, 'grad_norm': 0.1102224811911583, 'learning_rate': 0.0001, 'epoch': 13.67}
{'loss': 0.0164, 'grad_norm': 0.8363056778907776, 'learning_rate': 0.0001, 'epoch': 13.78}
{'loss': 0.0314, 'grad_norm': 1.2548378705978394, 'learning_rate': 0.0001, 'epoch': 13.89}
{'loss': 0.0048, 'grad_norm': 0.45026442408561707, 'learning_rate': 0.0001, 'epoch': 14.0}
{'loss': 0.0038, 'grad_norm': 0.3302074670791626, 'learning_rate': 0.0001, 'epoch': 14.11}
{'loss': 0.0059, 'grad_norm': 0.4464358687400818, 'learning_rate': 0.0001, 'epoch': 14.22}
{'loss': 0.0052, 'grad_norm': 0.2928982675075531, 'learning_rate': 0.0001, 'epoch': 14.33}
{'loss': 0.0168, 'grad_norm': 0.6601347327232361, 'learning_rate': 0.0001, 'epoch': 14.44}
{'loss': 0.0153, 'grad_norm': 1.2968590259552002, 'learning_rate': 0.0001, 'epoch': 14.56}
{'loss': 0.0039, 'grad_norm': 0.5050274133682251, 'learning_rate': 0.0001, 'epoch': 14.67}
{'loss': 0.0027, 'grad_norm': 0.2206529676914215, 'learning_rate': 0.0001, 'epoch': 14.78}
{'loss': 0.0083, 'grad_norm': 0.5812730193138123, 'learning_rate': 0.0001, 'epoch': 14.89}
{'loss': 0.0018, 'grad_norm': 0.10128292441368103, 'learning_rate': 0.0001, 'epoch': 15.0}
{'loss': 0.0075, 'grad_norm': 1.5206682682037354, 'learning_rate': 0.0001, 'epoch': 15.11}
{'loss': 0.0014, 'grad_norm': 0.0799691453576088, 'learning_rate': 0.0001, 'epoch': 15.22}
{'loss': 0.0008, 'grad_norm': 0.19371937215328217, 'learning_rate': 0.0001, 'epoch': 15.33}
{'loss': 0.002, 'grad_norm': 0.13449659943580627, 'learning_rate': 0.0001, 'epoch': 15.44}
{'loss': 0.0036, 'grad_norm': 0.12441261112689972, 'learning_rate': 0.0001, 'epoch': 15.56}
{'loss': 0.003, 'grad_norm': 0.13041241466999054, 'learning_rate': 0.0001, 'epoch': 15.67}
{'loss': 0.0025, 'grad_norm': 0.23868092894554138, 'learning_rate': 0.0001, 'epoch': 15.78}
{'loss': 0.002, 'grad_norm': 0.25854697823524475, 'learning_rate': 0.0001, 'epoch': 15.89}
{'loss': 0.0014, 'grad_norm': 0.17554253339767456, 'learning_rate': 0.0001, 'epoch': 16.0}
{'train_runtime': 1367.583, 'train_samples_per_second': 0.842, 'train_steps_per_second': 0.105, 'train_loss': 0.03549940404274013, 'epoch': 16.0}
{
  "base_snapshot_manifest_sha256": "0d429d3f6e0fa276fa7bb24c3566ed7ce3856c22230bb58936527f1f15f2bc6d",
  "candidate_manifest_sha256": "dd0577ca49c93e75f111c1506cf7f8bc0abcac2341ac46433fd48927584f76a3",
  "checkpoints": {
    "H1": {
      "adapter_files": {
        "README.md": {
          "bytes": 5380,
          "sha256": "b9264f0629a47970c39d6f80142bbaf6e5cb5ddb4e4e372105f879493d562b8a"
        },
        "adapter_config.json": {
          "bytes": 1297,
          "sha256": "3d8858c6942d4be688de7d90f9f5b5bd288d2e0b8c11cd9efa16453bea069405"
        },
        "adapter_model.safetensors": {
          "bytes": 83945296,
          "sha256": "d5a589f1894f5dd3c8298325c256aef582ef93270a6676e5809ce73c0a1b08e6"
        }
      },
      "global_step": 36,
      "trainable_parameters": 20971520,
      "trainable_sha256": "91309e15973af2b5993c472ddfdd8454aafb62995aa6ce2ad365c7351d9988c5"
    },
    "H2": {
      "adapter_files": {
        "README.md": {
          "bytes": 5380,
          "sha256": "b9264f0629a47970c39d6f80142bbaf6e5cb5ddb4e4e372105f879493d562b8a"
        },
        "adapter_config.json": {
          "bytes": 1297,
          "sha256": "3d8858c6942d4be688de7d90f9f5b5bd288d2e0b8c11cd9efa16453bea069405"
        },
        "adapter_model.safetensors": {
          "bytes": 83945296,
          "sha256": "f2412b93b7718b1c6a524df62f23b6948f2b90c51d302ff31f220c7b87e2fb39"
        }
      },
      "global_step": 72,
      "trainable_parameters": 20971520,
      "trainable_sha256": "0342d2c13a1a834c22b4b7174645762079e1dc1b3e89637f8a76cfeadd8134d8"
    },
    "H4": {
      "adapter_files": {
        "README.md": {
          "bytes": 5380,
          "sha256": "b9264f0629a47970c39d6f80142bbaf6e5cb5ddb4e4e372105f879493d562b8a"
        },
        "adapter_config.json": {
          "bytes": 1297,
          "sha256": "3d8858c6942d4be688de7d90f9f5b5bd288d2e0b8c11cd9efa16453bea069405"
        },
        "adapter_model.safetensors": {
          "bytes": 83945296,
          "sha256": "2a9ceb0a4d43881c7e0b215e2e9797fec641961e54f68c523c98fc8ed7326968"
        }
      },
      "global_step": 144,
      "trainable_parameters": 20971520,
      "trainable_sha256": "c01caa096674fc58e2d612d8de5487be78f99b4f6d88c740edc38f66cab308cc"
    }
  },
  "contract_sha256": "2545051a74260f88e108983556b57ff3644334be6a4d1caf29b0d18195c60260",
  "dataset": "PREDICATE_IDENTIFYING_V12",
  "determinism": {
    "cublas_workspace_config": ":4096:8",
    "cudnn_benchmark": false,
    "cudnn_deterministic": true,
    "deterministic_algorithms": true,
    "deterministic_debug_mode": 2,
    "matmul_allow_tf32": false,
    "numpy_seed": 2026083111,
    "seed": 2026083111
  },
  "final_trainable_parameters": 20971520,
  "final_trainable_sha256": "c01caa096674fc58e2d612d8de5487be78f99b4f6d88c740edc38f66cab308cc",
  "global_step": 144,
  "host_lock_sha256": "e8eff02aaf8b38e5361c963d877f7ac3285863c47f16ed1e2791cadb1d9fb67c",
  "initial_trainable_parameters": 20971520,
  "initial_trainable_sha256": "e0cf85d25b417fbecebfc454aec9045f7c0600647d1301923d381301e1e80b79",
  "input_lock_sha256": "4dc91f2d5cdf7f75007861d0a990315fdb0d6512016dc2c3b59f9d4596aff9e2",
  "log_history": [
    {
      "epoch": 0.1111111111111111,
      "grad_norm": 32.58012771606445,
      "learning_rate": 0.0001,
      "loss": 1.1607,
      "step": 1
    },
    {
      "epoch": 0.2222222222222222,
      "grad_norm": 7.909895896911621,
      "learning_rate": 0.0001,
      "loss": 0.326,
      "step": 2
    },
    {
      "epoch": 0.3333333333333333,
      "grad_norm": 3.3212618827819824,
      "learning_rate": 0.0001,
      "loss": 0.1184,
      "step": 3
    },
    {
      "epoch": 0.4444444444444444,
      "grad_norm": 1.1578848361968994,
      "learning_rate": 0.0001,
      "loss": 0.0793,
      "step": 4
    },
    {
      "epoch": 0.5555555555555556,
      "grad_norm": 1.5051909685134888,
      "learning_rate": 0.0001,
      "loss": 0.0956,
      "step": 5
    },
    {
      "epoch": 0.6666666666666666,
      "grad_norm": 0.5507640242576599,
      "learning_rate": 0.0001,
      "loss": 0.0785,
      "step": 6
    },
    {
      "epoch": 0.7777777777777778,
      "grad_norm": 0.4719056189060211,
      "learning_rate": 0.0001,
      "loss": 0.075,
      "step": 7
    },
    {
      "epoch": 0.8888888888888888,
      "grad_norm": 0.4564203917980194,
      "learning_rate": 0.0001,
      "loss": 0.0701,
      "step": 8
    },
    {
      "epoch": 1.0,
      "grad_norm": 0.642538845539093,
      "learning_rate": 0.0001,
      "loss": 0.0793,
      "step": 9
    },
    {
      "epoch": 1.1111111111111112,
      "grad_norm": 0.6602694392204285,
      "learning_rate": 0.0001,
      "loss": 0.0607,
      "step": 10
    },
    {
      "epoch": 1.2222222222222223,
      "grad_norm": 0.5986648201942444,
      "learning_rate": 0.0001,
      "loss": 0.055,
      "step": 11
    },
    {
      "epoch": 1.3333333333333333,
      "grad_norm": 2.1174089908599854,
      "learning_rate": 0.0001,
      "loss": 0.089,
      "step": 12
    },
    {
      "epoch": 1.4444444444444444,
      "grad_norm": 0.5310693383216858,
      "learning_rate": 0.0001,
      "loss": 0.0496,
      "step": 13
    },
    {
      "epoch": 1.5555555555555556,
      "grad_norm": 0.9759377837181091,
      "learning_rate": 0.0001,
      "loss": 0.0698,
      "step": 14
    },
    {
      "epoch": 1.6666666666666665,
      "grad_norm": 0.4849286377429962,
      "learning_rate": 0.0001,
      "loss": 0.0594,
      "step": 15
    },
    {
      "epoch": 1.7777777777777777,
      "grad_norm": 0.5859435796737671,
      "learning_rate": 0.0001,
      "loss": 0.0585,
      "step": 16
    },
    {
      "epoch": 1.8888888888888888,
      "grad_norm": 0.4058707058429718,
      "learning_rate": 0.0001,
      "loss": 0.0529,
      "step": 17
    },
    {
      "epoch": 2.0,
      "grad_norm": 0.2990334630012512,
      "learning_rate": 0.0001,
      "loss": 0.0467,
      "step": 18
    },
    {
      "epoch": 2.111111111111111,
      "grad_norm": 1.5104756355285645,
      "learning_rate": 0.0001,
      "loss": 0.0793,
      "step": 19
    },
    {
      "epoch": 2.2222222222222223,
      "grad_norm": 0.5321871042251587,
      "learning_rate": 0.0001,
      "loss": 0.0527,
      "step": 20
    },
    {
      "epoch": 2.3333333333333335,
      "grad_norm": 0.9161966443061829,
      "learning_rate": 0.0001,
      "loss": 0.0522,
      "step": 21
    },
    {
      "epoch": 2.4444444444444446,
      "grad_norm": 0.57724928855896,
      "learning_rate": 0.0001,
      "loss": 0.0451,
      "step": 22
    },
    {
      "epoch": 2.5555555555555554,
      "grad_norm": 0.48542213439941406,
      "learning_rate": 0.0001,
      "loss": 0.0423,
      "step": 23
    },
    {
      "epoch": 2.6666666666666665,
      "grad_norm": 0.5762956142425537,
      "learning_rate": 0.0001,
      "loss": 0.0488,
      "step": 24
    },
    {
      "epoch": 2.7777777777777777,
      "grad_norm": 0.8197335004806519,
      "learning_rate": 0.0001,
      "loss": 0.0606,
      "step": 25
    },
    {
      "epoch": 2.888888888888889,
      "grad_norm": 0.6584681272506714,
      "learning_rate": 0.0001,
      "loss": 0.049,
      "step": 26
    },
    {
      "epoch": 3.0,
      "grad_norm": 0.6611648201942444,
      "learning_rate": 0.0001,
      "loss": 0.0381,
      "step": 27
    },
    {
      "epoch": 3.111111111111111,
      "grad_norm": 0.9219080209732056,
      "learning_rate": 0.0001,
      "loss": 0.0569,
      "step": 28
    },
    {
      "epoch": 3.2222222222222223,
      "grad_norm": 0.5183019042015076,
      "learning_rate": 0.0001,
      "loss": 0.0423,
      "step": 29
    },
    {
      "epoch": 3.3333333333333335,
      "grad_norm": 0.5519387125968933,
      "learning_rate": 0.0001,
      "loss": 0.0378,
      "step": 30
    },
    {
      "epoch": 3.4444444444444446,
      "grad_norm": 1.4707632064819336,
      "learning_rate": 0.0001,
      "loss": 0.0501,
      "step": 31
    },
    {
      "epoch": 3.5555555555555554,
      "grad_norm": 0.6225507855415344,
      "learning_rate": 0.0001,
      "loss": 0.0415,
      "step": 32
    },
    {
      "epoch": 3.6666666666666665,
      "grad_norm": 0.6091622114181519,
      "learning_rate": 0.0001,
      "loss": 0.0306,
      "step": 33
    },
    {
      "epoch": 3.7777777777777777,
      "grad_norm": 0.36578285694122314,
      "learning_rate": 0.0001,
      "loss": 0.036,
      "step": 34
    },
    {
      "epoch": 3.888888888888889,
      "grad_norm": 0.4082722067832947,
      "learning_rate": 0.0001,
      "loss": 0.0254,
      "step": 35
    },
    {
      "epoch": 4.0,
      "grad_norm": 0.7813063263893127,
      "learning_rate": 0.0001,
      "loss": 0.0361,
      "step": 36
    },
    {
      "epoch": 4.111111111111111,
      "grad_norm": 0.7643946409225464,
      "learning_rate": 0.0001,
      "loss": 0.0315,
      "step": 37
    },
    {
      "epoch": 4.222222222222222,
      "grad_norm": 0.9550974369049072,
      "learning_rate": 0.0001,
      "loss": 0.0344,
      "step": 38
    },
    {
      "epoch": 4.333333333333333,
      "grad_norm": 1.4356513023376465,
      "learning_rate": 0.0001,
      "loss": 0.0476,
      "step": 39
    },
    {
      "epoch": 4.444444444444445,
      "grad_norm": 0.7342574000358582,
      "learning_rate": 0.0001,
      "loss": 0.0275,
      "step": 40
    },
    {
      "epoch": 4.555555555555555,
      "grad_norm": 0.48065081238746643,
      "learning_rate": 0.0001,
      "loss": 0.0306,
      "step": 41
    },
    {
      "epoch": 4.666666666666667,
      "grad_norm": 0.765984833240509,
      "learning_rate": 0.0001,
      "loss": 0.0341,
      "step": 42
    },
    {
      "epoch": 4.777777777777778,
      "grad_norm": 1.0937551259994507,
      "learning_rate": 0.0001,
      "loss": 0.0447,
      "step": 43
    },
    {
      "epoch": 4.888888888888889,
      "grad_norm": 0.562073826789856,
      "learning_rate": 0.0001,
      "loss": 0.0267,
      "step": 44
    },
    {
      "epoch": 5.0,
      "grad_norm": 0.3308911919593811,
      "learning_rate": 0.0001,
      "loss": 0.0184,
      "step": 45
    },
    {
      "epoch": 5.111111111111111,
      "grad_norm": 1.1411371231079102,
      "learning_rate": 0.0001,
      "loss": 0.0487,
      "step": 46
    },
    {
      "epoch": 5.222222222222222,
      "grad_norm": 1.2720383405685425,
      "learning_rate": 0.0001,
      "loss": 0.0424,
      "step": 47
    },
    {
      "epoch": 5.333333333333333,
      "grad_norm": 0.37746497988700867,
      "learning_rate": 0.0001,
      "loss": 0.0276,
      "step": 48
    },
    {
      "epoch": 5.444444444444445,
      "grad_norm": 0.6044962406158447,
      "learning_rate": 0.0001,
      "loss": 0.0356,
      "step": 49
    },
    {
      "epoch": 5.555555555555555,
      "grad_norm": 0.45529797673225403,
      "learning_rate": 0.0001,
      "loss": 0.0361,
      "step": 50
    },
    {
      "epoch": 5.666666666666667,
      "grad_norm": 0.35481569170951843,
      "learning_rate": 0.0001,
      "loss": 0.0205,
      "step": 51
    },
    {
      "epoch": 5.777777777777778,
      "grad_norm": 0.511635959148407,
      "learning_rate": 0.0001,
      "loss": 0.0244,
      "step": 52
    },
    {
      "epoch": 5.888888888888889,
      "grad_norm": 0.487623393535614,
      "learning_rate": 0.0001,
      "loss": 0.0176,
      "step": 53
    },
    {
      "epoch": 6.0,
      "grad_norm": NaN,
      "learning_rate": 0.0001,
      "loss": 0.021,
      "step": 54
    },
    {
      "epoch": 6.111111111111111,
      "grad_norm": 0.6432221531867981,
      "learning_rate": 0.0001,
      "loss": 0.0132,
      "step": 55
    },
    {
      "epoch": 6.222222222222222,
      "grad_norm": 0.7793631553649902,
      "learning_rate": 0.0001,
      "loss": 0.0128,
      "step": 56
    },
    {
      "epoch": 6.333333333333333,
      "grad_norm": 2.9771323204040527,
      "learning_rate": 0.0001,
      "loss": 0.0107,
      "step": 57
    },
    {
      "epoch": 6.444444444444445,
      "grad_norm": 0.13932088017463684,
      "learning_rate": 0.0001,
      "loss": 0.0015,
      "step": 58
    },
    {
      "epoch": 6.555555555555555,
      "grad_norm": 1.0448417663574219,
      "learning_rate": 0.0001,
      "loss": 0.0153,
      "step": 59
    },
    {
      "epoch": 6.666666666666667,
      "grad_norm": 3.3535513877868652,
      "learning_rate": 0.0001,
      "loss": 0.0095,
      "step": 60
    },
    {
      "epoch": 6.777777777777778,
      "grad_norm": 2.263580799102783,
      "learning_rate": 0.0001,
      "loss": 0.0172,
      "step": 61
    },
    {
      "epoch": 6.888888888888889,
      "grad_norm": 0.8635108470916748,
      "learning_rate": 0.0001,
      "loss": 0.0123,
      "step": 62
    },
    {
      "epoch": 7.0,
      "grad_norm": 10.211573600769043,
      "learning_rate": 0.0001,
      "loss": 0.0442,
      "step": 63
    },
    {
      "epoch": 7.111111111111111,
      "grad_norm": 2.5305676460266113,
      "learning_rate": 0.0001,
      "loss": 0.0335,
      "step": 64
    },
    {
      "epoch": 7.222222222222222,
      "grad_norm": 5.519139766693115,
      "learning_rate": 0.0001,
      "loss": 0.062,
      "step": 65
    },
    {
      "epoch": 7.333333333333333,
      "grad_norm": 2.2459306716918945,
      "learning_rate": 0.0001,
      "loss": 0.0278,
      "step": 66
    },
    {
      "epoch": 7.444444444444445,
      "grad_norm": 0.3969307243824005,
      "learning_rate": 0.0001,
      "loss": 0.0076,
      "step": 67
    },
    {
      "epoch": 7.555555555555555,
      "grad_norm": 0.38577157258987427,
      "learning_rate": 0.0001,
      "loss": 0.0103,
      "step": 68
    },
    {
      "epoch": 7.666666666666667,
      "grad_norm": 1.343694806098938,
      "learning_rate": 0.0001,
      "loss": 0.0168,
      "step": 69
    },
    {
      "epoch": 7.777777777777778,
      "grad_norm": 0.6761232018470764,
      "learning_rate": 0.0001,
      "loss": 0.0264,
      "step": 70
    },
    {
      "epoch": 7.888888888888889,
      "grad_norm": 0.49938055872917175,
      "learning_rate": 0.0001,
      "loss": 0.0153,
      "step": 71
    },
    {
      "epoch": 8.0,
      "grad_norm": 0.8430694341659546,
      "learning_rate": 0.0001,
      "loss": 0.0182,
      "step": 72
    },
    {
      "epoch": 8.11111111111111,
      "grad_norm": 2.4581568241119385,
      "learning_rate": 0.0001,
      "loss": 0.0319,
      "step": 73
    },
    {
      "epoch": 8.222222222222221,
      "grad_norm": 3.4578118324279785,
      "learning_rate": 0.0001,
      "loss": 0.0349,
      "step": 74
    },
    {
      "epoch": 8.333333333333334,
      "grad_norm": 0.3030478358268738,
      "learning_rate": 0.0001,
      "loss": 0.0116,
      "step": 75
    },
    {
      "epoch": 8.444444444444445,
      "grad_norm": 0.34060314297676086,
      "learning_rate": 0.0001,
      "loss": 0.008,
      "step": 76
    },
    {
      "epoch": 8.555555555555555,
      "grad_norm": 0.5169411897659302,
      "learning_rate": 0.0001,
      "loss": 0.0087,
      "step": 77
    },
    {
      "epoch": 8.666666666666666,
      "grad_norm": 0.4951489567756653,
      "learning_rate": 0.0001,
      "loss": 0.0122,
      "step": 78
    },
    {
      "epoch": 8.777777777777779,
      "grad_norm": 0.9245105385780334,
      "learning_rate": 0.0001,
      "loss": 0.029,
      "step": 79
    },
    {
      "epoch": 8.88888888888889,
      "grad_norm": 0.608517050743103,
      "learning_rate": 0.0001,
      "loss": 0.0125,
      "step": 80
    },
    {
      "epoch": 9.0,
      "grad_norm": 0.3731991648674011,
      "learning_rate": 0.0001,
      "loss": 0.0055,
      "step": 81
    },
    {
      "epoch": 9.11111111111111,
      "grad_norm": 0.7625488638877869,
      "learning_rate": 0.0001,
      "loss": 0.0129,
      "step": 82
    },
    {
      "epoch": 9.222222222222221,
      "grad_norm": 0.2981140613555908,
      "learning_rate": 0.0001,
      "loss": 0.0094,
      "step": 83
    },
    {
      "epoch": 9.333333333333334,
      "grad_norm": 0.16866900026798248,
      "learning_rate": 0.0001,
      "loss": 0.0053,
      "step": 84
    },
    {
      "epoch": 9.444444444444445,
      "grad_norm": 2.014275550842285,
      "learning_rate": 0.0001,
      "loss": 0.0231,
      "step": 85
    },
    {
      "epoch": 9.555555555555555,
      "grad_norm": 0.3828867971897125,
      "learning_rate": 0.0001,
      "loss": 0.0087,
      "step": 86
    },
    {
      "epoch": 9.666666666666666,
      "grad_norm": 0.09747632592916489,
      "learning_rate": 0.0001,
      "loss": 0.0077,
      "step": 87
    },
    {
      "epoch": 9.777777777777779,
      "grad_norm": 0.2967222332954407,
      "learning_rate": 0.0001,
      "loss": 0.0127,
      "step": 88
    },
    {
      "epoch": 9.88888888888889,
      "grad_norm": 0.099326491355896,
      "learning_rate": 0.0001,
      "loss": 0.0063,
      "step": 89
    },
    {
      "epoch": 10.0,
      "grad_norm": 1.0344507694244385,
      "learning_rate": 0.0001,
      "loss": 0.0044,
      "step": 90
    },
    {
      "epoch": 10.11111111111111,
      "grad_norm": 0.009941787458956242,
      "learning_rate": 0.0001,
      "loss": 0.0001,
      "step": 91
    },
    {
      "epoch": 10.222222222222221,
      "grad_norm": 0.476033478975296,
      "learning_rate": 0.0001,
      "loss": 0.0042,
      "step": 92
    },
    {
      "epoch": 10.333333333333334,
      "grad_norm": 0.06989218294620514,
      "learning_rate": 0.0001,
      "loss": 0.0007,
      "step": 93
    },
    {
      "epoch": 10.444444444444445,
      "grad_norm": 4.463659286499023,
      "learning_rate": 0.0001,
      "loss": 0.0764,
      "step": 94
    },
    {
      "epoch": 10.555555555555555,
      "grad_norm": 1.4083555936813354,
      "learning_rate": 0.0001,
      "loss": 0.0066,
      "step": 95
    },
    {
      "epoch": 10.666666666666666,
      "grad_norm": 3.688230037689209,
      "learning_rate": 0.0001,
      "loss": 0.0221,
      "step": 96
    },
    {
      "epoch": 10.777777777777779,
      "grad_norm": 0.8816195726394653,
      "learning_rate": 0.0001,
      "loss": 0.0032,
      "step": 97
    },
    {
      "epoch": 10.88888888888889,
      "grad_norm": 0.10441119223833084,
      "learning_rate": 0.0001,
      "loss": 0.0018,
      "step": 98
    },
    {
      "epoch": 11.0,
      "grad_norm": 2.2486605644226074,
      "learning_rate": 0.0001,
      "loss": 0.0212,
      "step": 99
    },
    {
      "epoch": 11.11111111111111,
      "grad_norm": 3.1145758628845215,
      "learning_rate": 0.0001,
      "loss": 0.0579,
      "step": 100
    },
    {
      "epoch": 11.222222222222221,
      "grad_norm": 0.3356577157974243,
      "learning_rate": 0.0001,
      "loss": 0.004,
      "step": 101
    },
    {
      "epoch": 11.333333333333334,
      "grad_norm": 0.48222848773002625,
      "learning_rate": 0.0001,
      "loss": 0.0032,
      "step": 102
    },
    {
      "epoch": 11.444444444444445,
      "grad_norm": 0.19198788702487946,
      "learning_rate": 0.0001,
      "loss": 0.0031,
      "step": 103
    },
    {
      "epoch": 11.555555555555555,
      "grad_norm": 0.48308753967285156,
      "learning_rate": 0.0001,
      "loss": 0.0075,
      "step": 104
    },
    {
      "epoch": 11.666666666666666,
      "grad_norm": 1.9374858140945435,
      "learning_rate": 0.0001,
      "loss": 0.0168,
      "step": 105
    },
    {
      "epoch": 11.777777777777779,
      "grad_norm": 0.2560022175312042,
      "learning_rate": 0.0001,
      "loss": 0.0026,
      "step": 106
    },
    {
      "epoch": 11.88888888888889,
      "grad_norm": 2.4384913444519043,
      "learning_rate": 0.0001,
      "loss": 0.0233,
      "step": 107
    },
    {
      "epoch": 12.0,
      "grad_norm": 0.3758109509944916,
      "learning_rate": 0.0001,
      "loss": 0.0044,
      "step": 108
    },
    {
      "epoch": 12.11111111111111,
      "grad_norm": 0.3427462875843048,
      "learning_rate": 0.0001,
      "loss": 0.009,
      "step": 109
    },
    {
      "epoch": 12.222222222222221,
      "grad_norm": 0.051067374646663666,
      "learning_rate": 0.0001,
      "loss": 0.0007,
      "step": 110
    },
    {
      "epoch": 12.333333333333334,
      "grad_norm": 0.14427560567855835,
      "learning_rate": 0.0001,
      "loss": 0.0012,
      "step": 111
    },
    {
      "epoch": 12.444444444444445,
      "grad_norm": 0.04240953549742699,
      "learning_rate": 0.0001,
      "loss": 0.0005,
      "step": 112
    },
    {
      "epoch": 12.555555555555555,
      "grad_norm": 0.104621022939682,
      "learning_rate": 0.0001,
      "loss": 0.001,
      "step": 113
    },
    {
      "epoch": 12.666666666666666,
      "grad_norm": 2.579780340194702,
      "learning_rate": 0.0001,
      "loss": 0.0071,
      "step": 114
    },
    {
      "epoch": 12.777777777777779,
      "grad_norm": 0.7023558020591736,
      "learning_rate": 0.0001,
      "loss": 0.0144,
      "step": 115
    },
    {
      "epoch": 12.88888888888889,
      "grad_norm": 0.05572618544101715,
      "learning_rate": 0.0001,
      "loss": 0.0008,
      "step": 116
    },
    {
      "epoch": 13.0,
      "grad_norm": 0.9308677315711975,
      "learning_rate": 0.0001,
      "loss": 0.0056,
      "step": 117
    },
    {
      "epoch": 13.11111111111111,
      "grad_norm": 0.159555584192276,
      "learning_rate": 0.0001,
      "loss": 0.0018,
      "step": 118
    },
    {
      "epoch": 13.222222222222221,
      "grad_norm": 1.8768476247787476,
      "learning_rate": 0.0001,
      "loss": 0.041,
      "step": 119
    },
    {
      "epoch": 13.333333333333334,
      "grad_norm": 0.13035012781620026,
      "learning_rate": 0.0001,
      "loss": 0.0017,
      "step": 120
    },
    {
      "epoch": 13.444444444444445,
      "grad_norm": 0.3309948444366455,
      "learning_rate": 0.0001,
      "loss": 0.0041,
      "step": 121
    },
    {
      "epoch": 13.555555555555555,
      "grad_norm": 0.12334176152944565,
      "learning_rate": 0.0001,
      "loss": 0.0029,
      "step": 122
    },
    {
      "epoch": 13.666666666666666,
      "grad_norm": 0.1102224811911583,
      "learning_rate": 0.0001,
      "loss": 0.0024,
      "step": 123
    },
    {
      "epoch": 13.777777777777779,
      "grad_norm": 0.8363056778907776,
      "learning_rate": 0.0001,
      "loss": 0.0164,
      "step": 124
    },
    {
      "epoch": 13.88888888888889,
      "grad_norm": 1.2548378705978394,
      "learning_rate": 0.0001,
      "loss": 0.0314,
      "step": 125
    },
    {
      "epoch": 14.0,
      "grad_norm": 0.45026442408561707,
      "learning_rate": 0.0001,
      "loss": 0.0048,
      "step": 126
    },
    {
      "epoch": 14.11111111111111,
      "grad_norm": 0.3302074670791626,
      "learning_rate": 0.0001,
      "loss": 0.0038,
      "step": 127
    },
    {
      "epoch": 14.222222222222221,
      "grad_norm": 0.4464358687400818,
      "learning_rate": 0.0001,
      "loss": 0.0059,
      "step": 128
    },
    {
      "epoch": 14.333333333333334,
      "grad_norm": 0.2928982675075531,
      "learning_rate": 0.0001,
      "loss": 0.0052,
      "step": 129
    },
    {
      "epoch": 14.444444444444445,
      "grad_norm": 0.6601347327232361,
      "learning_rate": 0.0001,
      "loss": 0.0168,
      "step": 130
    },
    {
      "epoch": 14.555555555555555,
      "grad_norm": 1.2968590259552002,
      "learning_rate": 0.0001,
      "loss": 0.0153,
      "step": 131
    },
    {
      "epoch": 14.666666666666666,
      "grad_norm": 0.5050274133682251,
      "learning_rate": 0.0001,
      "loss": 0.0039,
      "step": 132
    },
    {
      "epoch": 14.777777777777779,
      "grad_norm": 0.2206529676914215,
      "learning_rate": 0.0001,
      "loss": 0.0027,
      "step": 133
    },
    {
      "epoch": 14.88888888888889,
      "grad_norm": 0.5812730193138123,
      "learning_rate": 0.0001,
      "loss": 0.0083,
      "step": 134
    },
    {
      "epoch": 15.0,
      "grad_norm": 0.10128292441368103,
      "learning_rate": 0.0001,
      "loss": 0.0018,
      "step": 135
    },
    {
      "epoch": 15.11111111111111,
      "grad_norm": 1.5206682682037354,
      "learning_rate": 0.0001,
      "loss": 0.0075,
      "step": 136
    },
    {
      "epoch": 15.222222222222221,
      "grad_norm": 0.0799691453576088,
      "learning_rate": 0.0001,
      "loss": 0.0014,
      "step": 137
    },
    {
      "epoch": 15.333333333333334,
      "grad_norm": 0.19371937215328217,
      "learning_rate": 0.0001,
      "loss": 0.0008,
      "step": 138
    },
    {
      "epoch": 15.444444444444445,
      "grad_norm": 0.13449659943580627,
      "learning_rate": 0.0001,
      "loss": 0.002,
      "step": 139
    },
    {
      "epoch": 15.555555555555555,
      "grad_norm": 0.12441261112689972,
      "learning_rate": 0.0001,
      "loss": 0.0036,
      "step": 140
    },
    {
      "epoch": 15.666666666666666,
      "grad_norm": 0.13041241466999054,
      "learning_rate": 0.0001,
      "loss": 0.003,
      "step": 141
    },
    {
      "epoch": 15.777777777777779,
      "grad_norm": 0.23868092894554138,
      "learning_rate": 0.0001,
      "loss": 0.0025,
      "step": 142
    },
    {
      "epoch": 15.88888888888889,
      "grad_norm": 0.25854697823524475,
      "learning_rate": 0.0001,
      "loss": 0.002,
      "step": 143
    },
    {
      "epoch": 16.0,
      "grad_norm": 0.17554253339767456,
      "learning_rate": 0.0001,
      "loss": 0.0014,
      "step": 144
    },
    {
      "epoch": 16.0,
      "step": 144,
      "total_flos": 1.0565324689637376e+16,
      "train_loss": 0.03549940404274013,
      "train_runtime": 1367.583,
      "train_samples_per_second": 0.842,
      "train_steps_per_second": 0.105
    }
  ],
  "peak_allocated_bytes": 5401586688,
  "peak_reserved_bytes": 5565841408,
  "profile": {
    "alpha": 16,
    "dropout": 0.0,
    "name": "all_linear_r8",
    "priority": 0,
    "r": 8,
    "targets": [
      "q_proj",
      "k_proj",
      "v_proj",
      "o_proj",
      "gate_proj",
      "up_proj",
      "down_proj"
    ]
  },
  "profile_lock_sha256": "7329c94cb3e312217c8bfc318b571e3fd3994a7caef808d2ff5daea085b5045c",
  "row_order": [
    37,
    15,
    6,
    13,
    70,
    29,
    69,
    55,
    39,
    10,
    51,
    64,
    24,
    16,
    25,
    28,
    50,
    49,
    21,
    1,
    56,
    5,
    9,
    22,
    36,
    43,
    20,
    58,
    3,
    52,
    59,
    26,
    32,
    63,
    27,
    62,
    18,
    12,
    57,
    65,
    53,
    11,
    38,
    7,
    66,
    48,
    44,
    4,
    67,
    0,
    42,
    68,
    60,
    8,
    33,
    31,
    54,
    61,
    30,
    47,
    2,
    41,
    17,
    19,
    40,
    45,
    35,
    46,
    34,
    23,
    71,
    14
  ],
  "row_order_sha256": "6de198ed30836a9c8fed0813449779b18fcb32a0ffaff8c464a4b140879d6b33",
  "schema": "cfe.v14.predicate-horizon-train-run.v1",
  "seed": 2026083111,
  "status": "TRAINING_EXECUTED__SCIENTIFIC_EFFECT_UNQUALIFIED",
  "token_reference_sha256": "48e57594b7e90031d7c46838270bc247e5ea9bf6b8c88afc9b6a73b491b383d7",
  "train_result": {
    "epoch": 16.0,
    "total_flos": 1.0565324689637376e+16,
    "train_loss": 0.03549940404274013,
    "train_runtime": 1367.583,
    "train_samples_per_second": 0.842,
    "train_steps_per_second": 0.105
  },
  "train_runtime_seconds": 1367.8283870220184
}
