W0830 16:12:23.249000 28392 Lib\site-packages\torch\utils\flop_counter.py:29] triton not found; flop counting will not work for triton kernels

Loading checkpoint shards:   0%|          | 0/3 [00:00<?, ?it/s]
Loading checkpoint shards:  33%|███▎      | 1/3 [00:03<00:07,  3.81s/it]
Loading checkpoint shards:  67%|██████▋   | 2/3 [00:07<00:03,  3.96s/it]
Loading checkpoint shards: 100%|██████████| 3/3 [00:11<00:00,  3.75s/it]
Loading checkpoint shards: 100%|██████████| 3/3 [00:11<00:00,  3.79s/it]

  0%|          | 0/36 [00:00<?, ?it/s]
  3%|▎         | 1/36 [00:10<06:18, 10.82s/it]
                                              

  3%|▎         | 1/36 [00:10<06:18, 10.82s/it]
  6%|▌         | 2/36 [00:20<05:53, 10.39s/it]
                                              

  6%|▌         | 2/36 [00:20<05:53, 10.39s/it]
  8%|▊         | 3/36 [00:30<05:38, 10.25s/it]
                                              

  8%|▊         | 3/36 [00:30<05:38, 10.25s/it]
 11%|█         | 4/36 [00:41<05:26, 10.19s/it]
                                              

 11%|█         | 4/36 [00:41<05:26, 10.19s/it]
 14%|█▍        | 5/36 [00:51<05:14, 10.15s/it]
                                              

 14%|█▍        | 5/36 [00:51<05:14, 10.15s/it]
 17%|█▋        | 6/36 [01:01<05:04, 10.14s/it]
                                              

 17%|█▋        | 6/36 [01:01<05:04, 10.14s/it]
 19%|█▉        | 7/36 [01:11<04:53, 10.13s/it]
                                              

 19%|█▉        | 7/36 [01:11<04:53, 10.13s/it]
 22%|██▏       | 8/36 [01:21<04:42, 10.10s/it]
                                              

 22%|██▏       | 8/36 [01:21<04:42, 10.10s/it]
 25%|██▌       | 9/36 [01:31<04:31, 10.07s/it]
                                              

 25%|██▌       | 9/36 [01:31<04:31, 10.07s/it]
 28%|██▊       | 10/36 [01:41<04:21, 10.06s/it]
                                               

 28%|██▊       | 10/36 [01:41<04:21, 10.06s/it]
 31%|███       | 11/36 [01:51<04:10, 10.04s/it]
                                               

 31%|███       | 11/36 [01:51<04:10, 10.04s/it]
 33%|███▎      | 12/36 [02:01<04:00, 10.03s/it]
                                               

 33%|███▎      | 12/36 [02:01<04:00, 10.03s/it]
 36%|███▌      | 13/36 [02:11<03:50, 10.03s/it]
                                               

 36%|███▌      | 13/36 [02:11<03:50, 10.03s/it]
 39%|███▉      | 14/36 [02:21<03:41, 10.08s/it]
                                               

 39%|███▉      | 14/36 [02:21<03:41, 10.08s/it]
 42%|████▏     | 15/36 [02:31<03:31, 10.08s/it]
                                               

 42%|████▏     | 15/36 [02:31<03:31, 10.08s/it]
 44%|████▍     | 16/36 [02:41<03:21, 10.09s/it]
                                               

 44%|████▍     | 16/36 [02:41<03:21, 10.09s/it]
 47%|████▋     | 17/36 [02:52<03:12, 10.11s/it]
                                               

 47%|████▋     | 17/36 [02:52<03:12, 10.11s/it]
 50%|█████     | 18/36 [03:02<03:02, 10.11s/it]
                                               

 50%|█████     | 18/36 [03:02<03:02, 10.11s/it]
 53%|█████▎    | 19/36 [03:12<02:52, 10.12s/it]
                                               

 53%|█████▎    | 19/36 [03:12<02:52, 10.12s/it]
 56%|█████▌    | 20/36 [03:22<02:41, 10.12s/it]
                                               

 56%|█████▌    | 20/36 [03:22<02:41, 10.12s/it]
 58%|█████▊    | 21/36 [03:32<02:31, 10.11s/it]
                                               

 58%|█████▊    | 21/36 [03:32<02:31, 10.11s/it]
 61%|██████    | 22/36 [03:42<02:21, 10.11s/it]
                                               

 61%|██████    | 22/36 [03:42<02:21, 10.11s/it]
 64%|██████▍   | 23/36 [03:52<02:11, 10.13s/it]
                                               

 64%|██████▍   | 23/36 [03:52<02:11, 10.13s/it]
 67%|██████▋   | 24/36 [04:02<02:01, 10.11s/it]
                                               

 67%|██████▋   | 24/36 [04:02<02:01, 10.11s/it]
 69%|██████▉   | 25/36 [04:12<01:50, 10.09s/it]
                                               

 69%|██████▉   | 25/36 [04:12<01:50, 10.09s/it]
 72%|███████▏  | 26/36 [04:22<01:40, 10.07s/it]
                                               

 72%|███████▏  | 26/36 [04:22<01:40, 10.07s/it]
 75%|███████▌  | 27/36 [04:32<01:30, 10.07s/it]
                                               

 75%|███████▌  | 27/36 [04:32<01:30, 10.07s/it]
 78%|███████▊  | 28/36 [04:43<01:20, 10.10s/it]
                                               

 78%|███████▊  | 28/36 [04:43<01:20, 10.10s/it]
 81%|████████  | 29/36 [04:52<01:09,  9.97s/it]
                                               

 81%|████████  | 29/36 [04:52<01:09,  9.97s/it]
 83%|████████▎ | 30/36 [05:02<00:59,  9.94s/it]
                                               

 83%|████████▎ | 30/36 [05:02<00:59,  9.94s/it]
 86%|████████▌ | 31/36 [05:12<00:49,  9.83s/it]
                                               

 86%|████████▌ | 31/36 [05:12<00:49,  9.83s/it]
 89%|████████▉ | 32/36 [05:21<00:38,  9.72s/it]
                                               

 89%|████████▉ | 32/36 [05:21<00:38,  9.72s/it]
 92%|█████████▏| 33/36 [05:31<00:28,  9.63s/it]
                                               

 92%|█████████▏| 33/36 [05:31<00:28,  9.63s/it]
 94%|█████████▍| 34/36 [05:41<00:19,  9.70s/it]
                                               

 94%|█████████▍| 34/36 [05:41<00:19,  9.70s/it]
 97%|█████████▋| 35/36 [05:50<00:09,  9.75s/it]
                                               

 97%|█████████▋| 35/36 [05:50<00:09,  9.75s/it]
100%|██████████| 36/36 [06:00<00:00,  9.81s/it]
                                               

100%|██████████| 36/36 [06:00<00:00,  9.81s/it]
                                               

100%|██████████| 36/36 [06:00<00:00,  9.81s/it]
100%|██████████| 36/36 [06:00<00:00, 10.02s/it]
