diagnostic 24/168
diagnostic 48/168
diagnostic 72/168
diagnostic 96/168
diagnostic 120/168
diagnostic 144/168
diagnostic 168/168
{
  "adapter": "C:\\Users\\ancal\\ProtoAGI\\CFE\\CFE_RND_V1_0_PREEXECUTION\\executed\\CFE_V10_FIRST_SCREEN_20260830T013957Z\\train\\2026082503\\TREATMENT_NEIGHBORHOOD\\adapter",
  "adapter_files": {
    "README.md": {
      "bytes": 5380,
      "sha256": "b9264f0629a47970c39d6f80142bbaf6e5cb5ddb4e4e372105f879493d562b8a"
    },
    "adapter_config.json": {
      "bytes": 1297,
      "sha256": "7629acce1929156a738318a186a2f6f5818f9a4f0ffdbdef892272121e957834"
    },
    "adapter_model.safetensors": {
      "bytes": 83945296,
      "sha256": "443f0ff58fd79fa5fbb8c38f58158051eddea3142f60a73a8cd814c9fedd83f8"
    }
  },
  "attention_backend": "eager",
  "base_snapshot_manifest_sha256": "0d429d3f6e0fa276fa7bb24c3566ed7ce3856c22230bb58936527f1f15f2bc6d",
  "cases_sha256": "063b1ad366df98367e35ec411c63f45e62011f26e71498c4e60dbb30e37b4f1a",
  "diagnostic_manifest_sha256": "7bde83d8487208c808907b3cbd4d5436bf3a389d372f247dccd99b906e0c5bf8",
  "host_lock_sha256": "047fc0e619b5ebe61f7dd9c6e5e1a1b356affba07a8b27795b394c3ad443aea6",
  "interpretation_ceiling": [
    "Post-hoc diagnostic only.",
    "Existing weights only; no training occurred.",
    "RULE_EXPLICIT tests application with rule supplied.",
    "BOUNDARY_LATENT removes the inequality but supplies policy.",
    "FULL_LATENT removes both inequality and policy wording; failure may reflect task ambiguity as well as missing latent transfer."
  ],
  "label": "2026082503__TREATMENT_NEIGHBORHOOD",
  "metrics": {
    "by_margin": {
      "-1": {
        "accuracy": 0.9166666666666666,
        "correct": 22,
        "n": 24
      },
      "-2": {
        "accuracy": 0.7916666666666666,
        "correct": 19,
        "n": 24
      },
      "-5": {
        "accuracy": 0.875,
        "correct": 21,
        "n": 24
      },
      "0": {
        "accuracy": 0.8333333333333334,
        "correct": 20,
        "n": 24
      },
      "1": {
        "accuracy": 0.0,
        "correct": 0,
        "n": 24
      },
      "2": {
        "accuracy": 0.0,
        "correct": 0,
        "n": 24
      },
      "5": {
        "accuracy": 0.041666666666666664,
        "correct": 1,
        "n": 24
      }
    },
    "by_mode": {
      "latest_state": {
        "accuracy": 0.5119047619047619,
        "correct": 43,
        "n": 84
      },
      "transactional": {
        "accuracy": 0.47619047619047616,
        "correct": 40,
        "n": 84
      }
    },
    "by_tier": {
      "BOUNDARY_LATENT": {
        "accuracy": 0.5892857142857143,
        "correct": 33,
        "n": 56
      },
      "FULL_LATENT": {
        "accuracy": 0.32142857142857145,
        "correct": 18,
        "n": 56
      },
      "RULE_EXPLICIT": {
        "accuracy": 0.5714285714285714,
        "correct": 32,
        "n": 56
      }
    },
    "by_tier_margin": {
      "BOUNDARY_LATENT": {
        "-1": {
          "accuracy": 1.0,
          "correct": 8,
          "n": 8
        },
        "-2": {
          "accuracy": 1.0,
          "correct": 8,
          "n": 8
        },
        "-5": {
          "accuracy": 1.0,
          "correct": 8,
          "n": 8
        },
        "0": {
          "accuracy": 1.0,
          "correct": 8,
          "n": 8
        },
        "1": {
          "accuracy": 0.0,
          "correct": 0,
          "n": 8
        },
        "2": {
          "accuracy": 0.0,
          "correct": 0,
          "n": 8
        },
        "5": {
          "accuracy": 0.125,
          "correct": 1,
          "n": 8
        }
      },
      "FULL_LATENT": {
        "-1": {
          "accuracy": 0.75,
          "correct": 6,
          "n": 8
        },
        "-2": {
          "accuracy": 0.375,
          "correct": 3,
          "n": 8
        },
        "-5": {
          "accuracy": 0.625,
          "correct": 5,
          "n": 8
        },
        "0": {
          "accuracy": 0.5,
          "correct": 4,
          "n": 8
        },
        "1": {
          "accuracy": 0.0,
          "correct": 0,
          "n": 8
        },
        "2": {
          "accuracy": 0.0,
          "correct": 0,
          "n": 8
        },
        "5": {
          "accuracy": 0.0,
          "correct": 0,
          "n": 8
        }
      },
      "RULE_EXPLICIT": {
        "-1": {
          "accuracy": 1.0,
          "correct": 8,
          "n": 8
        },
        "-2": {
          "accuracy": 1.0,
          "correct": 8,
          "n": 8
        },
        "-5": {
          "accuracy": 1.0,
          "correct": 8,
          "n": 8
        },
        "0": {
          "accuracy": 1.0,
          "correct": 8,
          "n": 8
        },
        "1": {
          "accuracy": 0.0,
          "correct": 0,
          "n": 8
        },
        "2": {
          "accuracy": 0.0,
          "correct": 0,
          "n": 8
        },
        "5": {
          "accuracy": 0.0,
          "correct": 0,
          "n": 8
        }
      }
    },
    "overall": {
      "accuracy": 0.49404761904761907,
      "correct": 83,
      "n": 168
    },
    "support_buckets": {
      "boundary_equal": {
        "accuracy": 0.8333333333333334,
        "correct": 20,
        "n": 24
      },
      "far_overflow": {
        "accuracy": 0.020833333333333332,
        "correct": 1,
        "n": 48
      },
      "negative_slack": {
        "accuracy": 0.8611111111111112,
        "correct": 62,
        "n": 72
      },
      "old_overflow_support": {
        "accuracy": 0.0,
        "correct": 0,
        "n": 24
      }
    }
  },
  "peak_allocated_bytes": 4256447488,
  "peak_reserved_bytes": 4561305600,
  "producer_run_manifest_sha256": "2c15a0a4bada8db47a5aacbb6eb83989fdd5e25a8d7ec2e221f596f0771e948f",
  "results_sha256": "47dda7f0b1bc24b51d425946d484cdd88e60fccf29e49de4366cbc86be51fb5e",
  "runtime_seconds": 159.91814160346985,
  "schema": "cfe.v10.bounded-latent-diagnostic-eval.v1",
  "status": "POST_HOC_READ_ONLY_DIAGNOSTIC_COMPLETE__NOT_CONFIRMATORY"
}
