diagnostic 24/168
diagnostic 48/168
diagnostic 72/168
diagnostic 96/168
diagnostic 120/168
diagnostic 144/168
diagnostic 168/168
{
  "adapter": "C:\\Users\\ancal\\ProtoAGI\\CFE\\CFE_RND_V1_0_PREEXECUTION\\executed\\CFE_V10_FIRST_SCREEN_20260830T013957Z\\train\\2026082504\\TREATMENT_NEIGHBORHOOD\\adapter",
  "adapter_files": {
    "README.md": {
      "bytes": 5380,
      "sha256": "b9264f0629a47970c39d6f80142bbaf6e5cb5ddb4e4e372105f879493d562b8a"
    },
    "adapter_config.json": {
      "bytes": 1297,
      "sha256": "019ab74d15ba3d8dcd9c03827c10d3c854767b666123eba93b6824e9b76f80d2"
    },
    "adapter_model.safetensors": {
      "bytes": 83945296,
      "sha256": "9cc6c6a913c9f7df7255f016e090ddf6b4224820af7299f5b1c01b1cafa08a41"
    }
  },
  "attention_backend": "eager",
  "base_snapshot_manifest_sha256": "0d429d3f6e0fa276fa7bb24c3566ed7ce3856c22230bb58936527f1f15f2bc6d",
  "cases_sha256": "063b1ad366df98367e35ec411c63f45e62011f26e71498c4e60dbb30e37b4f1a",
  "diagnostic_manifest_sha256": "7bde83d8487208c808907b3cbd4d5436bf3a389d372f247dccd99b906e0c5bf8",
  "host_lock_sha256": "047fc0e619b5ebe61f7dd9c6e5e1a1b356affba07a8b27795b394c3ad443aea6",
  "interpretation_ceiling": [
    "Post-hoc diagnostic only.",
    "Existing weights only; no training occurred.",
    "RULE_EXPLICIT tests application with rule supplied.",
    "BOUNDARY_LATENT removes the inequality but supplies policy.",
    "FULL_LATENT removes both inequality and policy wording; failure may reflect task ambiguity as well as missing latent transfer."
  ],
  "label": "2026082504__TREATMENT_NEIGHBORHOOD",
  "metrics": {
    "by_margin": {
      "-1": {
        "accuracy": 0.3333333333333333,
        "correct": 8,
        "n": 24
      },
      "-2": {
        "accuracy": 0.375,
        "correct": 9,
        "n": 24
      },
      "-5": {
        "accuracy": 0.4166666666666667,
        "correct": 10,
        "n": 24
      },
      "0": {
        "accuracy": 0.2916666666666667,
        "correct": 7,
        "n": 24
      },
      "1": {
        "accuracy": 0.2916666666666667,
        "correct": 7,
        "n": 24
      },
      "2": {
        "accuracy": 0.2916666666666667,
        "correct": 7,
        "n": 24
      },
      "5": {
        "accuracy": 0.25,
        "correct": 6,
        "n": 24
      }
    },
    "by_mode": {
      "latest_state": {
        "accuracy": 0.19047619047619047,
        "correct": 16,
        "n": 84
      },
      "transactional": {
        "accuracy": 0.4523809523809524,
        "correct": 38,
        "n": 84
      }
    },
    "by_tier": {
      "BOUNDARY_LATENT": {
        "accuracy": 0.6785714285714286,
        "correct": 38,
        "n": 56
      },
      "FULL_LATENT": {
        "accuracy": 0.0,
        "correct": 0,
        "n": 56
      },
      "RULE_EXPLICIT": {
        "accuracy": 0.2857142857142857,
        "correct": 16,
        "n": 56
      }
    },
    "by_tier_margin": {
      "BOUNDARY_LATENT": {
        "-1": {
          "accuracy": 0.875,
          "correct": 7,
          "n": 8
        },
        "-2": {
          "accuracy": 1.0,
          "correct": 8,
          "n": 8
        },
        "-5": {
          "accuracy": 1.0,
          "correct": 8,
          "n": 8
        },
        "0": {
          "accuracy": 0.75,
          "correct": 6,
          "n": 8
        },
        "1": {
          "accuracy": 0.375,
          "correct": 3,
          "n": 8
        },
        "2": {
          "accuracy": 0.375,
          "correct": 3,
          "n": 8
        },
        "5": {
          "accuracy": 0.375,
          "correct": 3,
          "n": 8
        }
      },
      "FULL_LATENT": {
        "-1": {
          "accuracy": 0.0,
          "correct": 0,
          "n": 8
        },
        "-2": {
          "accuracy": 0.0,
          "correct": 0,
          "n": 8
        },
        "-5": {
          "accuracy": 0.0,
          "correct": 0,
          "n": 8
        },
        "0": {
          "accuracy": 0.0,
          "correct": 0,
          "n": 8
        },
        "1": {
          "accuracy": 0.0,
          "correct": 0,
          "n": 8
        },
        "2": {
          "accuracy": 0.0,
          "correct": 0,
          "n": 8
        },
        "5": {
          "accuracy": 0.0,
          "correct": 0,
          "n": 8
        }
      },
      "RULE_EXPLICIT": {
        "-1": {
          "accuracy": 0.125,
          "correct": 1,
          "n": 8
        },
        "-2": {
          "accuracy": 0.125,
          "correct": 1,
          "n": 8
        },
        "-5": {
          "accuracy": 0.25,
          "correct": 2,
          "n": 8
        },
        "0": {
          "accuracy": 0.125,
          "correct": 1,
          "n": 8
        },
        "1": {
          "accuracy": 0.5,
          "correct": 4,
          "n": 8
        },
        "2": {
          "accuracy": 0.5,
          "correct": 4,
          "n": 8
        },
        "5": {
          "accuracy": 0.375,
          "correct": 3,
          "n": 8
        }
      }
    },
    "overall": {
      "accuracy": 0.32142857142857145,
      "correct": 54,
      "n": 168
    },
    "support_buckets": {
      "boundary_equal": {
        "accuracy": 0.2916666666666667,
        "correct": 7,
        "n": 24
      },
      "far_overflow": {
        "accuracy": 0.2708333333333333,
        "correct": 13,
        "n": 48
      },
      "negative_slack": {
        "accuracy": 0.375,
        "correct": 27,
        "n": 72
      },
      "old_overflow_support": {
        "accuracy": 0.2916666666666667,
        "correct": 7,
        "n": 24
      }
    }
  },
  "peak_allocated_bytes": 4256447488,
  "peak_reserved_bytes": 4561305600,
  "producer_run_manifest_sha256": "9decdd4ee43c779bd332ebb85a2c0d0a5baf6326a3401c7b0393e1f14d3d0963",
  "results_sha256": "32cf396e32769a111467c053068129b9e5208d9b2fac673efec714d7560c4f29",
  "runtime_seconds": 224.30091547966003,
  "schema": "cfe.v10.bounded-latent-diagnostic-eval.v1",
  "status": "POST_HOC_READ_ONLY_DIAGNOSTIC_COMPLETE__NOT_CONFIRMATORY"
}
