diagnostic 24/168
diagnostic 48/168
diagnostic 72/168
diagnostic 96/168
diagnostic 120/168
diagnostic 144/168
diagnostic 168/168
{
  "adapter": "C:\\Users\\ancal\\ProtoAGI\\CFE\\CFE_RND_V1_0_PREEXECUTION\\executed\\CFE_V10_FIRST_SCREEN_20260830T013957Z\\train\\2026082505\\CONTROL_STRICT_CELL_SCRAMBLE\\adapter",
  "adapter_files": {
    "README.md": {
      "bytes": 5380,
      "sha256": "b9264f0629a47970c39d6f80142bbaf6e5cb5ddb4e4e372105f879493d562b8a"
    },
    "adapter_config.json": {
      "bytes": 1297,
      "sha256": "f4386c7242ad8ea8d13720bce842e58ce31c2696704b18dd068e6f289ee6cf37"
    },
    "adapter_model.safetensors": {
      "bytes": 83945296,
      "sha256": "470d86b4e1b361173c4b438fc5d0195fbcc78b28b324ee27124401f4fddffd32"
    }
  },
  "attention_backend": "eager",
  "base_snapshot_manifest_sha256": "0d429d3f6e0fa276fa7bb24c3566ed7ce3856c22230bb58936527f1f15f2bc6d",
  "cases_sha256": "063b1ad366df98367e35ec411c63f45e62011f26e71498c4e60dbb30e37b4f1a",
  "diagnostic_manifest_sha256": "7bde83d8487208c808907b3cbd4d5436bf3a389d372f247dccd99b906e0c5bf8",
  "host_lock_sha256": "047fc0e619b5ebe61f7dd9c6e5e1a1b356affba07a8b27795b394c3ad443aea6",
  "interpretation_ceiling": [
    "Post-hoc diagnostic only.",
    "Existing weights only; no training occurred.",
    "RULE_EXPLICIT tests application with rule supplied.",
    "BOUNDARY_LATENT removes the inequality but supplies policy.",
    "FULL_LATENT removes both inequality and policy wording; failure may reflect task ambiguity as well as missing latent transfer."
  ],
  "label": "2026082505__CONTROL_STRICT_CELL_SCRAMBLE",
  "metrics": {
    "by_margin": {
      "-1": {
        "accuracy": 0.6666666666666666,
        "correct": 16,
        "n": 24
      },
      "-2": {
        "accuracy": 0.7083333333333334,
        "correct": 17,
        "n": 24
      },
      "-5": {
        "accuracy": 0.6666666666666666,
        "correct": 16,
        "n": 24
      },
      "0": {
        "accuracy": 0.6666666666666666,
        "correct": 16,
        "n": 24
      },
      "1": {
        "accuracy": 0.0,
        "correct": 0,
        "n": 24
      },
      "2": {
        "accuracy": 0.0,
        "correct": 0,
        "n": 24
      },
      "5": {
        "accuracy": 0.041666666666666664,
        "correct": 1,
        "n": 24
      }
    },
    "by_mode": {
      "latest_state": {
        "accuracy": 0.39285714285714285,
        "correct": 33,
        "n": 84
      },
      "transactional": {
        "accuracy": 0.39285714285714285,
        "correct": 33,
        "n": 84
      }
    },
    "by_tier": {
      "BOUNDARY_LATENT": {
        "accuracy": 0.5714285714285714,
        "correct": 32,
        "n": 56
      },
      "FULL_LATENT": {
        "accuracy": 0.017857142857142856,
        "correct": 1,
        "n": 56
      },
      "RULE_EXPLICIT": {
        "accuracy": 0.5892857142857143,
        "correct": 33,
        "n": 56
      }
    },
    "by_tier_margin": {
      "BOUNDARY_LATENT": {
        "-1": {
          "accuracy": 1.0,
          "correct": 8,
          "n": 8
        },
        "-2": {
          "accuracy": 1.0,
          "correct": 8,
          "n": 8
        },
        "-5": {
          "accuracy": 1.0,
          "correct": 8,
          "n": 8
        },
        "0": {
          "accuracy": 1.0,
          "correct": 8,
          "n": 8
        },
        "1": {
          "accuracy": 0.0,
          "correct": 0,
          "n": 8
        },
        "2": {
          "accuracy": 0.0,
          "correct": 0,
          "n": 8
        },
        "5": {
          "accuracy": 0.0,
          "correct": 0,
          "n": 8
        }
      },
      "FULL_LATENT": {
        "-1": {
          "accuracy": 0.0,
          "correct": 0,
          "n": 8
        },
        "-2": {
          "accuracy": 0.125,
          "correct": 1,
          "n": 8
        },
        "-5": {
          "accuracy": 0.0,
          "correct": 0,
          "n": 8
        },
        "0": {
          "accuracy": 0.0,
          "correct": 0,
          "n": 8
        },
        "1": {
          "accuracy": 0.0,
          "correct": 0,
          "n": 8
        },
        "2": {
          "accuracy": 0.0,
          "correct": 0,
          "n": 8
        },
        "5": {
          "accuracy": 0.0,
          "correct": 0,
          "n": 8
        }
      },
      "RULE_EXPLICIT": {
        "-1": {
          "accuracy": 1.0,
          "correct": 8,
          "n": 8
        },
        "-2": {
          "accuracy": 1.0,
          "correct": 8,
          "n": 8
        },
        "-5": {
          "accuracy": 1.0,
          "correct": 8,
          "n": 8
        },
        "0": {
          "accuracy": 1.0,
          "correct": 8,
          "n": 8
        },
        "1": {
          "accuracy": 0.0,
          "correct": 0,
          "n": 8
        },
        "2": {
          "accuracy": 0.0,
          "correct": 0,
          "n": 8
        },
        "5": {
          "accuracy": 0.125,
          "correct": 1,
          "n": 8
        }
      }
    },
    "overall": {
      "accuracy": 0.39285714285714285,
      "correct": 66,
      "n": 168
    },
    "support_buckets": {
      "boundary_equal": {
        "accuracy": 0.6666666666666666,
        "correct": 16,
        "n": 24
      },
      "far_overflow": {
        "accuracy": 0.020833333333333332,
        "correct": 1,
        "n": 48
      },
      "negative_slack": {
        "accuracy": 0.6805555555555556,
        "correct": 49,
        "n": 72
      },
      "old_overflow_support": {
        "accuracy": 0.0,
        "correct": 0,
        "n": 24
      }
    }
  },
  "peak_allocated_bytes": 4256447488,
  "peak_reserved_bytes": 4561305600,
  "producer_run_manifest_sha256": "e11a430da9b93993557ac1ccdf7f9658a42791e8c335728d840062c15b28ae26",
  "results_sha256": "46c965dd8a39bfeb2c2c50fc75ad7d7a7a58dc2bd76c1781d8f7a3e640638b6d",
  "runtime_seconds": 146.2240378856659,
  "schema": "cfe.v10.bounded-latent-diagnostic-eval.v1",
  "status": "POST_HOC_READ_ONLY_DIAGNOSTIC_COMPLETE__NOT_CONFIRMATORY"
}
