W0831 17:18:50.328000 21968 Lib\site-packages\torch\utils\flop_counter.py:29] triton not found; flop counting will not work for triton kernels

Loading checkpoint shards:   0%|          | 0/3 [00:00<?, ?it/s]
Loading checkpoint shards:  33%|███▎      | 1/3 [00:04<00:08,  4.28s/it]
Loading checkpoint shards:  67%|██████▋   | 2/3 [00:08<00:04,  4.30s/it]
Loading checkpoint shards: 100%|██████████| 3/3 [00:12<00:00,  4.14s/it]
Loading checkpoint shards: 100%|██████████| 3/3 [00:12<00:00,  4.18s/it]

  0%|          | 0/144 [00:00<?, ?it/s]
  1%|          | 1/144 [00:11<27:45, 11.65s/it]
                                               

  1%|          | 1/144 [00:11<27:45, 11.65s/it]
  1%|▏         | 2/144 [00:23<27:25, 11.59s/it]
                                               

  1%|▏         | 2/144 [00:23<27:25, 11.59s/it]
  2%|▏         | 3/144 [00:35<28:27, 12.11s/it]
                                               

  2%|▏         | 3/144 [00:35<28:27, 12.11s/it]
  3%|▎         | 4/144 [00:48<28:22, 12.16s/it]
                                               

  3%|▎         | 4/144 [00:48<28:22, 12.16s/it]
  3%|▎         | 5/144 [01:00<27:57, 12.07s/it]
                                               

  3%|▎         | 5/144 [01:00<27:57, 12.07s/it]
  4%|▍         | 6/144 [01:13<28:49, 12.53s/it]
                                               

  4%|▍         | 6/144 [01:13<28:49, 12.53s/it]
  5%|▍         | 7/144 [01:25<27:58, 12.25s/it]
                                               

  5%|▍         | 7/144 [01:25<27:58, 12.25s/it]
  6%|▌         | 8/144 [01:36<27:08, 11.97s/it]
                                               

  6%|▌         | 8/144 [01:36<27:08, 11.97s/it]
  6%|▋         | 9/144 [01:50<28:33, 12.70s/it]
                                               

  6%|▋         | 9/144 [01:50<28:33, 12.70s/it]
  7%|▋         | 10/144 [02:05<29:36, 13.26s/it]
                                                

  7%|▋         | 10/144 [02:05<29:36, 13.26s/it]
  8%|▊         | 11/144 [02:20<30:52, 13.93s/it]
                                                

  8%|▊         | 11/144 [02:20<30:52, 13.93s/it]
  8%|▊         | 12/144 [02:35<31:28, 14.31s/it]
                                                

  8%|▊         | 12/144 [02:35<31:28, 14.31s/it]
  9%|▉         | 13/144 [02:49<30:35, 14.01s/it]
                                                

  9%|▉         | 13/144 [02:49<30:35, 14.01s/it]
 10%|▉         | 14/144 [03:00<28:42, 13.25s/it]
                                                

 10%|▉         | 14/144 [03:00<28:42, 13.25s/it]
 10%|█         | 15/144 [03:12<27:32, 12.81s/it]
                                                

 10%|█         | 15/144 [03:12<27:32, 12.81s/it]
 11%|█         | 16/144 [03:25<27:10, 12.73s/it]
                                                

 11%|█         | 16/144 [03:25<27:10, 12.73s/it]
 12%|█▏        | 17/144 [03:37<26:57, 12.73s/it]
                                                

 12%|█▏        | 17/144 [03:37<26:57, 12.73s/it]
 12%|█▎        | 18/144 [03:50<26:58, 12.85s/it]
                                                

 12%|█▎        | 18/144 [03:50<26:58, 12.85s/it]
 13%|█▎        | 19/144 [04:05<27:33, 13.23s/it]
                                                

 13%|█▎        | 19/144 [04:05<27:33, 13.23s/it]
 14%|█▍        | 20/144 [04:17<26:58, 13.05s/it]
                                                

 14%|█▍        | 20/144 [04:17<26:58, 13.05s/it]
 15%|█▍        | 21/144 [04:30<26:22, 12.87s/it]
                                                

 15%|█▍        | 21/144 [04:30<26:22, 12.87s/it]
 15%|█▌        | 22/144 [04:41<25:06, 12.35s/it]
                                                

 15%|█▌        | 22/144 [04:41<25:06, 12.35s/it]
 16%|█▌        | 23/144 [04:52<24:26, 12.12s/it]
                                                

 16%|█▌        | 23/144 [04:52<24:26, 12.12s/it]
 17%|█▋        | 24/144 [05:07<25:51, 12.93s/it]
                                                

 17%|█▋        | 24/144 [05:07<25:51, 12.93s/it]
 17%|█▋        | 25/144 [05:20<25:20, 12.77s/it]
                                                

 17%|█▋        | 25/144 [05:20<25:20, 12.77s/it]
 18%|█▊        | 26/144 [05:33<25:12, 12.82s/it]
                                                

 18%|█▊        | 26/144 [05:33<25:12, 12.82s/it]
 19%|█▉        | 27/144 [05:48<26:14, 13.45s/it]
                                                

 19%|█▉        | 27/144 [05:48<26:14, 13.45s/it]
 19%|█▉        | 28/144 [06:00<25:20, 13.11s/it]
                                                

 19%|█▉        | 28/144 [06:00<25:20, 13.11s/it]
 20%|██        | 29/144 [06:13<25:08, 13.12s/it]
                                                

 20%|██        | 29/144 [06:13<25:08, 13.12s/it]
 21%|██        | 30/144 [06:28<25:57, 13.66s/it]
                                                

 21%|██        | 30/144 [06:28<25:57, 13.66s/it]
 22%|██▏       | 31/144 [06:42<26:02, 13.83s/it]
                                                

 22%|██▏       | 31/144 [06:42<26:02, 13.83s/it]
 22%|██▏       | 32/144 [06:55<25:29, 13.66s/it]
                                                

 22%|██▏       | 32/144 [06:55<25:29, 13.66s/it]
 23%|██▎       | 33/144 [07:10<25:45, 13.92s/it]
                                                

 23%|██▎       | 33/144 [07:10<25:45, 13.92s/it]
 24%|██▎       | 34/144 [07:22<24:36, 13.43s/it]
                                                

 24%|██▎       | 34/144 [07:22<24:36, 13.43s/it]
 24%|██▍       | 35/144 [07:35<23:56, 13.18s/it]
                                                

 24%|██▍       | 35/144 [07:35<23:56, 13.18s/it]
 25%|██▌       | 36/144 [07:46<22:55, 12.73s/it]
                                                

 25%|██▌       | 36/144 [07:46<22:55, 12.73s/it]
 26%|██▌       | 37/144 [07:58<22:05, 12.39s/it]
                                                

 26%|██▌       | 37/144 [07:58<22:05, 12.39s/it]
 26%|██▋       | 38/144 [08:13<23:14, 13.16s/it]
                                                

 26%|██▋       | 38/144 [08:13<23:14, 13.16s/it]
 27%|██▋       | 39/144 [08:26<22:44, 13.00s/it]
                                                

 27%|██▋       | 39/144 [08:26<22:44, 13.00s/it]
 28%|██▊       | 40/144 [08:38<22:11, 12.80s/it]
                                                

 28%|██▊       | 40/144 [08:38<22:11, 12.80s/it]
 28%|██▊       | 41/144 [08:50<21:47, 12.70s/it]
                                                

 28%|██▊       | 41/144 [08:50<21:47, 12.70s/it]
 29%|██▉       | 42/144 [09:06<22:55, 13.49s/it]
                                                

 29%|██▉       | 42/144 [09:06<22:55, 13.49s/it]
 30%|██▉       | 43/144 [09:18<22:15, 13.23s/it]
                                                

 30%|██▉       | 43/144 [09:18<22:15, 13.23s/it]
 31%|███       | 44/144 [09:32<22:17, 13.38s/it]
                                                

 31%|███       | 44/144 [09:32<22:17, 13.38s/it]
 31%|███▏      | 45/144 [09:47<22:45, 13.79s/it]
                                                

 31%|███▏      | 45/144 [09:47<22:45, 13.79s/it]
 32%|███▏      | 46/144 [10:01<22:39, 13.87s/it]
                                                

 32%|███▏      | 46/144 [10:01<22:39, 13.87s/it]
 33%|███▎      | 47/144 [10:15<22:28, 13.91s/it]
                                                

 33%|███▎      | 47/144 [10:15<22:28, 13.91s/it]
 33%|███▎      | 48/144 [10:26<20:57, 13.10s/it]
                                                

 33%|███▎      | 48/144 [10:26<20:57, 13.10s/it]
 34%|███▍      | 49/144 [10:37<19:40, 12.43s/it]
                                                

 34%|███▍      | 49/144 [10:37<19:40, 12.43s/it]
 35%|███▍      | 50/144 [10:49<19:13, 12.27s/it]
                                                

 35%|███▍      | 50/144 [10:49<19:13, 12.27s/it]
 35%|███▌      | 51/144 [11:00<18:20, 11.83s/it]
                                                

 35%|███▌      | 51/144 [11:00<18:20, 11.83s/it]
 36%|███▌      | 52/144 [11:13<18:47, 12.26s/it]
                                                

 36%|███▌      | 52/144 [11:13<18:47, 12.26s/it]
 37%|███▋      | 53/144 [11:26<19:06, 12.60s/it]
                                                

 37%|███▋      | 53/144 [11:26<19:06, 12.60s/it]
 38%|███▊      | 54/144 [11:39<19:04, 12.71s/it]
                                                

 38%|███▊      | 54/144 [11:39<19:04, 12.71s/it]
 38%|███▊      | 55/144 [11:50<18:10, 12.26s/it]
                                                

 38%|███▊      | 55/144 [11:50<18:10, 12.26s/it]
 39%|███▉      | 56/144 [12:04<18:33, 12.65s/it]
                                                

 39%|███▉      | 56/144 [12:04<18:33, 12.65s/it]
 40%|███▉      | 57/144 [12:15<17:38, 12.16s/it]
                                                

 40%|███▉      | 57/144 [12:15<17:38, 12.16s/it]
 40%|████      | 58/144 [12:26<16:55, 11.81s/it]
                                                

 40%|████      | 58/144 [12:26<16:55, 11.81s/it]
 41%|████      | 59/144 [12:40<17:25, 12.30s/it]
                                                

 41%|████      | 59/144 [12:40<17:25, 12.30s/it]
 42%|████▏     | 60/144 [12:50<16:29, 11.79s/it]
                                                

 42%|████▏     | 60/144 [12:50<16:29, 11.79s/it]
 42%|████▏     | 61/144 [13:01<15:57, 11.53s/it]
                                                

 42%|████▏     | 61/144 [13:01<15:57, 11.53s/it]
 43%|████▎     | 62/144 [13:15<16:41, 12.22s/it]
                                                

 43%|████▎     | 62/144 [13:15<16:41, 12.22s/it]
 44%|████▍     | 63/144 [13:28<16:45, 12.42s/it]
                                                

 44%|████▍     | 63/144 [13:28<16:45, 12.42s/it]
 44%|████▍     | 64/144 [13:42<17:10, 12.88s/it]
                                                

 44%|████▍     | 64/144 [13:42<17:10, 12.88s/it]
 45%|████▌     | 65/144 [13:55<17:04, 12.97s/it]
                                                

 45%|████▌     | 65/144 [13:55<17:04, 12.97s/it]
 46%|████▌     | 66/144 [14:11<17:55, 13.78s/it]
                                                

 46%|████▌     | 66/144 [14:11<17:55, 13.78s/it]
 47%|████▋     | 67/144 [14:26<18:14, 14.22s/it]
                                                

 47%|████▋     | 67/144 [14:26<18:14, 14.22s/it]
 47%|████▋     | 68/144 [14:40<17:50, 14.09s/it]
                                                

 47%|████▋     | 68/144 [14:40<17:50, 14.09s/it]
 48%|████▊     | 69/144 [14:52<17:00, 13.60s/it]
                                                

 48%|████▊     | 69/144 [14:52<17:00, 13.60s/it]
 49%|████▊     | 70/144 [15:06<17:03, 13.83s/it]
                                                

 49%|████▊     | 70/144 [15:06<17:03, 13.83s/it]
 49%|████▉     | 71/144 [15:20<16:49, 13.83s/it]
                                                

 49%|████▉     | 71/144 [15:20<16:49, 13.83s/it]
 50%|█████     | 72/144 [15:33<16:02, 13.37s/it]
                                                

 50%|█████     | 72/144 [15:33<16:02, 13.37s/it]
 51%|█████     | 73/144 [15:46<15:43, 13.28s/it]
                                                

 51%|█████     | 73/144 [15:46<15:43, 13.28s/it]
 51%|█████▏    | 74/144 [16:01<16:13, 13.91s/it]
                                                

 51%|█████▏    | 74/144 [16:01<16:13, 13.91s/it]
 52%|█████▏    | 75/144 [16:13<15:19, 13.33s/it]
                                                

 52%|█████▏    | 75/144 [16:13<15:19, 13.33s/it]
 53%|█████▎    | 76/144 [16:26<15:01, 13.26s/it]
                                                

 53%|█████▎    | 76/144 [16:26<15:01, 13.26s/it]
 53%|█████▎    | 77/144 [16:41<15:18, 13.71s/it]
                                                

 53%|█████▎    | 77/144 [16:41<15:18, 13.71s/it]
 54%|█████▍    | 78/144 [16:53<14:40, 13.34s/it]
                                                

 54%|█████▍    | 78/144 [16:53<14:40, 13.34s/it]
 55%|█████▍    | 79/144 [17:07<14:34, 13.45s/it]
                                                

 55%|█████▍    | 79/144 [17:07<14:34, 13.45s/it]
 56%|█████▌    | 80/144 [17:20<14:17, 13.39s/it]
                                                

 56%|█████▌    | 80/144 [17:20<14:17, 13.39s/it]
 56%|█████▋    | 81/144 [17:36<14:45, 14.05s/it]
                                                

 56%|█████▋    | 81/144 [17:36<14:45, 14.05s/it]
 57%|█████▋    | 82/144 [17:50<14:29, 14.02s/it]
                                                

 57%|█████▋    | 82/144 [17:50<14:29, 14.02s/it]
 58%|█████▊    | 83/144 [18:04<14:14, 14.01s/it]
                                                

 58%|█████▊    | 83/144 [18:04<14:14, 14.01s/it]
 58%|█████▊    | 84/144 [18:19<14:28, 14.47s/it]
                                                

 58%|█████▊    | 84/144 [18:19<14:28, 14.47s/it]
 59%|█████▉    | 85/144 [18:34<14:17, 14.53s/it]
                                                

 59%|█████▉    | 85/144 [18:34<14:17, 14.53s/it]
 60%|█████▉    | 86/144 [18:48<13:59, 14.47s/it]
                                                

 60%|█████▉    | 86/144 [18:48<13:59, 14.47s/it]
 60%|██████    | 87/144 [19:01<13:10, 13.87s/it]
                                                

 60%|██████    | 87/144 [19:01<13:10, 13.87s/it]
 61%|██████    | 88/144 [19:14<12:49, 13.75s/it]
                                                

 61%|██████    | 88/144 [19:14<12:49, 13.75s/it]
 62%|██████▏   | 89/144 [19:26<12:10, 13.28s/it]
                                                

 62%|██████▏   | 89/144 [19:26<12:10, 13.28s/it]
 62%|██████▎   | 90/144 [19:38<11:23, 12.66s/it]
                                                

 62%|██████▎   | 90/144 [19:38<11:23, 12.66s/it]
 63%|██████▎   | 91/144 [19:50<10:58, 12.42s/it]
                                                

 63%|██████▎   | 91/144 [19:50<10:58, 12.42s/it]
 64%|██████▍   | 92/144 [20:02<10:41, 12.35s/it]
                                                

 64%|██████▍   | 92/144 [20:02<10:41, 12.35s/it]
 65%|██████▍   | 93/144 [20:13<10:19, 12.16s/it]
                                                

 65%|██████▍   | 93/144 [20:13<10:19, 12.16s/it]
 65%|██████▌   | 94/144 [20:25<10:03, 12.07s/it]
                                                

 65%|██████▌   | 94/144 [20:25<10:03, 12.07s/it]
 66%|██████▌   | 95/144 [20:37<09:50, 12.04s/it]
                                                

 66%|██████▌   | 95/144 [20:37<09:50, 12.04s/it]
 67%|██████▋   | 96/144 [20:48<09:24, 11.77s/it]
                                                

 67%|██████▋   | 96/144 [20:48<09:24, 11.77s/it]
 67%|██████▋   | 97/144 [21:00<09:16, 11.84s/it]
                                                

 67%|██████▋   | 97/144 [21:00<09:16, 11.84s/it]
 68%|██████▊   | 98/144 [21:13<09:18, 12.14s/it]
                                                

 68%|██████▊   | 98/144 [21:13<09:18, 12.14s/it]
 69%|██████▉   | 99/144 [21:28<09:40, 12.91s/it]
                                                

 69%|██████▉   | 99/144 [21:28<09:40, 12.91s/it]
 69%|██████▉   | 100/144 [21:40<09:15, 12.62s/it]
                                                 

 69%|██████▉   | 100/144 [21:40<09:15, 12.62s/it]
 70%|███████   | 101/144 [21:55<09:31, 13.29s/it]
                                                 

 70%|███████   | 101/144 [21:55<09:31, 13.29s/it]
 71%|███████   | 102/144 [22:07<09:08, 13.05s/it]
                                                 

 71%|███████   | 102/144 [22:07<09:08, 13.05s/it]
 72%|███████▏  | 103/144 [22:19<08:35, 12.58s/it]
                                                 

 72%|███████▏  | 103/144 [22:19<08:35, 12.58s/it]
 72%|███████▏  | 104/144 [22:33<08:42, 13.07s/it]
                                                 

 72%|███████▏  | 104/144 [22:33<08:42, 13.07s/it]
 73%|███████▎  | 105/144 [22:46<08:24, 12.94s/it]
                                                 

 73%|███████▎  | 105/144 [22:46<08:24, 12.94s/it]
 74%|███████▎  | 106/144 [22:59<08:22, 13.22s/it]
                                                 

 74%|███████▎  | 106/144 [22:59<08:22, 13.22s/it]
 74%|███████▍  | 107/144 [23:13<08:14, 13.37s/it]
                                                 

 74%|███████▍  | 107/144 [23:13<08:14, 13.37s/it]
 75%|███████▌  | 108/144 [23:30<08:37, 14.39s/it]
                                                 

 75%|███████▌  | 108/144 [23:30<08:37, 14.39s/it]
 76%|███████▌  | 109/144 [23:44<08:24, 14.40s/it]
                                                 

 76%|███████▌  | 109/144 [23:44<08:24, 14.40s/it]
 76%|███████▋  | 110/144 [24:02<08:38, 15.25s/it]
                                                 

 76%|███████▋  | 110/144 [24:02<08:38, 15.25s/it]
 77%|███████▋  | 111/144 [24:15<08:04, 14.67s/it]
                                                 

 77%|███████▋  | 111/144 [24:15<08:04, 14.67s/it]
 78%|███████▊  | 112/144 [24:29<07:43, 14.49s/it]
                                                 

 78%|███████▊  | 112/144 [24:29<07:43, 14.49s/it]
 78%|███████▊  | 113/144 [24:45<07:42, 14.91s/it]
                                                 

 78%|███████▊  | 113/144 [24:45<07:42, 14.91s/it]
 79%|███████▉  | 114/144 [24:56<06:56, 13.89s/it]
                                                 

 79%|███████▉  | 114/144 [24:56<06:56, 13.89s/it]
 80%|███████▉  | 115/144 [25:08<06:26, 13.33s/it]
                                                 

 80%|███████▉  | 115/144 [25:08<06:26, 13.33s/it]
 81%|████████  | 116/144 [25:21<06:07, 13.11s/it]
                                                 

 81%|████████  | 116/144 [25:21<06:07, 13.11s/it]
 81%|████████▏ | 117/144 [25:35<05:57, 13.25s/it]
                                                 

 81%|████████▏ | 117/144 [25:35<05:57, 13.25s/it]
 82%|████████▏ | 118/144 [25:47<05:34, 12.86s/it]
                                                 

 82%|████████▏ | 118/144 [25:47<05:34, 12.86s/it]
 83%|████████▎ | 119/144 [25:59<05:16, 12.65s/it]
                                                 

 83%|████████▎ | 119/144 [25:59<05:16, 12.65s/it]
 83%|████████▎ | 120/144 [26:12<05:07, 12.80s/it]
                                                 

 83%|████████▎ | 120/144 [26:12<05:07, 12.80s/it]
 84%|████████▍ | 121/144 [26:25<04:59, 13.03s/it]
                                                 

 84%|████████▍ | 121/144 [26:25<04:59, 13.03s/it]
 85%|████████▍ | 122/144 [26:37<04:39, 12.70s/it]
                                                 

 85%|████████▍ | 122/144 [26:37<04:39, 12.70s/it]
 85%|████████▌ | 123/144 [26:48<04:15, 12.19s/it]
                                                 

 85%|████████▌ | 123/144 [26:48<04:15, 12.19s/it]
 86%|████████▌ | 124/144 [27:00<04:02, 12.12s/it]
                                                 

 86%|████████▌ | 124/144 [27:00<04:02, 12.12s/it]
 87%|████████▋ | 125/144 [27:12<03:50, 12.11s/it]
                                                 

 87%|████████▋ | 125/144 [27:12<03:50, 12.11s/it]
 88%|████████▊ | 126/144 [27:28<03:55, 13.07s/it]
                                                 

 88%|████████▊ | 126/144 [27:28<03:55, 13.07s/it]
 88%|████████▊ | 127/144 [27:39<03:35, 12.70s/it]
                                                 

 88%|████████▊ | 127/144 [27:39<03:35, 12.70s/it]
 89%|████████▉ | 128/144 [27:54<03:31, 13.21s/it]
                                                 

 89%|████████▉ | 128/144 [27:54<03:31, 13.21s/it]
 90%|████████▉ | 129/144 [28:06<03:11, 12.74s/it]
                                                 

 90%|████████▉ | 129/144 [28:06<03:11, 12.74s/it]
 90%|█████████ | 130/144 [28:18<02:55, 12.52s/it]
                                                 

 90%|█████████ | 130/144 [28:18<02:55, 12.52s/it]
 91%|█████████ | 131/144 [28:32<02:49, 13.07s/it]
                                                 

 91%|█████████ | 131/144 [28:32<02:49, 13.07s/it]
 92%|█████████▏| 132/144 [28:43<02:29, 12.49s/it]
                                                 

 92%|█████████▏| 132/144 [28:43<02:29, 12.49s/it]
 92%|█████████▏| 133/144 [28:55<02:15, 12.29s/it]
                                                 

 92%|█████████▏| 133/144 [28:55<02:15, 12.29s/it]
 93%|█████████▎| 134/144 [29:08<02:04, 12.40s/it]
                                                 

 93%|█████████▎| 134/144 [29:08<02:04, 12.40s/it]
 94%|█████████▍| 135/144 [29:18<01:47, 11.95s/it]
                                                 

 94%|█████████▍| 135/144 [29:18<01:47, 11.95s/it]
 94%|█████████▍| 136/144 [29:30<01:35, 11.96s/it]
                                                 

 94%|█████████▍| 136/144 [29:30<01:35, 11.96s/it]
 95%|█████████▌| 137/144 [29:43<01:25, 12.17s/it]
                                                 

 95%|█████████▌| 137/144 [29:43<01:25, 12.17s/it]
 96%|█████████▌| 138/144 [29:56<01:14, 12.44s/it]
                                                 

 96%|█████████▌| 138/144 [29:56<01:14, 12.44s/it]
 97%|█████████▋| 139/144 [30:10<01:03, 12.75s/it]
                                                 

 97%|█████████▋| 139/144 [30:10<01:03, 12.75s/it]
 97%|█████████▋| 140/144 [30:21<00:49, 12.47s/it]
                                                 

 97%|█████████▋| 140/144 [30:21<00:49, 12.47s/it]
 98%|█████████▊| 141/144 [30:32<00:36, 12.01s/it]
                                                 

 98%|█████████▊| 141/144 [30:32<00:36, 12.01s/it]
 99%|█████████▊| 142/144 [30:44<00:23, 12.00s/it]
                                                 

 99%|█████████▊| 142/144 [30:44<00:23, 12.00s/it]
 99%|█████████▉| 143/144 [30:56<00:11, 11.97s/it]
                                                 

 99%|█████████▉| 143/144 [30:56<00:11, 11.97s/it]
100%|██████████| 144/144 [31:10<00:00, 12.43s/it]
                                                 

100%|██████████| 144/144 [31:10<00:00, 12.43s/it]
                                                 

100%|██████████| 144/144 [31:10<00:00, 12.43s/it]
100%|██████████| 144/144 [31:10<00:00, 12.99s/it]
