W0831 15:27:25.481000 24088 Lib\site-packages\torch\utils\flop_counter.py:29] triton not found; flop counting will not work for triton kernels

Loading checkpoint shards:   0%|          | 0/3 [00:00<?, ?it/s]
Loading checkpoint shards:  33%|███▎      | 1/3 [00:04<00:08,  4.39s/it]
Loading checkpoint shards:  67%|██████▋   | 2/3 [00:08<00:04,  4.39s/it]
Loading checkpoint shards: 100%|██████████| 3/3 [00:12<00:00,  4.06s/it]
Loading checkpoint shards: 100%|██████████| 3/3 [00:12<00:00,  4.15s/it]

  0%|          | 0/144 [00:00<?, ?it/s]
  1%|          | 1/144 [00:09<23:30,  9.87s/it]
                                               

  1%|          | 1/144 [00:09<23:30,  9.87s/it]
  1%|▏         | 2/144 [00:19<22:20,  9.44s/it]
                                               

  1%|▏         | 2/144 [00:19<22:20,  9.44s/it]
  2%|▏         | 3/144 [00:28<21:58,  9.35s/it]
                                               

  2%|▏         | 3/144 [00:28<21:58,  9.35s/it]
  3%|▎         | 4/144 [00:37<21:42,  9.30s/it]
                                               

  3%|▎         | 4/144 [00:37<21:42,  9.30s/it]
  3%|▎         | 5/144 [00:46<21:34,  9.32s/it]
                                               

  3%|▎         | 5/144 [00:46<21:34,  9.32s/it]
  4%|▍         | 6/144 [00:55<21:15,  9.24s/it]
                                               

  4%|▍         | 6/144 [00:55<21:15,  9.24s/it]
  5%|▍         | 7/144 [01:05<21:00,  9.20s/it]
                                               

  5%|▍         | 7/144 [01:05<21:00,  9.20s/it]
  6%|▌         | 8/144 [01:14<20:53,  9.22s/it]
                                               

  6%|▌         | 8/144 [01:14<20:53,  9.22s/it]
  6%|▋         | 9/144 [01:23<20:48,  9.25s/it]
                                               

  6%|▋         | 9/144 [01:23<20:48,  9.25s/it]
  7%|▋         | 10/144 [01:32<20:38,  9.24s/it]
                                                

  7%|▋         | 10/144 [01:32<20:38,  9.24s/it]
  8%|▊         | 11/144 [01:42<20:44,  9.36s/it]
                                                

  8%|▊         | 11/144 [01:42<20:44,  9.36s/it]
  8%|▊         | 12/144 [01:51<20:26,  9.29s/it]
                                                

  8%|▊         | 12/144 [01:51<20:26,  9.29s/it]
  9%|▉         | 13/144 [02:00<20:11,  9.25s/it]
                                                

  9%|▉         | 13/144 [02:00<20:11,  9.25s/it]
 10%|▉         | 14/144 [02:09<20:00,  9.23s/it]
                                                

 10%|▉         | 14/144 [02:09<20:00,  9.23s/it]
 10%|█         | 15/144 [02:19<19:55,  9.27s/it]
                                                

 10%|█         | 15/144 [02:19<19:55,  9.27s/it]
 11%|█         | 16/144 [02:28<19:50,  9.30s/it]
                                                

 11%|█         | 16/144 [02:28<19:50,  9.30s/it]
 12%|█▏        | 17/144 [02:37<19:34,  9.25s/it]
                                                

 12%|█▏        | 17/144 [02:37<19:34,  9.25s/it]
 12%|█▎        | 18/144 [02:46<19:22,  9.23s/it]
                                                

 12%|█▎        | 18/144 [02:46<19:22,  9.23s/it]
 13%|█▎        | 19/144 [02:56<19:19,  9.28s/it]
                                                

 13%|█▎        | 19/144 [02:56<19:19,  9.28s/it]
 14%|█▍        | 20/144 [03:05<19:07,  9.26s/it]
                                                

 14%|█▍        | 20/144 [03:05<19:07,  9.26s/it]
 15%|█▍        | 21/144 [03:14<19:01,  9.28s/it]
                                                

 15%|█▍        | 21/144 [03:14<19:01,  9.28s/it]
 15%|█▌        | 22/144 [03:24<18:55,  9.31s/it]
                                                

 15%|█▌        | 22/144 [03:24<18:55,  9.31s/it]
 16%|█▌        | 23/144 [03:33<18:46,  9.31s/it]
                                                

 16%|█▌        | 23/144 [03:33<18:46,  9.31s/it]
 17%|█▋        | 24/144 [03:42<18:38,  9.32s/it]
                                                

 17%|█▋        | 24/144 [03:42<18:38,  9.32s/it]
 17%|█▋        | 25/144 [03:52<18:31,  9.34s/it]
                                                

 17%|█▋        | 25/144 [03:52<18:31,  9.34s/it]
 18%|█▊        | 26/144 [04:01<18:17,  9.30s/it]
                                                

 18%|█▊        | 26/144 [04:01<18:17,  9.30s/it]
 19%|█▉        | 27/144 [04:10<18:03,  9.26s/it]
                                                

 19%|█▉        | 27/144 [04:10<18:03,  9.26s/it]
 19%|█▉        | 28/144 [04:19<17:50,  9.23s/it]
                                                

 19%|█▉        | 28/144 [04:19<17:50,  9.23s/it]
 20%|██        | 29/144 [04:29<17:46,  9.27s/it]
                                                

 20%|██        | 29/144 [04:29<17:46,  9.27s/it]
 21%|██        | 30/144 [04:38<17:43,  9.33s/it]
                                                

 21%|██        | 30/144 [04:38<17:43,  9.33s/it]
 22%|██▏       | 31/144 [04:48<17:39,  9.38s/it]
                                                

 22%|██▏       | 31/144 [04:48<17:39,  9.38s/it]
 22%|██▏       | 32/144 [04:57<17:26,  9.34s/it]
                                                

 22%|██▏       | 32/144 [04:57<17:26,  9.34s/it]
 23%|██▎       | 33/144 [05:06<17:19,  9.37s/it]
                                                

 23%|██▎       | 33/144 [05:06<17:19,  9.37s/it]
 24%|██▎       | 34/144 [05:16<17:13,  9.40s/it]
                                                

 24%|██▎       | 34/144 [05:16<17:13,  9.40s/it]
 24%|██▍       | 35/144 [05:25<17:07,  9.42s/it]
                                                

 24%|██▍       | 35/144 [05:25<17:07,  9.42s/it]
 25%|██▌       | 36/144 [05:38<18:28, 10.27s/it]
                                                

 25%|██▌       | 36/144 [05:38<18:28, 10.27s/it]
 26%|██▌       | 37/144 [05:47<18:01, 10.11s/it]
                                                

 26%|██▌       | 37/144 [05:47<18:01, 10.11s/it]
 26%|██▋       | 38/144 [05:58<17:56, 10.16s/it]
                                                

 26%|██▋       | 38/144 [05:58<17:56, 10.16s/it]
 27%|██▋       | 39/144 [06:08<18:06, 10.35s/it]
                                                

 27%|██▋       | 39/144 [06:08<18:06, 10.35s/it]
 28%|██▊       | 40/144 [06:19<18:10, 10.49s/it]
                                                

 28%|██▊       | 40/144 [06:19<18:10, 10.49s/it]
 28%|██▊       | 41/144 [06:29<17:47, 10.36s/it]
                                                

 28%|██▊       | 41/144 [06:29<17:47, 10.36s/it]
 29%|██▉       | 42/144 [06:40<17:47, 10.46s/it]
                                                

 29%|██▉       | 42/144 [06:40<17:47, 10.46s/it]
 30%|██▉       | 43/144 [06:50<17:20, 10.30s/it]
                                                

 30%|██▉       | 43/144 [06:50<17:20, 10.30s/it]
 31%|███       | 44/144 [07:00<17:03, 10.23s/it]
                                                

 31%|███       | 44/144 [07:00<17:03, 10.23s/it]
 31%|███▏      | 45/144 [07:11<17:05, 10.36s/it]
                                                

 31%|███▏      | 45/144 [07:11<17:05, 10.36s/it]
 32%|███▏      | 46/144 [07:21<17:03, 10.44s/it]
                                                

 32%|███▏      | 46/144 [07:21<17:03, 10.44s/it]
 33%|███▎      | 47/144 [07:31<16:38, 10.29s/it]
                                                

 33%|███▎      | 47/144 [07:31<16:38, 10.29s/it]
 33%|███▎      | 48/144 [07:41<16:16, 10.18s/it]
                                                

 33%|███▎      | 48/144 [07:41<16:16, 10.18s/it]
 34%|███▍      | 49/144 [07:51<15:57, 10.08s/it]
                                                

 34%|███▍      | 49/144 [07:51<15:57, 10.08s/it]
 35%|███▍      | 50/144 [08:01<15:41, 10.02s/it]
                                                

 35%|███▍      | 50/144 [08:01<15:41, 10.02s/it]
 35%|███▌      | 51/144 [08:11<15:26,  9.96s/it]
                                                

 35%|███▌      | 51/144 [08:11<15:26,  9.96s/it]
 36%|███▌      | 52/144 [08:20<15:12,  9.92s/it]
                                                

 36%|███▌      | 52/144 [08:20<15:12,  9.92s/it]
 37%|███▋      | 53/144 [08:30<15:01,  9.91s/it]
                                                

 37%|███▋      | 53/144 [08:30<15:01,  9.91s/it]
 38%|███▊      | 54/144 [08:40<14:49,  9.88s/it]
                                                

 38%|███▊      | 54/144 [08:40<14:49,  9.88s/it]
 38%|███▊      | 55/144 [08:50<14:38,  9.87s/it]
                                                

 38%|███▊      | 55/144 [08:50<14:38,  9.87s/it]
 39%|███▉      | 56/144 [09:00<14:29,  9.88s/it]
                                                

 39%|███▉      | 56/144 [09:00<14:29,  9.88s/it]
 40%|███▉      | 57/144 [09:10<14:18,  9.86s/it]
                                                

 40%|███▉      | 57/144 [09:10<14:18,  9.86s/it]
 40%|████      | 58/144 [09:20<14:07,  9.86s/it]
                                                

 40%|████      | 58/144 [09:20<14:07,  9.86s/it]
 41%|████      | 59/144 [09:29<13:57,  9.85s/it]
                                                

 41%|████      | 59/144 [09:29<13:57,  9.85s/it]
 42%|████▏     | 60/144 [09:39<13:47,  9.85s/it]
                                                

 42%|████▏     | 60/144 [09:39<13:47,  9.85s/it]
 42%|████▏     | 61/144 [09:49<13:35,  9.83s/it]
                                                

 42%|████▏     | 61/144 [09:49<13:35,  9.83s/it]
 43%|████▎     | 62/144 [09:59<13:26,  9.84s/it]
                                                

 43%|████▎     | 62/144 [09:59<13:26,  9.84s/it]
 44%|████▍     | 63/144 [10:09<13:16,  9.83s/it]
                                                

 44%|████▍     | 63/144 [10:09<13:16,  9.83s/it]
 44%|████▍     | 64/144 [10:19<13:06,  9.83s/it]
                                                

 44%|████▍     | 64/144 [10:19<13:06,  9.83s/it]
 45%|████▌     | 65/144 [10:28<12:57,  9.84s/it]
                                                

 45%|████▌     | 65/144 [10:28<12:57,  9.84s/it]
 46%|████▌     | 66/144 [10:38<12:48,  9.85s/it]
                                                

 46%|████▌     | 66/144 [10:38<12:48,  9.85s/it]
 47%|████▋     | 67/144 [10:48<12:37,  9.84s/it]
                                                

 47%|████▋     | 67/144 [10:48<12:37,  9.84s/it]
 47%|████▋     | 68/144 [10:58<12:26,  9.82s/it]
                                                

 47%|████▋     | 68/144 [10:58<12:26,  9.82s/it]
 48%|████▊     | 69/144 [11:08<12:16,  9.83s/it]
                                                

 48%|████▊     | 69/144 [11:08<12:16,  9.83s/it]
 49%|████▊     | 70/144 [11:18<12:06,  9.82s/it]
                                                

 49%|████▊     | 70/144 [11:18<12:06,  9.82s/it]
 49%|████▉     | 71/144 [11:27<11:57,  9.82s/it]
                                                

 49%|████▉     | 71/144 [11:27<11:57,  9.82s/it]
 50%|█████     | 72/144 [11:40<12:47, 10.66s/it]
                                                

 50%|█████     | 72/144 [11:40<12:47, 10.66s/it]
 51%|█████     | 73/144 [11:50<12:22, 10.46s/it]
                                                

 51%|█████     | 73/144 [11:50<12:22, 10.46s/it]
 51%|█████▏    | 74/144 [12:00<11:58, 10.26s/it]
                                                

 51%|█████▏    | 74/144 [12:00<11:58, 10.26s/it]
 52%|█████▏    | 75/144 [12:10<11:39, 10.14s/it]
                                                

 52%|█████▏    | 75/144 [12:10<11:39, 10.14s/it]
 53%|█████▎    | 76/144 [12:19<11:22, 10.04s/it]
                                                

 53%|█████▎    | 76/144 [12:19<11:22, 10.04s/it]
 53%|█████▎    | 77/144 [12:29<11:09,  9.99s/it]
                                                

 53%|█████▎    | 77/144 [12:29<11:09,  9.99s/it]
 54%|█████▍    | 78/144 [12:39<10:56,  9.95s/it]
                                                

 54%|█████▍    | 78/144 [12:39<10:56,  9.95s/it]
 55%|█████▍    | 79/144 [12:49<10:44,  9.91s/it]
                                                

 55%|█████▍    | 79/144 [12:49<10:44,  9.91s/it]
 56%|█████▌    | 80/144 [12:59<10:32,  9.89s/it]
                                                

 56%|█████▌    | 80/144 [12:59<10:32,  9.89s/it]
 56%|█████▋    | 81/144 [13:09<10:20,  9.86s/it]
                                                

 56%|█████▋    | 81/144 [13:09<10:20,  9.86s/it]
 57%|█████▋    | 82/144 [13:18<10:09,  9.83s/it]
                                                

 57%|█████▋    | 82/144 [13:18<10:09,  9.83s/it]
 58%|█████▊    | 83/144 [13:28<09:59,  9.82s/it]
                                                

 58%|█████▊    | 83/144 [13:28<09:59,  9.82s/it]
 58%|█████▊    | 84/144 [13:38<09:49,  9.82s/it]
                                                

 58%|█████▊    | 84/144 [13:38<09:49,  9.82s/it]
 59%|█████▉    | 85/144 [13:48<09:40,  9.83s/it]
                                                

 59%|█████▉    | 85/144 [13:48<09:40,  9.83s/it]
 60%|█████▉    | 86/144 [13:58<09:29,  9.82s/it]
                                                

 60%|█████▉    | 86/144 [13:58<09:29,  9.82s/it]
 60%|██████    | 87/144 [14:07<09:19,  9.82s/it]
                                                

 60%|██████    | 87/144 [14:07<09:19,  9.82s/it]
 61%|██████    | 88/144 [14:17<09:09,  9.81s/it]
                                                

 61%|██████    | 88/144 [14:17<09:09,  9.81s/it]
 62%|██████▏   | 89/144 [14:27<09:00,  9.82s/it]
                                                

 62%|██████▏   | 89/144 [14:27<09:00,  9.82s/it]
 62%|██████▎   | 90/144 [14:37<08:50,  9.82s/it]
                                                

 62%|██████▎   | 90/144 [14:37<08:50,  9.82s/it]
 63%|██████▎   | 91/144 [14:47<08:40,  9.82s/it]
                                                

 63%|██████▎   | 91/144 [14:47<08:40,  9.82s/it]
 64%|██████▍   | 92/144 [14:57<08:30,  9.82s/it]
                                                

 64%|██████▍   | 92/144 [14:57<08:30,  9.82s/it]
 65%|██████▍   | 93/144 [15:06<08:21,  9.83s/it]
                                                

 65%|██████▍   | 93/144 [15:06<08:21,  9.83s/it]
 65%|██████▌   | 94/144 [15:16<08:11,  9.84s/it]
                                                

 65%|██████▌   | 94/144 [15:16<08:11,  9.84s/it]
 66%|██████▌   | 95/144 [15:26<08:01,  9.84s/it]
                                                

 66%|██████▌   | 95/144 [15:26<08:01,  9.84s/it]
 67%|██████▋   | 96/144 [15:36<07:51,  9.82s/it]
                                                

 67%|██████▋   | 96/144 [15:36<07:51,  9.82s/it]
 67%|██████▋   | 97/144 [15:46<07:41,  9.81s/it]
                                                

 67%|██████▋   | 97/144 [15:46<07:41,  9.81s/it]
 68%|██████▊   | 98/144 [15:55<07:31,  9.81s/it]
                                                

 68%|██████▊   | 98/144 [15:55<07:31,  9.81s/it]
 69%|██████▉   | 99/144 [16:05<07:21,  9.80s/it]
                                                

 69%|██████▉   | 99/144 [16:05<07:21,  9.80s/it]
 69%|██████▉   | 100/144 [16:15<07:11,  9.81s/it]
                                                 

 69%|██████▉   | 100/144 [16:15<07:11,  9.81s/it]
 70%|███████   | 101/144 [16:25<07:02,  9.82s/it]
                                                 

 70%|███████   | 101/144 [16:25<07:02,  9.82s/it]
 71%|███████   | 102/144 [16:35<06:52,  9.81s/it]
                                                 

 71%|███████   | 102/144 [16:35<06:52,  9.81s/it]
 72%|███████▏  | 103/144 [16:44<06:42,  9.82s/it]
                                                 

 72%|███████▏  | 103/144 [16:44<06:42,  9.82s/it]
 72%|███████▏  | 104/144 [16:54<06:32,  9.81s/it]
                                                 

 72%|███████▏  | 104/144 [16:54<06:32,  9.81s/it]
 73%|███████▎  | 105/144 [17:04<06:22,  9.82s/it]
                                                 

 73%|███████▎  | 105/144 [17:04<06:22,  9.82s/it]
 74%|███████▎  | 106/144 [17:14<06:13,  9.82s/it]
                                                 

 74%|███████▎  | 106/144 [17:14<06:13,  9.82s/it]
 74%|███████▍  | 107/144 [17:24<06:03,  9.81s/it]
                                                 

 74%|███████▍  | 107/144 [17:24<06:03,  9.81s/it]
 75%|███████▌  | 108/144 [17:34<05:53,  9.82s/it]
                                                 

 75%|███████▌  | 108/144 [17:34<05:53,  9.82s/it]
 76%|███████▌  | 109/144 [17:43<05:43,  9.81s/it]
                                                 

 76%|███████▌  | 109/144 [17:43<05:43,  9.81s/it]
 76%|███████▋  | 110/144 [17:53<05:34,  9.83s/it]
                                                 

 76%|███████▋  | 110/144 [17:53<05:34,  9.83s/it]
 77%|███████▋  | 111/144 [18:03<05:23,  9.81s/it]
                                                 

 77%|███████▋  | 111/144 [18:03<05:23,  9.81s/it]
 78%|███████▊  | 112/144 [18:13<05:13,  9.81s/it]
                                                 

 78%|███████▊  | 112/144 [18:13<05:13,  9.81s/it]
 78%|███████▊  | 113/144 [18:23<05:03,  9.80s/it]
                                                 

 78%|███████▊  | 113/144 [18:23<05:03,  9.80s/it]
 79%|███████▉  | 114/144 [18:32<04:54,  9.81s/it]
                                                 

 79%|███████▉  | 114/144 [18:32<04:54,  9.81s/it]
 80%|███████▉  | 115/144 [18:42<04:44,  9.82s/it]
                                                 

 80%|███████▉  | 115/144 [18:42<04:44,  9.82s/it]
 81%|████████  | 116/144 [18:52<04:35,  9.83s/it]
                                                 

 81%|████████  | 116/144 [18:52<04:35,  9.83s/it]
 81%|████████▏ | 117/144 [19:02<04:25,  9.83s/it]
                                                 

 81%|████████▏ | 117/144 [19:02<04:25,  9.83s/it]
 82%|████████▏ | 118/144 [19:12<04:15,  9.84s/it]
                                                 

 82%|████████▏ | 118/144 [19:12<04:15,  9.84s/it]
 83%|████████▎ | 119/144 [19:22<04:06,  9.84s/it]
                                                 

 83%|████████▎ | 119/144 [19:22<04:06,  9.84s/it]
 83%|████████▎ | 120/144 [19:32<03:56,  9.85s/it]
                                                 

 83%|████████▎ | 120/144 [19:32<03:56,  9.85s/it]
 84%|████████▍ | 121/144 [19:41<03:46,  9.86s/it]
                                                 

 84%|████████▍ | 121/144 [19:41<03:46,  9.86s/it]
 85%|████████▍ | 122/144 [19:51<03:36,  9.85s/it]
                                                 

 85%|████████▍ | 122/144 [19:51<03:36,  9.85s/it]
 85%|████████▌ | 123/144 [20:01<03:26,  9.85s/it]
                                                 

 85%|████████▌ | 123/144 [20:01<03:26,  9.85s/it]
 86%|████████▌ | 124/144 [20:11<03:17,  9.86s/it]
                                                 

 86%|████████▌ | 124/144 [20:11<03:17,  9.86s/it]
 87%|████████▋ | 125/144 [20:21<03:07,  9.86s/it]
                                                 

 87%|████████▋ | 125/144 [20:21<03:07,  9.86s/it]
 88%|████████▊ | 126/144 [20:31<03:01, 10.07s/it]
                                                 

 88%|████████▊ | 126/144 [20:31<03:01, 10.07s/it]
 88%|████████▊ | 127/144 [20:42<02:51, 10.09s/it]
                                                 

 88%|████████▊ | 127/144 [20:42<02:51, 10.09s/it]
 89%|████████▉ | 128/144 [20:51<02:40, 10.02s/it]
                                                 

 89%|████████▉ | 128/144 [20:51<02:40, 10.02s/it]
 90%|████████▉ | 129/144 [21:01<02:29,  9.98s/it]
                                                 

 90%|████████▉ | 129/144 [21:01<02:29,  9.98s/it]
 90%|█████████ | 130/144 [21:11<02:19,  9.95s/it]
                                                 

 90%|█████████ | 130/144 [21:11<02:19,  9.95s/it]
 91%|█████████ | 131/144 [21:21<02:09,  9.94s/it]
                                                 

 91%|█████████ | 131/144 [21:21<02:09,  9.94s/it]
 92%|█████████▏| 132/144 [21:31<01:59,  9.92s/it]
                                                 

 92%|█████████▏| 132/144 [21:31<01:59,  9.92s/it]
 92%|█████████▏| 133/144 [21:41<01:49,  9.95s/it]
                                                 

 92%|█████████▏| 133/144 [21:41<01:49,  9.95s/it]
 93%|█████████▎| 134/144 [21:51<01:40, 10.02s/it]
                                                 

 93%|█████████▎| 134/144 [21:51<01:40, 10.02s/it]
 94%|█████████▍| 135/144 [22:02<01:32, 10.25s/it]
                                                 

 94%|█████████▍| 135/144 [22:02<01:32, 10.25s/it]
 94%|█████████▍| 136/144 [22:13<01:22, 10.36s/it]
                                                 

 94%|█████████▍| 136/144 [22:13<01:22, 10.36s/it]
 95%|█████████▌| 137/144 [22:23<01:13, 10.45s/it]
                                                 

 95%|█████████▌| 137/144 [22:23<01:13, 10.45s/it]
 96%|█████████▌| 138/144 [22:34<01:03, 10.57s/it]
                                                 

 96%|█████████▌| 138/144 [22:34<01:03, 10.57s/it]
 97%|█████████▋| 139/144 [22:45<00:53, 10.66s/it]
                                                 

 97%|█████████▋| 139/144 [22:45<00:53, 10.66s/it]
 97%|█████████▋| 140/144 [22:56<00:42, 10.72s/it]
                                                 

 97%|█████████▋| 140/144 [22:56<00:42, 10.72s/it]
 98%|█████████▊| 141/144 [23:07<00:32, 10.78s/it]
                                                 

 98%|█████████▊| 141/144 [23:07<00:32, 10.78s/it]
 99%|█████████▊| 142/144 [23:18<00:21, 10.78s/it]
                                                 

 99%|█████████▊| 142/144 [23:18<00:21, 10.78s/it]
 99%|█████████▉| 143/144 [23:28<00:10, 10.79s/it]
                                                 

 99%|█████████▉| 143/144 [23:28<00:10, 10.79s/it]
100%|██████████| 144/144 [23:42<00:00, 11.64s/it]
                                                 

100%|██████████| 144/144 [23:42<00:00, 11.64s/it]
                                                 

100%|██████████| 144/144 [23:42<00:00, 11.64s/it]
100%|██████████| 144/144 [23:42<00:00,  9.88s/it]
