{'loss': 1.1709, 'grad_norm': 33.73411178588867, 'learning_rate': 0.0001, 'epoch': 0.11}
{'loss': 0.3273, 'grad_norm': 7.778087615966797, 'learning_rate': 0.0001, 'epoch': 0.22}
{'loss': 0.0978, 'grad_norm': 3.0950965881347656, 'learning_rate': 0.0001, 'epoch': 0.33}
{'loss': 0.1043, 'grad_norm': 2.933969259262085, 'learning_rate': 0.0001, 'epoch': 0.44}
{'loss': 0.0887, 'grad_norm': 0.9343751072883606, 'learning_rate': 0.0001, 'epoch': 0.56}
{'loss': 0.0778, 'grad_norm': 0.6893413066864014, 'learning_rate': 0.0001, 'epoch': 0.67}
{'loss': 0.0723, 'grad_norm': 0.5135757327079773, 'learning_rate': 0.0001, 'epoch': 0.78}
{'loss': 0.0636, 'grad_norm': 0.5475180149078369, 'learning_rate': 0.0001, 'epoch': 0.89}
{'loss': 0.054, 'grad_norm': 0.4632238745689392, 'learning_rate': 0.0001, 'epoch': 1.0}
{'loss': 0.0584, 'grad_norm': 1.0393497943878174, 'learning_rate': 0.0001, 'epoch': 1.11}
{'loss': 0.0547, 'grad_norm': 1.2844992876052856, 'learning_rate': 0.0001, 'epoch': 1.22}
{'loss': 0.0801, 'grad_norm': 1.9034680128097534, 'learning_rate': 0.0001, 'epoch': 1.33}
{'loss': 0.0481, 'grad_norm': 0.8299514055252075, 'learning_rate': 0.0001, 'epoch': 1.44}
{'loss': 0.0577, 'grad_norm': 0.5664365887641907, 'learning_rate': 0.0001, 'epoch': 1.56}
{'loss': 0.0482, 'grad_norm': 0.4773736000061035, 'learning_rate': 0.0001, 'epoch': 1.67}
{'loss': 0.0568, 'grad_norm': 0.533202588558197, 'learning_rate': 0.0001, 'epoch': 1.78}
{'loss': 0.0457, 'grad_norm': 0.7208316326141357, 'learning_rate': 0.0001, 'epoch': 1.89}
{'loss': 0.0392, 'grad_norm': 0.6454606056213379, 'learning_rate': 0.0001, 'epoch': 2.0}
{'loss': 0.048, 'grad_norm': 0.7325513958930969, 'learning_rate': 0.0001, 'epoch': 2.11}
{'loss': 0.046, 'grad_norm': 0.5607526898384094, 'learning_rate': 0.0001, 'epoch': 2.22}
{'loss': 0.0486, 'grad_norm': 0.743808925151825, 'learning_rate': 0.0001, 'epoch': 2.33}
{'loss': 0.0403, 'grad_norm': 0.6305913925170898, 'learning_rate': 0.0001, 'epoch': 2.44}
{'loss': 0.0488, 'grad_norm': 0.7873425483703613, 'learning_rate': 0.0001, 'epoch': 2.56}
{'loss': 0.0506, 'grad_norm': 0.9542781710624695, 'learning_rate': 0.0001, 'epoch': 2.67}
{'loss': 0.0464, 'grad_norm': 0.6705833077430725, 'learning_rate': 0.0001, 'epoch': 2.78}
{'loss': 0.0318, 'grad_norm': 0.5422322154045105, 'learning_rate': 0.0001, 'epoch': 2.89}
{'loss': 0.0294, 'grad_norm': 0.45429253578186035, 'learning_rate': 0.0001, 'epoch': 3.0}
{'loss': 0.0345, 'grad_norm': 0.4712572991847992, 'learning_rate': 0.0001, 'epoch': 3.11}
{'loss': 0.0335, 'grad_norm': 0.7557064294815063, 'learning_rate': 0.0001, 'epoch': 3.22}
{'loss': 0.0356, 'grad_norm': 1.1138525009155273, 'learning_rate': 0.0001, 'epoch': 3.33}
{'loss': 0.0296, 'grad_norm': 0.38626885414123535, 'learning_rate': 0.0001, 'epoch': 3.44}
{'loss': 0.0335, 'grad_norm': 0.7561725378036499, 'learning_rate': 0.0001, 'epoch': 3.56}
{'loss': 0.0848, 'grad_norm': 3.008697271347046, 'learning_rate': 0.0001, 'epoch': 3.67}
{'loss': 0.0295, 'grad_norm': 0.5399209260940552, 'learning_rate': 0.0001, 'epoch': 3.78}
{'loss': 0.0219, 'grad_norm': 0.08854088932275772, 'learning_rate': 0.0001, 'epoch': 3.89}
{'loss': 0.0222, 'grad_norm': 0.19573667645454407, 'learning_rate': 0.0001, 'epoch': 4.0}
{'loss': 0.0266, 'grad_norm': 0.303094744682312, 'learning_rate': 0.0001, 'epoch': 4.11}
{'loss': 0.0258, 'grad_norm': 1.0464367866516113, 'learning_rate': 0.0001, 'epoch': 4.22}
{'loss': 0.0278, 'grad_norm': 0.48996132612228394, 'learning_rate': 0.0001, 'epoch': 4.33}
{'loss': 0.0322, 'grad_norm': 0.853380024433136, 'learning_rate': 0.0001, 'epoch': 4.44}
{'loss': 0.0352, 'grad_norm': 0.9157699346542358, 'learning_rate': 0.0001, 'epoch': 4.56}
{'loss': 0.0373, 'grad_norm': 1.0497920513153076, 'learning_rate': 0.0001, 'epoch': 4.67}
{'loss': 0.0294, 'grad_norm': 0.9967910647392273, 'learning_rate': 0.0001, 'epoch': 4.78}
{'loss': 0.0381, 'grad_norm': 1.603143572807312, 'learning_rate': 0.0001, 'epoch': 4.89}
{'loss': 0.0377, 'grad_norm': 1.9793025255203247, 'learning_rate': 0.0001, 'epoch': 5.0}
{'loss': 0.0484, 'grad_norm': 0.6695396900177002, 'learning_rate': 0.0001, 'epoch': 5.11}
{'loss': 0.0214, 'grad_norm': 0.6563835740089417, 'learning_rate': 0.0001, 'epoch': 5.22}
{'loss': 0.0408, 'grad_norm': 0.6416260004043579, 'learning_rate': 0.0001, 'epoch': 5.33}
{'loss': 0.0327, 'grad_norm': 1.1020714044570923, 'learning_rate': 0.0001, 'epoch': 5.44}
{'loss': 0.029, 'grad_norm': 0.4886772036552429, 'learning_rate': 0.0001, 'epoch': 5.56}
{'loss': 0.0283, 'grad_norm': 0.4370303452014923, 'learning_rate': 0.0001, 'epoch': 5.67}
{'loss': 0.0312, 'grad_norm': 0.7535632252693176, 'learning_rate': 0.0001, 'epoch': 5.78}
{'loss': 0.0294, 'grad_norm': 0.7195662260055542, 'learning_rate': 0.0001, 'epoch': 5.89}
{'loss': 0.0276, 'grad_norm': 1.4213790893554688, 'learning_rate': 0.0001, 'epoch': 6.0}
{'loss': 0.0312, 'grad_norm': 0.7735961079597473, 'learning_rate': 0.0001, 'epoch': 6.11}
{'loss': 0.0146, 'grad_norm': 0.6824604272842407, 'learning_rate': 0.0001, 'epoch': 6.22}
{'loss': 0.0259, 'grad_norm': 0.6623108386993408, 'learning_rate': 0.0001, 'epoch': 6.33}
{'loss': 0.0187, 'grad_norm': 0.5104959607124329, 'learning_rate': 0.0001, 'epoch': 6.44}
{'loss': 0.0154, 'grad_norm': 0.36329561471939087, 'learning_rate': 0.0001, 'epoch': 6.56}
{'loss': 0.0305, 'grad_norm': 1.0135657787322998, 'learning_rate': 0.0001, 'epoch': 6.67}
{'loss': 0.0299, 'grad_norm': 1.7701551914215088, 'learning_rate': 0.0001, 'epoch': 6.78}
{'loss': 0.0294, 'grad_norm': 3.203300952911377, 'learning_rate': 0.0001, 'epoch': 6.89}
{'loss': 0.022, 'grad_norm': 2.304887294769287, 'learning_rate': 0.0001, 'epoch': 7.0}
{'loss': 0.0052, 'grad_norm': 0.7496912479400635, 'learning_rate': 0.0001, 'epoch': 7.11}
{'loss': 0.0017, 'grad_norm': 0.09936626255512238, 'learning_rate': 0.0001, 'epoch': 7.22}
{'loss': 0.0346, 'grad_norm': 3.008887529373169, 'learning_rate': 0.0001, 'epoch': 7.33}
{'loss': 0.0217, 'grad_norm': 1.9265716075897217, 'learning_rate': 0.0001, 'epoch': 7.44}
{'loss': 0.0155, 'grad_norm': 1.7759983539581299, 'learning_rate': 0.0001, 'epoch': 7.56}
{'loss': 0.0116, 'grad_norm': 1.0455987453460693, 'learning_rate': 0.0001, 'epoch': 7.67}
{'loss': 0.0228, 'grad_norm': 0.4827289581298828, 'learning_rate': 0.0001, 'epoch': 7.78}
{'loss': 0.0263, 'grad_norm': 1.3982369899749756, 'learning_rate': 0.0001, 'epoch': 7.89}
{'loss': 0.0199, 'grad_norm': 0.9894465208053589, 'learning_rate': 0.0001, 'epoch': 8.0}
{'loss': 0.0144, 'grad_norm': 0.5453931093215942, 'learning_rate': 0.0001, 'epoch': 8.11}
{'loss': 0.0183, 'grad_norm': 0.5059607625007629, 'learning_rate': 0.0001, 'epoch': 8.22}
{'loss': 0.0397, 'grad_norm': 1.5203009843826294, 'learning_rate': 0.0001, 'epoch': 8.33}
{'loss': 0.0106, 'grad_norm': 0.2769939601421356, 'learning_rate': 0.0001, 'epoch': 8.44}
{'loss': 0.0262, 'grad_norm': 0.4855026602745056, 'learning_rate': 0.0001, 'epoch': 8.56}
{'loss': 0.0227, 'grad_norm': 0.45175856351852417, 'learning_rate': 0.0001, 'epoch': 8.67}
{'loss': 0.0117, 'grad_norm': 0.3092707693576813, 'learning_rate': 0.0001, 'epoch': 8.78}
{'loss': 0.0181, 'grad_norm': 0.43697360157966614, 'learning_rate': 0.0001, 'epoch': 8.89}
{'loss': 0.0137, 'grad_norm': 0.3943096697330475, 'learning_rate': 0.0001, 'epoch': 9.0}
{'loss': 0.0033, 'grad_norm': 0.23745617270469666, 'learning_rate': 0.0001, 'epoch': 9.11}
{'loss': 0.0178, 'grad_norm': 0.9941297769546509, 'learning_rate': 0.0001, 'epoch': 9.22}
{'loss': 0.0031, 'grad_norm': 0.41393688321113586, 'learning_rate': 0.0001, 'epoch': 9.33}
{'loss': 0.0037, 'grad_norm': 0.7921953797340393, 'learning_rate': 0.0001, 'epoch': 9.44}
{'loss': 0.0227, 'grad_norm': 0.5500921010971069, 'learning_rate': 0.0001, 'epoch': 9.56}
{'loss': 0.0589, 'grad_norm': 3.23486065864563, 'learning_rate': 0.0001, 'epoch': 9.67}
{'loss': 0.0149, 'grad_norm': 0.44931620359420776, 'learning_rate': 0.0001, 'epoch': 9.78}
{'loss': 0.0065, 'grad_norm': 0.4733651876449585, 'learning_rate': 0.0001, 'epoch': 9.89}
{'loss': 0.0028, 'grad_norm': 0.2174110859632492, 'learning_rate': 0.0001, 'epoch': 10.0}
{'loss': 0.0004, 'grad_norm': 0.02358957752585411, 'learning_rate': 0.0001, 'epoch': 10.11}
{'loss': 0.0036, 'grad_norm': 0.3305230736732483, 'learning_rate': 0.0001, 'epoch': 10.22}
{'loss': 0.0022, 'grad_norm': 0.3321746289730072, 'learning_rate': 0.0001, 'epoch': 10.33}
{'loss': 0.0026, 'grad_norm': 0.28284820914268494, 'learning_rate': 0.0001, 'epoch': 10.44}
{'loss': 0.0079, 'grad_norm': 0.5850757956504822, 'learning_rate': 0.0001, 'epoch': 10.56}
{'loss': 0.0069, 'grad_norm': 0.8302329778671265, 'learning_rate': 0.0001, 'epoch': 10.67}
{'loss': 0.0056, 'grad_norm': 0.480823278427124, 'learning_rate': 0.0001, 'epoch': 10.78}
{'loss': 0.0165, 'grad_norm': 1.4440730810165405, 'learning_rate': 0.0001, 'epoch': 10.89}
{'loss': 0.0118, 'grad_norm': 2.3958747386932373, 'learning_rate': 0.0001, 'epoch': 11.0}
{'loss': 0.0001, 'grad_norm': 0.01654774323105812, 'learning_rate': 0.0001, 'epoch': 11.11}
{'loss': 0.0002, 'grad_norm': 0.0989128053188324, 'learning_rate': 0.0001, 'epoch': 11.22}
{'loss': 0.0025, 'grad_norm': 0.2524538040161133, 'learning_rate': 0.0001, 'epoch': 11.33}
{'loss': 0.0073, 'grad_norm': 2.6586263179779053, 'learning_rate': 0.0001, 'epoch': 11.44}
{'loss': 0.0251, 'grad_norm': 0.5742460489273071, 'learning_rate': 0.0001, 'epoch': 11.56}
{'loss': 0.0044, 'grad_norm': 0.7814736366271973, 'learning_rate': 0.0001, 'epoch': 11.67}
{'loss': 0.0095, 'grad_norm': 0.7832327485084534, 'learning_rate': 0.0001, 'epoch': 11.78}
{'loss': 0.001, 'grad_norm': 0.3595949113368988, 'learning_rate': 0.0001, 'epoch': 11.89}
{'loss': 0.043, 'grad_norm': 2.316521167755127, 'learning_rate': 0.0001, 'epoch': 12.0}
{'loss': 0.0013, 'grad_norm': 0.1321665495634079, 'learning_rate': 0.0001, 'epoch': 12.11}
{'loss': 0.0032, 'grad_norm': 0.15257546305656433, 'learning_rate': 0.0001, 'epoch': 12.22}
{'loss': 0.0091, 'grad_norm': 0.9200791716575623, 'learning_rate': 0.0001, 'epoch': 12.33}
{'loss': 0.0061, 'grad_norm': 0.5199373960494995, 'learning_rate': 0.0001, 'epoch': 12.44}
{'loss': 0.0071, 'grad_norm': 0.5102806091308594, 'learning_rate': 0.0001, 'epoch': 12.56}
{'loss': 0.0023, 'grad_norm': 0.12969504296779633, 'learning_rate': 0.0001, 'epoch': 12.67}
{'loss': 0.0059, 'grad_norm': 1.1919537782669067, 'learning_rate': 0.0001, 'epoch': 12.78}
{'loss': 0.0006, 'grad_norm': 0.05129522085189819, 'learning_rate': 0.0001, 'epoch': 12.89}
{'loss': 0.0026, 'grad_norm': 0.5024815201759338, 'learning_rate': 0.0001, 'epoch': 13.0}
{'loss': 0.0002, 'grad_norm': 0.01118479110300541, 'learning_rate': 0.0001, 'epoch': 13.11}
{'loss': 0.0002, 'grad_norm': 0.014207461848855019, 'learning_rate': 0.0001, 'epoch': 13.22}
{'loss': 0.0002, 'grad_norm': 0.012650024145841599, 'learning_rate': 0.0001, 'epoch': 13.33}
{'loss': 0.0002, 'grad_norm': 0.016956618055701256, 'learning_rate': 0.0001, 'epoch': 13.44}
{'loss': 0.0002, 'grad_norm': 0.026476100087165833, 'learning_rate': 0.0001, 'epoch': 13.56}
{'loss': 0.0001, 'grad_norm': 0.007101960480213165, 'learning_rate': 0.0001, 'epoch': 13.67}
{'loss': 0.0002, 'grad_norm': 0.015678297728300095, 'learning_rate': 0.0001, 'epoch': 13.78}
{'loss': 0.0001, 'grad_norm': 0.0052542430348694324, 'learning_rate': 0.0001, 'epoch': 13.89}
{'loss': 0.0003, 'grad_norm': 0.039431702345609665, 'learning_rate': 0.0001, 'epoch': 14.0}
{'loss': 0.0039, 'grad_norm': nan, 'learning_rate': 0.0001, 'epoch': 14.11}
{'loss': 0.0001, 'grad_norm': 0.003545373445376754, 'learning_rate': 0.0001, 'epoch': 14.22}
{'loss': 0.0001, 'grad_norm': 0.0060317195020616055, 'learning_rate': 0.0001, 'epoch': 14.33}
{'loss': 0.0011, 'grad_norm': 0.7186980247497559, 'learning_rate': 0.0001, 'epoch': 14.44}
{'loss': 0.0382, 'grad_norm': 7.2493181228637695, 'learning_rate': 0.0001, 'epoch': 14.56}
{'loss': 0.0001, 'grad_norm': 0.0028778989799320698, 'learning_rate': 0.0001, 'epoch': 14.67}
{'loss': 0.0001, 'grad_norm': 0.006188319530338049, 'learning_rate': 0.0001, 'epoch': 14.78}
{'loss': 0.0, 'grad_norm': 0.0014979529660195112, 'learning_rate': 0.0001, 'epoch': 14.89}
{'loss': 0.0, 'grad_norm': 0.0024629367981106043, 'learning_rate': 0.0001, 'epoch': 15.0}
{'loss': 0.0, 'grad_norm': 0.002231642371043563, 'learning_rate': 0.0001, 'epoch': 15.11}
{'loss': 0.0002, 'grad_norm': 0.10665889829397202, 'learning_rate': 0.0001, 'epoch': 15.22}
{'loss': 0.0, 'grad_norm': 0.0018278473289683461, 'learning_rate': 0.0001, 'epoch': 15.33}
{'loss': 0.0002, 'grad_norm': 0.03172944858670235, 'learning_rate': 0.0001, 'epoch': 15.44}
{'loss': 0.0, 'grad_norm': 0.002848913660272956, 'learning_rate': 0.0001, 'epoch': 15.56}
{'loss': 0.0, 'grad_norm': 0.0011720408219844103, 'learning_rate': 0.0001, 'epoch': 15.67}
{'loss': 0.0, 'grad_norm': 0.003577504539862275, 'learning_rate': 0.0001, 'epoch': 15.78}
{'loss': 0.0, 'grad_norm': 0.0008137010154314339, 'learning_rate': 0.0001, 'epoch': 15.89}
{'loss': 0.0, 'grad_norm': 0.0012295034248381853, 'learning_rate': 0.0001, 'epoch': 16.0}
{'train_runtime': 1405.7235, 'train_samples_per_second': 0.82, 'train_steps_per_second': 0.102, 'train_loss': 0.03305708516727969, 'epoch': 16.0}
{
  "base_snapshot_manifest_sha256": "0d429d3f6e0fa276fa7bb24c3566ed7ce3856c22230bb58936527f1f15f2bc6d",
  "candidate_manifest_sha256": "dd0577ca49c93e75f111c1506cf7f8bc0abcac2341ac46433fd48927584f76a3",
  "checkpoints": {
    "H1": {
      "adapter_files": {
        "README.md": {
          "bytes": 5380,
          "sha256": "b9264f0629a47970c39d6f80142bbaf6e5cb5ddb4e4e372105f879493d562b8a"
        },
        "adapter_config.json": {
          "bytes": 1297,
          "sha256": "12ade7f6fb8e5ee3d48695e079436a72e1ac90d70913e9ade2c988018dea66a1"
        },
        "adapter_model.safetensors": {
          "bytes": 83945296,
          "sha256": "0e6f60f44e2a557025a41c4da7d9076055cdf675b501fe9205b05c348af123a6"
        }
      },
      "global_step": 36,
      "trainable_parameters": 20971520,
      "trainable_sha256": "2f5501c78e6df596905e198a7c2b1ccd63d0bb80d38be34d09d8ca325cecdc5f"
    },
    "H2": {
      "adapter_files": {
        "README.md": {
          "bytes": 5380,
          "sha256": "b9264f0629a47970c39d6f80142bbaf6e5cb5ddb4e4e372105f879493d562b8a"
        },
        "adapter_config.json": {
          "bytes": 1297,
          "sha256": "12ade7f6fb8e5ee3d48695e079436a72e1ac90d70913e9ade2c988018dea66a1"
        },
        "adapter_model.safetensors": {
          "bytes": 83945296,
          "sha256": "a6c93155c333450d87fe9182a96d064aed393340fe54470e51546c7db4ba7467"
        }
      },
      "global_step": 72,
      "trainable_parameters": 20971520,
      "trainable_sha256": "ef521e0fca71686e6392c0e23d84f3e94a0bd9b83a7d8933152159b4a8b9156b"
    },
    "H4": {
      "adapter_files": {
        "README.md": {
          "bytes": 5380,
          "sha256": "b9264f0629a47970c39d6f80142bbaf6e5cb5ddb4e4e372105f879493d562b8a"
        },
        "adapter_config.json": {
          "bytes": 1297,
          "sha256": "12ade7f6fb8e5ee3d48695e079436a72e1ac90d70913e9ade2c988018dea66a1"
        },
        "adapter_model.safetensors": {
          "bytes": 83945296,
          "sha256": "a72d2e6c61e77c8fb749e8ccaeaf0583c81e6b4a76c4d0bcd47c0f534f294d4c"
        }
      },
      "global_step": 144,
      "trainable_parameters": 20971520,
      "trainable_sha256": "12ae4e2401828053adb796e2a38b18c0eb1692904b03671e207af5116059dff2"
    }
  },
  "contract_sha256": "28548c863d657fb393112e205a4da95c96efbfe680b4c5a0721648716823a55a",
  "dataset": "PREDICATE_IDENTIFYING_V12",
  "determinism": {
    "cublas_workspace_config": ":4096:8",
    "cudnn_benchmark": false,
    "cudnn_deterministic": true,
    "deterministic_algorithms": true,
    "deterministic_debug_mode": 2,
    "matmul_allow_tf32": false,
    "numpy_seed": 2026083115,
    "seed": 2026083115
  },
  "final_trainable_parameters": 20971520,
  "final_trainable_sha256": "12ae4e2401828053adb796e2a38b18c0eb1692904b03671e207af5116059dff2",
  "global_step": 144,
  "host_lock_sha256": "0096682727fd0f9f54328033b70189b952f88c085ec00db1ccc49b832433cfc4",
  "initial_trainable_parameters": 20971520,
  "initial_trainable_sha256": "0990b094122300994faee0e1620eea690d9e990488f6176bfc5b44367bcae591",
  "input_lock_sha256": "6fe44544869537d42d0848c60b4ee69516a762c431aafc4738236a6faccdff38",
  "log_history": [
    {
      "epoch": 0.1111111111111111,
      "grad_norm": 33.73411178588867,
      "learning_rate": 0.0001,
      "loss": 1.1709,
      "step": 1
    },
    {
      "epoch": 0.2222222222222222,
      "grad_norm": 7.778087615966797,
      "learning_rate": 0.0001,
      "loss": 0.3273,
      "step": 2
    },
    {
      "epoch": 0.3333333333333333,
      "grad_norm": 3.0950965881347656,
      "learning_rate": 0.0001,
      "loss": 0.0978,
      "step": 3
    },
    {
      "epoch": 0.4444444444444444,
      "grad_norm": 2.933969259262085,
      "learning_rate": 0.0001,
      "loss": 0.1043,
      "step": 4
    },
    {
      "epoch": 0.5555555555555556,
      "grad_norm": 0.9343751072883606,
      "learning_rate": 0.0001,
      "loss": 0.0887,
      "step": 5
    },
    {
      "epoch": 0.6666666666666666,
      "grad_norm": 0.6893413066864014,
      "learning_rate": 0.0001,
      "loss": 0.0778,
      "step": 6
    },
    {
      "epoch": 0.7777777777777778,
      "grad_norm": 0.5135757327079773,
      "learning_rate": 0.0001,
      "loss": 0.0723,
      "step": 7
    },
    {
      "epoch": 0.8888888888888888,
      "grad_norm": 0.5475180149078369,
      "learning_rate": 0.0001,
      "loss": 0.0636,
      "step": 8
    },
    {
      "epoch": 1.0,
      "grad_norm": 0.4632238745689392,
      "learning_rate": 0.0001,
      "loss": 0.054,
      "step": 9
    },
    {
      "epoch": 1.1111111111111112,
      "grad_norm": 1.0393497943878174,
      "learning_rate": 0.0001,
      "loss": 0.0584,
      "step": 10
    },
    {
      "epoch": 1.2222222222222223,
      "grad_norm": 1.2844992876052856,
      "learning_rate": 0.0001,
      "loss": 0.0547,
      "step": 11
    },
    {
      "epoch": 1.3333333333333333,
      "grad_norm": 1.9034680128097534,
      "learning_rate": 0.0001,
      "loss": 0.0801,
      "step": 12
    },
    {
      "epoch": 1.4444444444444444,
      "grad_norm": 0.8299514055252075,
      "learning_rate": 0.0001,
      "loss": 0.0481,
      "step": 13
    },
    {
      "epoch": 1.5555555555555556,
      "grad_norm": 0.5664365887641907,
      "learning_rate": 0.0001,
      "loss": 0.0577,
      "step": 14
    },
    {
      "epoch": 1.6666666666666665,
      "grad_norm": 0.4773736000061035,
      "learning_rate": 0.0001,
      "loss": 0.0482,
      "step": 15
    },
    {
      "epoch": 1.7777777777777777,
      "grad_norm": 0.533202588558197,
      "learning_rate": 0.0001,
      "loss": 0.0568,
      "step": 16
    },
    {
      "epoch": 1.8888888888888888,
      "grad_norm": 0.7208316326141357,
      "learning_rate": 0.0001,
      "loss": 0.0457,
      "step": 17
    },
    {
      "epoch": 2.0,
      "grad_norm": 0.6454606056213379,
      "learning_rate": 0.0001,
      "loss": 0.0392,
      "step": 18
    },
    {
      "epoch": 2.111111111111111,
      "grad_norm": 0.7325513958930969,
      "learning_rate": 0.0001,
      "loss": 0.048,
      "step": 19
    },
    {
      "epoch": 2.2222222222222223,
      "grad_norm": 0.5607526898384094,
      "learning_rate": 0.0001,
      "loss": 0.046,
      "step": 20
    },
    {
      "epoch": 2.3333333333333335,
      "grad_norm": 0.743808925151825,
      "learning_rate": 0.0001,
      "loss": 0.0486,
      "step": 21
    },
    {
      "epoch": 2.4444444444444446,
      "grad_norm": 0.6305913925170898,
      "learning_rate": 0.0001,
      "loss": 0.0403,
      "step": 22
    },
    {
      "epoch": 2.5555555555555554,
      "grad_norm": 0.7873425483703613,
      "learning_rate": 0.0001,
      "loss": 0.0488,
      "step": 23
    },
    {
      "epoch": 2.6666666666666665,
      "grad_norm": 0.9542781710624695,
      "learning_rate": 0.0001,
      "loss": 0.0506,
      "step": 24
    },
    {
      "epoch": 2.7777777777777777,
      "grad_norm": 0.6705833077430725,
      "learning_rate": 0.0001,
      "loss": 0.0464,
      "step": 25
    },
    {
      "epoch": 2.888888888888889,
      "grad_norm": 0.5422322154045105,
      "learning_rate": 0.0001,
      "loss": 0.0318,
      "step": 26
    },
    {
      "epoch": 3.0,
      "grad_norm": 0.45429253578186035,
      "learning_rate": 0.0001,
      "loss": 0.0294,
      "step": 27
    },
    {
      "epoch": 3.111111111111111,
      "grad_norm": 0.4712572991847992,
      "learning_rate": 0.0001,
      "loss": 0.0345,
      "step": 28
    },
    {
      "epoch": 3.2222222222222223,
      "grad_norm": 0.7557064294815063,
      "learning_rate": 0.0001,
      "loss": 0.0335,
      "step": 29
    },
    {
      "epoch": 3.3333333333333335,
      "grad_norm": 1.1138525009155273,
      "learning_rate": 0.0001,
      "loss": 0.0356,
      "step": 30
    },
    {
      "epoch": 3.4444444444444446,
      "grad_norm": 0.38626885414123535,
      "learning_rate": 0.0001,
      "loss": 0.0296,
      "step": 31
    },
    {
      "epoch": 3.5555555555555554,
      "grad_norm": 0.7561725378036499,
      "learning_rate": 0.0001,
      "loss": 0.0335,
      "step": 32
    },
    {
      "epoch": 3.6666666666666665,
      "grad_norm": 3.008697271347046,
      "learning_rate": 0.0001,
      "loss": 0.0848,
      "step": 33
    },
    {
      "epoch": 3.7777777777777777,
      "grad_norm": 0.5399209260940552,
      "learning_rate": 0.0001,
      "loss": 0.0295,
      "step": 34
    },
    {
      "epoch": 3.888888888888889,
      "grad_norm": 0.08854088932275772,
      "learning_rate": 0.0001,
      "loss": 0.0219,
      "step": 35
    },
    {
      "epoch": 4.0,
      "grad_norm": 0.19573667645454407,
      "learning_rate": 0.0001,
      "loss": 0.0222,
      "step": 36
    },
    {
      "epoch": 4.111111111111111,
      "grad_norm": 0.303094744682312,
      "learning_rate": 0.0001,
      "loss": 0.0266,
      "step": 37
    },
    {
      "epoch": 4.222222222222222,
      "grad_norm": 1.0464367866516113,
      "learning_rate": 0.0001,
      "loss": 0.0258,
      "step": 38
    },
    {
      "epoch": 4.333333333333333,
      "grad_norm": 0.48996132612228394,
      "learning_rate": 0.0001,
      "loss": 0.0278,
      "step": 39
    },
    {
      "epoch": 4.444444444444445,
      "grad_norm": 0.853380024433136,
      "learning_rate": 0.0001,
      "loss": 0.0322,
      "step": 40
    },
    {
      "epoch": 4.555555555555555,
      "grad_norm": 0.9157699346542358,
      "learning_rate": 0.0001,
      "loss": 0.0352,
      "step": 41
    },
    {
      "epoch": 4.666666666666667,
      "grad_norm": 1.0497920513153076,
      "learning_rate": 0.0001,
      "loss": 0.0373,
      "step": 42
    },
    {
      "epoch": 4.777777777777778,
      "grad_norm": 0.9967910647392273,
      "learning_rate": 0.0001,
      "loss": 0.0294,
      "step": 43
    },
    {
      "epoch": 4.888888888888889,
      "grad_norm": 1.603143572807312,
      "learning_rate": 0.0001,
      "loss": 0.0381,
      "step": 44
    },
    {
      "epoch": 5.0,
      "grad_norm": 1.9793025255203247,
      "learning_rate": 0.0001,
      "loss": 0.0377,
      "step": 45
    },
    {
      "epoch": 5.111111111111111,
      "grad_norm": 0.6695396900177002,
      "learning_rate": 0.0001,
      "loss": 0.0484,
      "step": 46
    },
    {
      "epoch": 5.222222222222222,
      "grad_norm": 0.6563835740089417,
      "learning_rate": 0.0001,
      "loss": 0.0214,
      "step": 47
    },
    {
      "epoch": 5.333333333333333,
      "grad_norm": 0.6416260004043579,
      "learning_rate": 0.0001,
      "loss": 0.0408,
      "step": 48
    },
    {
      "epoch": 5.444444444444445,
      "grad_norm": 1.1020714044570923,
      "learning_rate": 0.0001,
      "loss": 0.0327,
      "step": 49
    },
    {
      "epoch": 5.555555555555555,
      "grad_norm": 0.4886772036552429,
      "learning_rate": 0.0001,
      "loss": 0.029,
      "step": 50
    },
    {
      "epoch": 5.666666666666667,
      "grad_norm": 0.4370303452014923,
      "learning_rate": 0.0001,
      "loss": 0.0283,
      "step": 51
    },
    {
      "epoch": 5.777777777777778,
      "grad_norm": 0.7535632252693176,
      "learning_rate": 0.0001,
      "loss": 0.0312,
      "step": 52
    },
    {
      "epoch": 5.888888888888889,
      "grad_norm": 0.7195662260055542,
      "learning_rate": 0.0001,
      "loss": 0.0294,
      "step": 53
    },
    {
      "epoch": 6.0,
      "grad_norm": 1.4213790893554688,
      "learning_rate": 0.0001,
      "loss": 0.0276,
      "step": 54
    },
    {
      "epoch": 6.111111111111111,
      "grad_norm": 0.7735961079597473,
      "learning_rate": 0.0001,
      "loss": 0.0312,
      "step": 55
    },
    {
      "epoch": 6.222222222222222,
      "grad_norm": 0.6824604272842407,
      "learning_rate": 0.0001,
      "loss": 0.0146,
      "step": 56
    },
    {
      "epoch": 6.333333333333333,
      "grad_norm": 0.6623108386993408,
      "learning_rate": 0.0001,
      "loss": 0.0259,
      "step": 57
    },
    {
      "epoch": 6.444444444444445,
      "grad_norm": 0.5104959607124329,
      "learning_rate": 0.0001,
      "loss": 0.0187,
      "step": 58
    },
    {
      "epoch": 6.555555555555555,
      "grad_norm": 0.36329561471939087,
      "learning_rate": 0.0001,
      "loss": 0.0154,
      "step": 59
    },
    {
      "epoch": 6.666666666666667,
      "grad_norm": 1.0135657787322998,
      "learning_rate": 0.0001,
      "loss": 0.0305,
      "step": 60
    },
    {
      "epoch": 6.777777777777778,
      "grad_norm": 1.7701551914215088,
      "learning_rate": 0.0001,
      "loss": 0.0299,
      "step": 61
    },
    {
      "epoch": 6.888888888888889,
      "grad_norm": 3.203300952911377,
      "learning_rate": 0.0001,
      "loss": 0.0294,
      "step": 62
    },
    {
      "epoch": 7.0,
      "grad_norm": 2.304887294769287,
      "learning_rate": 0.0001,
      "loss": 0.022,
      "step": 63
    },
    {
      "epoch": 7.111111111111111,
      "grad_norm": 0.7496912479400635,
      "learning_rate": 0.0001,
      "loss": 0.0052,
      "step": 64
    },
    {
      "epoch": 7.222222222222222,
      "grad_norm": 0.09936626255512238,
      "learning_rate": 0.0001,
      "loss": 0.0017,
      "step": 65
    },
    {
      "epoch": 7.333333333333333,
      "grad_norm": 3.008887529373169,
      "learning_rate": 0.0001,
      "loss": 0.0346,
      "step": 66
    },
    {
      "epoch": 7.444444444444445,
      "grad_norm": 1.9265716075897217,
      "learning_rate": 0.0001,
      "loss": 0.0217,
      "step": 67
    },
    {
      "epoch": 7.555555555555555,
      "grad_norm": 1.7759983539581299,
      "learning_rate": 0.0001,
      "loss": 0.0155,
      "step": 68
    },
    {
      "epoch": 7.666666666666667,
      "grad_norm": 1.0455987453460693,
      "learning_rate": 0.0001,
      "loss": 0.0116,
      "step": 69
    },
    {
      "epoch": 7.777777777777778,
      "grad_norm": 0.4827289581298828,
      "learning_rate": 0.0001,
      "loss": 0.0228,
      "step": 70
    },
    {
      "epoch": 7.888888888888889,
      "grad_norm": 1.3982369899749756,
      "learning_rate": 0.0001,
      "loss": 0.0263,
      "step": 71
    },
    {
      "epoch": 8.0,
      "grad_norm": 0.9894465208053589,
      "learning_rate": 0.0001,
      "loss": 0.0199,
      "step": 72
    },
    {
      "epoch": 8.11111111111111,
      "grad_norm": 0.5453931093215942,
      "learning_rate": 0.0001,
      "loss": 0.0144,
      "step": 73
    },
    {
      "epoch": 8.222222222222221,
      "grad_norm": 0.5059607625007629,
      "learning_rate": 0.0001,
      "loss": 0.0183,
      "step": 74
    },
    {
      "epoch": 8.333333333333334,
      "grad_norm": 1.5203009843826294,
      "learning_rate": 0.0001,
      "loss": 0.0397,
      "step": 75
    },
    {
      "epoch": 8.444444444444445,
      "grad_norm": 0.2769939601421356,
      "learning_rate": 0.0001,
      "loss": 0.0106,
      "step": 76
    },
    {
      "epoch": 8.555555555555555,
      "grad_norm": 0.4855026602745056,
      "learning_rate": 0.0001,
      "loss": 0.0262,
      "step": 77
    },
    {
      "epoch": 8.666666666666666,
      "grad_norm": 0.45175856351852417,
      "learning_rate": 0.0001,
      "loss": 0.0227,
      "step": 78
    },
    {
      "epoch": 8.777777777777779,
      "grad_norm": 0.3092707693576813,
      "learning_rate": 0.0001,
      "loss": 0.0117,
      "step": 79
    },
    {
      "epoch": 8.88888888888889,
      "grad_norm": 0.43697360157966614,
      "learning_rate": 0.0001,
      "loss": 0.0181,
      "step": 80
    },
    {
      "epoch": 9.0,
      "grad_norm": 0.3943096697330475,
      "learning_rate": 0.0001,
      "loss": 0.0137,
      "step": 81
    },
    {
      "epoch": 9.11111111111111,
      "grad_norm": 0.23745617270469666,
      "learning_rate": 0.0001,
      "loss": 0.0033,
      "step": 82
    },
    {
      "epoch": 9.222222222222221,
      "grad_norm": 0.9941297769546509,
      "learning_rate": 0.0001,
      "loss": 0.0178,
      "step": 83
    },
    {
      "epoch": 9.333333333333334,
      "grad_norm": 0.41393688321113586,
      "learning_rate": 0.0001,
      "loss": 0.0031,
      "step": 84
    },
    {
      "epoch": 9.444444444444445,
      "grad_norm": 0.7921953797340393,
      "learning_rate": 0.0001,
      "loss": 0.0037,
      "step": 85
    },
    {
      "epoch": 9.555555555555555,
      "grad_norm": 0.5500921010971069,
      "learning_rate": 0.0001,
      "loss": 0.0227,
      "step": 86
    },
    {
      "epoch": 9.666666666666666,
      "grad_norm": 3.23486065864563,
      "learning_rate": 0.0001,
      "loss": 0.0589,
      "step": 87
    },
    {
      "epoch": 9.777777777777779,
      "grad_norm": 0.44931620359420776,
      "learning_rate": 0.0001,
      "loss": 0.0149,
      "step": 88
    },
    {
      "epoch": 9.88888888888889,
      "grad_norm": 0.4733651876449585,
      "learning_rate": 0.0001,
      "loss": 0.0065,
      "step": 89
    },
    {
      "epoch": 10.0,
      "grad_norm": 0.2174110859632492,
      "learning_rate": 0.0001,
      "loss": 0.0028,
      "step": 90
    },
    {
      "epoch": 10.11111111111111,
      "grad_norm": 0.02358957752585411,
      "learning_rate": 0.0001,
      "loss": 0.0004,
      "step": 91
    },
    {
      "epoch": 10.222222222222221,
      "grad_norm": 0.3305230736732483,
      "learning_rate": 0.0001,
      "loss": 0.0036,
      "step": 92
    },
    {
      "epoch": 10.333333333333334,
      "grad_norm": 0.3321746289730072,
      "learning_rate": 0.0001,
      "loss": 0.0022,
      "step": 93
    },
    {
      "epoch": 10.444444444444445,
      "grad_norm": 0.28284820914268494,
      "learning_rate": 0.0001,
      "loss": 0.0026,
      "step": 94
    },
    {
      "epoch": 10.555555555555555,
      "grad_norm": 0.5850757956504822,
      "learning_rate": 0.0001,
      "loss": 0.0079,
      "step": 95
    },
    {
      "epoch": 10.666666666666666,
      "grad_norm": 0.8302329778671265,
      "learning_rate": 0.0001,
      "loss": 0.0069,
      "step": 96
    },
    {
      "epoch": 10.777777777777779,
      "grad_norm": 0.480823278427124,
      "learning_rate": 0.0001,
      "loss": 0.0056,
      "step": 97
    },
    {
      "epoch": 10.88888888888889,
      "grad_norm": 1.4440730810165405,
      "learning_rate": 0.0001,
      "loss": 0.0165,
      "step": 98
    },
    {
      "epoch": 11.0,
      "grad_norm": 2.3958747386932373,
      "learning_rate": 0.0001,
      "loss": 0.0118,
      "step": 99
    },
    {
      "epoch": 11.11111111111111,
      "grad_norm": 0.01654774323105812,
      "learning_rate": 0.0001,
      "loss": 0.0001,
      "step": 100
    },
    {
      "epoch": 11.222222222222221,
      "grad_norm": 0.0989128053188324,
      "learning_rate": 0.0001,
      "loss": 0.0002,
      "step": 101
    },
    {
      "epoch": 11.333333333333334,
      "grad_norm": 0.2524538040161133,
      "learning_rate": 0.0001,
      "loss": 0.0025,
      "step": 102
    },
    {
      "epoch": 11.444444444444445,
      "grad_norm": 2.6586263179779053,
      "learning_rate": 0.0001,
      "loss": 0.0073,
      "step": 103
    },
    {
      "epoch": 11.555555555555555,
      "grad_norm": 0.5742460489273071,
      "learning_rate": 0.0001,
      "loss": 0.0251,
      "step": 104
    },
    {
      "epoch": 11.666666666666666,
      "grad_norm": 0.7814736366271973,
      "learning_rate": 0.0001,
      "loss": 0.0044,
      "step": 105
    },
    {
      "epoch": 11.777777777777779,
      "grad_norm": 0.7832327485084534,
      "learning_rate": 0.0001,
      "loss": 0.0095,
      "step": 106
    },
    {
      "epoch": 11.88888888888889,
      "grad_norm": 0.3595949113368988,
      "learning_rate": 0.0001,
      "loss": 0.001,
      "step": 107
    },
    {
      "epoch": 12.0,
      "grad_norm": 2.316521167755127,
      "learning_rate": 0.0001,
      "loss": 0.043,
      "step": 108
    },
    {
      "epoch": 12.11111111111111,
      "grad_norm": 0.1321665495634079,
      "learning_rate": 0.0001,
      "loss": 0.0013,
      "step": 109
    },
    {
      "epoch": 12.222222222222221,
      "grad_norm": 0.15257546305656433,
      "learning_rate": 0.0001,
      "loss": 0.0032,
      "step": 110
    },
    {
      "epoch": 12.333333333333334,
      "grad_norm": 0.9200791716575623,
      "learning_rate": 0.0001,
      "loss": 0.0091,
      "step": 111
    },
    {
      "epoch": 12.444444444444445,
      "grad_norm": 0.5199373960494995,
      "learning_rate": 0.0001,
      "loss": 0.0061,
      "step": 112
    },
    {
      "epoch": 12.555555555555555,
      "grad_norm": 0.5102806091308594,
      "learning_rate": 0.0001,
      "loss": 0.0071,
      "step": 113
    },
    {
      "epoch": 12.666666666666666,
      "grad_norm": 0.12969504296779633,
      "learning_rate": 0.0001,
      "loss": 0.0023,
      "step": 114
    },
    {
      "epoch": 12.777777777777779,
      "grad_norm": 1.1919537782669067,
      "learning_rate": 0.0001,
      "loss": 0.0059,
      "step": 115
    },
    {
      "epoch": 12.88888888888889,
      "grad_norm": 0.05129522085189819,
      "learning_rate": 0.0001,
      "loss": 0.0006,
      "step": 116
    },
    {
      "epoch": 13.0,
      "grad_norm": 0.5024815201759338,
      "learning_rate": 0.0001,
      "loss": 0.0026,
      "step": 117
    },
    {
      "epoch": 13.11111111111111,
      "grad_norm": 0.01118479110300541,
      "learning_rate": 0.0001,
      "loss": 0.0002,
      "step": 118
    },
    {
      "epoch": 13.222222222222221,
      "grad_norm": 0.014207461848855019,
      "learning_rate": 0.0001,
      "loss": 0.0002,
      "step": 119
    },
    {
      "epoch": 13.333333333333334,
      "grad_norm": 0.012650024145841599,
      "learning_rate": 0.0001,
      "loss": 0.0002,
      "step": 120
    },
    {
      "epoch": 13.444444444444445,
      "grad_norm": 0.016956618055701256,
      "learning_rate": 0.0001,
      "loss": 0.0002,
      "step": 121
    },
    {
      "epoch": 13.555555555555555,
      "grad_norm": 0.026476100087165833,
      "learning_rate": 0.0001,
      "loss": 0.0002,
      "step": 122
    },
    {
      "epoch": 13.666666666666666,
      "grad_norm": 0.007101960480213165,
      "learning_rate": 0.0001,
      "loss": 0.0001,
      "step": 123
    },
    {
      "epoch": 13.777777777777779,
      "grad_norm": 0.015678297728300095,
      "learning_rate": 0.0001,
      "loss": 0.0002,
      "step": 124
    },
    {
      "epoch": 13.88888888888889,
      "grad_norm": 0.0052542430348694324,
      "learning_rate": 0.0001,
      "loss": 0.0001,
      "step": 125
    },
    {
      "epoch": 14.0,
      "grad_norm": 0.039431702345609665,
      "learning_rate": 0.0001,
      "loss": 0.0003,
      "step": 126
    },
    {
      "epoch": 14.11111111111111,
      "grad_norm": NaN,
      "learning_rate": 0.0001,
      "loss": 0.0039,
      "step": 127
    },
    {
      "epoch": 14.222222222222221,
      "grad_norm": 0.003545373445376754,
      "learning_rate": 0.0001,
      "loss": 0.0001,
      "step": 128
    },
    {
      "epoch": 14.333333333333334,
      "grad_norm": 0.0060317195020616055,
      "learning_rate": 0.0001,
      "loss": 0.0001,
      "step": 129
    },
    {
      "epoch": 14.444444444444445,
      "grad_norm": 0.7186980247497559,
      "learning_rate": 0.0001,
      "loss": 0.0011,
      "step": 130
    },
    {
      "epoch": 14.555555555555555,
      "grad_norm": 7.2493181228637695,
      "learning_rate": 0.0001,
      "loss": 0.0382,
      "step": 131
    },
    {
      "epoch": 14.666666666666666,
      "grad_norm": 0.0028778989799320698,
      "learning_rate": 0.0001,
      "loss": 0.0001,
      "step": 132
    },
    {
      "epoch": 14.777777777777779,
      "grad_norm": 0.006188319530338049,
      "learning_rate": 0.0001,
      "loss": 0.0001,
      "step": 133
    },
    {
      "epoch": 14.88888888888889,
      "grad_norm": 0.0014979529660195112,
      "learning_rate": 0.0001,
      "loss": 0.0,
      "step": 134
    },
    {
      "epoch": 15.0,
      "grad_norm": 0.0024629367981106043,
      "learning_rate": 0.0001,
      "loss": 0.0,
      "step": 135
    },
    {
      "epoch": 15.11111111111111,
      "grad_norm": 0.002231642371043563,
      "learning_rate": 0.0001,
      "loss": 0.0,
      "step": 136
    },
    {
      "epoch": 15.222222222222221,
      "grad_norm": 0.10665889829397202,
      "learning_rate": 0.0001,
      "loss": 0.0002,
      "step": 137
    },
    {
      "epoch": 15.333333333333334,
      "grad_norm": 0.0018278473289683461,
      "learning_rate": 0.0001,
      "loss": 0.0,
      "step": 138
    },
    {
      "epoch": 15.444444444444445,
      "grad_norm": 0.03172944858670235,
      "learning_rate": 0.0001,
      "loss": 0.0002,
      "step": 139
    },
    {
      "epoch": 15.555555555555555,
      "grad_norm": 0.002848913660272956,
      "learning_rate": 0.0001,
      "loss": 0.0,
      "step": 140
    },
    {
      "epoch": 15.666666666666666,
      "grad_norm": 0.0011720408219844103,
      "learning_rate": 0.0001,
      "loss": 0.0,
      "step": 141
    },
    {
      "epoch": 15.777777777777779,
      "grad_norm": 0.003577504539862275,
      "learning_rate": 0.0001,
      "loss": 0.0,
      "step": 142
    },
    {
      "epoch": 15.88888888888889,
      "grad_norm": 0.0008137010154314339,
      "learning_rate": 0.0001,
      "loss": 0.0,
      "step": 143
    },
    {
      "epoch": 16.0,
      "grad_norm": 0.0012295034248381853,
      "learning_rate": 0.0001,
      "loss": 0.0,
      "step": 144
    },
    {
      "epoch": 16.0,
      "step": 144,
      "total_flos": 1.0565324689637376e+16,
      "train_loss": 0.03305708516727969,
      "train_runtime": 1405.7235,
      "train_samples_per_second": 0.82,
      "train_steps_per_second": 0.102
    }
  ],
  "peak_allocated_bytes": 5401586688,
  "peak_reserved_bytes": 5565841408,
  "profile": {
    "alpha": 16,
    "dropout": 0.0,
    "name": "all_linear_r8",
    "priority": 0,
    "r": 8,
    "targets": [
      "q_proj",
      "k_proj",
      "v_proj",
      "o_proj",
      "gate_proj",
      "up_proj",
      "down_proj"
    ]
  },
  "profile_lock_sha256": "49ebaf136ac61367ab6ade9de60b88726d88fb7bc81085ac2d0efc9f852627c5",
  "row_order": [
    8,
    44,
    65,
    41,
    10,
    48,
    7,
    18,
    52,
    24,
    23,
    22,
    68,
    32,
    47,
    45,
    29,
    14,
    13,
    12,
    28,
    36,
    0,
    15,
    33,
    59,
    39,
    60,
    9,
    63,
    35,
    26,
    37,
    2,
    55,
    61,
    3,
    6,
    50,
    17,
    19,
    57,
    34,
    46,
    5,
    11,
    49,
    20,
    1,
    38,
    67,
    70,
    56,
    53,
    21,
    43,
    51,
    64,
    40,
    71,
    66,
    30,
    16,
    69,
    58,
    42,
    27,
    4,
    54,
    31,
    25,
    62
  ],
  "row_order_sha256": "a604176c932e0660d664fa1453cddd19b0892bcfd5119401c864caef3f0ada9f",
  "schema": "cfe.v14.predicate-horizon-train-run.v1",
  "seed": 2026083115,
  "status": "TRAINING_EXECUTED__SCIENTIFIC_EFFECT_UNQUALIFIED",
  "token_reference_sha256": "48e57594b7e90031d7c46838270bc247e5ea9bf6b8c88afc9b6a73b491b383d7",
  "train_result": {
    "epoch": 16.0,
    "total_flos": 1.0565324689637376e+16,
    "train_loss": 0.03305708516727969,
    "train_runtime": 1405.7235,
    "train_samples_per_second": 0.82,
    "train_steps_per_second": 0.102
  },
  "train_runtime_seconds": 1405.9959280490875
}
