
=== ATTEMPT 1 RC 0 ===
W0831 20:13:43.041000 33472 Lib\site-packages\torch\utils\flop_counter.py:29] triton not found; flop counting will not work for triton kernels

Loading checkpoint shards:   0%|          | 0/3 [00:00<?, ?it/s]
Loading checkpoint shards:  33%|███▎      | 1/3 [00:04<00:08,  4.07s/it]
Loading checkpoint shards:  67%|██████▋   | 2/3 [00:08<00:04,  4.17s/it]
Loading checkpoint shards: 100%|██████████| 3/3 [00:12<00:00,  4.01s/it]
Loading checkpoint shards: 100%|██████████| 3/3 [00:12<00:00,  4.04s/it]

  0%|          | 0/144 [00:00<?, ?it/s]
  1%|          | 1/144 [00:10<24:19, 10.21s/it]
                                               

  1%|          | 1/144 [00:10<24:19, 10.21s/it]
  1%|▏         | 2/144 [00:20<23:59, 10.14s/it]
                                               

  1%|▏         | 2/144 [00:20<23:59, 10.14s/it]
  2%|▏         | 3/144 [00:30<24:20, 10.36s/it]
                                               

  2%|▏         | 3/144 [00:30<24:20, 10.36s/it]
  3%|▎         | 4/144 [00:40<23:48, 10.20s/it]
                                               

  3%|▎         | 4/144 [00:40<23:48, 10.20s/it]
  3%|▎         | 5/144 [00:53<26:02, 11.24s/it]
                                               

  3%|▎         | 5/144 [00:53<26:02, 11.24s/it]
  4%|▍         | 6/144 [01:05<25:55, 11.27s/it]
                                               

  4%|▍         | 6/144 [01:05<25:55, 11.27s/it]
  5%|▍         | 7/144 [01:19<27:58, 12.25s/it]
                                               

  5%|▍         | 7/144 [01:19<27:58, 12.25s/it]
  6%|▌         | 8/144 [01:30<27:06, 11.96s/it]
                                               

  6%|▌         | 8/144 [01:30<27:06, 11.96s/it]
  6%|▋         | 9/144 [01:42<26:31, 11.79s/it]
                                               

  6%|▋         | 9/144 [01:42<26:31, 11.79s/it]
  7%|▋         | 10/144 [01:54<26:29, 11.86s/it]
                                                

  7%|▋         | 10/144 [01:54<26:29, 11.86s/it]
  8%|▊         | 11/144 [02:09<28:27, 12.84s/it]
                                                

  8%|▊         | 11/144 [02:09<28:27, 12.84s/it]
  8%|▊         | 12/144 [02:21<27:30, 12.50s/it]
                                                

  8%|▊         | 12/144 [02:21<27:30, 12.50s/it]
  9%|▉         | 13/144 [02:32<26:34, 12.17s/it]
                                                

  9%|▉         | 13/144 [02:32<26:34, 12.17s/it]
 10%|▉         | 14/144 [02:44<26:16, 12.13s/it]
                                                

 10%|▉         | 14/144 [02:44<26:16, 12.13s/it]
 10%|█         | 15/144 [02:58<27:18, 12.70s/it]
                                                

 10%|█         | 15/144 [02:58<27:18, 12.70s/it]
 11%|█         | 16/144 [03:10<26:18, 12.33s/it]
                                                

 11%|█         | 16/144 [03:10<26:18, 12.33s/it]
 12%|█▏        | 17/144 [03:22<25:57, 12.26s/it]
                                                

 12%|█▏        | 17/144 [03:22<25:57, 12.26s/it]
 12%|█▎        | 18/144 [03:34<25:38, 12.21s/it]
                                                

 12%|█▎        | 18/144 [03:34<25:38, 12.21s/it]
 13%|█▎        | 19/144 [03:48<26:45, 12.84s/it]
                                                

 13%|█▎        | 19/144 [03:48<26:45, 12.84s/it]
 14%|█▍        | 20/144 [04:00<25:44, 12.46s/it]
                                                

 14%|█▍        | 20/144 [04:00<25:44, 12.46s/it]
 15%|█▍        | 21/144 [04:14<26:40, 13.01s/it]
                                                

 15%|█▍        | 21/144 [04:14<26:40, 13.01s/it]
 15%|█▌        | 22/144 [04:26<25:53, 12.74s/it]
                                                

 15%|█▌        | 22/144 [04:26<25:53, 12.74s/it]
 16%|█▌        | 23/144 [04:38<25:15, 12.52s/it]
                                                

 16%|█▌        | 23/144 [04:38<25:15, 12.52s/it]
 17%|█▋        | 24/144 [04:50<24:32, 12.27s/it]
                                                

 17%|█▋        | 24/144 [04:50<24:32, 12.27s/it]
 17%|█▋        | 25/144 [05:01<23:48, 12.01s/it]
                                                

 17%|█▋        | 25/144 [05:01<23:48, 12.01s/it]
 18%|█▊        | 26/144 [05:13<23:41, 12.05s/it]
                                                

 18%|█▊        | 26/144 [05:13<23:41, 12.05s/it]
 19%|█▉        | 27/144 [05:25<23:03, 11.83s/it]
                                                

 19%|█▉        | 27/144 [05:25<23:03, 11.83s/it]
 19%|█▉        | 28/144 [05:39<24:18, 12.58s/it]
                                                

 19%|█▉        | 28/144 [05:39<24:18, 12.58s/it]
 20%|██        | 29/144 [05:54<25:28, 13.29s/it]
                                                

 20%|██        | 29/144 [05:54<25:28, 13.29s/it]
 21%|██        | 30/144 [06:08<25:58, 13.67s/it]
                                                

 21%|██        | 30/144 [06:08<25:58, 13.67s/it]
 22%|██▏       | 31/144 [06:20<24:46, 13.16s/it]
                                                

 22%|██▏       | 31/144 [06:20<24:46, 13.16s/it]
 22%|██▏       | 32/144 [06:32<23:36, 12.65s/it]
                                                

 22%|██▏       | 32/144 [06:32<23:36, 12.65s/it]
 23%|██▎       | 33/144 [06:43<22:41, 12.27s/it]
                                                

 23%|██▎       | 33/144 [06:43<22:41, 12.27s/it]
 24%|██▎       | 34/144 [06:55<22:00, 12.00s/it]
                                                

 24%|██▎       | 34/144 [06:55<22:00, 12.00s/it]
 24%|██▍       | 35/144 [07:10<23:29, 12.93s/it]
                                                

 24%|██▍       | 35/144 [07:10<23:29, 12.93s/it]
 25%|██▌       | 36/144 [07:24<23:57, 13.31s/it]
                                                

 25%|██▌       | 36/144 [07:24<23:57, 13.31s/it]
 26%|██▌       | 37/144 [07:38<24:12, 13.57s/it]
                                                

 26%|██▌       | 37/144 [07:38<24:12, 13.57s/it]
 26%|██▋       | 38/144 [07:53<24:35, 13.92s/it]
                                                

 26%|██▋       | 38/144 [07:53<24:35, 13.92s/it]
 27%|██▋       | 39/144 [08:07<24:32, 14.02s/it]
                                                

 27%|██▋       | 39/144 [08:07<24:32, 14.02s/it]
 28%|██▊       | 40/144 [08:19<22:57, 13.24s/it]
                                                

 28%|██▊       | 40/144 [08:19<22:57, 13.24s/it]
 28%|██▊       | 41/144 [08:31<22:16, 12.98s/it]
                                                

 28%|██▊       | 41/144 [08:31<22:16, 12.98s/it]
 29%|██▉       | 42/144 [08:43<21:28, 12.63s/it]
                                                

 29%|██▉       | 42/144 [08:43<21:28, 12.63s/it]
 30%|██▉       | 43/144 [08:54<20:45, 12.33s/it]
                                                

 30%|██▉       | 43/144 [08:54<20:45, 12.33s/it]
 31%|███       | 44/144 [09:11<22:31, 13.52s/it]
                                                

 31%|███       | 44/144 [09:11<22:31, 13.52s/it]
 31%|███▏      | 45/144 [09:23<21:50, 13.24s/it]
                                                

 31%|███▏      | 45/144 [09:23<21:50, 13.24s/it]
 32%|███▏      | 46/144 [09:39<22:55, 14.04s/it]
                                                

 32%|███▏      | 46/144 [09:39<22:55, 14.04s/it]
 33%|███▎      | 47/144 [09:53<22:48, 14.11s/it]
                                                

 33%|███▎      | 47/144 [09:53<22:48, 14.11s/it]
 33%|███▎      | 48/144 [10:09<23:22, 14.61s/it]
                                                

 33%|███▎      | 48/144 [10:09<23:22, 14.61s/it]
 34%|███▍      | 49/144 [10:25<23:37, 14.92s/it]
                                                

 34%|███▍      | 49/144 [10:25<23:37, 14.92s/it]
 35%|███▍      | 50/144 [10:38<22:34, 14.41s/it]
                                                

 35%|███▍      | 50/144 [10:38<22:34, 14.41s/it]
 35%|███▌      | 51/144 [10:52<21:57, 14.17s/it]
                                                

 35%|███▌      | 51/144 [10:52<21:57, 14.17s/it]
 36%|███▌      | 52/144 [11:04<21:07, 13.78s/it]
                                                

 36%|███▌      | 52/144 [11:04<21:07, 13.78s/it]
 37%|███▋      | 53/144 [11:22<22:33, 14.88s/it]
                                                

 37%|███▋      | 53/144 [11:22<22:33, 14.88s/it]
 38%|███▊      | 54/144 [11:35<21:35, 14.39s/it]
                                                

 38%|███▊      | 54/144 [11:35<21:35, 14.39s/it]
 38%|███▊      | 55/144 [11:52<22:30, 15.17s/it]
                                                

 38%|███▊      | 55/144 [11:52<22:30, 15.17s/it]
 39%|███▉      | 56/144 [12:06<21:32, 14.69s/it]
                                                

 39%|███▉      | 56/144 [12:06<21:32, 14.69s/it]
 40%|███▉      | 57/144 [12:22<22:10, 15.30s/it]
                                                

 40%|███▉      | 57/144 [12:22<22:10, 15.30s/it]
 40%|████      | 58/144 [12:38<22:10, 15.47s/it]
                                                

 40%|████      | 58/144 [12:38<22:10, 15.47s/it]
 41%|████      | 59/144 [12:55<22:15, 15.72s/it]
                                                

 41%|████      | 59/144 [12:55<22:15, 15.72s/it]
 42%|████▏     | 60/144 [13:11<22:21, 15.97s/it]
                                                

 42%|████▏     | 60/144 [13:11<22:21, 15.97s/it]
 42%|████▏     | 61/144 [13:24<20:55, 15.13s/it]
                                                

 42%|████▏     | 61/144 [13:24<20:55, 15.13s/it]
 43%|████▎     | 62/144 [13:41<21:15, 15.56s/it]
                                                

 43%|████▎     | 62/144 [13:41<21:15, 15.56s/it]
 44%|████▍     | 63/144 [13:55<20:16, 15.01s/it]
                                                

 44%|████▍     | 63/144 [13:55<20:16, 15.01s/it]
 44%|████▍     | 64/144 [14:11<20:28, 15.36s/it]
                                                

 44%|████▍     | 64/144 [14:11<20:28, 15.36s/it]
 45%|████▌     | 65/144 [14:24<19:27, 14.78s/it]
                                                

 45%|████▌     | 65/144 [14:24<19:27, 14.78s/it]
 46%|████▌     | 66/144 [14:41<19:47, 15.22s/it]
                                                

 46%|████▌     | 66/144 [14:41<19:47, 15.22s/it]
 47%|████▋     | 67/144 [14:54<18:44, 14.60s/it]
                                                

 47%|████▋     | 67/144 [14:54<18:44, 14.60s/it]
 47%|████▋     | 68/144 [15:07<18:03, 14.25s/it]
                                                

 47%|████▋     | 68/144 [15:07<18:03, 14.25s/it]
 48%|████▊     | 69/144 [15:21<17:47, 14.24s/it]
                                                

 48%|████▊     | 69/144 [15:21<17:47, 14.24s/it]
 49%|████▊     | 70/144 [15:35<17:17, 14.03s/it]
                                                

 49%|████▊     | 70/144 [15:35<17:17, 14.03s/it]
 49%|████▉     | 71/144 [15:48<16:41, 13.72s/it]
                                                

 49%|████▉     | 71/144 [15:48<16:41, 13.72s/it]
 50%|█████     | 72/144 [16:02<16:30, 13.76s/it]
                                                

 50%|█████     | 72/144 [16:02<16:30, 13.76s/it]
 51%|█████     | 73/144 [16:15<16:10, 13.67s/it]
                                                

 51%|█████     | 73/144 [16:15<16:10, 13.67s/it]
 51%|█████▏    | 74/144 [16:29<15:59, 13.71s/it]
                                                

 51%|█████▏    | 74/144 [16:29<15:59, 13.71s/it]
 52%|█████▏    | 75/144 [16:42<15:35, 13.56s/it]
                                                

 52%|█████▏    | 75/144 [16:42<15:35, 13.56s/it]
 53%|█████▎    | 76/144 [16:55<15:14, 13.45s/it]
                                                

 53%|█████▎    | 76/144 [16:55<15:14, 13.45s/it]
 53%|█████▎    | 77/144 [17:09<14:59, 13.42s/it]
                                                

 53%|█████▎    | 77/144 [17:09<14:59, 13.42s/it]
 54%|█████▍    | 78/144 [17:22<14:45, 13.41s/it]
                                                

 54%|█████▍    | 78/144 [17:22<14:45, 13.41s/it]
 55%|█████▍    | 79/144 [17:38<15:24, 14.23s/it]
                                                

 55%|█████▍    | 79/144 [17:38<15:24, 14.23s/it]
 56%|█████▌    | 80/144 [17:51<14:45, 13.84s/it]
                                                

 56%|█████▌    | 80/144 [17:51<14:45, 13.84s/it]
 56%|█████▋    | 81/144 [18:05<14:32, 13.85s/it]
                                                

 56%|█████▋    | 81/144 [18:05<14:32, 13.85s/it]
 57%|█████▋    | 82/144 [18:18<14:09, 13.70s/it]
                                                

 57%|█████▋    | 82/144 [18:18<14:09, 13.70s/it]
 58%|█████▊    | 83/144 [18:32<13:50, 13.61s/it]
                                                

 58%|█████▊    | 83/144 [18:32<13:50, 13.61s/it]
 58%|█████▊    | 84/144 [18:45<13:30, 13.51s/it]
                                                

 58%|█████▊    | 84/144 [18:45<13:30, 13.51s/it]
 59%|█████▉    | 85/144 [18:58<13:12, 13.43s/it]
                                                

 59%|█████▉    | 85/144 [18:58<13:12, 13.43s/it]
 60%|█████▉    | 86/144 [19:12<12:58, 13.42s/it]
                                                

 60%|█████▉    | 86/144 [19:12<12:58, 13.42s/it]
 60%|██████    | 87/144 [19:28<13:27, 14.17s/it]
                                                

 60%|██████    | 87/144 [19:28<13:27, 14.17s/it]
 61%|██████    | 88/144 [19:41<13:01, 13.96s/it]
                                                

 61%|██████    | 88/144 [19:41<13:01, 13.96s/it]
 62%|██████▏   | 89/144 [19:54<12:34, 13.71s/it]
                                                

 62%|██████▏   | 89/144 [19:54<12:34, 13.71s/it]
 62%|██████▎   | 90/144 [20:07<12:12, 13.56s/it]
                                                

 62%|██████▎   | 90/144 [20:07<12:12, 13.56s/it]
 63%|██████▎   | 91/144 [20:21<11:58, 13.55s/it]
                                                

 63%|██████▎   | 91/144 [20:21<11:58, 13.55s/it]
 64%|██████▍   | 92/144 [20:34<11:44, 13.54s/it]
                                                

 64%|██████▍   | 92/144 [20:34<11:44, 13.54s/it]
 65%|██████▍   | 93/144 [20:48<11:24, 13.43s/it]
                                                

 65%|██████▍   | 93/144 [20:48<11:24, 13.43s/it]
 65%|██████▌   | 94/144 [21:01<11:07, 13.36s/it]
                                                

 65%|██████▌   | 94/144 [21:01<11:07, 13.36s/it]
 66%|██████▌   | 95/144 [21:15<11:02, 13.53s/it]
                                                

 66%|██████▌   | 95/144 [21:15<11:02, 13.53s/it]
 67%|██████▋   | 96/144 [21:28<10:47, 13.50s/it]
                                                

 67%|██████▋   | 96/144 [21:28<10:47, 13.50s/it]
 67%|██████▋   | 97/144 [21:44<11:10, 14.27s/it]
                                                

 67%|██████▋   | 97/144 [21:44<11:10, 14.27s/it]
 68%|██████▊   | 98/144 [21:57<10:37, 13.87s/it]
                                                

 68%|██████▊   | 98/144 [21:57<10:37, 13.87s/it]
 69%|██████▉   | 99/144 [22:10<10:15, 13.69s/it]
                                                

 69%|██████▉   | 99/144 [22:10<10:15, 13.69s/it]
 69%|██████▉   | 100/144 [22:24<10:06, 13.78s/it]
                                                 

 69%|██████▉   | 100/144 [22:24<10:06, 13.78s/it]
 70%|███████   | 101/144 [22:42<10:34, 14.77s/it]
                                                 

 70%|███████   | 101/144 [22:42<10:34, 14.77s/it]
 71%|███████   | 102/144 [22:55<10:04, 14.38s/it]
                                                 

 71%|███████   | 102/144 [22:55<10:04, 14.38s/it]
 72%|███████▏  | 103/144 [23:08<09:35, 14.03s/it]
                                                 

 72%|███████▏  | 103/144 [23:08<09:35, 14.03s/it]
 72%|███████▏  | 104/144 [23:22<09:20, 14.00s/it]
                                                 

 72%|███████▏  | 104/144 [23:22<09:20, 14.00s/it]
 73%|███████▎  | 105/144 [23:38<09:28, 14.57s/it]
                                                 

 73%|███████▎  | 105/144 [23:38<09:28, 14.57s/it]
 74%|███████▎  | 106/144 [23:51<08:58, 14.18s/it]
                                                 

 74%|███████▎  | 106/144 [23:51<08:58, 14.18s/it]
 74%|███████▍  | 107/144 [24:05<08:40, 14.07s/it]
                                                 

 74%|███████▍  | 107/144 [24:05<08:40, 14.07s/it]
 75%|███████▌  | 108/144 [24:18<08:16, 13.81s/it]
                                                 

 75%|███████▌  | 108/144 [24:18<08:16, 13.81s/it]
 76%|███████▌  | 109/144 [24:35<08:29, 14.55s/it]
                                                 

 76%|███████▌  | 109/144 [24:35<08:29, 14.55s/it]
 76%|███████▋  | 110/144 [24:48<08:05, 14.29s/it]
                                                 

 76%|███████▋  | 110/144 [24:48<08:05, 14.29s/it]
 77%|███████▋  | 111/144 [25:04<08:08, 14.81s/it]
                                                 

 77%|███████▋  | 111/144 [25:04<08:08, 14.81s/it]
 78%|███████▊  | 112/144 [25:18<07:44, 14.50s/it]
                                                 

 78%|███████▊  | 112/144 [25:18<07:44, 14.50s/it]
 78%|███████▊  | 113/144 [25:32<07:20, 14.21s/it]
                                                 

 78%|███████▊  | 113/144 [25:32<07:20, 14.21s/it]
 79%|███████▉  | 114/144 [25:45<07:00, 14.02s/it]
                                                 

 79%|███████▉  | 114/144 [25:45<07:00, 14.02s/it]
 80%|███████▉  | 115/144 [25:58<06:40, 13.81s/it]
                                                 

 80%|███████▉  | 115/144 [25:58<06:40, 13.81s/it]
 81%|████████  | 116/144 [26:12<06:26, 13.82s/it]
                                                 

 81%|████████  | 116/144 [26:12<06:26, 13.82s/it]
 81%|████████▏ | 117/144 [26:26<06:08, 13.64s/it]
                                                 

 81%|████████▏ | 117/144 [26:26<06:08, 13.64s/it]
 82%|████████▏ | 118/144 [26:42<06:15, 14.45s/it]
                                                 

 82%|████████▏ | 118/144 [26:42<06:15, 14.45s/it]
 83%|████████▎ | 119/144 [26:58<06:12, 14.92s/it]
                                                 

 83%|████████▎ | 119/144 [26:58<06:12, 14.92s/it]
 83%|████████▎ | 120/144 [27:14<06:07, 15.32s/it]
                                                 

 83%|████████▎ | 120/144 [27:14<06:07, 15.32s/it]
 84%|████████▍ | 121/144 [27:28<05:42, 14.90s/it]
                                                 

 84%|████████▍ | 121/144 [27:28<05:42, 14.90s/it]
 85%|████████▍ | 122/144 [27:42<05:21, 14.61s/it]
                                                 

 85%|████████▍ | 122/144 [27:42<05:21, 14.61s/it]
 85%|████████▌ | 123/144 [27:55<04:58, 14.20s/it]
                                                 

 85%|████████▌ | 123/144 [27:55<04:58, 14.20s/it]
 86%|████████▌ | 124/144 [28:08<04:37, 13.90s/it]
                                                 

 86%|████████▌ | 124/144 [28:08<04:37, 13.90s/it]
 87%|████████▋ | 125/144 [28:24<04:34, 14.43s/it]
                                                 

 87%|████████▋ | 125/144 [28:24<04:34, 14.43s/it]
 88%|████████▊ | 126/144 [28:40<04:27, 14.88s/it]
                                                 

 88%|████████▊ | 126/144 [28:40<04:27, 14.88s/it]
 88%|████████▊ | 127/144 [28:53<04:04, 14.41s/it]
                                                 

 88%|████████▊ | 127/144 [28:53<04:04, 14.41s/it]
 89%|████████▉ | 128/144 [29:10<04:01, 15.09s/it]
                                                 

 89%|████████▉ | 128/144 [29:10<04:01, 15.09s/it]
 90%|████████▉ | 129/144 [29:23<03:37, 14.52s/it]
                                                 

 90%|████████▉ | 129/144 [29:23<03:37, 14.52s/it]
 90%|█████████ | 130/144 [29:37<03:21, 14.38s/it]
                                                 

 90%|█████████ | 130/144 [29:37<03:21, 14.38s/it]
 91%|█████████ | 131/144 [29:51<03:03, 14.10s/it]
                                                 

 91%|█████████ | 131/144 [29:51<03:03, 14.10s/it]
 92%|█████████▏| 132/144 [30:04<02:46, 13.88s/it]
                                                 

 92%|█████████▏| 132/144 [30:04<02:46, 13.88s/it]
 92%|█████████▏| 133/144 [30:17<02:30, 13.68s/it]
                                                 

 92%|█████████▏| 133/144 [30:17<02:30, 13.68s/it]
 93%|█████████▎| 134/144 [30:33<02:24, 14.41s/it]
                                                 

 93%|█████████▎| 134/144 [30:33<02:24, 14.41s/it]
 94%|█████████▍| 135/144 [30:47<02:06, 14.05s/it]
                                                 

 94%|█████████▍| 135/144 [30:47<02:06, 14.05s/it]
 94%|█████████▍| 136/144 [31:00<01:50, 13.86s/it]
                                                 

 94%|█████████▍| 136/144 [31:00<01:50, 13.86s/it]
 95%|█████████▌| 137/144 [31:14<01:36, 13.74s/it]
                                                 

 95%|█████████▌| 137/144 [31:14<01:36, 13.74s/it]
 96%|█████████▌| 138/144 [31:27<01:21, 13.62s/it]
                                                 

 96%|█████████▌| 138/144 [31:27<01:21, 13.62s/it]
 97%|█████████▋| 139/144 [31:43<01:11, 14.33s/it]
                                                 

 97%|█████████▋| 139/144 [31:43<01:11, 14.33s/it]
 97%|█████████▋| 140/144 [31:57<00:57, 14.30s/it]
                                                 

 97%|█████████▋| 140/144 [31:57<00:57, 14.30s/it]
 98%|█████████▊| 141/144 [32:12<00:43, 14.41s/it]
                                                 

 98%|█████████▊| 141/144 [32:12<00:43, 14.41s/it]
 99%|█████████▊| 142/144 [32:25<00:28, 14.09s/it]
                                                 

 99%|█████████▊| 142/144 [32:25<00:28, 14.09s/it]
 99%|█████████▉| 143/144 [32:41<00:14, 14.65s/it]
                                                 

 99%|█████████▉| 143/144 [32:41<00:14, 14.65s/it]
100%|██████████| 144/144 [32:57<00:00, 15.08s/it]
                                                 

100%|██████████| 144/144 [32:57<00:00, 15.08s/it]
                                                 

100%|██████████| 144/144 [32:57<00:00, 15.08s/it]
100%|██████████| 144/144 [32:57<00:00, 13.73s/it]
