
=== ATTEMPT 1 RC 0 ===
W0831 18:33:21.125000 24932 Lib\site-packages\torch\utils\flop_counter.py:29] triton not found; flop counting will not work for triton kernels

Loading checkpoint shards:   0%|          | 0/3 [00:00<?, ?it/s]
Loading checkpoint shards:  33%|███▎      | 1/3 [00:08<00:16,  8.05s/it]
Loading checkpoint shards:  67%|██████▋   | 2/3 [00:16<00:08,  8.35s/it]
Loading checkpoint shards: 100%|██████████| 3/3 [00:24<00:00,  8.37s/it]
Loading checkpoint shards: 100%|██████████| 3/3 [00:24<00:00,  8.33s/it]

  0%|          | 0/144 [00:00<?, ?it/s]
  1%|          | 1/144 [00:18<44:47, 18.80s/it]
                                               

  1%|          | 1/144 [00:18<44:47, 18.80s/it]
  1%|▏         | 2/144 [00:28<31:56, 13.50s/it]
                                               

  1%|▏         | 2/144 [00:28<31:56, 13.50s/it]
  2%|▏         | 3/144 [00:38<27:45, 11.81s/it]
                                               

  2%|▏         | 3/144 [00:38<27:45, 11.81s/it]
  3%|▎         | 4/144 [00:48<25:42, 11.02s/it]
                                               

  3%|▎         | 4/144 [00:48<25:42, 11.02s/it]
  3%|▎         | 5/144 [00:57<24:30, 10.58s/it]
                                               

  3%|▎         | 5/144 [00:57<24:30, 10.58s/it]
  4%|▍         | 6/144 [01:08<24:09, 10.50s/it]
                                               

  4%|▍         | 6/144 [01:08<24:09, 10.50s/it]
  5%|▍         | 7/144 [01:19<24:27, 10.71s/it]
                                               

  5%|▍         | 7/144 [01:19<24:27, 10.71s/it]
  6%|▌         | 8/144 [01:30<24:50, 10.96s/it]
                                               

  6%|▌         | 8/144 [01:30<24:50, 10.96s/it]
  6%|▋         | 9/144 [01:42<25:05, 11.15s/it]
                                               

  6%|▋         | 9/144 [01:42<25:05, 11.15s/it]
  7%|▋         | 10/144 [01:53<24:57, 11.18s/it]
                                                

  7%|▋         | 10/144 [01:53<24:57, 11.18s/it]
  8%|▊         | 11/144 [02:04<24:46, 11.17s/it]
                                                

  8%|▊         | 11/144 [02:04<24:46, 11.17s/it]
  8%|▊         | 12/144 [02:16<24:36, 11.19s/it]
                                                

  8%|▊         | 12/144 [02:16<24:36, 11.19s/it]
  9%|▉         | 13/144 [02:27<24:31, 11.23s/it]
                                                

  9%|▉         | 13/144 [02:27<24:31, 11.23s/it]
 10%|▉         | 14/144 [02:37<23:46, 10.97s/it]
                                                

 10%|▉         | 14/144 [02:37<23:46, 10.97s/it]
 10%|█         | 15/144 [02:48<23:03, 10.73s/it]
                                                

 10%|█         | 15/144 [02:48<23:03, 10.73s/it]
 11%|█         | 16/144 [02:57<22:19, 10.47s/it]
                                                

 11%|█         | 16/144 [02:57<22:19, 10.47s/it]
 12%|█▏        | 17/144 [03:08<22:16, 10.52s/it]
                                                

 12%|█▏        | 17/144 [03:08<22:16, 10.52s/it]
 12%|█▎        | 18/144 [03:19<22:34, 10.75s/it]
                                                

 12%|█▎        | 18/144 [03:19<22:34, 10.75s/it]
 13%|█▎        | 19/144 [03:30<22:38, 10.87s/it]
                                                

 13%|█▎        | 19/144 [03:30<22:38, 10.87s/it]
 14%|█▍        | 20/144 [03:42<22:39, 10.96s/it]
                                                

 14%|█▍        | 20/144 [03:42<22:39, 10.96s/it]
 15%|█▍        | 21/144 [03:53<22:39, 11.06s/it]
                                                

 15%|█▍        | 21/144 [03:53<22:39, 11.06s/it]
 15%|█▌        | 22/144 [04:04<22:29, 11.06s/it]
                                                

 15%|█▌        | 22/144 [04:04<22:29, 11.06s/it]
 16%|█▌        | 23/144 [04:15<22:20, 11.08s/it]
                                                

 16%|█▌        | 23/144 [04:15<22:20, 11.08s/it]
 17%|█▋        | 24/144 [04:26<22:09, 11.08s/it]
                                                

 17%|█▋        | 24/144 [04:26<22:09, 11.08s/it]
 17%|█▋        | 25/144 [04:37<21:58, 11.08s/it]
                                                

 17%|█▋        | 25/144 [04:37<21:58, 11.08s/it]
 18%|█▊        | 26/144 [04:48<21:50, 11.11s/it]
                                                

 18%|█▊        | 26/144 [04:48<21:50, 11.11s/it]
 19%|█▉        | 27/144 [05:00<21:40, 11.12s/it]
                                                

 19%|█▉        | 27/144 [05:00<21:40, 11.12s/it]
 19%|█▉        | 28/144 [05:11<21:31, 11.13s/it]
                                                

 19%|█▉        | 28/144 [05:11<21:31, 11.13s/it]
 20%|██        | 29/144 [05:22<21:17, 11.11s/it]
                                                

 20%|██        | 29/144 [05:22<21:17, 11.11s/it]
 21%|██        | 30/144 [05:33<21:10, 11.14s/it]
                                                

 21%|██        | 30/144 [05:33<21:10, 11.14s/it]
 22%|██▏       | 31/144 [05:44<21:08, 11.23s/it]
                                                

 22%|██▏       | 31/144 [05:44<21:08, 11.23s/it]
 22%|██▏       | 32/144 [05:56<20:53, 11.19s/it]
                                                

 22%|██▏       | 32/144 [05:56<20:53, 11.19s/it]
 23%|██▎       | 33/144 [06:06<20:33, 11.11s/it]
                                                

 23%|██▎       | 33/144 [06:06<20:33, 11.11s/it]
 24%|██▎       | 34/144 [06:17<20:17, 11.07s/it]
                                                

 24%|██▎       | 34/144 [06:17<20:17, 11.07s/it]
 24%|██▍       | 35/144 [06:28<20:03, 11.04s/it]
                                                

 24%|██▍       | 35/144 [06:28<20:03, 11.04s/it]
 25%|██▌       | 36/144 [06:39<19:49, 11.01s/it]
                                                

 25%|██▌       | 36/144 [06:39<19:49, 11.01s/it]
 26%|██▌       | 37/144 [06:50<19:38, 11.01s/it]
                                                

 26%|██▌       | 37/144 [06:50<19:38, 11.01s/it]
 26%|██▋       | 38/144 [07:01<19:18, 10.93s/it]
                                                

 26%|██▋       | 38/144 [07:01<19:18, 10.93s/it]
 27%|██▋       | 39/144 [07:12<19:02, 10.88s/it]
                                                

 27%|██▋       | 39/144 [07:12<19:02, 10.88s/it]
 28%|██▊       | 40/144 [07:23<18:46, 10.84s/it]
                                                

 28%|██▊       | 40/144 [07:23<18:46, 10.84s/it]
 28%|██▊       | 41/144 [07:33<18:31, 10.80s/it]
                                                

 28%|██▊       | 41/144 [07:33<18:31, 10.80s/it]
 29%|██▉       | 42/144 [07:44<18:19, 10.77s/it]
                                                

 29%|██▉       | 42/144 [07:44<18:19, 10.77s/it]
 30%|██▉       | 43/144 [07:55<18:07, 10.77s/it]
                                                

 30%|██▉       | 43/144 [07:55<18:07, 10.77s/it]
 31%|███       | 44/144 [08:06<17:55, 10.75s/it]
                                                

 31%|███       | 44/144 [08:06<17:55, 10.75s/it]
 31%|███▏      | 45/144 [08:16<17:43, 10.75s/it]
                                                

 31%|███▏      | 45/144 [08:16<17:43, 10.75s/it]
 32%|███▏      | 46/144 [08:27<17:33, 10.75s/it]
                                                

 32%|███▏      | 46/144 [08:27<17:33, 10.75s/it]
 33%|███▎      | 47/144 [08:38<17:22, 10.75s/it]
                                                

 33%|███▎      | 47/144 [08:38<17:22, 10.75s/it]
 33%|███▎      | 48/144 [08:48<17:11, 10.75s/it]
                                                

 33%|███▎      | 48/144 [08:49<17:11, 10.75s/it]
 34%|███▍      | 49/144 [09:00<17:13, 10.88s/it]
                                                

 34%|███▍      | 49/144 [09:00<17:13, 10.88s/it]
 35%|███▍      | 50/144 [09:10<16:59, 10.84s/it]
                                                

 35%|███▍      | 50/144 [09:10<16:59, 10.84s/it]
 35%|███▌      | 51/144 [09:21<16:46, 10.83s/it]
                                                

 35%|███▌      | 51/144 [09:21<16:46, 10.83s/it]
 36%|███▌      | 52/144 [09:32<16:35, 10.82s/it]
                                                

 36%|███▌      | 52/144 [09:32<16:35, 10.82s/it]
 37%|███▋      | 53/144 [09:43<16:23, 10.81s/it]
                                                

 37%|███▋      | 53/144 [09:43<16:23, 10.81s/it]
 38%|███▊      | 54/144 [09:54<16:12, 10.80s/it]
                                                

 38%|███▊      | 54/144 [09:54<16:12, 10.80s/it]
 38%|███▊      | 55/144 [10:04<16:00, 10.79s/it]
                                                

 38%|███▊      | 55/144 [10:04<16:00, 10.79s/it]
 39%|███▉      | 56/144 [10:15<15:48, 10.78s/it]
                                                

 39%|███▉      | 56/144 [10:15<15:48, 10.78s/it]
 40%|███▉      | 57/144 [10:26<15:37, 10.77s/it]
                                                

 40%|███▉      | 57/144 [10:26<15:37, 10.77s/it]
 40%|████      | 58/144 [10:37<15:26, 10.77s/it]
                                                

 40%|████      | 58/144 [10:37<15:26, 10.77s/it]
 41%|████      | 59/144 [10:47<15:15, 10.77s/it]
                                                

 41%|████      | 59/144 [10:47<15:15, 10.77s/it]
 42%|████▏     | 60/144 [10:58<15:09, 10.83s/it]
                                                

 42%|████▏     | 60/144 [10:58<15:09, 10.83s/it]
 42%|████▏     | 61/144 [11:10<15:09, 10.96s/it]
                                                

 42%|████▏     | 61/144 [11:10<15:09, 10.96s/it]
 43%|████▎     | 62/144 [11:21<15:06, 11.06s/it]
                                                

 43%|████▎     | 62/144 [11:21<15:06, 11.06s/it]
 44%|████▍     | 63/144 [11:32<15:01, 11.13s/it]
                                                

 44%|████▍     | 63/144 [11:32<15:01, 11.13s/it]
 44%|████▍     | 64/144 [11:43<14:50, 11.13s/it]
                                                

 44%|████▍     | 64/144 [11:43<14:50, 11.13s/it]
 45%|████▌     | 65/144 [11:55<14:40, 11.14s/it]
                                                

 45%|████▌     | 65/144 [11:55<14:40, 11.14s/it]
 46%|████▌     | 66/144 [12:06<14:30, 11.16s/it]
                                                

 46%|████▌     | 66/144 [12:06<14:30, 11.16s/it]
 47%|████▋     | 67/144 [12:17<14:20, 11.18s/it]
                                                

 47%|████▋     | 67/144 [12:17<14:20, 11.18s/it]
 47%|████▋     | 68/144 [12:28<14:09, 11.18s/it]
                                                

 47%|████▋     | 68/144 [12:28<14:09, 11.18s/it]
 48%|████▊     | 69/144 [12:39<14:00, 11.21s/it]
                                                

 48%|████▊     | 69/144 [12:39<14:00, 11.21s/it]
 49%|████▊     | 70/144 [12:51<13:49, 11.21s/it]
                                                

 49%|████▊     | 70/144 [12:51<13:49, 11.21s/it]
 49%|████▉     | 71/144 [13:02<13:37, 11.20s/it]
                                                

 49%|████▉     | 71/144 [13:02<13:37, 11.20s/it]
 50%|█████     | 72/144 [13:13<13:24, 11.18s/it]
                                                

 50%|█████     | 72/144 [13:13<13:24, 11.18s/it]
 51%|█████     | 73/144 [13:24<13:12, 11.16s/it]
                                                

 51%|█████     | 73/144 [13:24<13:12, 11.16s/it]
 51%|█████▏    | 74/144 [13:35<13:00, 11.15s/it]
                                                

 51%|█████▏    | 74/144 [13:35<13:00, 11.15s/it]
 52%|█████▏    | 75/144 [13:46<12:49, 11.15s/it]
                                                

 52%|█████▏    | 75/144 [13:46<12:49, 11.15s/it]
 53%|█████▎    | 76/144 [13:58<12:38, 11.16s/it]
                                                

 53%|█████▎    | 76/144 [13:58<12:38, 11.16s/it]
 53%|█████▎    | 77/144 [14:09<12:27, 11.15s/it]
                                                

 53%|█████▎    | 77/144 [14:09<12:27, 11.15s/it]
 54%|█████▍    | 78/144 [14:20<12:15, 11.15s/it]
                                                

 54%|█████▍    | 78/144 [14:20<12:15, 11.15s/it]
 55%|█████▍    | 79/144 [14:31<12:04, 11.15s/it]
                                                

 55%|█████▍    | 79/144 [14:31<12:04, 11.15s/it]
 56%|█████▌    | 80/144 [14:42<11:53, 11.15s/it]
                                                

 56%|█████▌    | 80/144 [14:42<11:53, 11.15s/it]
 56%|█████▋    | 81/144 [14:53<11:42, 11.15s/it]
                                                

 56%|█████▋    | 81/144 [14:53<11:42, 11.15s/it]
 57%|█████▋    | 82/144 [15:04<11:31, 11.15s/it]
                                                

 57%|█████▋    | 82/144 [15:04<11:31, 11.15s/it]
 58%|█████▊    | 83/144 [15:16<11:19, 11.14s/it]
                                                

 58%|█████▊    | 83/144 [15:16<11:19, 11.14s/it]
 58%|█████▊    | 84/144 [15:27<11:08, 11.14s/it]
                                                

 58%|█████▊    | 84/144 [15:27<11:08, 11.14s/it]
 59%|█████▉    | 85/144 [15:38<10:57, 11.15s/it]
                                                

 59%|█████▉    | 85/144 [15:38<10:57, 11.15s/it]
 60%|█████▉    | 86/144 [15:49<10:47, 11.16s/it]
                                                

 60%|█████▉    | 86/144 [15:49<10:47, 11.16s/it]
 60%|██████    | 87/144 [16:00<10:36, 11.17s/it]
                                                

 60%|██████    | 87/144 [16:00<10:36, 11.17s/it]
 61%|██████    | 88/144 [16:11<10:26, 11.19s/it]
                                                

 61%|██████    | 88/144 [16:11<10:26, 11.19s/it]
 62%|██████▏   | 89/144 [16:23<10:14, 11.18s/it]
                                                

 62%|██████▏   | 89/144 [16:23<10:14, 11.18s/it]
 62%|██████▎   | 90/144 [16:34<10:02, 11.15s/it]
                                                

 62%|██████▎   | 90/144 [16:34<10:02, 11.15s/it]
 63%|██████▎   | 91/144 [16:45<09:51, 11.17s/it]
                                                

 63%|██████▎   | 91/144 [16:45<09:51, 11.17s/it]
 64%|██████▍   | 92/144 [16:56<09:41, 11.18s/it]
                                                

 64%|██████▍   | 92/144 [16:56<09:41, 11.18s/it]
 65%|██████▍   | 93/144 [17:07<09:29, 11.18s/it]
                                                

 65%|██████▍   | 93/144 [17:07<09:29, 11.18s/it]
 65%|██████▌   | 94/144 [17:18<09:19, 11.19s/it]
                                                

 65%|██████▌   | 94/144 [17:18<09:19, 11.19s/it]
 66%|██████▌   | 95/144 [17:30<09:08, 11.19s/it]
                                                

 66%|██████▌   | 95/144 [17:30<09:08, 11.19s/it]
 67%|██████▋   | 96/144 [17:41<08:57, 11.20s/it]
                                                

 67%|██████▋   | 96/144 [17:41<08:57, 11.20s/it]
 67%|██████▋   | 97/144 [17:52<08:45, 11.18s/it]
                                                

 67%|██████▋   | 97/144 [17:52<08:45, 11.18s/it]
 68%|██████▊   | 98/144 [18:03<08:33, 11.17s/it]
                                                

 68%|██████▊   | 98/144 [18:03<08:33, 11.17s/it]
 69%|██████▉   | 99/144 [18:14<08:21, 11.15s/it]
                                                

 69%|██████▉   | 99/144 [18:14<08:21, 11.15s/it]
 69%|██████▉   | 100/144 [18:25<08:10, 11.15s/it]
                                                 

 69%|██████▉   | 100/144 [18:25<08:10, 11.15s/it]
 70%|███████   | 101/144 [18:37<07:59, 11.16s/it]
                                                 

 70%|███████   | 101/144 [18:37<07:59, 11.16s/it]
 71%|███████   | 102/144 [18:48<07:48, 11.14s/it]
                                                 

 71%|███████   | 102/144 [18:48<07:48, 11.14s/it]
 72%|███████▏  | 103/144 [18:59<07:37, 11.16s/it]
                                                 

 72%|███████▏  | 103/144 [18:59<07:37, 11.16s/it]
 72%|███████▏  | 104/144 [19:10<07:26, 11.17s/it]
                                                 

 72%|███████▏  | 104/144 [19:10<07:26, 11.17s/it]
 73%|███████▎  | 105/144 [19:21<07:15, 11.16s/it]
                                                 

 73%|███████▎  | 105/144 [19:21<07:15, 11.16s/it]
 74%|███████▎  | 106/144 [19:32<07:04, 11.18s/it]
                                                 

 74%|███████▎  | 106/144 [19:32<07:04, 11.18s/it]
 74%|███████▍  | 107/144 [19:44<06:54, 11.20s/it]
                                                 

 74%|███████▍  | 107/144 [19:44<06:54, 11.20s/it]
 75%|███████▌  | 108/144 [19:55<06:42, 11.18s/it]
                                                 

 75%|███████▌  | 108/144 [19:55<06:42, 11.18s/it]
 76%|███████▌  | 109/144 [20:06<06:31, 11.19s/it]
                                                 

 76%|███████▌  | 109/144 [20:06<06:31, 11.19s/it]
 76%|███████▋  | 110/144 [20:17<06:18, 11.12s/it]
                                                 

 76%|███████▋  | 110/144 [20:17<06:18, 11.12s/it]
 77%|███████▋  | 111/144 [20:28<06:06, 11.10s/it]
                                                 

 77%|███████▋  | 111/144 [20:28<06:06, 11.10s/it]
 78%|███████▊  | 112/144 [20:39<05:57, 11.17s/it]
                                                 

 78%|███████▊  | 112/144 [20:39<05:57, 11.17s/it]
 78%|███████▊  | 113/144 [20:51<05:47, 11.23s/it]
                                                 

 78%|███████▊  | 113/144 [20:51<05:47, 11.23s/it]
 79%|███████▉  | 114/144 [21:02<05:37, 11.26s/it]
                                                 

 79%|███████▉  | 114/144 [21:02<05:37, 11.26s/it]
 80%|███████▉  | 115/144 [21:13<05:26, 11.27s/it]
                                                 

 80%|███████▉  | 115/144 [21:13<05:26, 11.27s/it]
 81%|████████  | 116/144 [21:25<05:15, 11.27s/it]
                                                 

 81%|████████  | 116/144 [21:25<05:15, 11.27s/it]
 81%|████████▏ | 117/144 [21:36<05:04, 11.28s/it]
                                                 

 81%|████████▏ | 117/144 [21:36<05:04, 11.28s/it]
 82%|████████▏ | 118/144 [21:47<04:53, 11.28s/it]
                                                 

 82%|████████▏ | 118/144 [21:47<04:53, 11.28s/it]
 83%|████████▎ | 119/144 [21:59<04:42, 11.28s/it]
                                                 

 83%|████████▎ | 119/144 [21:59<04:42, 11.28s/it]
 83%|████████▎ | 120/144 [22:10<04:30, 11.28s/it]
                                                 

 83%|████████▎ | 120/144 [22:10<04:30, 11.28s/it]
 84%|████████▍ | 121/144 [22:22<04:22, 11.41s/it]
                                                 

 84%|████████▍ | 121/144 [22:22<04:22, 11.41s/it]
 85%|████████▍ | 122/144 [22:32<04:05, 11.15s/it]
                                                 

 85%|████████▍ | 122/144 [22:32<04:05, 11.15s/it]
 85%|████████▌ | 123/144 [22:43<03:55, 11.19s/it]
                                                 

 85%|████████▌ | 123/144 [22:43<03:55, 11.19s/it]
 86%|████████▌ | 124/144 [22:55<03:43, 11.18s/it]
                                                 

 86%|████████▌ | 124/144 [22:55<03:43, 11.18s/it]
 87%|████████▋ | 125/144 [23:06<03:33, 11.26s/it]
                                                 

 87%|████████▋ | 125/144 [23:06<03:33, 11.26s/it]
 88%|████████▊ | 126/144 [23:16<03:16, 10.91s/it]
                                                 

 88%|████████▊ | 126/144 [23:16<03:16, 10.91s/it]
 88%|████████▊ | 127/144 [23:26<03:02, 10.73s/it]
                                                 

 88%|████████▊ | 127/144 [23:26<03:02, 10.73s/it]
 89%|████████▉ | 128/144 [23:37<02:53, 10.81s/it]
                                                 

 89%|████████▉ | 128/144 [23:37<02:53, 10.81s/it]
 90%|████████▉ | 129/144 [23:49<02:43, 10.92s/it]
                                                 

 90%|████████▉ | 129/144 [23:49<02:43, 10.92s/it]
 90%|█████████ | 130/144 [24:00<02:34, 11.05s/it]
                                                 

 90%|█████████ | 130/144 [24:00<02:34, 11.05s/it]
 91%|█████████ | 131/144 [24:11<02:23, 11.07s/it]
                                                 

 91%|█████████ | 131/144 [24:11<02:23, 11.07s/it]
 92%|█████████▏| 132/144 [24:22<02:13, 11.15s/it]
                                                 

 92%|█████████▏| 132/144 [24:22<02:13, 11.15s/it]
 92%|█████████▏| 133/144 [24:33<01:59, 10.87s/it]
                                                 

 92%|█████████▏| 133/144 [24:33<01:59, 10.87s/it]
 93%|█████████▎| 134/144 [24:43<01:48, 10.85s/it]
                                                 

 93%|█████████▎| 134/144 [24:43<01:48, 10.85s/it]
 94%|█████████▍| 135/144 [24:55<01:39, 11.06s/it]
                                                 

 94%|█████████▍| 135/144 [24:55<01:39, 11.06s/it]
 94%|█████████▍| 136/144 [25:06<01:28, 11.10s/it]
                                                 

 94%|█████████▍| 136/144 [25:06<01:28, 11.10s/it]
 95%|█████████▌| 137/144 [25:17<01:17, 11.10s/it]
                                                 

 95%|█████████▌| 137/144 [25:17<01:17, 11.10s/it]
 96%|█████████▌| 138/144 [25:28<01:06, 11.14s/it]
                                                 

 96%|█████████▌| 138/144 [25:28<01:06, 11.14s/it]
 97%|█████████▋| 139/144 [25:40<00:55, 11.18s/it]
                                                 

 97%|█████████▋| 139/144 [25:40<00:55, 11.18s/it]
 97%|█████████▋| 140/144 [25:51<00:44, 11.24s/it]
                                                 

 97%|█████████▋| 140/144 [25:51<00:44, 11.24s/it]
 98%|█████████▊| 141/144 [26:02<00:33, 11.29s/it]
                                                 

 98%|█████████▊| 141/144 [26:02<00:33, 11.29s/it]
 99%|█████████▊| 142/144 [26:14<00:22, 11.29s/it]
                                                 

 99%|█████████▊| 142/144 [26:14<00:22, 11.29s/it]
 99%|█████████▉| 143/144 [26:25<00:11, 11.29s/it]
                                                 

 99%|█████████▉| 143/144 [26:25<00:11, 11.29s/it]
100%|██████████| 144/144 [26:36<00:00, 11.26s/it]
                                                 

100%|██████████| 144/144 [26:36<00:00, 11.26s/it]
                                                 

100%|██████████| 144/144 [26:36<00:00, 11.26s/it]
100%|██████████| 144/144 [26:36<00:00, 11.09s/it]
