
=== ATTEMPT 1 RC 0 ===
{'loss': 1.0522, 'grad_norm': 34.11177062988281, 'learning_rate': 0.0001, 'epoch': 0.11}
{'loss': 0.1991, 'grad_norm': 6.132400035858154, 'learning_rate': 0.0001, 'epoch': 0.22}
{'loss': 0.0777, 'grad_norm': 4.616037845611572, 'learning_rate': 0.0001, 'epoch': 0.33}
{'loss': 0.0463, 'grad_norm': 1.2808324098587036, 'learning_rate': 0.0001, 'epoch': 0.44}
{'loss': 0.0349, 'grad_norm': 0.7629953026771545, 'learning_rate': 0.0001, 'epoch': 0.56}
{'loss': 0.0372, 'grad_norm': 0.576755940914154, 'learning_rate': 0.0001, 'epoch': 0.67}
{'loss': 0.0226, 'grad_norm': 0.12044540047645569, 'learning_rate': 0.0001, 'epoch': 0.78}
{'loss': 0.0259, 'grad_norm': 0.30213063955307007, 'learning_rate': 0.0001, 'epoch': 0.89}
{'loss': 0.0233, 'grad_norm': 0.14348670840263367, 'learning_rate': 0.0001, 'epoch': 1.0}
{'loss': 0.0291, 'grad_norm': 0.35843002796173096, 'learning_rate': 0.0001, 'epoch': 1.11}
{'loss': 0.0249, 'grad_norm': 0.22824855148792267, 'learning_rate': 0.0001, 'epoch': 1.22}
{'loss': 0.0219, 'grad_norm': 0.094634510576725, 'learning_rate': 0.0001, 'epoch': 1.33}
{'loss': 0.0231, 'grad_norm': 0.13782957196235657, 'learning_rate': 0.0001, 'epoch': 1.44}
{'loss': 0.0188, 'grad_norm': 0.20741154253482819, 'learning_rate': 0.0001, 'epoch': 1.56}
{'loss': 0.0271, 'grad_norm': 0.2599320113658905, 'learning_rate': 0.0001, 'epoch': 1.67}
{'loss': 0.0208, 'grad_norm': 0.02046925015747547, 'learning_rate': 0.0001, 'epoch': 1.78}
{'loss': 0.0244, 'grad_norm': 0.19745980203151703, 'learning_rate': 0.0001, 'epoch': 1.89}
{'loss': 0.0217, 'grad_norm': 0.024283597245812416, 'learning_rate': 0.0001, 'epoch': 2.0}
{'loss': 0.0234, 'grad_norm': 0.1273939460515976, 'learning_rate': 0.0001, 'epoch': 2.11}
{'loss': 0.0234, 'grad_norm': 0.12775494158267975, 'learning_rate': 0.0001, 'epoch': 2.22}
{'loss': 0.0209, 'grad_norm': 0.03624098747968674, 'learning_rate': 0.0001, 'epoch': 2.33}
{'loss': 0.0213, 'grad_norm': 0.04729325696825981, 'learning_rate': 0.0001, 'epoch': 2.44}
{'loss': 0.0236, 'grad_norm': 0.20036016404628754, 'learning_rate': 0.0001, 'epoch': 2.56}
{'loss': 0.022, 'grad_norm': 0.12184080481529236, 'learning_rate': 0.0001, 'epoch': 2.67}
{'loss': 0.0213, 'grad_norm': 0.04514194652438164, 'learning_rate': 0.0001, 'epoch': 2.78}
{'loss': 0.0233, 'grad_norm': 0.13141107559204102, 'learning_rate': 0.0001, 'epoch': 2.89}
{'loss': 0.0217, 'grad_norm': 0.02632725238800049, 'learning_rate': 0.0001, 'epoch': 3.0}
{'loss': 0.0214, 'grad_norm': 0.049557529389858246, 'learning_rate': 0.0001, 'epoch': 3.11}
{'loss': 0.0212, 'grad_norm': 0.05120345950126648, 'learning_rate': 0.0001, 'epoch': 3.22}
{'loss': 0.0219, 'grad_norm': 0.060437384992837906, 'learning_rate': 0.0001, 'epoch': 3.33}
{'loss': 0.022, 'grad_norm': 0.060476984828710556, 'learning_rate': 0.0001, 'epoch': 3.44}
{'loss': 0.0216, 'grad_norm': 0.15291360020637512, 'learning_rate': 0.0001, 'epoch': 3.56}
{'loss': 0.0216, 'grad_norm': 0.10104656964540482, 'learning_rate': 0.0001, 'epoch': 3.67}
{'loss': 0.0214, 'grad_norm': 0.053109895437955856, 'learning_rate': 0.0001, 'epoch': 3.78}
{'loss': 0.0216, 'grad_norm': 0.10230202227830887, 'learning_rate': 0.0001, 'epoch': 3.89}
{'loss': 0.0212, 'grad_norm': 0.026590215042233467, 'learning_rate': 0.0001, 'epoch': 4.0}
{'loss': 0.0219, 'grad_norm': 0.06881560385227203, 'learning_rate': 0.0001, 'epoch': 4.11}
{'loss': 0.0217, 'grad_norm': 0.06922599673271179, 'learning_rate': 0.0001, 'epoch': 4.22}
{'loss': 0.0209, 'grad_norm': 0.04964379593729973, 'learning_rate': 0.0001, 'epoch': 4.33}
{'loss': 0.0215, 'grad_norm': 0.06127123534679413, 'learning_rate': 0.0001, 'epoch': 4.44}
{'loss': 0.0211, 'grad_norm': 0.17198093235492706, 'learning_rate': 0.0001, 'epoch': 4.56}
{'loss': 0.0217, 'grad_norm': 0.12933216989040375, 'learning_rate': 0.0001, 'epoch': 4.67}
{'loss': 0.0203, 'grad_norm': 0.06111713871359825, 'learning_rate': 0.0001, 'epoch': 4.78}
{'loss': 0.0224, 'grad_norm': 0.1551559716463089, 'learning_rate': 0.0001, 'epoch': 4.89}
{'loss': 0.0199, 'grad_norm': 0.05006607621908188, 'learning_rate': 0.0001, 'epoch': 5.0}
{'loss': 0.0213, 'grad_norm': 0.09695617854595184, 'learning_rate': 0.0001, 'epoch': 5.11}
{'loss': 0.0207, 'grad_norm': 0.09145692735910416, 'learning_rate': 0.0001, 'epoch': 5.22}
{'loss': 0.0197, 'grad_norm': 0.08598211407661438, 'learning_rate': 0.0001, 'epoch': 5.33}
{'loss': 0.0202, 'grad_norm': 0.11745553463697433, 'learning_rate': 0.0001, 'epoch': 5.44}
{'loss': 0.0195, 'grad_norm': 0.3236675262451172, 'learning_rate': 0.0001, 'epoch': 5.56}
{'loss': 0.0201, 'grad_norm': 0.5268958806991577, 'learning_rate': 0.0001, 'epoch': 5.67}
{'loss': 0.0198, 'grad_norm': 0.4260249435901642, 'learning_rate': 0.0001, 'epoch': 5.78}
{'loss': 0.0186, 'grad_norm': 0.3563213050365448, 'learning_rate': 0.0001, 'epoch': 5.89}
{'loss': 0.0157, 'grad_norm': 0.25535115599632263, 'learning_rate': 0.0001, 'epoch': 6.0}
{'loss': 0.0163, 'grad_norm': 0.3876112401485443, 'learning_rate': 0.0001, 'epoch': 6.11}
{'loss': 0.0174, 'grad_norm': 1.1850937604904175, 'learning_rate': 0.0001, 'epoch': 6.22}
{'loss': 0.0097, 'grad_norm': 0.2297564148902893, 'learning_rate': 0.0001, 'epoch': 6.33}
{'loss': 0.0066, 'grad_norm': 0.3651198446750641, 'learning_rate': 0.0001, 'epoch': 6.44}
{'loss': 0.0243, 'grad_norm': 1.3666375875473022, 'learning_rate': 0.0001, 'epoch': 6.56}
{'loss': 0.0056, 'grad_norm': 0.4071299433708191, 'learning_rate': 0.0001, 'epoch': 6.67}
{'loss': 0.0083, 'grad_norm': 1.01315438747406, 'learning_rate': 0.0001, 'epoch': 6.78}
{'loss': 0.0039, 'grad_norm': 0.2992623746395111, 'learning_rate': 0.0001, 'epoch': 6.89}
{'loss': 0.0526, 'grad_norm': 3.4566829204559326, 'learning_rate': 0.0001, 'epoch': 7.0}
{'loss': 0.0117, 'grad_norm': 0.49378207325935364, 'learning_rate': 0.0001, 'epoch': 7.11}
{'loss': 0.0093, 'grad_norm': 0.39812374114990234, 'learning_rate': 0.0001, 'epoch': 7.22}
{'loss': 0.0066, 'grad_norm': 0.1966014802455902, 'learning_rate': 0.0001, 'epoch': 7.33}
{'loss': 0.0191, 'grad_norm': 0.6893652081489563, 'learning_rate': 0.0001, 'epoch': 7.44}
{'loss': 0.0086, 'grad_norm': 0.30267587304115295, 'learning_rate': 0.0001, 'epoch': 7.56}
{'loss': 0.0119, 'grad_norm': 0.2261345386505127, 'learning_rate': 0.0001, 'epoch': 7.67}
{'loss': 0.0254, 'grad_norm': 0.5840380191802979, 'learning_rate': 0.0001, 'epoch': 7.78}
{'loss': 0.0036, 'grad_norm': 0.10066065937280655, 'learning_rate': 0.0001, 'epoch': 7.89}
{'loss': 0.0077, 'grad_norm': 0.2153206318616867, 'learning_rate': 0.0001, 'epoch': 8.0}
{'loss': 0.014, 'grad_norm': 0.8241243958473206, 'learning_rate': 0.0001, 'epoch': 8.11}
{'loss': 0.0052, 'grad_norm': 0.16080857813358307, 'learning_rate': 0.0001, 'epoch': 8.22}
{'loss': 0.0045, 'grad_norm': 0.17563247680664062, 'learning_rate': 0.0001, 'epoch': 8.33}
{'loss': 0.0066, 'grad_norm': 0.4149259924888611, 'learning_rate': 0.0001, 'epoch': 8.44}
{'loss': 0.0134, 'grad_norm': 0.39692825078964233, 'learning_rate': 0.0001, 'epoch': 8.56}
{'loss': 0.005, 'grad_norm': 0.20701341331005096, 'learning_rate': 0.0001, 'epoch': 8.67}
{'loss': 0.0014, 'grad_norm': 0.10125897079706192, 'learning_rate': 0.0001, 'epoch': 8.78}
{'loss': 0.0008, 'grad_norm': 0.04025566577911377, 'learning_rate': 0.0001, 'epoch': 8.89}
{'loss': 0.0007, 'grad_norm': 0.030007850378751755, 'learning_rate': 0.0001, 'epoch': 9.0}
{'loss': 0.0008, 'grad_norm': 0.03715860843658447, 'learning_rate': 0.0001, 'epoch': 9.11}
{'loss': 0.001, 'grad_norm': 0.09765203297138214, 'learning_rate': 0.0001, 'epoch': 9.22}
{'loss': 0.001, 'grad_norm': 0.45981350541114807, 'learning_rate': 0.0001, 'epoch': 9.33}
{'loss': 0.0675, 'grad_norm': 1.5624847412109375, 'learning_rate': 0.0001, 'epoch': 9.44}
{'loss': 0.0001, 'grad_norm': 0.015991829335689545, 'learning_rate': 0.0001, 'epoch': 9.56}
{'loss': 0.0006, 'grad_norm': 0.045346301048994064, 'learning_rate': 0.0001, 'epoch': 9.67}
{'loss': 0.0137, 'grad_norm': 0.6385005116462708, 'learning_rate': 0.0001, 'epoch': 9.78}
{'loss': 0.0011, 'grad_norm': 0.07585539668798447, 'learning_rate': 0.0001, 'epoch': 9.89}
{'loss': 0.0006, 'grad_norm': 0.03005792200565338, 'learning_rate': 0.0001, 'epoch': 10.0}
{'loss': 0.0007, 'grad_norm': 0.05524708330631256, 'learning_rate': 0.0001, 'epoch': 10.11}
{'loss': 0.0059, 'grad_norm': 0.5959901809692383, 'learning_rate': 0.0001, 'epoch': 10.22}
{'loss': 0.0005, 'grad_norm': 0.024157341569662094, 'learning_rate': 0.0001, 'epoch': 10.33}
{'loss': 0.0021, 'grad_norm': 0.18043334782123566, 'learning_rate': 0.0001, 'epoch': 10.44}
{'loss': 0.0005, 'grad_norm': 0.03978196904063225, 'learning_rate': 0.0001, 'epoch': 10.56}
{'loss': 0.0011, 'grad_norm': 0.0680525153875351, 'learning_rate': 0.0001, 'epoch': 10.67}
{'loss': 0.0002, 'grad_norm': 0.007238395512104034, 'learning_rate': 0.0001, 'epoch': 10.78}
{'loss': 0.0007, 'grad_norm': 0.058754440397024155, 'learning_rate': 0.0001, 'epoch': 10.89}
{'loss': 0.0004, 'grad_norm': 0.06510917842388153, 'learning_rate': 0.0001, 'epoch': 11.0}
{'loss': 0.0004, 'grad_norm': 0.0555897131562233, 'learning_rate': 0.0001, 'epoch': 11.11}
{'loss': 0.0001, 'grad_norm': 0.005739980842918158, 'learning_rate': 0.0001, 'epoch': 11.22}
{'loss': 0.0, 'grad_norm': 0.0017950693145394325, 'learning_rate': 0.0001, 'epoch': 11.33}
{'loss': 0.0001, 'grad_norm': 0.0030212008859962225, 'learning_rate': 0.0001, 'epoch': 11.44}
{'loss': 0.0001, 'grad_norm': 0.008103693835437298, 'learning_rate': 0.0001, 'epoch': 11.56}
{'loss': 0.0003, 'grad_norm': 0.09447260200977325, 'learning_rate': 0.0001, 'epoch': 11.67}
{'loss': 0.0057, 'grad_norm': 0.5069071054458618, 'learning_rate': 0.0001, 'epoch': 11.78}
{'loss': 0.0002, 'grad_norm': 0.06972141563892365, 'learning_rate': 0.0001, 'epoch': 11.89}
{'loss': 0.0, 'grad_norm': 0.0006237042834982276, 'learning_rate': 0.0001, 'epoch': 12.0}
{'loss': 0.0, 'grad_norm': 0.005218835547566414, 'learning_rate': 0.0001, 'epoch': 12.11}
{'loss': 0.0003, 'grad_norm': 0.11262096464633942, 'learning_rate': 0.0001, 'epoch': 12.22}
{'loss': 0.0039, 'grad_norm': 0.7072219252586365, 'learning_rate': 0.0001, 'epoch': 12.33}
{'loss': 0.0017, 'grad_norm': 0.23402222990989685, 'learning_rate': 0.0001, 'epoch': 12.44}
{'loss': 0.0, 'grad_norm': 0.0004566374118439853, 'learning_rate': 0.0001, 'epoch': 12.56}
{'loss': 0.0001, 'grad_norm': 0.011466901749372482, 'learning_rate': 0.0001, 'epoch': 12.67}
{'loss': 0.0001, 'grad_norm': 0.01563447155058384, 'learning_rate': 0.0001, 'epoch': 12.78}
{'loss': 0.0032, 'grad_norm': 0.6429685354232788, 'learning_rate': 0.0001, 'epoch': 12.89}
{'loss': 0.0004, 'grad_norm': 0.7264670729637146, 'learning_rate': 0.0001, 'epoch': 13.0}
{'loss': 0.0, 'grad_norm': 0.01200801134109497, 'learning_rate': 0.0001, 'epoch': 13.11}
{'loss': 0.0, 'grad_norm': 0.0007391808903776109, 'learning_rate': 0.0001, 'epoch': 13.22}
{'loss': 0.0, 'grad_norm': 0.0004044151573907584, 'learning_rate': 0.0001, 'epoch': 13.33}
{'loss': 0.0, 'grad_norm': 0.0014030211605131626, 'learning_rate': 0.0001, 'epoch': 13.44}
{'loss': 0.0, 'grad_norm': 0.000734797038603574, 'learning_rate': 0.0001, 'epoch': 13.56}
{'loss': 0.0187, 'grad_norm': 1.3501330614089966, 'learning_rate': 0.0001, 'epoch': 13.67}
{'loss': 0.0, 'grad_norm': 0.0003880464646499604, 'learning_rate': 0.0001, 'epoch': 13.78}
{'loss': 0.0, 'grad_norm': 0.00185046112164855, 'learning_rate': 0.0001, 'epoch': 13.89}
{'loss': 0.0, 'grad_norm': 0.0018522862810641527, 'learning_rate': 0.0001, 'epoch': 14.0}
{'loss': 0.0103, 'grad_norm': 1.2611050605773926, 'learning_rate': 0.0001, 'epoch': 14.11}
{'loss': 0.0002, 'grad_norm': 0.019959772005677223, 'learning_rate': 0.0001, 'epoch': 14.22}
{'loss': 0.0001, 'grad_norm': 0.010962303727865219, 'learning_rate': 0.0001, 'epoch': 14.33}
{'loss': 0.0006, 'grad_norm': 0.05981859937310219, 'learning_rate': 0.0001, 'epoch': 14.44}
{'loss': 0.0003, 'grad_norm': 0.03167254850268364, 'learning_rate': 0.0001, 'epoch': 14.56}
{'loss': 0.0224, 'grad_norm': 0.9705974459648132, 'learning_rate': 0.0001, 'epoch': 14.67}
{'loss': 0.0002, 'grad_norm': 0.018999136984348297, 'learning_rate': 0.0001, 'epoch': 14.78}
{'loss': 0.0051, 'grad_norm': 0.39989349246025085, 'learning_rate': 0.0001, 'epoch': 14.89}
{'loss': 0.0009, 'grad_norm': 0.08331326395273209, 'learning_rate': 0.0001, 'epoch': 15.0}
{'loss': 0.0007, 'grad_norm': 0.07041407376527786, 'learning_rate': 0.0001, 'epoch': 15.11}
{'loss': 0.0013, 'grad_norm': 0.09150893986225128, 'learning_rate': 0.0001, 'epoch': 15.22}
{'loss': 0.0006, 'grad_norm': 0.037699587643146515, 'learning_rate': 0.0001, 'epoch': 15.33}
{'loss': 0.0014, 'grad_norm': 0.07841996848583221, 'learning_rate': 0.0001, 'epoch': 15.44}
{'loss': 0.0006, 'grad_norm': 0.04759540408849716, 'learning_rate': 0.0001, 'epoch': 15.56}
{'loss': 0.0004, 'grad_norm': 0.02252998761832714, 'learning_rate': 0.0001, 'epoch': 15.67}
{'loss': 0.0003, 'grad_norm': 0.01703113317489624, 'learning_rate': 0.0001, 'epoch': 15.78}
{'loss': 0.0002, 'grad_norm': 0.008920290507376194, 'learning_rate': 0.0001, 'epoch': 15.89}
{'loss': 0.0005, 'grad_norm': 0.07127628475427628, 'learning_rate': 0.0001, 'epoch': 16.0}
{'train_runtime': 1596.7523, 'train_samples_per_second': 0.721, 'train_steps_per_second': 0.09, 'train_loss': 0.020645996552704875, 'epoch': 16.0}
{
  "adapter_files": {
    "README.md": {
      "bytes": 5380,
      "sha256": "b9264f0629a47970c39d6f80142bbaf6e5cb5ddb4e4e372105f879493d562b8a"
    },
    "adapter_config.json": {
      "bytes": 1297,
      "sha256": "98333f3a8d683c963dd8434aab0b1dafd2697cc4b72c1d478146297216468292"
    },
    "adapter_model.safetensors": {
      "bytes": 83945296,
      "sha256": "c80a14193a468c8abacd84a6c4d47de4761b0d564a0aadd8dcb39c6284c09991"
    }
  },
  "arm": "MARGIN_HOMOGENEOUS_DISPERSED",
  "candidate_manifest_sha256": "580a9d7d79b912737e6bb833eb6497ab3edb7e192c4d80ea52c01836415eef76",
  "contract_sha256": "0923c3c84c5070f354ec799fb4e64abc5a0ac1b717e1814b30648b984aa1194a",
  "determinism": {
    "cublas_workspace_config": ":4096:8",
    "deterministic_algorithms": true,
    "seed": 2026083121
  },
  "final_trainable_parameters": 20971520,
  "final_trainable_sha256": "c5085f74ff79152a0ffa33425054fdfe39ff27f97fba3798dce4994382a26878",
  "global_step": 144,
  "initial_trainable_sha256": "42ae4fd695df63c498df499ac602d5f094b19720cea7f3f4ad3c1aa722f28db3",
  "input_lock_sha256": "5da18b7cd09dd98f537d389c6766fec9f65df9377cae1da2a38e7722424c6040",
  "peak_allocated_bytes": 5402317312,
  "peak_reserved_bytes": 5565841408,
  "row_order_sha256": "1c75f776484bbd0b4ab4b5af1efb45187b6da8ab9bc5b4ff30c5c017170c2177",
  "runtime_seconds": 1597.0642750263214,
  "schema": "cfe.dd1.train-run.v1",
  "seed": 2026083121,
  "status": "TRAINING_COMPLETE__EFFECT_UNQUALIFIED",
  "token_reference_sha256": "67772ae4c9e3c859a076730ce42eaa704ceb81aac13e4dc44f4f7840fe2b4560",
  "train_result": {
    "epoch": 16.0,
    "total_flos": 1.0565324689637376e+16,
    "train_loss": 0.020645996552704875,
    "train_runtime": 1596.7523,
    "train_samples_per_second": 0.721,
    "train_steps_per_second": 0.09
  },
  "trainable_parameters": 20971520
}
