
=== ATTEMPT 1 RC 0 ===
{'loss': 1.265, 'grad_norm': 34.062294006347656, 'learning_rate': 0.0001, 'epoch': 0.01}
{'loss': 0.2953, 'grad_norm': 8.252236366271973, 'learning_rate': 0.0001, 'epoch': 0.01}
{'loss': 0.0836, 'grad_norm': 1.9434535503387451, 'learning_rate': 0.0001, 'epoch': 0.02}
{'loss': 0.0622, 'grad_norm': 1.06144380569458, 'learning_rate': 0.0001, 'epoch': 0.03}
{'loss': 0.1274, 'grad_norm': 2.602736473083496, 'learning_rate': 0.0001, 'epoch': 0.03}
{'loss': 0.0732, 'grad_norm': 1.1218209266662598, 'learning_rate': 0.0001, 'epoch': 0.04}
{'loss': 0.0718, 'grad_norm': 0.9152698516845703, 'learning_rate': 0.0001, 'epoch': 0.05}
{'loss': 0.0652, 'grad_norm': 0.6406130194664001, 'learning_rate': 0.0001, 'epoch': 0.06}
{'loss': 0.0613, 'grad_norm': 1.2361598014831543, 'learning_rate': 0.0001, 'epoch': 0.06}
{'loss': 0.0667, 'grad_norm': 1.0005460977554321, 'learning_rate': 0.0001, 'epoch': 0.07}
{'loss': 0.0527, 'grad_norm': 0.9110068678855896, 'learning_rate': 0.0001, 'epoch': 0.08}
{'loss': 0.0399, 'grad_norm': 0.5074276328086853, 'learning_rate': 0.0001, 'epoch': 0.08}
{'loss': 0.042, 'grad_norm': 0.7795340418815613, 'learning_rate': 0.0001, 'epoch': 0.09}
{'loss': 0.0742, 'grad_norm': 1.367283821105957, 'learning_rate': 0.0001, 'epoch': 0.1}
{'loss': 0.0631, 'grad_norm': 1.0701258182525635, 'learning_rate': 0.0001, 'epoch': 0.1}
{'loss': 0.0544, 'grad_norm': 0.7671424150466919, 'learning_rate': 0.0001, 'epoch': 0.11}
{'loss': 0.0531, 'grad_norm': 0.5951341390609741, 'learning_rate': 0.0001, 'epoch': 0.12}
{'loss': 0.0529, 'grad_norm': 0.5902198553085327, 'learning_rate': 0.0001, 'epoch': 0.12}
{'loss': 0.0509, 'grad_norm': 0.4726075530052185, 'learning_rate': 0.0001, 'epoch': 0.13}
{'loss': 0.0437, 'grad_norm': 0.46051663160324097, 'learning_rate': 0.0001, 'epoch': 0.14}
{'loss': 0.0451, 'grad_norm': 0.739224910736084, 'learning_rate': 0.0001, 'epoch': 0.15}
{'loss': 0.0527, 'grad_norm': 1.645014762878418, 'learning_rate': 0.0001, 'epoch': 0.15}
{'loss': 0.0626, 'grad_norm': 1.182651400566101, 'learning_rate': 0.0001, 'epoch': 0.16}
{'loss': 0.0523, 'grad_norm': 1.3029268980026245, 'learning_rate': 0.0001, 'epoch': 0.17}
{'loss': 0.0365, 'grad_norm': 1.0074464082717896, 'learning_rate': 0.0001, 'epoch': 0.17}
{'loss': 0.0567, 'grad_norm': 1.6943747997283936, 'learning_rate': 0.0001, 'epoch': 0.18}
{'loss': 0.0597, 'grad_norm': 1.1769328117370605, 'learning_rate': 0.0001, 'epoch': 0.19}
{'loss': 0.0474, 'grad_norm': 0.6127173900604248, 'learning_rate': 0.0001, 'epoch': 0.19}
{'loss': 0.0477, 'grad_norm': 0.4259762763977051, 'learning_rate': 0.0001, 'epoch': 0.2}
{'loss': 0.0378, 'grad_norm': 0.6646937131881714, 'learning_rate': 0.0001, 'epoch': 0.21}
{'loss': 0.0377, 'grad_norm': 0.43775859475135803, 'learning_rate': 0.0001, 'epoch': 0.22}
{'loss': 0.0401, 'grad_norm': 0.38938218355178833, 'learning_rate': 0.0001, 'epoch': 0.22}
{'loss': 0.0314, 'grad_norm': 0.3149568736553192, 'learning_rate': 0.0001, 'epoch': 0.23}
{'loss': 0.0389, 'grad_norm': 1.1031337976455688, 'learning_rate': 0.0001, 'epoch': 0.24}
{'loss': 0.0315, 'grad_norm': 0.6505280137062073, 'learning_rate': 0.0001, 'epoch': 0.24}
{'loss': 0.0315, 'grad_norm': 0.498852014541626, 'learning_rate': 0.0001, 'epoch': 0.25}
{'loss': 0.0259, 'grad_norm': 0.7735750079154968, 'learning_rate': 0.0001, 'epoch': 0.26}
{'loss': 0.0339, 'grad_norm': 0.741591215133667, 'learning_rate': 0.0001, 'epoch': 0.26}
{'loss': 0.0359, 'grad_norm': 3.2434921264648438, 'learning_rate': 0.0001, 'epoch': 0.27}
{'loss': 0.0451, 'grad_norm': 2.429011344909668, 'learning_rate': 0.0001, 'epoch': 0.28}
{'loss': 0.0494, 'grad_norm': 2.221912145614624, 'learning_rate': 0.0001, 'epoch': 0.28}
{'loss': 0.0401, 'grad_norm': 2.273090362548828, 'learning_rate': 0.0001, 'epoch': 0.29}
{'loss': 0.0182, 'grad_norm': 0.7005468606948853, 'learning_rate': 0.0001, 'epoch': 0.3}
{'loss': 0.0191, 'grad_norm': 0.65603107213974, 'learning_rate': 0.0001, 'epoch': 0.31}
{'loss': 0.0164, 'grad_norm': 0.5702657699584961, 'learning_rate': 0.0001, 'epoch': 0.31}
{'loss': 0.0237, 'grad_norm': 0.9070788025856018, 'learning_rate': 0.0001, 'epoch': 0.32}
{'loss': 0.0244, 'grad_norm': 0.9687637090682983, 'learning_rate': 0.0001, 'epoch': 0.33}
{'loss': 0.0154, 'grad_norm': 0.831915020942688, 'learning_rate': 0.0001, 'epoch': 0.33}
{'loss': 0.0055, 'grad_norm': 0.28850603103637695, 'learning_rate': 0.0001, 'epoch': 0.34}
{'loss': 0.0123, 'grad_norm': 0.5536048412322998, 'learning_rate': 0.0001, 'epoch': 0.35}
{'loss': 0.0062, 'grad_norm': 0.39249560236930847, 'learning_rate': 0.0001, 'epoch': 0.35}
{'loss': 0.0031, 'grad_norm': 0.8281055688858032, 'learning_rate': 0.0001, 'epoch': 0.36}
{'loss': 0.0246, 'grad_norm': 1.5568140745162964, 'learning_rate': 0.0001, 'epoch': 0.37}
{'loss': 0.0026, 'grad_norm': 0.45082932710647583, 'learning_rate': 0.0001, 'epoch': 0.38}
{'loss': 0.0087, 'grad_norm': 1.2196669578552246, 'learning_rate': 0.0001, 'epoch': 0.38}
{'loss': 0.0012, 'grad_norm': 0.5804429650306702, 'learning_rate': 0.0001, 'epoch': 0.39}
{'loss': 0.0073, 'grad_norm': 2.030878782272339, 'learning_rate': 0.0001, 'epoch': 0.4}
{'loss': 0.0005, 'grad_norm': 0.09284501522779465, 'learning_rate': 0.0001, 'epoch': 0.4}
{'loss': 0.0047, 'grad_norm': 1.1336363554000854, 'learning_rate': 0.0001, 'epoch': 0.41}
{'loss': 0.0021, 'grad_norm': 0.32011863589286804, 'learning_rate': 0.0001, 'epoch': 0.42}
{'loss': 0.0013, 'grad_norm': 0.20157377421855927, 'learning_rate': 0.0001, 'epoch': 0.42}
{'loss': 0.0062, 'grad_norm': 0.6317890882492065, 'learning_rate': 0.0001, 'epoch': 0.43}
{'loss': 0.006, 'grad_norm': 1.1140066385269165, 'learning_rate': 0.0001, 'epoch': 0.44}
{'loss': 0.0004, 'grad_norm': 0.07963275164365768, 'learning_rate': 0.0001, 'epoch': 0.44}
{'loss': 0.0004, 'grad_norm': 0.06283792853355408, 'learning_rate': 0.0001, 'epoch': 0.45}
{'loss': 0.0012, 'grad_norm': 0.15606600046157837, 'learning_rate': 0.0001, 'epoch': 0.46}
{'loss': 0.0057, 'grad_norm': 0.45299121737480164, 'learning_rate': 0.0001, 'epoch': 0.47}
{'loss': 0.0064, 'grad_norm': 0.3889971077442169, 'learning_rate': 0.0001, 'epoch': 0.47}
{'loss': 0.0044, 'grad_norm': 0.30201584100723267, 'learning_rate': 0.0001, 'epoch': 0.48}
{'loss': 0.0001, 'grad_norm': 0.006413267459720373, 'learning_rate': 0.0001, 'epoch': 0.49}
{'loss': 0.0002, 'grad_norm': 0.05930248647928238, 'learning_rate': 0.0001, 'epoch': 0.49}
{'loss': 0.0001, 'grad_norm': 0.004517999477684498, 'learning_rate': 0.0001, 'epoch': 0.5}
{'loss': 0.0001, 'grad_norm': 0.006429013330489397, 'learning_rate': 0.0001, 'epoch': 0.51}
{'loss': 0.0001, 'grad_norm': 0.005336977541446686, 'learning_rate': 0.0001, 'epoch': 0.51}
{'loss': 0.0093, 'grad_norm': 1.5110505819320679, 'learning_rate': 0.0001, 'epoch': 0.52}
{'loss': 0.003, 'grad_norm': 1.6839712858200073, 'learning_rate': 0.0001, 'epoch': 0.53}
{'loss': 0.0001, 'grad_norm': 0.0051956987008452415, 'learning_rate': 0.0001, 'epoch': 0.53}
{'loss': 0.0001, 'grad_norm': 0.008363038301467896, 'learning_rate': 0.0001, 'epoch': 0.54}
{'loss': 0.0003, 'grad_norm': 0.018299581483006477, 'learning_rate': 0.0001, 'epoch': 0.55}
{'loss': 0.0085, 'grad_norm': 3.6697070598602295, 'learning_rate': 0.0001, 'epoch': 0.56}
{'loss': 0.0056, 'grad_norm': 0.8249020576477051, 'learning_rate': 0.0001, 'epoch': 0.56}
{'loss': 0.0001, 'grad_norm': 0.005580505821853876, 'learning_rate': 0.0001, 'epoch': 0.57}
{'loss': 0.0002, 'grad_norm': 0.06963622570037842, 'learning_rate': 0.0001, 'epoch': 0.58}
{'loss': 0.0001, 'grad_norm': 0.007530491333454847, 'learning_rate': 0.0001, 'epoch': 0.58}
{'loss': 0.0001, 'grad_norm': 0.008204876445233822, 'learning_rate': 0.0001, 'epoch': 0.59}
{'loss': 0.0001, 'grad_norm': 0.01731392927467823, 'learning_rate': 0.0001, 'epoch': 0.6}
{'loss': 0.0001, 'grad_norm': 0.004353838972747326, 'learning_rate': 0.0001, 'epoch': 0.6}
{'loss': 0.0003, 'grad_norm': 0.09360256791114807, 'learning_rate': 0.0001, 'epoch': 0.61}
{'loss': 0.0368, 'grad_norm': 2.9724719524383545, 'learning_rate': 0.0001, 'epoch': 0.62}
{'loss': 0.0005, 'grad_norm': 0.16040346026420593, 'learning_rate': 0.0001, 'epoch': 0.62}
{'loss': 0.0012, 'grad_norm': 0.2204948514699936, 'learning_rate': 0.0001, 'epoch': 0.63}
{'loss': 0.0004, 'grad_norm': 0.056861452758312225, 'learning_rate': 0.0001, 'epoch': 0.64}
{'loss': 0.0001, 'grad_norm': 0.0038397936150431633, 'learning_rate': 0.0001, 'epoch': 0.65}
{'loss': 0.0001, 'grad_norm': 0.003349863225594163, 'learning_rate': 0.0001, 'epoch': 0.65}
{'loss': 0.0001, 'grad_norm': 0.003059470560401678, 'learning_rate': 0.0001, 'epoch': 0.66}
{'loss': 0.0, 'grad_norm': 0.0024917987175285816, 'learning_rate': 0.0001, 'epoch': 0.67}
{'loss': 0.0001, 'grad_norm': 0.009545261971652508, 'learning_rate': 0.0001, 'epoch': 0.67}
{'loss': 0.0009, 'grad_norm': 0.37475839257240295, 'learning_rate': 0.0001, 'epoch': 0.68}
{'loss': 0.0001, 'grad_norm': 0.01577274315059185, 'learning_rate': 0.0001, 'epoch': 0.69}
{'loss': 0.0, 'grad_norm': 0.0068333824165165424, 'learning_rate': 0.0001, 'epoch': 0.69}
{'loss': 0.0001, 'grad_norm': 0.007604874670505524, 'learning_rate': 0.0001, 'epoch': 0.7}
{'loss': 0.0001, 'grad_norm': 0.01201503537595272, 'learning_rate': 0.0001, 'epoch': 0.71}
{'loss': 0.0, 'grad_norm': 0.004536821041256189, 'learning_rate': 0.0001, 'epoch': 0.72}
{'loss': 0.0003, 'grad_norm': 0.10800961405038834, 'learning_rate': 0.0001, 'epoch': 0.72}
{'loss': 0.0001, 'grad_norm': 0.008296241983771324, 'learning_rate': 0.0001, 'epoch': 0.73}
{'loss': 0.0, 'grad_norm': 0.002387039363384247, 'learning_rate': 0.0001, 'epoch': 0.74}
{'loss': 0.0, 'grad_norm': 0.0032194158993661404, 'learning_rate': 0.0001, 'epoch': 0.74}
{'loss': 0.0001, 'grad_norm': 0.012835826724767685, 'learning_rate': 0.0001, 'epoch': 0.75}
{'loss': 0.0, 'grad_norm': 0.0017023271648213267, 'learning_rate': 0.0001, 'epoch': 0.76}
{'loss': 0.0001, 'grad_norm': 0.004590276163071394, 'learning_rate': 0.0001, 'epoch': 0.76}
{'loss': 0.0, 'grad_norm': 0.0008689429960213602, 'learning_rate': 0.0001, 'epoch': 0.77}
{'loss': 0.0, 'grad_norm': 0.009080415591597557, 'learning_rate': 0.0001, 'epoch': 0.78}
{'loss': 0.0, 'grad_norm': 0.0036202468909323215, 'learning_rate': 0.0001, 'epoch': 0.78}
{'loss': 0.0, 'grad_norm': 0.004117337055504322, 'learning_rate': 0.0001, 'epoch': 0.79}
{'loss': 0.0, 'grad_norm': 0.001094335806556046, 'learning_rate': 0.0001, 'epoch': 0.8}
{'loss': 0.0, 'grad_norm': 0.0022949017584323883, 'learning_rate': 0.0001, 'epoch': 0.81}
{'loss': 0.0001, 'grad_norm': 0.009559745900332928, 'learning_rate': 0.0001, 'epoch': 0.81}
{'loss': 0.0, 'grad_norm': 0.000847984803840518, 'learning_rate': 0.0001, 'epoch': 0.82}
{'loss': 0.0, 'grad_norm': 0.002812626538798213, 'learning_rate': 0.0001, 'epoch': 0.83}
{'loss': 0.0, 'grad_norm': 0.0006074603879824281, 'learning_rate': 0.0001, 'epoch': 0.83}
{'loss': 0.0, 'grad_norm': 0.002342537511140108, 'learning_rate': 0.0001, 'epoch': 0.84}
{'loss': 0.0, 'grad_norm': 0.0022255696821957827, 'learning_rate': 0.0001, 'epoch': 0.85}
{'loss': 0.0, 'grad_norm': 0.002345920540392399, 'learning_rate': 0.0001, 'epoch': 0.85}
{'loss': 0.0, 'grad_norm': 0.0006734590861015022, 'learning_rate': 0.0001, 'epoch': 0.86}
{'loss': 0.0, 'grad_norm': 0.0015253418823704123, 'learning_rate': 0.0001, 'epoch': 0.87}
{'loss': 0.0, 'grad_norm': 0.002419527620077133, 'learning_rate': 0.0001, 'epoch': 0.88}
{'loss': 0.0, 'grad_norm': 0.0005730564589612186, 'learning_rate': 0.0001, 'epoch': 0.88}
{'loss': 0.0, 'grad_norm': 0.0014217173447832465, 'learning_rate': 0.0001, 'epoch': 0.89}
{'loss': 0.0, 'grad_norm': 0.0004977789940312505, 'learning_rate': 0.0001, 'epoch': 0.9}
{'loss': 0.0, 'grad_norm': 0.0009632438304834068, 'learning_rate': 0.0001, 'epoch': 0.9}
{'loss': 0.0, 'grad_norm': 0.0010405045468360186, 'learning_rate': 0.0001, 'epoch': 0.91}
{'loss': 0.0, 'grad_norm': 0.0014165500178933144, 'learning_rate': 0.0001, 'epoch': 0.92}
{'loss': 0.0, 'grad_norm': 0.0005070070037618279, 'learning_rate': 0.0001, 'epoch': 0.92}
{'loss': 0.0, 'grad_norm': 0.0010819017188623548, 'learning_rate': 0.0001, 'epoch': 0.93}
{'loss': 0.0, 'grad_norm': 0.0010110237635672092, 'learning_rate': 0.0001, 'epoch': 0.94}
{'loss': 0.0, 'grad_norm': 0.00044919573701918125, 'learning_rate': 0.0001, 'epoch': 0.94}
{'loss': 0.0, 'grad_norm': 0.0009164062212221324, 'learning_rate': 0.0001, 'epoch': 0.95}
{'loss': 0.0, 'grad_norm': 0.00041463106754235923, 'learning_rate': 0.0001, 'epoch': 0.96}
{'loss': 0.0, 'grad_norm': 0.000668252760078758, 'learning_rate': 0.0001, 'epoch': 0.97}
{'loss': 0.0, 'grad_norm': 0.0006358447135426104, 'learning_rate': 0.0001, 'epoch': 0.97}
{'loss': 0.0, 'grad_norm': 0.00098081782925874, 'learning_rate': 0.0001, 'epoch': 0.98}
{'loss': 0.0, 'grad_norm': 0.0004301327862776816, 'learning_rate': 0.0001, 'epoch': 0.99}
{'loss': 0.0, 'grad_norm': 0.0008446359424851835, 'learning_rate': 0.0001, 'epoch': 0.99}
{'loss': 0.0, 'grad_norm': 0.0006721808458678424, 'learning_rate': 0.0001, 'epoch': 1.0}
{'train_runtime': 1313.2888, 'train_samples_per_second': 0.877, 'train_steps_per_second': 0.11, 'train_loss': 0.027334097209941573, 'epoch': 1.0}
{
  "adapter_files": {
    "README.md": {
      "bytes": 5380,
      "sha256": "b9264f0629a47970c39d6f80142bbaf6e5cb5ddb4e4e372105f879493d562b8a"
    },
    "adapter_config.json": {
      "bytes": 1297,
      "sha256": "d7a9aab8f0ced7a1f7d66f84c4b9947d3673345c2db1f8c06448bb4bc3ef1819"
    },
    "adapter_model.safetensors": {
      "bytes": 83945296,
      "sha256": "55b1d85155ea1f44a2a4fcf4c3685c214f6cc62d6eb8e80c4b09d4b8641777bb"
    }
  },
  "arm": "CYCLIC_SPACED",
  "contract_sha256": "2a878cf5c6e7acd68e2037c722b05b140be7c659feccec234946ef8ce98e088e",
  "determinism": {
    "cublas_workspace_config": ":4096:8",
    "deterministic_algorithms": true,
    "seed": 2026083123
  },
  "expanded_microbatches": 1152,
  "expanded_row_order_sha256": "a2cdac2db67b9ee51aa5097ee8ef1184b5b35e887f76418a19792f78e2af1992",
  "final_trainable_sha256": "85bffc34cf8c168825d7bb2547fd51de57bf78206faa452c07d0c718b2c04681",
  "global_step": 144,
  "initial_trainable_sha256": "838592db7159cb180a24059d27a802af78102722b093456cef9b086a3ef44e80",
  "input_lock_sha256": "04ee03408154095e2b1b9b78ae3fd9c2f6aac578c894f100a2e989856926ebc4",
  "peak_allocated_bytes": 5401586688,
  "peak_reserved_bytes": 5565841408,
  "runtime_seconds": 1313.5252661705017,
  "schema": "cfe.dd2.train-run.v1",
  "seed": 2026083123,
  "status": "TRAINING_COMPLETE__PAIR_UNQUALIFIED",
  "train_result": {
    "epoch": 1.0,
    "total_flos": 1.0565324689637376e+16,
    "train_loss": 0.027334097209941573,
    "train_runtime": 1313.2888,
    "train_samples_per_second": 0.877,
    "train_steps_per_second": 0.11
  },
  "trainable_parameters": 20971520,
  "window_sequence_sha256": "ba0a8f80a3b5d1ae87950d32b4d9e49a93611ac1ec7d8fe9301a5c940ec9f7fb"
}
