
=== ATTEMPT 1 RC 0 ===
W0901 09:18:15.654000 22760 Lib\site-packages\torch\utils\flop_counter.py:29] triton not found; flop counting will not work for triton kernels

Loading checkpoint shards:   0%|          | 0/3 [00:00<?, ?it/s]
Loading checkpoint shards:  33%|███▎      | 1/3 [00:07<00:15,  7.56s/it]
Loading checkpoint shards:  67%|██████▋   | 2/3 [00:15<00:07,  7.94s/it]
Loading checkpoint shards: 100%|██████████| 3/3 [00:23<00:00,  7.69s/it]
Loading checkpoint shards: 100%|██████████| 3/3 [00:23<00:00,  7.72s/it]

  0%|          | 0/144 [00:00<?, ?it/s]
  1%|          | 1/144 [00:10<24:23, 10.24s/it]
                                               

  1%|          | 1/144 [00:10<24:23, 10.24s/it]
  1%|▏         | 2/144 [00:19<22:31,  9.52s/it]
                                               

  1%|▏         | 2/144 [00:19<22:31,  9.52s/it]
  2%|▏         | 3/144 [00:28<21:47,  9.27s/it]
                                               

  2%|▏         | 3/144 [00:28<21:47,  9.27s/it]
  3%|▎         | 4/144 [00:37<21:24,  9.17s/it]
                                               

  3%|▎         | 4/144 [00:37<21:24,  9.17s/it]
  3%|▎         | 5/144 [00:46<21:07,  9.12s/it]
                                               

  3%|▎         | 5/144 [00:46<21:07,  9.12s/it]
  4%|▍         | 6/144 [00:55<20:52,  9.08s/it]
                                               

  4%|▍         | 6/144 [00:55<20:52,  9.08s/it]
  5%|▍         | 7/144 [01:04<20:39,  9.04s/it]
                                               

  5%|▍         | 7/144 [01:04<20:39,  9.04s/it]
  6%|▌         | 8/144 [01:13<20:28,  9.03s/it]
                                               

  6%|▌         | 8/144 [01:13<20:28,  9.03s/it]
  6%|▋         | 9/144 [01:22<20:17,  9.02s/it]
                                               

  6%|▋         | 9/144 [01:22<20:17,  9.02s/it]
  7%|▋         | 10/144 [01:31<20:09,  9.02s/it]
                                                

  7%|▋         | 10/144 [01:31<20:09,  9.02s/it]
  8%|▊         | 11/144 [01:40<19:59,  9.02s/it]
                                                

  8%|▊         | 11/144 [01:40<19:59,  9.02s/it]
  8%|▊         | 12/144 [01:49<19:49,  9.01s/it]
                                                

  8%|▊         | 12/144 [01:49<19:49,  9.01s/it]
  9%|▉         | 13/144 [01:58<19:39,  9.00s/it]
                                                

  9%|▉         | 13/144 [01:58<19:39,  9.00s/it]
 10%|▉         | 14/144 [02:07<19:32,  9.02s/it]
                                                

 10%|▉         | 14/144 [02:07<19:32,  9.02s/it]
 10%|█         | 15/144 [02:16<19:24,  9.02s/it]
                                                

 10%|█         | 15/144 [02:16<19:24,  9.02s/it]
 11%|█         | 16/144 [02:25<19:16,  9.03s/it]
                                                

 11%|█         | 16/144 [02:25<19:16,  9.03s/it]
 12%|█▏        | 17/144 [02:34<19:06,  9.03s/it]
                                                

 12%|█▏        | 17/144 [02:34<19:06,  9.03s/it]
 12%|█▎        | 18/144 [02:43<18:55,  9.02s/it]
                                                

 12%|█▎        | 18/144 [02:43<18:55,  9.02s/it]
 13%|█▎        | 19/144 [02:52<18:46,  9.01s/it]
                                                

 13%|█▎        | 19/144 [02:52<18:46,  9.01s/it]
 14%|█▍        | 20/144 [03:01<18:37,  9.01s/it]
                                                

 14%|█▍        | 20/144 [03:01<18:37,  9.01s/it]
 15%|█▍        | 21/144 [03:10<18:27,  9.00s/it]
                                                

 15%|█▍        | 21/144 [03:10<18:27,  9.00s/it]
 15%|█▌        | 22/144 [03:19<18:18,  9.00s/it]
                                                

 15%|█▌        | 22/144 [03:19<18:18,  9.00s/it]
 16%|█▌        | 23/144 [03:28<18:11,  9.02s/it]
                                                

 16%|█▌        | 23/144 [03:28<18:11,  9.02s/it]
 17%|█▋        | 24/144 [03:37<18:01,  9.02s/it]
                                                

 17%|█▋        | 24/144 [03:37<18:01,  9.02s/it]
 17%|█▋        | 25/144 [03:46<17:53,  9.02s/it]
                                                

 17%|█▋        | 25/144 [03:46<17:53,  9.02s/it]
 18%|█▊        | 26/144 [03:55<17:44,  9.02s/it]
                                                

 18%|█▊        | 26/144 [03:55<17:44,  9.02s/it]
 19%|█▉        | 27/144 [04:04<17:36,  9.03s/it]
                                                

 19%|█▉        | 27/144 [04:04<17:36,  9.03s/it]
 19%|█▉        | 28/144 [04:13<17:28,  9.04s/it]
                                                

 19%|█▉        | 28/144 [04:13<17:28,  9.04s/it]
 20%|██        | 29/144 [04:22<17:19,  9.04s/it]
                                                

 20%|██        | 29/144 [04:22<17:19,  9.04s/it]
 21%|██        | 30/144 [04:31<17:10,  9.04s/it]
                                                

 21%|██        | 30/144 [04:31<17:10,  9.04s/it]
 22%|██▏       | 31/144 [04:40<17:01,  9.04s/it]
                                                

 22%|██▏       | 31/144 [04:40<17:01,  9.04s/it]
 22%|██▏       | 32/144 [04:49<16:52,  9.04s/it]
                                                

 22%|██▏       | 32/144 [04:49<16:52,  9.04s/it]
 23%|██▎       | 33/144 [04:58<16:42,  9.03s/it]
                                                

 23%|██▎       | 33/144 [04:58<16:42,  9.03s/it]
 24%|██▎       | 34/144 [05:07<16:32,  9.02s/it]
                                                

 24%|██▎       | 34/144 [05:07<16:32,  9.02s/it]
 24%|██▍       | 35/144 [05:16<16:22,  9.01s/it]
                                                

 24%|██▍       | 35/144 [05:16<16:22,  9.01s/it]
 25%|██▌       | 36/144 [05:25<16:13,  9.02s/it]
                                                

 25%|██▌       | 36/144 [05:25<16:13,  9.02s/it]
 26%|██▌       | 37/144 [05:34<16:06,  9.03s/it]
                                                

 26%|██▌       | 37/144 [05:34<16:06,  9.03s/it]
 26%|██▋       | 38/144 [05:43<15:58,  9.04s/it]
                                                

 26%|██▋       | 38/144 [05:43<15:58,  9.04s/it]
 27%|██▋       | 39/144 [05:53<15:50,  9.05s/it]
                                                

 27%|██▋       | 39/144 [05:53<15:50,  9.05s/it]
 28%|██▊       | 40/144 [06:02<15:43,  9.07s/it]
                                                

 28%|██▊       | 40/144 [06:02<15:43,  9.07s/it]
 28%|██▊       | 41/144 [06:11<15:35,  9.08s/it]
                                                

 28%|██▊       | 41/144 [06:11<15:35,  9.08s/it]
 29%|██▉       | 42/144 [06:20<15:28,  9.10s/it]
                                                

 29%|██▉       | 42/144 [06:20<15:28,  9.10s/it]
 30%|██▉       | 43/144 [06:29<15:20,  9.11s/it]
                                                

 30%|██▉       | 43/144 [06:29<15:20,  9.11s/it]
 31%|███       | 44/144 [06:38<15:11,  9.12s/it]
                                                

 31%|███       | 44/144 [06:38<15:11,  9.12s/it]
 31%|███▏      | 45/144 [06:47<15:03,  9.12s/it]
                                                

 31%|███▏      | 45/144 [06:47<15:03,  9.12s/it]
 32%|███▏      | 46/144 [06:56<14:54,  9.13s/it]
                                                

 32%|███▏      | 46/144 [06:56<14:54,  9.13s/it]
 33%|███▎      | 47/144 [07:06<14:46,  9.14s/it]
                                                

 33%|███▎      | 47/144 [07:06<14:46,  9.14s/it]
 33%|███▎      | 48/144 [07:15<14:37,  9.14s/it]
                                                

 33%|███▎      | 48/144 [07:15<14:37,  9.14s/it]
 34%|███▍      | 49/144 [07:24<14:27,  9.13s/it]
                                                

 34%|███▍      | 49/144 [07:24<14:27,  9.13s/it]
 35%|███▍      | 50/144 [07:33<14:15,  9.10s/it]
                                                

 35%|███▍      | 50/144 [07:33<14:15,  9.10s/it]
 35%|███▌      | 51/144 [07:42<14:06,  9.10s/it]
                                                

 35%|███▌      | 51/144 [07:42<14:06,  9.10s/it]
 36%|███▌      | 52/144 [07:51<13:56,  9.10s/it]
                                                

 36%|███▌      | 52/144 [07:51<13:56,  9.10s/it]
 37%|███▋      | 53/144 [08:00<13:46,  9.08s/it]
                                                

 37%|███▋      | 53/144 [08:00<13:46,  9.08s/it]
 38%|███▊      | 54/144 [08:09<13:37,  9.09s/it]
                                                

 38%|███▊      | 54/144 [08:09<13:37,  9.09s/it]
 38%|███▊      | 55/144 [08:18<13:29,  9.09s/it]
                                                

 38%|███▊      | 55/144 [08:18<13:29,  9.09s/it]
 39%|███▉      | 56/144 [08:27<13:20,  9.10s/it]
                                                

 39%|███▉      | 56/144 [08:27<13:20,  9.10s/it]
 40%|███▉      | 57/144 [08:37<13:11,  9.09s/it]
                                                

 40%|███▉      | 57/144 [08:37<13:11,  9.09s/it]
 40%|████      | 58/144 [08:46<13:02,  9.10s/it]
                                                

 40%|████      | 58/144 [08:46<13:02,  9.10s/it]
 41%|████      | 59/144 [08:55<12:54,  9.11s/it]
                                                

 41%|████      | 59/144 [08:55<12:54,  9.11s/it]
 42%|████▏     | 60/144 [09:04<12:45,  9.11s/it]
                                                

 42%|████▏     | 60/144 [09:04<12:45,  9.11s/it]
 42%|████▏     | 61/144 [09:13<12:35,  9.10s/it]
                                                

 42%|████▏     | 61/144 [09:13<12:35,  9.10s/it]
 43%|████▎     | 62/144 [09:22<12:25,  9.10s/it]
                                                

 43%|████▎     | 62/144 [09:22<12:25,  9.10s/it]
 44%|████▍     | 63/144 [09:31<12:17,  9.10s/it]
                                                

 44%|████▍     | 63/144 [09:31<12:17,  9.10s/it]
 44%|████▍     | 64/144 [09:40<12:09,  9.11s/it]
                                                

 44%|████▍     | 64/144 [09:40<12:09,  9.11s/it]
 45%|████▌     | 65/144 [09:49<11:59,  9.11s/it]
                                                

 45%|████▌     | 65/144 [09:49<11:59,  9.11s/it]
 46%|████▌     | 66/144 [09:59<11:52,  9.14s/it]
                                                

 46%|████▌     | 66/144 [09:59<11:52,  9.14s/it]
 47%|████▋     | 67/144 [10:08<11:43,  9.14s/it]
                                                

 47%|████▋     | 67/144 [10:08<11:43,  9.14s/it]
 47%|████▋     | 68/144 [10:17<11:34,  9.13s/it]
                                                

 47%|████▋     | 68/144 [10:17<11:34,  9.13s/it]
 48%|████▊     | 69/144 [10:26<11:22,  9.10s/it]
                                                

 48%|████▊     | 69/144 [10:26<11:22,  9.10s/it]
 49%|████▊     | 70/144 [10:35<11:11,  9.08s/it]
                                                

 49%|████▊     | 70/144 [10:35<11:11,  9.08s/it]
 49%|████▉     | 71/144 [10:44<11:01,  9.06s/it]
                                                

 49%|████▉     | 71/144 [10:44<11:01,  9.06s/it]
 50%|█████     | 72/144 [10:53<10:51,  9.05s/it]
                                                

 50%|█████     | 72/144 [10:53<10:51,  9.05s/it]
 51%|█████     | 73/144 [11:02<10:42,  9.05s/it]
                                                

 51%|█████     | 73/144 [11:02<10:42,  9.05s/it]
 51%|█████▏    | 74/144 [11:11<10:34,  9.07s/it]
                                                

 51%|█████▏    | 74/144 [11:11<10:34,  9.07s/it]
 52%|█████▏    | 75/144 [11:20<10:27,  9.09s/it]
                                                

 52%|█████▏    | 75/144 [11:20<10:27,  9.09s/it]
 53%|█████▎    | 76/144 [11:29<10:18,  9.10s/it]
                                                

 53%|█████▎    | 76/144 [11:29<10:18,  9.10s/it]
 53%|█████▎    | 77/144 [11:39<10:10,  9.11s/it]
                                                

 53%|█████▎    | 77/144 [11:39<10:10,  9.11s/it]
 54%|█████▍    | 78/144 [11:48<10:02,  9.14s/it]
                                                

 54%|█████▍    | 78/144 [11:48<10:02,  9.14s/it]
 55%|█████▍    | 79/144 [11:57<09:52,  9.12s/it]
                                                

 55%|█████▍    | 79/144 [11:57<09:52,  9.12s/it]
 56%|█████▌    | 80/144 [12:06<09:42,  9.10s/it]
                                                

 56%|█████▌    | 80/144 [12:06<09:42,  9.10s/it]
 56%|█████▋    | 81/144 [12:15<09:32,  9.10s/it]
                                                

 56%|█████▋    | 81/144 [12:15<09:32,  9.10s/it]
 57%|█████▋    | 82/144 [12:24<09:24,  9.10s/it]
                                                

 57%|█████▋    | 82/144 [12:24<09:24,  9.10s/it]
 58%|█████▊    | 83/144 [12:33<09:15,  9.10s/it]
                                                

 58%|█████▊    | 83/144 [12:33<09:15,  9.10s/it]
 58%|█████▊    | 84/144 [12:42<09:05,  9.09s/it]
                                                

 58%|█████▊    | 84/144 [12:42<09:05,  9.09s/it]
 59%|█████▉    | 85/144 [12:51<08:56,  9.09s/it]
                                                

 59%|█████▉    | 85/144 [12:51<08:56,  9.09s/it]
 60%|█████▉    | 86/144 [13:00<08:47,  9.09s/it]
                                                

 60%|█████▉    | 86/144 [13:00<08:47,  9.09s/it]
 60%|██████    | 87/144 [13:09<08:38,  9.09s/it]
                                                

 60%|██████    | 87/144 [13:09<08:38,  9.09s/it]
 61%|██████    | 88/144 [13:19<08:29,  9.09s/it]
                                                

 61%|██████    | 88/144 [13:19<08:29,  9.09s/it]
 62%|██████▏   | 89/144 [13:28<08:19,  9.08s/it]
                                                

 62%|██████▏   | 89/144 [13:28<08:19,  9.08s/it]
 62%|██████▎   | 90/144 [13:37<08:10,  9.09s/it]
                                                

 62%|██████▎   | 90/144 [13:37<08:10,  9.09s/it]
 63%|██████▎   | 91/144 [13:46<08:02,  9.10s/it]
                                                

 63%|██████▎   | 91/144 [13:46<08:02,  9.10s/it]
 64%|██████▍   | 92/144 [13:55<07:53,  9.11s/it]
                                                

 64%|██████▍   | 92/144 [13:55<07:53,  9.11s/it]
 65%|██████▍   | 93/144 [14:04<07:44,  9.10s/it]
                                                

 65%|██████▍   | 93/144 [14:04<07:44,  9.10s/it]
 65%|██████▌   | 94/144 [14:13<07:35,  9.10s/it]
                                                

 65%|██████▌   | 94/144 [14:13<07:35,  9.10s/it]
 66%|██████▌   | 95/144 [14:22<07:26,  9.11s/it]
                                                

 66%|██████▌   | 95/144 [14:22<07:26,  9.11s/it]
 67%|██████▋   | 96/144 [14:31<07:17,  9.12s/it]
                                                

 67%|██████▋   | 96/144 [14:31<07:17,  9.12s/it]
 67%|██████▋   | 97/144 [14:41<07:09,  9.13s/it]
                                                

 67%|██████▋   | 97/144 [14:41<07:09,  9.13s/it]
 68%|██████▊   | 98/144 [14:50<07:00,  9.14s/it]
                                                

 68%|██████▊   | 98/144 [14:50<07:00,  9.14s/it]
 69%|██████▉   | 99/144 [14:59<06:52,  9.16s/it]
                                                

 69%|██████▉   | 99/144 [14:59<06:52,  9.16s/it]
 69%|██████▉   | 100/144 [15:08<06:43,  9.16s/it]
                                                 

 69%|██████▉   | 100/144 [15:08<06:43,  9.16s/it]
 70%|███████   | 101/144 [15:17<06:34,  9.17s/it]
                                                 

 70%|███████   | 101/144 [15:17<06:34,  9.17s/it]
 71%|███████   | 102/144 [15:26<06:24,  9.15s/it]
                                                 

 71%|███████   | 102/144 [15:26<06:24,  9.15s/it]
 72%|███████▏  | 103/144 [15:36<06:14,  9.14s/it]
                                                 

 72%|███████▏  | 103/144 [15:36<06:14,  9.14s/it]
 72%|███████▏  | 104/144 [15:47<06:28,  9.70s/it]
                                                 

 72%|███████▏  | 104/144 [15:47<06:28,  9.70s/it]
 73%|███████▎  | 105/144 [15:56<06:11,  9.53s/it]
                                                 

 73%|███████▎  | 105/144 [15:56<06:11,  9.53s/it]
 74%|███████▎  | 106/144 [16:05<05:57,  9.41s/it]
                                                 

 74%|███████▎  | 106/144 [16:05<05:57,  9.41s/it]
 74%|███████▍  | 107/144 [16:14<05:44,  9.31s/it]
                                                 

 74%|███████▍  | 107/144 [16:14<05:44,  9.31s/it]
 75%|███████▌  | 108/144 [16:23<05:33,  9.26s/it]
                                                 

 75%|███████▌  | 108/144 [16:23<05:33,  9.26s/it]
 76%|███████▌  | 109/144 [16:32<05:23,  9.24s/it]
                                                 

 76%|███████▌  | 109/144 [16:32<05:23,  9.24s/it]
 76%|███████▋  | 110/144 [16:41<05:12,  9.20s/it]
                                                 

 76%|███████▋  | 110/144 [16:41<05:12,  9.20s/it]
 77%|███████▋  | 111/144 [16:50<05:02,  9.17s/it]
                                                 

 77%|███████▋  | 111/144 [16:50<05:02,  9.17s/it]
 78%|███████▊  | 112/144 [17:00<04:52,  9.15s/it]
                                                 

 78%|███████▊  | 112/144 [17:00<04:52,  9.15s/it]
 78%|███████▊  | 113/144 [17:09<04:43,  9.15s/it]
                                                 

 78%|███████▊  | 113/144 [17:09<04:43,  9.15s/it]
 79%|███████▉  | 114/144 [17:18<04:34,  9.16s/it]
                                                 

 79%|███████▉  | 114/144 [17:18<04:34,  9.16s/it]
 80%|███████▉  | 115/144 [17:27<04:25,  9.16s/it]
                                                 

 80%|███████▉  | 115/144 [17:27<04:25,  9.16s/it]
 81%|████████  | 116/144 [17:36<04:15,  9.14s/it]
                                                 

 81%|████████  | 116/144 [17:36<04:15,  9.14s/it]
 81%|████████▏ | 117/144 [17:45<04:06,  9.15s/it]
                                                 

 81%|████████▏ | 117/144 [17:45<04:06,  9.15s/it]
 82%|████████▏ | 118/144 [17:54<03:58,  9.15s/it]
                                                 

 82%|████████▏ | 118/144 [17:54<03:58,  9.15s/it]
 83%|████████▎ | 119/144 [18:05<03:59,  9.57s/it]
                                                 

 83%|████████▎ | 119/144 [18:05<03:59,  9.57s/it]
 83%|████████▎ | 120/144 [18:14<03:45,  9.41s/it]
                                                 

 83%|████████▎ | 120/144 [18:14<03:45,  9.41s/it]
 84%|████████▍ | 121/144 [18:23<03:33,  9.30s/it]
                                                 

 84%|████████▍ | 121/144 [18:23<03:33,  9.30s/it]
 85%|████████▍ | 122/144 [18:32<03:23,  9.24s/it]
                                                 

 85%|████████▍ | 122/144 [18:32<03:23,  9.24s/it]
 85%|████████▌ | 123/144 [18:41<03:13,  9.19s/it]
                                                 

 85%|████████▌ | 123/144 [18:41<03:13,  9.19s/it]
 86%|████████▌ | 124/144 [18:50<03:03,  9.17s/it]
                                                 

 86%|████████▌ | 124/144 [18:50<03:03,  9.17s/it]
 87%|████████▋ | 125/144 [18:59<02:53,  9.13s/it]
                                                 

 87%|████████▋ | 125/144 [18:59<02:53,  9.13s/it]
 88%|████████▊ | 126/144 [19:09<02:44,  9.12s/it]
                                                 

 88%|████████▊ | 126/144 [19:09<02:44,  9.12s/it]
 88%|████████▊ | 127/144 [19:18<02:34,  9.11s/it]
                                                 

 88%|████████▊ | 127/144 [19:18<02:34,  9.11s/it]
 89%|████████▉ | 128/144 [19:27<02:25,  9.10s/it]
                                                 

 89%|████████▉ | 128/144 [19:27<02:25,  9.10s/it]
 90%|████████▉ | 129/144 [19:36<02:16,  9.10s/it]
                                                 

 90%|████████▉ | 129/144 [19:36<02:16,  9.10s/it]
 90%|█████████ | 130/144 [19:45<02:07,  9.13s/it]
                                                 

 90%|█████████ | 130/144 [19:45<02:07,  9.13s/it]
 91%|█████████ | 131/144 [19:54<01:58,  9.14s/it]
                                                 

 91%|█████████ | 131/144 [19:54<01:58,  9.14s/it]
 92%|█████████▏| 132/144 [20:03<01:49,  9.11s/it]
                                                 

 92%|█████████▏| 132/144 [20:03<01:49,  9.11s/it]
 92%|█████████▏| 133/144 [20:12<01:40,  9.11s/it]
                                                 

 92%|█████████▏| 133/144 [20:12<01:40,  9.11s/it]
 93%|█████████▎| 134/144 [20:21<01:31,  9.11s/it]
                                                 

 93%|█████████▎| 134/144 [20:21<01:31,  9.11s/it]
 94%|█████████▍| 135/144 [20:31<01:22,  9.12s/it]
                                                 

 94%|█████████▍| 135/144 [20:31<01:22,  9.12s/it]
 94%|█████████▍| 136/144 [20:40<01:13,  9.16s/it]
                                                 

 94%|█████████▍| 136/144 [20:40<01:13,  9.16s/it]
 95%|█████████▌| 137/144 [20:49<01:03,  9.14s/it]
                                                 

 95%|█████████▌| 137/144 [20:49<01:03,  9.14s/it]
 96%|█████████▌| 138/144 [20:58<00:54,  9.13s/it]
                                                 

 96%|█████████▌| 138/144 [20:58<00:54,  9.13s/it]
 97%|█████████▋| 139/144 [21:07<00:45,  9.12s/it]
                                                 

 97%|█████████▋| 139/144 [21:07<00:45,  9.12s/it]
 97%|█████████▋| 140/144 [21:16<00:36,  9.12s/it]
                                                 

 97%|█████████▋| 140/144 [21:16<00:36,  9.12s/it]
 98%|█████████▊| 141/144 [21:25<00:27,  9.13s/it]
                                                 

 98%|█████████▊| 141/144 [21:25<00:27,  9.13s/it]
 99%|█████████▊| 142/144 [21:35<00:18,  9.13s/it]
                                                 

 99%|█████████▊| 142/144 [21:35<00:18,  9.13s/it]
 99%|█████████▉| 143/144 [21:44<00:09,  9.13s/it]
                                                 

 99%|█████████▉| 143/144 [21:44<00:09,  9.13s/it]
100%|██████████| 144/144 [21:53<00:00,  9.13s/it]
                                                 

100%|██████████| 144/144 [21:53<00:00,  9.13s/it]
                                                 

100%|██████████| 144/144 [21:53<00:00,  9.13s/it]
100%|██████████| 144/144 [21:53<00:00,  9.12s/it]
