START 1 13 NF4_BASE
DONE NF4_BASE {'BOUNDARY_LATENT': {'accuracy': 0.0, 'correct': 0, 'n': 56}, 'FULL_LATENT': {'accuracy': 0.0, 'correct': 0, 'n': 56}, 'RULE_EXPLICIT': {'accuracy': 0.0, 'correct': 0, 'n': 56}}
START 2 13 2026082501__CONTROL_STRICT_CELL_SCRAMBLE
DONE 2026082501__CONTROL_STRICT_CELL_SCRAMBLE {'BOUNDARY_LATENT': {'accuracy': 0.5714285714285714, 'correct': 32, 'n': 56}, 'FULL_LATENT': {'accuracy': 0.2857142857142857, 'correct': 16, 'n': 56}, 'RULE_EXPLICIT': {'accuracy': 0.625, 'correct': 35, 'n': 56}}
START 3 13 2026082501__TREATMENT_NEIGHBORHOOD
DONE 2026082501__TREATMENT_NEIGHBORHOOD {'BOUNDARY_LATENT': {'accuracy': 0.5714285714285714, 'correct': 32, 'n': 56}, 'FULL_LATENT': {'accuracy': 0.0, 'correct': 0, 'n': 56}, 'RULE_EXPLICIT': {'accuracy': 0.5892857142857143, 'correct': 33, 'n': 56}}
START 4 13 2026082502__CONTROL_STRICT_CELL_SCRAMBLE
DONE 2026082502__CONTROL_STRICT_CELL_SCRAMBLE {'BOUNDARY_LATENT': {'accuracy': 0.5714285714285714, 'correct': 32, 'n': 56}, 'FULL_LATENT': {'accuracy': 0.0, 'correct': 0, 'n': 56}, 'RULE_EXPLICIT': {'accuracy': 0.5714285714285714, 'correct': 32, 'n': 56}}
START 5 13 2026082502__TREATMENT_NEIGHBORHOOD
DONE 2026082502__TREATMENT_NEIGHBORHOOD {'BOUNDARY_LATENT': {'accuracy': 0.5714285714285714, 'correct': 32, 'n': 56}, 'FULL_LATENT': {'accuracy': 0.19642857142857142, 'correct': 11, 'n': 56}, 'RULE_EXPLICIT': {'accuracy': 0.5714285714285714, 'correct': 32, 'n': 56}}
START 6 13 2026082503__CONTROL_STRICT_CELL_SCRAMBLE
DONE 2026082503__CONTROL_STRICT_CELL_SCRAMBLE {'BOUNDARY_LATENT': {'accuracy': 0.5714285714285714, 'correct': 32, 'n': 56}, 'FULL_LATENT': {'accuracy': 0.05357142857142857, 'correct': 3, 'n': 56}, 'RULE_EXPLICIT': {'accuracy': 0.25, 'correct': 14, 'n': 56}}
START 7 13 2026082503__TREATMENT_NEIGHBORHOOD
DONE 2026082503__TREATMENT_NEIGHBORHOOD {'BOUNDARY_LATENT': {'accuracy': 0.5892857142857143, 'correct': 33, 'n': 56}, 'FULL_LATENT': {'accuracy': 0.32142857142857145, 'correct': 18, 'n': 56}, 'RULE_EXPLICIT': {'accuracy': 0.5714285714285714, 'correct': 32, 'n': 56}}
START 8 13 2026082504__CONTROL_STRICT_CELL_SCRAMBLE
DONE 2026082504__CONTROL_STRICT_CELL_SCRAMBLE {'BOUNDARY_LATENT': {'accuracy': 0.5714285714285714, 'correct': 32, 'n': 56}, 'FULL_LATENT': {'accuracy': 0.03571428571428571, 'correct': 2, 'n': 56}, 'RULE_EXPLICIT': {'accuracy': 0.5714285714285714, 'correct': 32, 'n': 56}}
START 9 13 2026082504__TREATMENT_NEIGHBORHOOD
DONE 2026082504__TREATMENT_NEIGHBORHOOD {'BOUNDARY_LATENT': {'accuracy': 0.6785714285714286, 'correct': 38, 'n': 56}, 'FULL_LATENT': {'accuracy': 0.0, 'correct': 0, 'n': 56}, 'RULE_EXPLICIT': {'accuracy': 0.2857142857142857, 'correct': 16, 'n': 56}}
START 10 13 2026082505__CONTROL_STRICT_CELL_SCRAMBLE
DONE 2026082505__CONTROL_STRICT_CELL_SCRAMBLE {'BOUNDARY_LATENT': {'accuracy': 0.5714285714285714, 'correct': 32, 'n': 56}, 'FULL_LATENT': {'accuracy': 0.017857142857142856, 'correct': 1, 'n': 56}, 'RULE_EXPLICIT': {'accuracy': 0.5892857142857143, 'correct': 33, 'n': 56}}
START 11 13 2026082505__TREATMENT_NEIGHBORHOOD
DONE 2026082505__TREATMENT_NEIGHBORHOOD {'BOUNDARY_LATENT': {'accuracy': 0.21428571428571427, 'correct': 12, 'n': 56}, 'FULL_LATENT': {'accuracy': 0.0, 'correct': 0, 'n': 56}, 'RULE_EXPLICIT': {'accuracy': 0.26785714285714285, 'correct': 15, 'n': 56}}
START 12 13 2026082506__CONTROL_STRICT_CELL_SCRAMBLE
DONE 2026082506__CONTROL_STRICT_CELL_SCRAMBLE {'BOUNDARY_LATENT': {'accuracy': 0.5714285714285714, 'correct': 32, 'n': 56}, 'FULL_LATENT': {'accuracy': 0.0, 'correct': 0, 'n': 56}, 'RULE_EXPLICIT': {'accuracy': 0.5714285714285714, 'correct': 32, 'n': 56}}
START 13 13 2026082506__TREATMENT_NEIGHBORHOOD
DONE 2026082506__TREATMENT_NEIGHBORHOOD {'BOUNDARY_LATENT': {'accuracy': 0.4642857142857143, 'correct': 26, 'n': 56}, 'FULL_LATENT': {'accuracy': 0.0, 'correct': 0, 'n': 56}, 'RULE_EXPLICIT': {'accuracy': 0.5892857142857143, 'correct': 33, 'n': 56}}
{
  "cases_sha256": "063b1ad366df98367e35ec411c63f45e62011f26e71498c4e60dbb30e37b4f1a",
  "schema": "cfe.v10.bounded-latent-diagnostic-aggregate.v1",
  "seed_pairs": {
    "2026082501": {
      "BOUNDARY_LATENT": {
        "control_accuracy": 0.5714285714285714,
        "control_correct": 32,
        "delta_accuracy_T_minus_C": 0.0,
        "delta_correct_T_minus_C": 0,
        "treatment_accuracy": 0.5714285714285714,
        "treatment_correct": 32
      },
      "FULL_LATENT": {
        "control_accuracy": 0.2857142857142857,
        "control_correct": 16,
        "delta_accuracy_T_minus_C": -0.2857142857142857,
        "delta_correct_T_minus_C": -16,
        "treatment_accuracy": 0.0,
        "treatment_correct": 0
      },
      "RULE_EXPLICIT": {
        "control_accuracy": 0.625,
        "control_correct": 35,
        "delta_accuracy_T_minus_C": -0.0357142857142857,
        "delta_correct_T_minus_C": -2,
        "treatment_accuracy": 0.5892857142857143,
        "treatment_correct": 33
      },
      "support__boundary_equal": {
        "control_accuracy": 0.7916666666666666,
        "control_correct": 19,
        "delta_accuracy_T_minus_C": -0.125,
        "delta_correct_T_minus_C": -3,
        "treatment_accuracy": 0.6666666666666666,
        "treatment_correct": 16
      },
      "support__far_overflow": {
        "control_accuracy": 0.0625,
        "control_correct": 3,
        "delta_accuracy_T_minus_C": -0.04166666666666667,
        "delta_correct_T_minus_C": -2,
        "treatment_accuracy": 0.020833333333333332,
        "treatment_correct": 1
      },
      "support__negative_slack": {
        "control_accuracy": 0.8472222222222222,
        "control_correct": 61,
        "delta_accuracy_T_minus_C": -0.18055555555555558,
        "delta_correct_T_minus_C": -13,
        "treatment_accuracy": 0.6666666666666666,
        "treatment_correct": 48
      },
      "support__old_overflow_support": {
        "control_accuracy": 0.0,
        "control_correct": 0,
        "delta_accuracy_T_minus_C": 0.0,
        "delta_correct_T_minus_C": 0,
        "treatment_accuracy": 0.0,
        "treatment_correct": 0
      }
    },
    "2026082502": {
      "BOUNDARY_LATENT": {
        "control_accuracy": 0.5714285714285714,
        "control_correct": 32,
        "delta_accuracy_T_minus_C": 0.0,
        "delta_correct_T_minus_C": 0,
        "treatment_accuracy": 0.5714285714285714,
        "treatment_correct": 32
      },
      "FULL_LATENT": {
        "control_accuracy": 0.0,
        "control_correct": 0,
        "delta_accuracy_T_minus_C": 0.19642857142857142,
        "delta_correct_T_minus_C": 11,
        "treatment_accuracy": 0.19642857142857142,
        "treatment_correct": 11
      },
      "RULE_EXPLICIT": {
        "control_accuracy": 0.5714285714285714,
        "control_correct": 32,
        "delta_accuracy_T_minus_C": 0.0,
        "delta_correct_T_minus_C": 0,
        "treatment_accuracy": 0.5714285714285714,
        "treatment_correct": 32
      },
      "support__boundary_equal": {
        "control_accuracy": 0.6666666666666666,
        "control_correct": 16,
        "delta_accuracy_T_minus_C": 0.08333333333333337,
        "delta_correct_T_minus_C": 2,
        "treatment_accuracy": 0.75,
        "treatment_correct": 18
      },
      "support__far_overflow": {
        "control_accuracy": 0.0,
        "control_correct": 0,
        "delta_accuracy_T_minus_C": 0.0,
        "delta_correct_T_minus_C": 0,
        "treatment_accuracy": 0.0,
        "treatment_correct": 0
      },
      "support__negative_slack": {
        "control_accuracy": 0.6666666666666666,
        "control_correct": 48,
        "delta_accuracy_T_minus_C": 0.125,
        "delta_correct_T_minus_C": 9,
        "treatment_accuracy": 0.7916666666666666,
        "treatment_correct": 57
      },
      "support__old_overflow_support": {
        "control_accuracy": 0.0,
        "control_correct": 0,
        "delta_accuracy_T_minus_C": 0.0,
        "delta_correct_T_minus_C": 0,
        "treatment_accuracy": 0.0,
        "treatment_correct": 0
      }
    },
    "2026082503": {
      "BOUNDARY_LATENT": {
        "control_accuracy": 0.5714285714285714,
        "control_correct": 32,
        "delta_accuracy_T_minus_C": 0.017857142857142905,
        "delta_correct_T_minus_C": 1,
        "treatment_accuracy": 0.5892857142857143,
        "treatment_correct": 33
      },
      "FULL_LATENT": {
        "control_accuracy": 0.05357142857142857,
        "control_correct": 3,
        "delta_accuracy_T_minus_C": 0.2678571428571429,
        "delta_correct_T_minus_C": 15,
        "treatment_accuracy": 0.32142857142857145,
        "treatment_correct": 18
      },
      "RULE_EXPLICIT": {
        "control_accuracy": 0.25,
        "control_correct": 14,
        "delta_accuracy_T_minus_C": 0.3214285714285714,
        "delta_correct_T_minus_C": 18,
        "treatment_accuracy": 0.5714285714285714,
        "treatment_correct": 32
      },
      "support__boundary_equal": {
        "control_accuracy": 0.3333333333333333,
        "control_correct": 8,
        "delta_accuracy_T_minus_C": 0.5,
        "delta_correct_T_minus_C": 12,
        "treatment_accuracy": 0.8333333333333334,
        "treatment_correct": 20
      },
      "support__far_overflow": {
        "control_accuracy": 0.20833333333333334,
        "control_correct": 10,
        "delta_accuracy_T_minus_C": -0.1875,
        "delta_correct_T_minus_C": -9,
        "treatment_accuracy": 0.020833333333333332,
        "treatment_correct": 1
      },
      "support__negative_slack": {
        "control_accuracy": 0.375,
        "control_correct": 27,
        "delta_accuracy_T_minus_C": 0.48611111111111116,
        "delta_correct_T_minus_C": 35,
        "treatment_accuracy": 0.8611111111111112,
        "treatment_correct": 62
      },
      "support__old_overflow_support": {
        "control_accuracy": 0.16666666666666666,
        "control_correct": 4,
        "delta_accuracy_T_minus_C": -0.16666666666666666,
        "delta_correct_T_minus_C": -4,
        "treatment_accuracy": 0.0,
        "treatment_correct": 0
      }
    },
    "2026082504": {
      "BOUNDARY_LATENT": {
        "control_accuracy": 0.5714285714285714,
        "control_correct": 32,
        "delta_accuracy_T_minus_C": 0.1071428571428572,
        "delta_correct_T_minus_C": 6,
        "treatment_accuracy": 0.6785714285714286,
        "treatment_correct": 38
      },
      "FULL_LATENT": {
        "control_accuracy": 0.03571428571428571,
        "control_correct": 2,
        "delta_accuracy_T_minus_C": -0.03571428571428571,
        "delta_correct_T_minus_C": -2,
        "treatment_accuracy": 0.0,
        "treatment_correct": 0
      },
      "RULE_EXPLICIT": {
        "control_accuracy": 0.5714285714285714,
        "control_correct": 32,
        "delta_accuracy_T_minus_C": -0.2857142857142857,
        "delta_correct_T_minus_C": -16,
        "treatment_accuracy": 0.2857142857142857,
        "treatment_correct": 16
      },
      "support__boundary_equal": {
        "control_accuracy": 0.6666666666666666,
        "control_correct": 16,
        "delta_accuracy_T_minus_C": -0.37499999999999994,
        "delta_correct_T_minus_C": -9,
        "treatment_accuracy": 0.2916666666666667,
        "treatment_correct": 7
      },
      "support__far_overflow": {
        "control_accuracy": 0.0,
        "control_correct": 0,
        "delta_accuracy_T_minus_C": 0.2708333333333333,
        "delta_correct_T_minus_C": 13,
        "treatment_accuracy": 0.2708333333333333,
        "treatment_correct": 13
      },
      "support__negative_slack": {
        "control_accuracy": 0.6944444444444444,
        "control_correct": 50,
        "delta_accuracy_T_minus_C": -0.3194444444444444,
        "delta_correct_T_minus_C": -23,
        "treatment_accuracy": 0.375,
        "treatment_correct": 27
      },
      "support__old_overflow_support": {
        "control_accuracy": 0.0,
        "control_correct": 0,
        "delta_accuracy_T_minus_C": 0.2916666666666667,
        "delta_correct_T_minus_C": 7,
        "treatment_accuracy": 0.2916666666666667,
        "treatment_correct": 7
      }
    },
    "2026082505": {
      "BOUNDARY_LATENT": {
        "control_accuracy": 0.5714285714285714,
        "control_correct": 32,
        "delta_accuracy_T_minus_C": -0.3571428571428571,
        "delta_correct_T_minus_C": -20,
        "treatment_accuracy": 0.21428571428571427,
        "treatment_correct": 12
      },
      "FULL_LATENT": {
        "control_accuracy": 0.017857142857142856,
        "control_correct": 1,
        "delta_accuracy_T_minus_C": -0.017857142857142856,
        "delta_correct_T_minus_C": -1,
        "treatment_accuracy": 0.0,
        "treatment_correct": 0
      },
      "RULE_EXPLICIT": {
        "control_accuracy": 0.5892857142857143,
        "control_correct": 33,
        "delta_accuracy_T_minus_C": -0.32142857142857145,
        "delta_correct_T_minus_C": -18,
        "treatment_accuracy": 0.26785714285714285,
        "treatment_correct": 15
      },
      "support__boundary_equal": {
        "control_accuracy": 0.6666666666666666,
        "control_correct": 16,
        "delta_accuracy_T_minus_C": -0.6666666666666666,
        "delta_correct_T_minus_C": -16,
        "treatment_accuracy": 0.0,
        "treatment_correct": 0
      },
      "support__far_overflow": {
        "control_accuracy": 0.020833333333333332,
        "control_correct": 1,
        "delta_accuracy_T_minus_C": 0.3125,
        "delta_correct_T_minus_C": 15,
        "treatment_accuracy": 0.3333333333333333,
        "treatment_correct": 16
      },
      "support__negative_slack": {
        "control_accuracy": 0.6805555555555556,
        "control_correct": 49,
        "delta_accuracy_T_minus_C": -0.638888888888889,
        "delta_correct_T_minus_C": -46,
        "treatment_accuracy": 0.041666666666666664,
        "treatment_correct": 3
      },
      "support__old_overflow_support": {
        "control_accuracy": 0.0,
        "control_correct": 0,
        "delta_accuracy_T_minus_C": 0.3333333333333333,
        "delta_correct_T_minus_C": 8,
        "treatment_accuracy": 0.3333333333333333,
        "treatment_correct": 8
      }
    },
    "2026082506": {
      "BOUNDARY_LATENT": {
        "control_accuracy": 0.5714285714285714,
        "control_correct": 32,
        "delta_accuracy_T_minus_C": -0.1071428571428571,
        "delta_correct_T_minus_C": -6,
        "treatment_accuracy": 0.4642857142857143,
        "treatment_correct": 26
      },
      "FULL_LATENT": {
        "control_accuracy": 0.0,
        "control_correct": 0,
        "delta_accuracy_T_minus_C": 0.0,
        "delta_correct_T_minus_C": 0,
        "treatment_accuracy": 0.0,
        "treatment_correct": 0
      },
      "RULE_EXPLICIT": {
        "control_accuracy": 0.5714285714285714,
        "control_correct": 32,
        "delta_accuracy_T_minus_C": 0.017857142857142905,
        "delta_correct_T_minus_C": 1,
        "treatment_accuracy": 0.5892857142857143,
        "treatment_correct": 33
      },
      "support__boundary_equal": {
        "control_accuracy": 0.6666666666666666,
        "control_correct": 16,
        "delta_accuracy_T_minus_C": -0.08333333333333326,
        "delta_correct_T_minus_C": -2,
        "treatment_accuracy": 0.5833333333333334,
        "treatment_correct": 14
      },
      "support__far_overflow": {
        "control_accuracy": 0.0,
        "control_correct": 0,
        "delta_accuracy_T_minus_C": 0.08333333333333333,
        "delta_correct_T_minus_C": 4,
        "treatment_accuracy": 0.08333333333333333,
        "treatment_correct": 4
      },
      "support__negative_slack": {
        "control_accuracy": 0.6666666666666666,
        "control_correct": 48,
        "delta_accuracy_T_minus_C": -0.09722222222222221,
        "delta_correct_T_minus_C": -7,
        "treatment_accuracy": 0.5694444444444444,
        "treatment_correct": 41
      },
      "support__old_overflow_support": {
        "control_accuracy": 0.0,
        "control_correct": 0,
        "delta_accuracy_T_minus_C": 0.0,
        "delta_correct_T_minus_C": 0,
        "treatment_accuracy": 0.0,
        "treatment_correct": 0
      }
    }
  },
  "status": "POST_HOC_READ_ONLY_DIAGNOSTIC_COMPLETE__NOT_CONFIRMATORY",
  "tier_summary": {
    "BOUNDARY_LATENT": {
      "mean_delta_accuracy_T_minus_C": -0.05654761904761901,
      "negative": 2,
      "positive": 2,
      "seed_deltas": [
        0.0,
        0.0,
        0.017857142857142905,
        0.1071428571428572,
        -0.3571428571428571,
        -0.1071428571428571
      ],
      "zero": 2
    },
    "FULL_LATENT": {
      "mean_delta_accuracy_T_minus_C": 0.020833333333333343,
      "negative": 3,
      "positive": 2,
      "seed_deltas": [
        -0.2857142857142857,
        0.19642857142857142,
        0.2678571428571429,
        -0.03571428571428571,
        -0.017857142857142856,
        0.0
      ],
      "zero": 1
    },
    "RULE_EXPLICIT": {
      "mean_delta_accuracy_T_minus_C": -0.05059523809523809,
      "negative": 3,
      "positive": 2,
      "seed_deltas": [
        -0.0357142857142857,
        0.0,
        0.3214285714285714,
        -0.2857142857142857,
        -0.32142857142857145,
        0.017857142857142905
      ],
      "zero": 1
    }
  }
}
