
=== ATTEMPT 1 RC 0 ===
W0831 19:38:49.532000 34836 Lib\site-packages\torch\utils\flop_counter.py:29] triton not found; flop counting will not work for triton kernels

Loading checkpoint shards:   0%|          | 0/3 [00:00<?, ?it/s]
Loading checkpoint shards:  33%|███▎      | 1/3 [00:04<00:08,  4.29s/it]
Loading checkpoint shards:  67%|██████▋   | 2/3 [00:08<00:04,  4.42s/it]
Loading checkpoint shards: 100%|██████████| 3/3 [00:12<00:00,  4.17s/it]
Loading checkpoint shards: 100%|██████████| 3/3 [00:12<00:00,  4.22s/it]

  0%|          | 0/144 [00:00<?, ?it/s]
  1%|          | 1/144 [00:10<25:14, 10.59s/it]
                                               

  1%|          | 1/144 [00:10<25:14, 10.59s/it]
  1%|▏         | 2/144 [00:21<26:00, 10.99s/it]
                                               

  1%|▏         | 2/144 [00:21<26:00, 10.99s/it]
  2%|▏         | 3/144 [00:35<28:54, 12.30s/it]
                                               

  2%|▏         | 3/144 [00:35<28:54, 12.30s/it]
  3%|▎         | 4/144 [00:47<28:02, 12.02s/it]
                                               

  3%|▎         | 4/144 [00:47<28:02, 12.02s/it]
  3%|▎         | 5/144 [00:59<27:48, 12.01s/it]
                                               

  3%|▎         | 5/144 [00:59<27:48, 12.01s/it]
  4%|▍         | 6/144 [01:10<27:05, 11.78s/it]
                                               

  4%|▍         | 6/144 [01:10<27:05, 11.78s/it]
  5%|▍         | 7/144 [01:21<26:30, 11.61s/it]
                                               

  5%|▍         | 7/144 [01:21<26:30, 11.61s/it]
  6%|▌         | 8/144 [01:34<26:41, 11.78s/it]
                                               

  6%|▌         | 8/144 [01:34<26:41, 11.78s/it]
  6%|▋         | 9/144 [01:45<26:13, 11.66s/it]
                                               

  6%|▋         | 9/144 [01:45<26:13, 11.66s/it]
  7%|▋         | 10/144 [02:00<28:12, 12.63s/it]
                                                

  7%|▋         | 10/144 [02:00<28:12, 12.63s/it]
  8%|▊         | 11/144 [02:14<29:25, 13.28s/it]
                                                

  8%|▊         | 11/144 [02:14<29:25, 13.28s/it]
  8%|▊         | 12/144 [02:27<28:33, 12.98s/it]
                                                

  8%|▊         | 12/144 [02:27<28:33, 12.98s/it]
  9%|▉         | 13/144 [02:39<27:56, 12.80s/it]
                                                

  9%|▉         | 13/144 [02:39<27:56, 12.80s/it]
 10%|▉         | 14/144 [02:54<28:47, 13.29s/it]
                                                

 10%|▉         | 14/144 [02:54<28:47, 13.29s/it]
 10%|█         | 15/144 [03:04<26:57, 12.54s/it]
                                                

 10%|█         | 15/144 [03:04<26:57, 12.54s/it]
 11%|█         | 16/144 [03:17<27:02, 12.68s/it]
                                                

 11%|█         | 16/144 [03:17<27:02, 12.68s/it]
 12%|█▏        | 17/144 [03:28<25:32, 12.07s/it]
                                                

 12%|█▏        | 17/144 [03:28<25:32, 12.07s/it]
 12%|█▎        | 18/144 [03:38<24:14, 11.55s/it]
                                                

 12%|█▎        | 18/144 [03:38<24:14, 11.55s/it]
 13%|█▎        | 19/144 [03:50<23:50, 11.45s/it]
                                                

 13%|█▎        | 19/144 [03:50<23:50, 11.45s/it]
 14%|█▍        | 20/144 [04:00<23:00, 11.13s/it]
                                                

 14%|█▍        | 20/144 [04:00<23:00, 11.13s/it]
 15%|█▍        | 21/144 [04:10<22:21, 10.91s/it]
                                                

 15%|█▍        | 21/144 [04:10<22:21, 10.91s/it]
 15%|█▌        | 22/144 [04:21<22:00, 10.82s/it]
                                                

 15%|█▌        | 22/144 [04:21<22:00, 10.82s/it]
 16%|█▌        | 23/144 [04:34<22:58, 11.39s/it]
                                                

 16%|█▌        | 23/144 [04:34<22:58, 11.39s/it]
 17%|█▋        | 24/144 [04:47<23:56, 11.97s/it]
                                                

 17%|█▋        | 24/144 [04:47<23:56, 11.97s/it]
 17%|█▋        | 25/144 [04:58<23:15, 11.73s/it]
                                                

 17%|█▋        | 25/144 [04:58<23:15, 11.73s/it]
 18%|█▊        | 26/144 [05:11<23:52, 12.14s/it]
                                                

 18%|█▊        | 26/144 [05:11<23:52, 12.14s/it]
 19%|█▉        | 27/144 [05:24<23:57, 12.28s/it]
                                                

 19%|█▉        | 27/144 [05:24<23:57, 12.28s/it]
 19%|█▉        | 28/144 [05:36<23:44, 12.28s/it]
                                                

 19%|█▉        | 28/144 [05:36<23:44, 12.28s/it]
 20%|██        | 29/144 [05:50<24:19, 12.69s/it]
                                                

 20%|██        | 29/144 [05:50<24:19, 12.69s/it]
 21%|██        | 30/144 [06:03<24:08, 12.70s/it]
                                                

 21%|██        | 30/144 [06:03<24:08, 12.70s/it]
 22%|██▏       | 31/144 [06:14<23:20, 12.39s/it]
                                                

 22%|██▏       | 31/144 [06:14<23:20, 12.39s/it]
 22%|██▏       | 32/144 [06:27<23:16, 12.47s/it]
                                                

 22%|██▏       | 32/144 [06:27<23:16, 12.47s/it]
 23%|██▎       | 33/144 [06:39<22:50, 12.35s/it]
                                                

 23%|██▎       | 33/144 [06:39<22:50, 12.35s/it]
 24%|██▎       | 34/144 [06:50<21:51, 11.92s/it]
                                                

 24%|██▎       | 34/144 [06:50<21:51, 11.92s/it]
 24%|██▍       | 35/144 [07:04<22:35, 12.43s/it]
                                                

 24%|██▍       | 35/144 [07:04<22:35, 12.43s/it]
 25%|██▌       | 36/144 [07:18<23:32, 13.08s/it]
                                                

 25%|██▌       | 36/144 [07:18<23:32, 13.08s/it]
 26%|██▌       | 37/144 [07:33<24:13, 13.58s/it]
                                                

 26%|██▌       | 37/144 [07:33<24:13, 13.58s/it]
 26%|██▋       | 38/144 [07:45<23:07, 13.09s/it]
                                                

 26%|██▋       | 38/144 [07:45<23:07, 13.09s/it]
 27%|██▋       | 39/144 [08:00<23:50, 13.62s/it]
                                                

 27%|██▋       | 39/144 [08:00<23:50, 13.62s/it]
 28%|██▊       | 40/144 [08:12<22:44, 13.12s/it]
                                                

 28%|██▊       | 40/144 [08:12<22:44, 13.12s/it]
 28%|██▊       | 41/144 [08:24<22:09, 12.91s/it]
                                                

 28%|██▊       | 41/144 [08:24<22:09, 12.91s/it]
 29%|██▉       | 42/144 [08:36<21:20, 12.56s/it]
                                                

 29%|██▉       | 42/144 [08:36<21:20, 12.56s/it]
 30%|██▉       | 43/144 [08:48<21:08, 12.56s/it]
                                                

 30%|██▉       | 43/144 [08:48<21:08, 12.56s/it]
 31%|███       | 44/144 [09:00<20:29, 12.30s/it]
                                                

 31%|███       | 44/144 [09:00<20:29, 12.30s/it]
 31%|███▏      | 45/144 [09:15<21:40, 13.14s/it]
                                                

 31%|███▏      | 45/144 [09:15<21:40, 13.14s/it]
 32%|███▏      | 46/144 [09:29<21:45, 13.32s/it]
                                                

 32%|███▏      | 46/144 [09:29<21:45, 13.32s/it]
 33%|███▎      | 47/144 [09:44<22:18, 13.80s/it]
                                                

 33%|███▎      | 47/144 [09:44<22:18, 13.80s/it]
 33%|███▎      | 48/144 [09:56<21:22, 13.36s/it]
                                                

 33%|███▎      | 48/144 [09:56<21:22, 13.36s/it]
 34%|███▍      | 49/144 [10:11<22:04, 13.95s/it]
                                                

 34%|███▍      | 49/144 [10:11<22:04, 13.95s/it]
 35%|███▍      | 50/144 [10:23<20:52, 13.32s/it]
                                                

 35%|███▍      | 50/144 [10:23<20:52, 13.32s/it]
 35%|███▌      | 51/144 [10:39<21:45, 14.03s/it]
                                                

 35%|███▌      | 51/144 [10:39<21:45, 14.03s/it]
 36%|███▌      | 52/144 [10:52<21:02, 13.72s/it]
                                                

 36%|███▌      | 52/144 [10:52<21:02, 13.72s/it]
 37%|███▋      | 53/144 [11:08<21:53, 14.43s/it]
                                                

 37%|███▋      | 53/144 [11:08<21:53, 14.43s/it]
 38%|███▊      | 54/144 [11:23<21:48, 14.54s/it]
                                                

 38%|███▊      | 54/144 [11:23<21:48, 14.54s/it]
 38%|███▊      | 55/144 [11:35<20:30, 13.83s/it]
                                                

 38%|███▊      | 55/144 [11:35<20:30, 13.83s/it]
 39%|███▉      | 56/144 [11:48<19:48, 13.51s/it]
                                                

 39%|███▉      | 56/144 [11:48<19:48, 13.51s/it]
 40%|███▉      | 57/144 [12:01<19:37, 13.53s/it]
                                                

 40%|███▉      | 57/144 [12:01<19:37, 13.53s/it]
 40%|████      | 58/144 [12:17<20:24, 14.24s/it]
                                                

 40%|████      | 58/144 [12:17<20:24, 14.24s/it]
 41%|████      | 59/144 [12:33<20:52, 14.73s/it]
                                                

 41%|████      | 59/144 [12:33<20:52, 14.73s/it]
 42%|████▏     | 60/144 [12:47<20:18, 14.51s/it]
                                                

 42%|████▏     | 60/144 [12:47<20:18, 14.51s/it]
 42%|████▏     | 61/144 [13:01<19:47, 14.31s/it]
                                                

 42%|████▏     | 61/144 [13:01<19:47, 14.31s/it]
 43%|████▎     | 62/144 [13:14<18:58, 13.88s/it]
                                                

 43%|████▎     | 62/144 [13:14<18:58, 13.88s/it]
 44%|████▍     | 63/144 [13:27<18:20, 13.58s/it]
                                                

 44%|████▍     | 63/144 [13:27<18:20, 13.58s/it]
 44%|████▍     | 64/144 [13:40<17:56, 13.45s/it]
                                                

 44%|████▍     | 64/144 [13:40<17:56, 13.45s/it]
 45%|████▌     | 65/144 [13:57<19:04, 14.49s/it]
                                                

 45%|████▌     | 65/144 [13:57<19:04, 14.49s/it]
 46%|████▌     | 66/144 [14:12<19:08, 14.72s/it]
                                                

 46%|████▌     | 66/144 [14:12<19:08, 14.72s/it]
 47%|████▋     | 67/144 [14:26<18:39, 14.54s/it]
                                                

 47%|████▋     | 67/144 [14:26<18:39, 14.54s/it]
 47%|████▋     | 68/144 [14:42<18:56, 14.95s/it]
                                                

 47%|████▋     | 68/144 [14:42<18:56, 14.95s/it]
 48%|████▊     | 69/144 [14:55<17:57, 14.37s/it]
                                                

 48%|████▊     | 69/144 [14:55<17:57, 14.37s/it]
 49%|████▊     | 70/144 [15:09<17:34, 14.24s/it]
                                                

 49%|████▊     | 70/144 [15:09<17:34, 14.24s/it]
 49%|████▉     | 71/144 [15:22<16:57, 13.94s/it]
                                                

 49%|████▉     | 71/144 [15:22<16:57, 13.94s/it]
 50%|█████     | 72/144 [15:36<16:29, 13.75s/it]
                                                

 50%|█████     | 72/144 [15:36<16:29, 13.75s/it]
 51%|█████     | 73/144 [15:51<16:59, 14.36s/it]
                                                

 51%|█████     | 73/144 [15:51<16:59, 14.36s/it]
 51%|█████▏    | 74/144 [16:07<17:17, 14.82s/it]
                                                

 51%|█████▏    | 74/144 [16:07<17:17, 14.82s/it]
 52%|█████▏    | 75/144 [16:23<17:28, 15.20s/it]
                                                

 52%|█████▏    | 75/144 [16:23<17:28, 15.20s/it]
 53%|█████▎    | 76/144 [16:40<17:37, 15.54s/it]
                                                

 53%|█████▎    | 76/144 [16:40<17:37, 15.54s/it]
 53%|█████▎    | 77/144 [16:54<17:04, 15.29s/it]
                                                

 53%|█████▎    | 77/144 [16:54<17:04, 15.29s/it]
 54%|█████▍    | 78/144 [17:09<16:28, 14.98s/it]
                                                

 54%|█████▍    | 78/144 [17:09<16:28, 14.98s/it]
 55%|█████▍    | 79/144 [17:26<16:53, 15.60s/it]
                                                

 55%|█████▍    | 79/144 [17:26<16:53, 15.60s/it]
 56%|█████▌    | 80/144 [17:42<16:57, 15.90s/it]
                                                

 56%|█████▌    | 80/144 [17:42<16:57, 15.90s/it]
 56%|█████▋    | 81/144 [17:59<17:03, 16.24s/it]
                                                

 56%|█████▋    | 81/144 [17:59<17:03, 16.24s/it]
 57%|█████▋    | 82/144 [18:16<17:01, 16.48s/it]
                                                

 57%|█████▋    | 82/144 [18:16<17:01, 16.48s/it]
 58%|█████▊    | 83/144 [18:33<16:50, 16.56s/it]
                                                

 58%|█████▊    | 83/144 [18:33<16:50, 16.56s/it]
 58%|█████▊    | 84/144 [18:50<16:43, 16.73s/it]
                                                

 58%|█████▊    | 84/144 [18:50<16:43, 16.73s/it]
 59%|█████▉    | 85/144 [19:08<16:50, 17.12s/it]
                                                

 59%|█████▉    | 85/144 [19:08<16:50, 17.12s/it]
 60%|█████▉    | 86/144 [19:25<16:29, 17.06s/it]
                                                

 60%|█████▉    | 86/144 [19:25<16:29, 17.06s/it]
 60%|██████    | 87/144 [19:42<16:07, 16.98s/it]
                                                

 60%|██████    | 87/144 [19:42<16:07, 16.98s/it]
 61%|██████    | 88/144 [19:56<15:04, 16.15s/it]
                                                

 61%|██████    | 88/144 [19:56<15:04, 16.15s/it]
 62%|██████▏   | 89/144 [20:10<14:10, 15.47s/it]
                                                

 62%|██████▏   | 89/144 [20:10<14:10, 15.47s/it]
 62%|██████▎   | 90/144 [20:26<14:01, 15.59s/it]
                                                

 62%|██████▎   | 90/144 [20:26<14:01, 15.59s/it]
 63%|██████▎   | 91/144 [20:39<12:59, 14.71s/it]
                                                

 63%|██████▎   | 91/144 [20:39<12:59, 14.71s/it]
 64%|██████▍   | 92/144 [20:52<12:30, 14.43s/it]
                                                

 64%|██████▍   | 92/144 [20:52<12:30, 14.43s/it]
 65%|██████▍   | 93/144 [21:05<11:53, 13.99s/it]
                                                

 65%|██████▍   | 93/144 [21:05<11:53, 13.99s/it]
 65%|██████▌   | 94/144 [21:21<12:02, 14.45s/it]
                                                

 65%|██████▌   | 94/144 [21:21<12:02, 14.45s/it]
 66%|██████▌   | 95/144 [21:36<11:59, 14.69s/it]
                                                

 66%|██████▌   | 95/144 [21:36<11:59, 14.69s/it]
 67%|██████▋   | 96/144 [21:49<11:25, 14.29s/it]
                                                

 67%|██████▋   | 96/144 [21:49<11:25, 14.29s/it]
 67%|██████▋   | 97/144 [22:05<11:25, 14.59s/it]
                                                

 67%|██████▋   | 97/144 [22:05<11:25, 14.59s/it]
 68%|██████▊   | 98/144 [22:17<10:45, 14.03s/it]
                                                

 68%|██████▊   | 98/144 [22:17<10:45, 14.03s/it]
 69%|██████▉   | 99/144 [22:33<10:48, 14.41s/it]
                                                

 69%|██████▉   | 99/144 [22:33<10:48, 14.41s/it]
 69%|██████▉   | 100/144 [22:49<10:53, 14.85s/it]
                                                 

 69%|██████▉   | 100/144 [22:49<10:53, 14.85s/it]
 70%|███████   | 101/144 [23:04<10:39, 14.87s/it]
                                                 

 70%|███████   | 101/144 [23:04<10:39, 14.87s/it]
 71%|███████   | 102/144 [23:16<10:00, 14.29s/it]
                                                 

 71%|███████   | 102/144 [23:16<10:00, 14.29s/it]
 72%|███████▏  | 103/144 [23:33<10:12, 14.94s/it]
                                                 

 72%|███████▏  | 103/144 [23:33<10:12, 14.94s/it]
 72%|███████▏  | 104/144 [23:48<10:03, 15.08s/it]
                                                 

 72%|███████▏  | 104/144 [23:48<10:03, 15.08s/it]
 73%|███████▎  | 105/144 [24:03<09:41, 14.91s/it]
                                                 

 73%|███████▎  | 105/144 [24:03<09:41, 14.91s/it]
 74%|███████▎  | 106/144 [24:17<09:18, 14.69s/it]
                                                 

 74%|███████▎  | 106/144 [24:17<09:18, 14.69s/it]
 74%|███████▍  | 107/144 [24:30<08:40, 14.08s/it]
                                                 

 74%|███████▍  | 107/144 [24:30<08:40, 14.08s/it]
 75%|███████▌  | 108/144 [24:43<08:19, 13.87s/it]
                                                 

 75%|███████▌  | 108/144 [24:43<08:19, 13.87s/it]
 76%|███████▌  | 109/144 [24:56<07:52, 13.50s/it]
                                                 

 76%|███████▌  | 109/144 [24:56<07:52, 13.50s/it]
 76%|███████▋  | 110/144 [25:09<07:34, 13.38s/it]
                                                 

 76%|███████▋  | 110/144 [25:09<07:34, 13.38s/it]
 77%|███████▋  | 111/144 [25:22<07:14, 13.18s/it]
                                                 

 77%|███████▋  | 111/144 [25:22<07:14, 13.18s/it]
 78%|███████▊  | 112/144 [25:37<07:23, 13.85s/it]
                                                 

 78%|███████▊  | 112/144 [25:37<07:23, 13.85s/it]
 78%|███████▊  | 113/144 [25:53<07:25, 14.37s/it]
                                                 

 78%|███████▊  | 113/144 [25:53<07:25, 14.37s/it]
 79%|███████▉  | 114/144 [26:05<06:57, 13.92s/it]
                                                 

 79%|███████▉  | 114/144 [26:05<06:57, 13.92s/it]
 80%|███████▉  | 115/144 [26:18<06:32, 13.54s/it]
                                                 

 80%|███████▉  | 115/144 [26:18<06:32, 13.54s/it]
 81%|████████  | 116/144 [26:31<06:12, 13.32s/it]
                                                 

 81%|████████  | 116/144 [26:31<06:12, 13.32s/it]
 81%|████████▏ | 117/144 [26:44<05:54, 13.12s/it]
                                                 

 81%|████████▏ | 117/144 [26:44<05:54, 13.12s/it]
 82%|████████▏ | 118/144 [27:00<06:04, 14.00s/it]
                                                 

 82%|████████▏ | 118/144 [27:00<06:04, 14.00s/it]
 83%|████████▎ | 119/144 [27:13<05:44, 13.77s/it]
                                                 

 83%|████████▎ | 119/144 [27:13<05:44, 13.77s/it]
 83%|████████▎ | 120/144 [27:26<05:23, 13.47s/it]
                                                 

 83%|████████▎ | 120/144 [27:26<05:23, 13.47s/it]
 84%|████████▍ | 121/144 [27:39<05:07, 13.39s/it]
                                                 

 84%|████████▍ | 121/144 [27:39<05:07, 13.39s/it]
 85%|████████▍ | 122/144 [27:52<04:55, 13.43s/it]
                                                 

 85%|████████▍ | 122/144 [27:52<04:55, 13.43s/it]
 85%|████████▌ | 123/144 [28:05<04:37, 13.21s/it]
                                                 

 85%|████████▌ | 123/144 [28:05<04:37, 13.21s/it]
 86%|████████▌ | 124/144 [28:18<04:25, 13.25s/it]
                                                 

 86%|████████▌ | 124/144 [28:18<04:25, 13.25s/it]
 87%|████████▋ | 125/144 [28:32<04:14, 13.37s/it]
                                                 

 87%|████████▋ | 125/144 [28:32<04:14, 13.37s/it]
 88%|████████▊ | 126/144 [28:45<03:56, 13.15s/it]
                                                 

 88%|████████▊ | 126/144 [28:45<03:56, 13.15s/it]
 88%|████████▊ | 127/144 [28:57<03:40, 12.98s/it]
                                                 

 88%|████████▊ | 127/144 [28:57<03:40, 12.98s/it]
 89%|████████▉ | 128/144 [29:11<03:31, 13.23s/it]
                                                 

 89%|████████▉ | 128/144 [29:11<03:31, 13.23s/it]
 90%|████████▉ | 129/144 [29:24<03:16, 13.08s/it]
                                                 

 90%|████████▉ | 129/144 [29:24<03:16, 13.08s/it]
 90%|█████████ | 130/144 [29:40<03:15, 14.00s/it]
                                                 

 90%|█████████ | 130/144 [29:40<03:15, 14.00s/it]
 91%|█████████ | 131/144 [29:53<02:57, 13.63s/it]
                                                 

 91%|█████████ | 131/144 [29:53<02:57, 13.63s/it]
 92%|█████████▏| 132/144 [30:08<02:50, 14.24s/it]
                                                 

 92%|█████████▏| 132/144 [30:08<02:50, 14.24s/it]
 92%|█████████▏| 133/144 [30:21<02:32, 13.83s/it]
                                                 

 92%|█████████▏| 133/144 [30:21<02:32, 13.83s/it]
 93%|█████████▎| 134/144 [30:34<02:14, 13.48s/it]
                                                 

 93%|█████████▎| 134/144 [30:34<02:14, 13.48s/it]
 94%|█████████▍| 135/144 [30:47<01:59, 13.31s/it]
                                                 

 94%|█████████▍| 135/144 [30:47<01:59, 13.31s/it]
 94%|█████████▍| 136/144 [30:59<01:44, 13.08s/it]
                                                 

 94%|█████████▍| 136/144 [30:59<01:44, 13.08s/it]
 95%|█████████▌| 137/144 [31:14<01:35, 13.62s/it]
                                                 

 95%|█████████▌| 137/144 [31:14<01:35, 13.62s/it]
 96%|█████████▌| 138/144 [31:27<01:20, 13.34s/it]
                                                 

 96%|█████████▌| 138/144 [31:27<01:20, 13.34s/it]
 97%|█████████▋| 139/144 [31:39<01:05, 13.10s/it]
                                                 

 97%|█████████▋| 139/144 [31:39<01:05, 13.10s/it]
 97%|█████████▋| 140/144 [31:53<00:52, 13.23s/it]
                                                 

 97%|█████████▋| 140/144 [31:53<00:52, 13.23s/it]
 98%|█████████▊| 141/144 [32:06<00:39, 13.24s/it]
                                                 

 98%|█████████▊| 141/144 [32:06<00:39, 13.24s/it]
 99%|█████████▊| 142/144 [32:22<00:27, 13.89s/it]
                                                 

 99%|█████████▊| 142/144 [32:22<00:27, 13.89s/it]
 99%|█████████▉| 143/144 [32:35<00:13, 13.68s/it]
                                                 

 99%|█████████▉| 143/144 [32:35<00:13, 13.68s/it]
100%|██████████| 144/144 [32:51<00:00, 14.42s/it]
                                                 

100%|██████████| 144/144 [32:51<00:00, 14.42s/it]
                                                 

100%|██████████| 144/144 [32:51<00:00, 14.42s/it]
100%|██████████| 144/144 [32:51<00:00, 13.69s/it]
